11-20 13:55:13.840 12240 12263 I TestRunner: started: recycler_view_item_count(com.example.dogglers.VerticalListTests)
11-20 13:55:13.854 12240 12240 W Choreographer: Frame time is 2.094654 ms in the future!  Check that graphics HAL is generating vsync timestamps using the correct timebase.
11-20 13:55:13.863 12240 12263 W Settings: Setting always_finish_activities has moved from android.provider.Settings.System to android.provider.Settings.Global, returning read-only value.
11-20 13:55:13.947   989  1041 D SplashScreenView: Build android.window.SplashScreenView{23551c6 V.E...... ......ID 0,0-0,0}
11-20 13:55:13.947   989  1041 D SplashScreenView: Icon: view: null drawable: null size: 0
11-20 13:55:13.947   989  1041 D SplashScreenView: Branding: view: android.view.View{4c25587 G.ED..... ......I. 0,0-0,0 #10204ef android:id/splashscreen_branding_view} drawable: null size w: 0 h: 0
11-20 13:55:14.007   430   430 I BpBinder: onLastStrongRef automatically unlinking death recipients:
11-20 13:55:14.030 12240 12240 D LifecycleMonitor: Lifecycle status change: androidx.test.core.app.InstrumentationActivityInvoker$BootstrapActivity@f6766f1 in: PRE_ON_CREATE
11-20 13:55:14.031 12240 12240 V ActivityScenario: Activity lifecycle changed event received but ignored because the intent does not match. startActivityIntent=Intent { act=android.intent.action.MAIN cat=[android.intent.category.LAUNCHER] cmp=com.example.dogglers/.VerticalListActivity }, activity.getIntent()=Intent { act=android.intent.action.MAIN cat=[android.intent.category.LAUNCHER] flg=0x10008000 cmp=com.example.dogglers/androidx.test.core.app.InstrumentationActivityInvoker$BootstrapActivity (has extras) }, activity=androidx.test.core.app.InstrumentationActivityInvoker$BootstrapActivity@f6766f1
11-20 13:55:14.039   989   989 W Choreographer: Frame time is 0.43563 ms in the future!  Check that graphics HAL is generating vsync timestamps using the correct timebase.
11-20 13:55:14.044 12240 12240 D LifecycleMonitor: Lifecycle status change: androidx.test.core.app.InstrumentationActivityInvoker$BootstrapActivity@f6766f1 in: CREATED
11-20 13:55:14.046 12240 12240 V ActivityScenario: Activity lifecycle changed event received but ignored because the intent does not match. startActivityIntent=Intent { act=android.intent.action.MAIN cat=[android.intent.category.LAUNCHER] cmp=com.example.dogglers/.VerticalListActivity }, activity.getIntent()=Intent { act=android.intent.action.MAIN cat=[android.intent.category.LAUNCHER] flg=0x10008000 cmp=com.example.dogglers/androidx.test.core.app.InstrumentationActivityInvoker$BootstrapActivity (has extras) }, activity=androidx.test.core.app.InstrumentationActivityInvoker$BootstrapActivity@f6766f1
11-20 13:55:14.049 12240 12240 D LifecycleMonitor: Lifecycle status change: androidx.test.core.app.InstrumentationActivityInvoker$BootstrapActivity@f6766f1 in: STARTED
11-20 13:55:14.050 12240 12240 V ActivityScenario: Activity lifecycle changed event received but ignored because the intent does not match. startActivityIntent=Intent { act=android.intent.action.MAIN cat=[android.intent.category.LAUNCHER] cmp=com.example.dogglers/.VerticalListActivity }, activity.getIntent()=Intent { act=android.intent.action.MAIN cat=[android.intent.category.LAUNCHER] flg=0x10008000 cmp=com.example.dogglers/androidx.test.core.app.InstrumentationActivityInvoker$BootstrapActivity (has extras) }, activity=androidx.test.core.app.InstrumentationActivityInvoker$BootstrapActivity@f6766f1
11-20 13:55:14.079 12240 12240 D LifecycleMonitor: Lifecycle status change: androidx.test.core.app.InstrumentationActivityInvoker$BootstrapActivity@f6766f1 in: RESUMED
11-20 13:55:14.080 12240 12240 V ActivityScenario: Activity lifecycle changed event received but ignored because the intent does not match. startActivityIntent=Intent { act=android.intent.action.MAIN cat=[android.intent.category.LAUNCHER] cmp=com.example.dogglers/.VerticalListActivity }, activity.getIntent()=Intent { act=android.intent.action.MAIN cat=[android.intent.category.LAUNCHER] flg=0x10008000 cmp=com.example.dogglers/androidx.test.core.app.InstrumentationActivityInvoker$BootstrapActivity (has extras) }, activity=androidx.test.core.app.InstrumentationActivityInvoker$BootstrapActivity@f6766f1
11-20 13:55:14.085 12240 12240 D LifecycleMonitor: Lifecycle status change: androidx.test.core.app.InstrumentationActivityInvoker$BootstrapActivity@f6766f1 in: PAUSED
11-20 13:55:14.087 12240 12240 V ActivityScenario: Activity lifecycle changed event received but ignored because the intent does not match. startActivityIntent=Intent { act=android.intent.action.MAIN cat=[android.intent.category.LAUNCHER] cmp=com.example.dogglers/.VerticalListActivity }, activity.getIntent()=Intent { act=android.intent.action.MAIN cat=[android.intent.category.LAUNCHER] flg=0x10008000 cmp=com.example.dogglers/androidx.test.core.app.InstrumentationActivityInvoker$BootstrapActivity (has extras) }, activity=androidx.test.core.app.InstrumentationActivityInvoker$BootstrapActivity@f6766f1
11-20 13:55:14.096   574   583 I system_server: NativeAlloc concurrent copying GC freed 240530(7846KB) AllocSpace objects, 3(60KB) LOS objects, 48% free, 25MB/49MB, paused 1.378ms,69us total 317.929ms
11-20 13:55:14.124 12240 12240 D LifecycleMonitor: Lifecycle status change: com.example.dogglers.VerticalListActivity@8590c4f in: PRE_ON_CREATE
11-20 13:55:14.125 12240 12240 V ActivityScenario: Activity lifecycle changed event received but ignored because the reported transition was not ON_CREATE while the last known transition was PRE_ON_CREATE
11-20 13:55:14.139  1277  1277 W Choreographer: Frame time is 0.442697 ms in the future!  Check that graphics HAL is generating vsync timestamps using the correct timebase.
11-20 13:55:14.157 12240 12240 D LifecycleMonitor: Lifecycle status change: com.example.dogglers.VerticalListActivity@8590c4f in: CREATED
11-20 13:55:14.158 12240 12240 V ActivityScenario: Update currentActivityStage to CREATED, currentActivity=com.example.dogglers.VerticalListActivity@8590c4f
11-20 13:55:14.161 12240 12240 D LifecycleMonitor: Lifecycle status change: com.example.dogglers.VerticalListActivity@8590c4f in: STARTED
11-20 13:55:14.162 12240 12240 V ActivityScenario: Update currentActivityStage to STARTED, currentActivity=com.example.dogglers.VerticalListActivity@8590c4f
11-20 13:55:14.165 12240 12240 D LifecycleMonitor: Lifecycle status change: com.example.dogglers.VerticalListActivity@8590c4f in: RESUMED
11-20 13:55:14.166 12240 12240 V ActivityScenario: Update currentActivityStage to RESUMED, currentActivity=com.example.dogglers.VerticalListActivity@8590c4f
11-20 13:55:14.339   989   989 W Choreographer: Frame time is 0.259618 ms in the future!  Check that graphics HAL is generating vsync timestamps using the correct timebase.
11-20 13:55:14.439   574   595 W ziparchive: Unable to open '/data/app/~~g9pGXw6zzmInD44PnXlZug==/com.example.dogglers-fFkVg-hwOoV9dkaT6QJ7gg==/base.dm': No such file or directory
11-20 13:55:14.463   574   595 I ActivityTaskManager: Displayed com.example.dogglers/.VerticalListActivity for user 0: +548ms
11-20 13:55:14.523   574   587 I ImeTracker: com.example.dogglers:70b70e2c: onRequestHide at ORIGIN_SERVER_HIDE_INPUT reason HIDE_UNSPECIFIED_WINDOW
11-20 13:55:14.523   574   587 I ImeTracker: com.example.dogglers:70b70e2c: onCancelled at PHASE_SERVER_SHOULD_HIDE
11-20 13:55:14.537  1770  1770 I GoogleInputMethodService: GoogleInputMethodService.onFinishInput():3227
11-20 13:55:14.539  1770  1770 I GoogleInputMethodService: GoogleInputMethodService.updateDeviceLockedStatus():2087 repeatCheckTimes = 0, unlocked = true
11-20 13:55:14.540  1770  1770 I GoogleInputMethodService: GoogleInputMethodService.onStartInput():1877 onStartInput(EditorInfo{inputType=0x0(NULL) imeOptions=0x0 privateImeOptions=null actionName=UNSPECIFIED actionLabel=null actionId=0 initialSelStart=-1 initialSelEnd=-1 initialCapsMode=0x0 hintText=null label=null packageName=com.example.dogglers fieldId=0 fieldName=null extras=null}, false)
11-20 13:55:14.542  1770  1770 I GoogleInputMethodService: GoogleInputMethodService.shouldHideHeaderOnInitialState():4008 ShouldHideHeaderOnInitialState = false
11-20 13:55:14.543  1770  1770 I GoogleInputMethodService: GoogleInputMethodService.updateDeviceLockedStatus():2087 repeatCheckTimes = 2, unlocked = true
11-20 13:55:14.691  1277  1277 D AutofillManager: view is not autofillable - activity denied for autofill
11-20 13:55:14.706  2640  2640 W Choreographer: Frame time is 0.094593 ms in the future!  Check that graphics HAL is generating vsync timestamps using the correct timebase.
11-20 13:55:14.731   989  1054 D EGL_emulation: app_time_stats: avg=244.24ms min=2.97ms max=1095.90ms count=5
11-20 13:55:14.833 12240 12240 I ViewInteraction: Checking 'com.example.dogglers.BaseTest$DrawableMatcher$RecyclerViewAssertion@5ed0aa0' assertion on view view.getId() is <2131231206/com.example.dogglers:id/vertical_recycler_view>
11-20 13:55:14.839   989  1054 D EGL_emulation: app_time_stats: avg=27.28ms min=1.85ms max=238.34ms count=28
11-20 13:55:14.848 12240 12240 D LifecycleMonitor: Lifecycle status change: androidx.test.core.app.InstrumentationActivityInvoker$BootstrapActivity@f6766f1 in: STOPPED
11-20 13:55:14.850   989  1040 W WindowOnBackDispatcher: sendCancelIfRunning: isInProgress=falsecallback=android.view.ViewRootImpl$$ExternalSyntheticLambda17@e24c452
11-20 13:55:14.852   574   587 W InputManager-JNI: Input channel object '70e473b Splash Screen com.example.dogglers (client)' was disposed without first being removed with the input manager!
11-20 13:55:14.858 12240 12240 V ActivityScenario: Activity lifecycle changed event received but ignored because the intent does not match. startActivityIntent=Intent { act=android.intent.action.MAIN cat=[android.intent.category.LAUNCHER] cmp=com.example.dogglers/.VerticalListActivity }, activity.getIntent()=Intent { act=android.intent.action.MAIN cat=[android.intent.category.LAUNCHER] flg=0x10008000 cmp=com.example.dogglers/androidx.test.core.app.InstrumentationActivityInvoker$BootstrapActivity (has extras) }, activity=androidx.test.core.app.InstrumentationActivityInvoker$BootstrapActivity@f6766f1
11-20 13:55:14.857  1277  2425 D OneSearchSuggestProvider: Shut down the binder channel
11-20 13:55:14.866  1277 10764 I IPCThreadState: oneway function results for code 2 on binder at 0x76632bbfcb40 will be dropped but finished with status UNKNOWN_TRANSACTION
11-20 13:55:14.866  1277  1322 I ImeTracker: com.google.android.apps.nexuslauncher:9f20489a: onRequestHide at ORIGIN_CLIENT_HIDE_SOFT_INPUT reason HIDE_SOFT_INPUT
11-20 13:55:14.866  1277  1322 I ImeTracker: com.google.android.apps.nexuslauncher:9f20489a: onFailed at PHASE_CLIENT_VIEW_SERVED
11-20 13:55:14.878  2640 12529 I PBSessionCacheImpl: Deleted sessionId[11612542089730659] from persistence.
11-20 13:55:14.896  2640  3242 W SearchServiceCore: Abort, client detached.
11-20 13:55:14.900 12240 12240 D LifecycleMonitor: Lifecycle status change: com.example.dogglers.VerticalListActivity@8590c4f in: PAUSED
11-20 13:55:14.901 12240 12240 V ActivityScenario: Update currentActivityStage to PAUSED, currentActivity=com.example.dogglers.VerticalListActivity@8590c4f
11-20 13:55:14.919 12240 12240 D LifecycleMonitor: Lifecycle status change: androidx.test.core.app.InstrumentationActivityInvoker$EmptyActivity@5cad22a in: PRE_ON_CREATE
11-20 13:55:14.922 12240 12240 V ActivityScenario: Activity lifecycle changed event received but ignored because the intent does not match. startActivityIntent=Intent { act=android.intent.action.MAIN cat=[android.intent.category.LAUNCHER] cmp=com.example.dogglers/.VerticalListActivity }, activity.getIntent()=Intent { act=android.intent.action.MAIN cat=[android.intent.category.LAUNCHER] flg=0x10000000 cmp=com.example.dogglers/androidx.test.core.app.InstrumentationActivityInvoker$EmptyActivity }, activity=androidx.test.core.app.InstrumentationActivityInvoker$EmptyActivity@5cad22a
11-20 13:55:14.934 12240 12240 D LifecycleMonitor: Lifecycle status change: androidx.test.core.app.InstrumentationActivityInvoker$EmptyActivity@5cad22a in: CREATED
11-20 13:55:14.936 12240 12240 V ActivityScenario: Activity lifecycle changed event received but ignored because the intent does not match. startActivityIntent=Intent { act=android.intent.action.MAIN cat=[android.intent.category.LAUNCHER] cmp=com.example.dogglers/.VerticalListActivity }, activity.getIntent()=Intent { act=android.intent.action.MAIN cat=[android.intent.category.LAUNCHER] flg=0x10000000 cmp=com.example.dogglers/androidx.test.core.app.InstrumentationActivityInvoker$EmptyActivity }, activity=androidx.test.core.app.InstrumentationActivityInvoker$EmptyActivity@5cad22a
11-20 13:55:14.938 12240 12240 D LifecycleMonitor: Lifecycle status change: androidx.test.core.app.InstrumentationActivityInvoker$EmptyActivity@5cad22a in: STARTED
11-20 13:55:14.959 12240 12240 V ActivityScenario: Activity lifecycle changed event received but ignored because the intent does not match. startActivityIntent=Intent { act=android.intent.action.MAIN cat=[android.intent.category.LAUNCHER] cmp=com.example.dogglers/.VerticalListActivity }, activity.getIntent()=Intent { act=android.intent.action.MAIN cat=[android.intent.category.LAUNCHER] flg=0x10000000 cmp=com.example.dogglers/androidx.test.core.app.InstrumentationActivityInvoker$EmptyActivity }, activity=androidx.test.core.app.InstrumentationActivityInvoker$EmptyActivity@5cad22a
11-20 13:55:14.964 12240 12240 D LifecycleMonitor: Lifecycle status change: androidx.test.core.app.InstrumentationActivityInvoker$EmptyActivity@5cad22a in: RESUMED
11-20 13:55:14.964 12240 12240 V ActivityScenario: Activity lifecycle changed event received but ignored because the intent does not match. startActivityIntent=Intent { act=android.intent.action.MAIN cat=[android.intent.category.LAUNCHER] cmp=com.example.dogglers/.VerticalListActivity }, activity.getIntent()=Intent { act=android.intent.action.MAIN cat=[android.intent.category.LAUNCHER] flg=0x10000000 cmp=com.example.dogglers/androidx.test.core.app.InstrumentationActivityInvoker$EmptyActivity }, activity=androidx.test.core.app.InstrumentationActivityInvoker$EmptyActivity@5cad22a
11-20 13:55:15.033   430   430 I BpBinder: onLastStrongRef automatically unlinking death recipients:
11-20 13:55:15.106   574   595 I ActivityTaskManager: Displayed com.example.dogglers/androidx.test.core.app.InstrumentationActivityInvoker$EmptyActivity for user 0: +221ms
11-20 13:55:15.145 12240 12240 D LifecycleMonitor: Lifecycle status change: com.example.dogglers.VerticalListActivity@8590c4f in: STOPPED
11-20 13:55:15.146 12240 12240 V ActivityScenario: Update currentActivityStage to STOPPED, currentActivity=com.example.dogglers.VerticalListActivity@8590c4f
11-20 13:55:15.149 12240 12240 D LifecycleMonitor: Lifecycle status change: com.example.dogglers.VerticalListActivity@8590c4f in: DESTROYED
11-20 13:55:15.151 12240 12240 V ActivityScenario: Update currentActivityStage to DESTROYED, currentActivity=null
11-20 13:55:15.151 12240 12240 W WindowOnBackDispatcher: sendCancelIfRunning: isInProgress=falsecallback=android.view.ViewRootImpl$$ExternalSyntheticLambda17@8941a0d
11-20 13:55:15.156   574   587 W InputManager-JNI: Input channel object '2dc646e com.example.dogglers/com.example.dogglers.VerticalListActivity (client)' was disposed without first being removed with the input manager!
11-20 13:55:15.176   430   430 I BpBinder: onLastStrongRef automatically unlinking death recipients:
11-20 13:55:15.178 12240 12240 D LifecycleMonitor: Lifecycle status change: androidx.test.core.app.InstrumentationActivityInvoker$EmptyActivity@5cad22a in: PAUSED
11-20 13:55:15.179 12240 12240 V ActivityScenario: Activity lifecycle changed event received but ignored because the intent does not match. startActivityIntent=Intent { act=android.intent.action.MAIN cat=[android.intent.category.LAUNCHER] cmp=com.example.dogglers/.VerticalListActivity }, activity.getIntent()=Intent { act=android.intent.action.MAIN cat=[android.intent.category.LAUNCHER] flg=0x10000000 cmp=com.example.dogglers/androidx.test.core.app.InstrumentationActivityInvoker$EmptyActivity }, activity=androidx.test.core.app.InstrumentationActivityInvoker$EmptyActivity@5cad22a
11-20 13:55:15.194   574   587 I ImeTracker: com.example.dogglers:6797af0f: onRequestHide at ORIGIN_SERVER_HIDE_INPUT reason HIDE_UNSPECIFIED_WINDOW
11-20 13:55:15.194   574   587 I ImeTracker: com.example.dogglers:6797af0f: onCancelled at PHASE_SERVER_SHOULD_HIDE
11-20 13:55:15.197  1770  1770 I GoogleInputMethodService: GoogleInputMethodService.onFinishInput():3227
11-20 13:55:15.199 12240 12240 D LifecycleMonitor: Lifecycle status change: androidx.test.core.app.InstrumentationActivityInvoker$BootstrapActivity@f6766f1 in: DESTROYED
11-20 13:55:15.198  1770  1770 I GoogleInputMethodService: GoogleInputMethodService.updateDeviceLockedStatus():2087 repeatCheckTimes = 0, unlocked = true
11-20 13:55:15.198  1770  1770 I GoogleInputMethodService: GoogleInputMethodService.onStartInput():1877 onStartInput(EditorInfo{inputType=0x0(NULL) imeOptions=0x0 privateImeOptions=null actionName=UNSPECIFIED actionLabel=null actionId=0 initialSelStart=-1 initialSelEnd=-1 initialCapsMode=0x0 hintText=null label=null packageName=com.example.dogglers fieldId=0 fieldName=null extras=null}, false)
11-20 13:55:15.198  1770  1770 I GoogleInputMethodService: GoogleInputMethodService.shouldHideHeaderOnInitialState():4008 ShouldHideHeaderOnInitialState = false
11-20 13:55:15.200  1770  1770 I GoogleInputMethodService: GoogleInputMethodService.updateDeviceLockedStatus():2087 repeatCheckTimes = 2, unlocked = true
11-20 13:55:15.201 12240 12240 V ActivityScenario: Activity lifecycle changed event received but ignored because the intent does not match. startActivityIntent=Intent { act=android.intent.action.MAIN cat=[android.intent.category.LAUNCHER] cmp=com.example.dogglers/.VerticalListActivity }, activity.getIntent()=Intent { act=android.intent.action.MAIN cat=[android.intent.category.LAUNCHER] flg=0x10008000 cmp=com.example.dogglers/androidx.test.core.app.InstrumentationActivityInvoker$BootstrapActivity (has extras) }, activity=androidx.test.core.app.InstrumentationActivityInvoker$BootstrapActivity@f6766f1
11-20 13:55:15.209 12240 12240 D LifecycleMonitor: Lifecycle status change: androidx.test.core.app.InstrumentationActivityInvoker$EmptyActivity@d5419da in: PRE_ON_CREATE
11-20 13:55:15.210 12240 12240 V ActivityScenario: Activity lifecycle changed event received but ignored because the intent does not match. startActivityIntent=Intent { act=android.intent.action.MAIN cat=[android.intent.category.LAUNCHER] cmp=com.example.dogglers/.VerticalListActivity }, activity.getIntent()=Intent { act=android.intent.action.MAIN cat=[android.intent.category.LAUNCHER] flg=0x10000000 cmp=com.example.dogglers/androidx.test.core.app.InstrumentationActivityInvoker$EmptyActivity }, activity=androidx.test.core.app.InstrumentationActivityInvoker$EmptyActivity@d5419da
11-20 13:55:15.237 12240 12240 D LifecycleMonitor: Lifecycle status change: androidx.test.core.app.InstrumentationActivityInvoker$EmptyActivity@d5419da in: CREATED
11-20 13:55:15.239 12240 12240 V ActivityScenario: Activity lifecycle changed event received but ignored because the intent does not match. startActivityIntent=Intent { act=android.intent.action.MAIN cat=[android.intent.category.LAUNCHER] cmp=com.example.dogglers/.VerticalListActivity }, activity.getIntent()=Intent { act=android.intent.action.MAIN cat=[android.intent.category.LAUNCHER] flg=0x10000000 cmp=com.example.dogglers/androidx.test.core.app.InstrumentationActivityInvoker$EmptyActivity }, activity=androidx.test.core.app.InstrumentationActivityInvoker$EmptyActivity@d5419da
11-20 13:55:15.244 12240 12240 D LifecycleMonitor: Lifecycle status change: androidx.test.core.app.InstrumentationActivityInvoker$EmptyActivity@d5419da in: STARTED
11-20 13:55:15.244 12240 12240 V ActivityScenario: Activity lifecycle changed event received but ignored because the intent does not match. startActivityIntent=Intent { act=android.intent.action.MAIN cat=[android.intent.category.LAUNCHER] cmp=com.example.dogglers/.VerticalListActivity }, activity.getIntent()=Intent { act=android.intent.action.MAIN cat=[android.intent.category.LAUNCHER] flg=0x10000000 cmp=com.example.dogglers/androidx.test.core.app.InstrumentationActivityInvoker$EmptyActivity }, activity=androidx.test.core.app.InstrumentationActivityInvoker$EmptyActivity@d5419da
11-20 13:55:15.256 12240 12240 D LifecycleMonitor: Lifecycle status change: androidx.test.core.app.InstrumentationActivityInvoker$EmptyActivity@d5419da in: RESUMED
11-20 13:55:15.257 12240 12240 V ActivityScenario: Activity lifecycle changed event received but ignored because the intent does not match. startActivityIntent=Intent { act=android.intent.action.MAIN cat=[android.intent.category.LAUNCHER] cmp=com.example.dogglers/.VerticalListActivity }, activity.getIntent()=Intent { act=android.intent.action.MAIN cat=[android.intent.category.LAUNCHER] flg=0x10000000 cmp=com.example.dogglers/androidx.test.core.app.InstrumentationActivityInvoker$EmptyActivity }, activity=androidx.test.core.app.InstrumentationActivityInvoker$EmptyActivity@d5419da
11-20 13:55:15.272   989   989 W Choreographer: Frame time is 0.685853 ms in the future!  Check that graphics HAL is generating vsync timestamps using the correct timebase.
11-20 13:55:15.287   989   989 W Choreographer: Frame time is 1.958199 ms in the future!  Check that graphics HAL is generating vsync timestamps using the correct timebase.
11-20 13:55:15.374   574   595 I ActivityTaskManager: Displayed com.example.dogglers/androidx.test.core.app.InstrumentationActivityInvoker$EmptyActivity for user 0: +226ms
11-20 13:55:15.396   574  2560 I ImeTracker: com.example.dogglers:f689f31c: onRequestHide at ORIGIN_SERVER_HIDE_INPUT reason HIDE_UNSPECIFIED_WINDOW
11-20 13:55:15.397   574  2560 I ImeTracker: com.example.dogglers:f689f31c: onCancelled at PHASE_SERVER_SHOULD_HIDE
11-20 13:55:15.400  1770  1770 I GoogleInputMethodService: GoogleInputMethodService.onFinishInput():3227
11-20 13:55:15.403 12240 12240 D LifecycleMonitor: Lifecycle status change: androidx.test.core.app.InstrumentationActivityInvoker$EmptyActivity@5cad22a in: STOPPED
11-20 13:55:15.404 12240 12240 V ActivityScenario: Activity lifecycle changed event received but ignored because the intent does not match. startActivityIntent=Intent { act=android.intent.action.MAIN cat=[android.intent.category.LAUNCHER] cmp=com.example.dogglers/.VerticalListActivity }, activity.getIntent()=Intent { act=android.intent.action.MAIN cat=[android.intent.category.LAUNCHER] flg=0x10000000 cmp=com.example.dogglers/androidx.test.core.app.InstrumentationActivityInvoker$EmptyActivity }, activity=androidx.test.core.app.InstrumentationActivityInvoker$EmptyActivity@5cad22a
11-20 13:55:15.410  1770  1770 I GoogleInputMethodService: GoogleInputMethodService.updateDeviceLockedStatus():2087 repeatCheckTimes = 0, unlocked = true
11-20 13:55:15.411  1770  1770 I GoogleInputMethodService: GoogleInputMethodService.onStartInput():1877 onStartInput(EditorInfo{inputType=0x0(NULL) imeOptions=0x0 privateImeOptions=null actionName=UNSPECIFIED actionLabel=null actionId=0 initialSelStart=-1 initialSelEnd=-1 initialCapsMode=0x0 hintText=null label=null packageName=com.example.dogglers fieldId=0 fieldName=null extras=null}, false)
11-20 13:55:15.411  1770  1770 I GoogleInputMethodService: GoogleInputMethodService.shouldHideHeaderOnInitialState():4008 ShouldHideHeaderOnInitialState = false
11-20 13:55:15.411  1770  1770 I GoogleInputMethodService: GoogleInputMethodService.updateDeviceLockedStatus():2087 repeatCheckTimes = 2, unlocked = true
11-20 13:55:15.441   430   430 I BpBinder: onLastStrongRef automatically unlinking death recipients:
11-20 13:55:15.458 12240 12240 D LifecycleMonitor: Lifecycle status change: androidx.test.core.app.InstrumentationActivityInvoker$EmptyActivity@5cad22a in: DESTROYED
11-20 13:55:15.459 12240 12240 V ActivityScenario: Activity lifecycle changed event received but ignored because the intent does not match. startActivityIntent=Intent { act=android.intent.action.MAIN cat=[android.intent.category.LAUNCHER] cmp=com.example.dogglers/.VerticalListActivity }, activity.getIntent()=Intent { act=android.intent.action.MAIN cat=[android.intent.category.LAUNCHER] flg=0x10000000 cmp=com.example.dogglers/androidx.test.core.app.InstrumentationActivityInvoker$EmptyActivity }, activity=androidx.test.core.app.InstrumentationActivityInvoker$EmptyActivity@5cad22a
11-20 13:55:15.459 12240 12240 W WindowOnBackDispatcher: sendCancelIfRunning: isInProgress=falsecallback=android.view.ViewRootImpl$$ExternalSyntheticLambda17@4847af7
11-20 13:55:15.462   574  2533 W InputManager-JNI: Input channel object 'dd8c6e7 com.example.dogglers/androidx.test.core.app.InstrumentationActivityInvoker$EmptyActivity (client)' was disposed without first being removed with the input manager!
11-20 13:55:15.470 12240 12240 D LifecycleMonitor: Lifecycle status change: androidx.test.core.app.InstrumentationActivityInvoker$EmptyActivity@d5419da in: PAUSED
11-20 13:55:15.471 12240 12240 V ActivityScenario: Activity lifecycle changed event received but ignored because the intent does not match. startActivityIntent=Intent { act=android.intent.action.MAIN cat=[android.intent.category.LAUNCHER] cmp=com.example.dogglers/.VerticalListActivity }, activity.getIntent()=Intent { act=android.intent.action.MAIN cat=[android.intent.category.LAUNCHER] flg=0x10000000 cmp=com.example.dogglers/androidx.test.core.app.InstrumentationActivityInvoker$EmptyActivity }, activity=androidx.test.core.app.InstrumentationActivityInvoker$EmptyActivity@d5419da
11-20 13:55:15.482 12240 12263 I TestRunner: finished: recycler_view_item_count(com.example.dogglers.VerticalListTests)
