11-20 13:55:04.891 12240 12263 I TestRunner: started: recycler_view_item_count(com.example.dogglers.HorizontalListTests)
11-20 13:55:04.895 12240 12240 D LifecycleMonitor: Lifecycle status change: androidx.test.core.app.InstrumentationActivityInvoker$EmptyActivity@14039dc in: DESTROYED
11-20 13:55:04.895 12240 12240 W WindowOnBackDispatcher: sendCancelIfRunning: isInProgress=falsecallback=android.view.ViewRootImpl$$ExternalSyntheticLambda17@19a4061
11-20 13:55:04.898   574  2560 W InputManager-JNI: Input channel object 'f6a5123 com.example.dogglers/androidx.test.core.app.InstrumentationActivityInvoker$EmptyActivity (client)' was disposed without first being removed with the input manager!
11-20 13:55:04.912 12240 12263 W Settings: Setting always_finish_activities has moved from android.provider.Settings.System to android.provider.Settings.Global, returning read-only value.
11-20 13:55:04.962   989  1041 D SplashScreenView: Build android.window.SplashScreenView{41d59ad V.E...... ......ID 0,0-0,0}
11-20 13:55:04.962   989  1041 D SplashScreenView: Icon: view: null drawable: null size: 0
11-20 13:55:04.962   989  1041 D SplashScreenView: Branding: view: android.view.View{aa014e2 G.ED..... ......I. 0,0-0,0 #10204ef android:id/splashscreen_branding_view} drawable: null size w: 0 h: 0
11-20 13:55:05.009   430   430 I BpBinder: onLastStrongRef automatically unlinking death recipients:
11-20 13:55:05.016  1277  1277 W FrameTracker: Missed App frame:UNKNOWN: 76, 186146, 104559640, CUJ=J<LAUNCHER_APP_CLOSE_TO_HOME>
11-20 13:55:05.016  1277  1277 W FrameTracker: Missed SF frame:UNKNOWN: 76, 186146, 104559640, CUJ=J<LAUNCHER_APP_CLOSE_TO_HOME>
11-20 13:55:05.016  1277  1277 W FrameTracker: Missed App frame:UNKNOWN: 328, 186161, 0, CUJ=J<LAUNCHER_APP_CLOSE_TO_HOME>
11-20 13:55:05.016  1277  1277 W FrameTracker: Missing HWUI jank callback for vsyncId: 186161, CUJ=J<LAUNCHER_APP_CLOSE_TO_HOME>
11-20 13:55:05.016  1277  1277 W FrameTracker: Missed App frame:UNKNOWN: 76, 186176, 0, CUJ=J<LAUNCHER_APP_CLOSE_TO_HOME>
11-20 13:55:05.016  1277  1277 W FrameTracker: Missed SF frame:UNKNOWN: 76, 186176, 0, CUJ=J<LAUNCHER_APP_CLOSE_TO_HOME>
11-20 13:55:05.016  1277  1277 W FrameTracker: Missing HWUI jank callback for vsyncId: 186176, CUJ=J<LAUNCHER_APP_CLOSE_TO_HOME>
11-20 13:55:05.016  1277  1277 W FrameTracker: Missed App frame:UNKNOWN: 74, 186200, 81471332, CUJ=J<LAUNCHER_APP_CLOSE_TO_HOME>
11-20 13:55:05.016  1277  1277 W FrameTracker: Missed SF frame:UNKNOWN: 74, 186200, 81471332, CUJ=J<LAUNCHER_APP_CLOSE_TO_HOME>
11-20 13:55:05.016  1277  1277 W FrameTracker: Missed App frame:UNKNOWN: 74, 186208, 105311653, CUJ=J<LAUNCHER_APP_CLOSE_TO_HOME>
11-20 13:55:05.016  1277  1277 W FrameTracker: Missed SF frame:UNKNOWN: 74, 186208, 105311653, CUJ=J<LAUNCHER_APP_CLOSE_TO_HOME>
11-20 13:55:05.016  1277  1277 W FrameTracker: Missed App frame:UNKNOWN: 74, 186216, 134291005, CUJ=J<LAUNCHER_APP_CLOSE_TO_HOME>
11-20 13:55:05.016  1277  1277 W FrameTracker: Missed SF frame:UNKNOWN: 74, 186216, 134291005, CUJ=J<LAUNCHER_APP_CLOSE_TO_HOME>
11-20 13:55:05.016  1277  1277 W FrameTracker: Missed SF frame:UNKNOWN: 66, 186231, 107447793, CUJ=J<LAUNCHER_APP_CLOSE_TO_HOME>
11-20 13:55:05.016  1277  1277 W FrameTracker: Missed App frame:UNKNOWN: 72, 186260, 125436342, CUJ=J<LAUNCHER_APP_CLOSE_TO_HOME>
11-20 13:55:05.046 12240 12240 D LifecycleMonitor: Lifecycle status change: androidx.test.core.app.InstrumentationActivityInvoker$BootstrapActivity@a50756a in: PRE_ON_CREATE
11-20 13:55:05.050 12240 12240 V ActivityScenario: Activity lifecycle changed event received but ignored because the intent does not match. startActivityIntent=Intent { act=android.intent.action.MAIN cat=[android.intent.category.LAUNCHER] cmp=com.example.dogglers/.HorizontalListActivity }, activity.getIntent()=Intent { act=android.intent.action.MAIN cat=[android.intent.category.LAUNCHER] flg=0x10008000 cmp=com.example.dogglers/androidx.test.core.app.InstrumentationActivityInvoker$BootstrapActivity (has extras) }, activity=androidx.test.core.app.InstrumentationActivityInvoker$BootstrapActivity@a50756a
11-20 13:55:05.069 12240 12240 D LifecycleMonitor: Lifecycle status change: androidx.test.core.app.InstrumentationActivityInvoker$BootstrapActivity@a50756a in: CREATED
11-20 13:55:05.072 12240 12240 V ActivityScenario: Activity lifecycle changed event received but ignored because the intent does not match. startActivityIntent=Intent { act=android.intent.action.MAIN cat=[android.intent.category.LAUNCHER] cmp=com.example.dogglers/.HorizontalListActivity }, activity.getIntent()=Intent { act=android.intent.action.MAIN cat=[android.intent.category.LAUNCHER] flg=0x10008000 cmp=com.example.dogglers/androidx.test.core.app.InstrumentationActivityInvoker$BootstrapActivity (has extras) }, activity=androidx.test.core.app.InstrumentationActivityInvoker$BootstrapActivity@a50756a
11-20 13:55:05.077 12240 12240 D LifecycleMonitor: Lifecycle status change: androidx.test.core.app.InstrumentationActivityInvoker$BootstrapActivity@a50756a in: STARTED
11-20 13:55:05.079 12240 12240 V ActivityScenario: Activity lifecycle changed event received but ignored because the intent does not match. startActivityIntent=Intent { act=android.intent.action.MAIN cat=[android.intent.category.LAUNCHER] cmp=com.example.dogglers/.HorizontalListActivity }, activity.getIntent()=Intent { act=android.intent.action.MAIN cat=[android.intent.category.LAUNCHER] flg=0x10008000 cmp=com.example.dogglers/androidx.test.core.app.InstrumentationActivityInvoker$BootstrapActivity (has extras) }, activity=androidx.test.core.app.InstrumentationActivityInvoker$BootstrapActivity@a50756a
11-20 13:55:05.089 12240 12240 D LifecycleMonitor: Lifecycle status change: androidx.test.core.app.InstrumentationActivityInvoker$BootstrapActivity@a50756a in: RESUMED
11-20 13:55:05.092 12240 12240 V ActivityScenario: Activity lifecycle changed event received but ignored because the intent does not match. startActivityIntent=Intent { act=android.intent.action.MAIN cat=[android.intent.category.LAUNCHER] cmp=com.example.dogglers/.HorizontalListActivity }, activity.getIntent()=Intent { act=android.intent.action.MAIN cat=[android.intent.category.LAUNCHER] flg=0x10008000 cmp=com.example.dogglers/androidx.test.core.app.InstrumentationActivityInvoker$BootstrapActivity (has extras) }, activity=androidx.test.core.app.InstrumentationActivityInvoker$BootstrapActivity@a50756a
11-20 13:55:05.104  1277  1277 W Choreographer: Frame time is 1.776682 ms in the future!  Check that graphics HAL is generating vsync timestamps using the correct timebase.
11-20 13:55:05.110 12240 12240 D LifecycleMonitor: Lifecycle status change: androidx.test.core.app.InstrumentationActivityInvoker$BootstrapActivity@a50756a in: PAUSED
11-20 13:55:05.111 12240 12240 V ActivityScenario: Activity lifecycle changed event received but ignored because the intent does not match. startActivityIntent=Intent { act=android.intent.action.MAIN cat=[android.intent.category.LAUNCHER] cmp=com.example.dogglers/.HorizontalListActivity }, activity.getIntent()=Intent { act=android.intent.action.MAIN cat=[android.intent.category.LAUNCHER] flg=0x10008000 cmp=com.example.dogglers/androidx.test.core.app.InstrumentationActivityInvoker$BootstrapActivity (has extras) }, activity=androidx.test.core.app.InstrumentationActivityInvoker$BootstrapActivity@a50756a
11-20 13:55:05.162 12240 12240 D LifecycleMonitor: Lifecycle status change: com.example.dogglers.HorizontalListActivity@e9e3910 in: PRE_ON_CREATE
11-20 13:55:05.163 12240 12240 V ActivityScenario: Activity lifecycle changed event received but ignored because the reported transition was not ON_CREATE while the last known transition was PRE_ON_CREATE
11-20 13:55:05.206 12240 12240 D LifecycleMonitor: Lifecycle status change: com.example.dogglers.HorizontalListActivity@e9e3910 in: CREATED
11-20 13:55:05.207 12240 12240 V ActivityScenario: Update currentActivityStage to CREATED, currentActivity=com.example.dogglers.HorizontalListActivity@e9e3910
11-20 13:55:05.212 12240 12240 D LifecycleMonitor: Lifecycle status change: com.example.dogglers.HorizontalListActivity@e9e3910 in: STARTED
11-20 13:55:05.212 12240 12240 V ActivityScenario: Update currentActivityStage to STARTED, currentActivity=com.example.dogglers.HorizontalListActivity@e9e3910
11-20 13:55:05.224 12240 12240 D LifecycleMonitor: Lifecycle status change: com.example.dogglers.HorizontalListActivity@e9e3910 in: RESUMED
11-20 13:55:05.225 12240 12240 V ActivityScenario: Update currentActivityStage to RESUMED, currentActivity=com.example.dogglers.HorizontalListActivity@e9e3910
11-20 13:55:05.372   989   989 W Choreographer: Frame time is 0.408172 ms in the future!  Check that graphics HAL is generating vsync timestamps using the correct timebase.
11-20 13:55:05.419   574   595 W ziparchive: Unable to open '/data/app/~~g9pGXw6zzmInD44PnXlZug==/com.example.dogglers-fFkVg-hwOoV9dkaT6QJ7gg==/base.dm': No such file or directory
11-20 13:55:05.423   574   595 I ActivityTaskManager: Displayed com.example.dogglers/.HorizontalListActivity for user 0: +480ms
11-20 13:55:05.458 12240 12240 D RootViewPicker: Root not ready - waiting: 10ms for one to appear.
11-20 13:55:05.562   574  2560 I ImeTracker: com.example.dogglers:7f71ab1: onRequestHide at ORIGIN_SERVER_HIDE_INPUT reason HIDE_UNSPECIFIED_WINDOW
11-20 13:55:05.563   574  2560 I ImeTracker: com.example.dogglers:7f71ab1: onCancelled at PHASE_SERVER_SHOULD_HIDE
11-20 13:55:05.567  1770  1770 I GoogleInputMethodService: GoogleInputMethodService.onFinishInput():3227
11-20 13:55:05.571  1770  1770 I GoogleInputMethodService: GoogleInputMethodService.updateDeviceLockedStatus():2087 repeatCheckTimes = 0, unlocked = true
11-20 13:55:05.574  1770  1770 I GoogleInputMethodService: GoogleInputMethodService.onStartInput():1877 onStartInput(EditorInfo{inputType=0x0(NULL) imeOptions=0x0 privateImeOptions=null actionName=UNSPECIFIED actionLabel=null actionId=0 initialSelStart=-1 initialSelEnd=-1 initialCapsMode=0x0 hintText=null label=null packageName=com.example.dogglers fieldId=0 fieldName=null extras=null}, false)
11-20 13:55:05.574  1770  1770 I GoogleInputMethodService: GoogleInputMethodService.shouldHideHeaderOnInitialState():4008 ShouldHideHeaderOnInitialState = false
11-20 13:55:05.577  1770  1770 I GoogleInputMethodService: GoogleInputMethodService.updateDeviceLockedStatus():2087 repeatCheckTimes = 2, unlocked = true
11-20 13:55:05.626  1277  1277 D AutofillManager: view is not autofillable - activity denied for autofill
11-20 13:55:05.728   989  1054 D EGL_emulation: app_time_stats: avg=230.05ms min=3.11ms max=1070.56ms count=5
11-20 13:55:05.778 12240 12240 I ViewInteraction: Checking 'com.example.dogglers.BaseTest$DrawableMatcher$RecyclerViewAssertion@214dc1e' assertion on view view.getId() is <2131230945/com.example.dogglers:id/horizontal_recycler_view>
11-20 13:55:05.809 12240 12240 D LifecycleMonitor: Lifecycle status change: androidx.test.core.app.InstrumentationActivityInvoker$BootstrapActivity@a50756a in: STOPPED
11-20 13:55:05.810 12240 12240 V ActivityScenario: Activity lifecycle changed event received but ignored because the intent does not match. startActivityIntent=Intent { act=android.intent.action.MAIN cat=[android.intent.category.LAUNCHER] cmp=com.example.dogglers/.HorizontalListActivity }, activity.getIntent()=Intent { act=android.intent.action.MAIN cat=[android.intent.category.LAUNCHER] flg=0x10008000 cmp=com.example.dogglers/androidx.test.core.app.InstrumentationActivityInvoker$BootstrapActivity (has extras) }, activity=androidx.test.core.app.InstrumentationActivityInvoker$BootstrapActivity@a50756a
11-20 13:55:05.814  1277  2425 D OneSearchSuggestProvider: Shut down the binder channel
11-20 13:55:05.823   989  1054 D EGL_emulation: app_time_stats: avg=22.11ms min=0.27ms max=262.75ms count=25
11-20 13:55:05.827  1277 10764 I IPCThreadState: oneway function results for code 2 on binder at 0x76632bbf7d40 will be dropped but finished with status UNKNOWN_TRANSACTION
11-20 13:55:05.832  1277  1322 I ImeTracker: com.google.android.apps.nexuslauncher:4f8edfd7: onRequestHide at ORIGIN_CLIENT_HIDE_SOFT_INPUT reason HIDE_SOFT_INPUT
11-20 13:55:05.833  1277  1322 I ImeTracker: com.google.android.apps.nexuslauncher:4f8edfd7: onFailed at PHASE_CLIENT_VIEW_SERVED
11-20 13:55:05.834  2640  8747 I PBSessionCacheImpl: Deleted sessionId[11612542089730655] from persistence.
11-20 13:55:05.835  2640  3242 W SearchServiceCore: Abort, client detached.
11-20 13:55:05.838 12240 12240 D LifecycleMonitor: Lifecycle status change: com.example.dogglers.HorizontalListActivity@e9e3910 in: PAUSED
11-20 13:55:05.838 12240 12240 V ActivityScenario: Update currentActivityStage to PAUSED, currentActivity=com.example.dogglers.HorizontalListActivity@e9e3910
11-20 13:55:05.899 12240 12240 D LifecycleMonitor: Lifecycle status change: androidx.test.core.app.InstrumentationActivityInvoker$EmptyActivity@2ff67b8 in: PRE_ON_CREATE
11-20 13:55:05.900 12240 12240 V ActivityScenario: Activity lifecycle changed event received but ignored because the intent does not match. startActivityIntent=Intent { act=android.intent.action.MAIN cat=[android.intent.category.LAUNCHER] cmp=com.example.dogglers/.HorizontalListActivity }, activity.getIntent()=Intent { act=android.intent.action.MAIN cat=[android.intent.category.LAUNCHER] flg=0x10000000 cmp=com.example.dogglers/androidx.test.core.app.InstrumentationActivityInvoker$EmptyActivity }, activity=androidx.test.core.app.InstrumentationActivityInvoker$EmptyActivity@2ff67b8
11-20 13:55:05.909 12240 12240 D LifecycleMonitor: Lifecycle status change: androidx.test.core.app.InstrumentationActivityInvoker$EmptyActivity@2ff67b8 in: CREATED
11-20 13:55:05.910 12240 12240 V ActivityScenario: Activity lifecycle changed event received but ignored because the intent does not match. startActivityIntent=Intent { act=android.intent.action.MAIN cat=[android.intent.category.LAUNCHER] cmp=com.example.dogglers/.HorizontalListActivity }, activity.getIntent()=Intent { act=android.intent.action.MAIN cat=[android.intent.category.LAUNCHER] flg=0x10000000 cmp=com.example.dogglers/androidx.test.core.app.InstrumentationActivityInvoker$EmptyActivity }, activity=androidx.test.core.app.InstrumentationActivityInvoker$EmptyActivity@2ff67b8
11-20 13:55:05.914 12240 12240 D LifecycleMonitor: Lifecycle status change: androidx.test.core.app.InstrumentationActivityInvoker$EmptyActivity@2ff67b8 in: STARTED
11-20 13:55:05.915   989  1040 W WindowOnBackDispatcher: sendCancelIfRunning: isInProgress=falsecallback=android.view.ViewRootImpl$$ExternalSyntheticLambda17@be2e3a9
11-20 13:55:05.917   574   587 W InputManager-JNI: Input channel object '14bd2c8 Splash Screen com.example.dogglers (client)' was disposed without first being removed with the input manager!
11-20 13:55:05.919 12240 12240 V ActivityScenario: Activity lifecycle changed event received but ignored because the intent does not match. startActivityIntent=Intent { act=android.intent.action.MAIN cat=[android.intent.category.LAUNCHER] cmp=com.example.dogglers/.HorizontalListActivity }, activity.getIntent()=Intent { act=android.intent.action.MAIN cat=[android.intent.category.LAUNCHER] flg=0x10000000 cmp=com.example.dogglers/androidx.test.core.app.InstrumentationActivityInvoker$EmptyActivity }, activity=androidx.test.core.app.InstrumentationActivityInvoker$EmptyActivity@2ff67b8
11-20 13:55:05.923 12240 12240 D LifecycleMonitor: Lifecycle status change: androidx.test.core.app.InstrumentationActivityInvoker$EmptyActivity@2ff67b8 in: RESUMED
11-20 13:55:05.923 12240 12240 V ActivityScenario: Activity lifecycle changed event received but ignored because the intent does not match. startActivityIntent=Intent { act=android.intent.action.MAIN cat=[android.intent.category.LAUNCHER] cmp=com.example.dogglers/.HorizontalListActivity }, activity.getIntent()=Intent { act=android.intent.action.MAIN cat=[android.intent.category.LAUNCHER] flg=0x10000000 cmp=com.example.dogglers/androidx.test.core.app.InstrumentationActivityInvoker$EmptyActivity }, activity=androidx.test.core.app.InstrumentationActivityInvoker$EmptyActivity@2ff67b8
11-20 13:55:06.022   574   600 W Choreographer: Frame time is 0.76188 ms in the future!  Check that graphics HAL is generating vsync timestamps using the correct timebase.
11-20 13:55:06.037   574   600 W Choreographer: Frame time is 1.851004 ms in the future!  Check that graphics HAL is generating vsync timestamps using the correct timebase.
11-20 13:55:06.077   574   595 I ActivityTaskManager: Displayed com.example.dogglers/androidx.test.core.app.InstrumentationActivityInvoker$EmptyActivity for user 0: +260ms
11-20 13:55:06.088   989   989 W Choreographer: Frame time is 1.419832 ms in the future!  Check that graphics HAL is generating vsync timestamps using the correct timebase.
11-20 13:55:06.140 12240 12240 D LifecycleMonitor: Lifecycle status change: androidx.test.core.app.InstrumentationActivityInvoker$EmptyActivity@2ff67b8 in: PAUSED
11-20 13:55:06.147 12240 12240 V ActivityScenario: Activity lifecycle changed event received but ignored because the intent does not match. startActivityIntent=Intent { act=android.intent.action.MAIN cat=[android.intent.category.LAUNCHER] cmp=com.example.dogglers/.HorizontalListActivity }, activity.getIntent()=Intent { act=android.intent.action.MAIN cat=[android.intent.category.LAUNCHER] flg=0x10000000 cmp=com.example.dogglers/androidx.test.core.app.InstrumentationActivityInvoker$EmptyActivity }, activity=androidx.test.core.app.InstrumentationActivityInvoker$EmptyActivity@2ff67b8
11-20 13:55:06.159   430   430 I BpBinder: onLastStrongRef automatically unlinking death recipients:
11-20 13:55:06.170 12240 12240 D LifecycleMonitor: Lifecycle status change: androidx.test.core.app.InstrumentationActivityInvoker$BootstrapActivity@a50756a in: DESTROYED
11-20 13:55:06.184 12240 12240 V ActivityScenario: Activity lifecycle changed event received but ignored because the intent does not match. startActivityIntent=Intent { act=android.intent.action.MAIN cat=[android.intent.category.LAUNCHER] cmp=com.example.dogglers/.HorizontalListActivity }, activity.getIntent()=Intent { act=android.intent.action.MAIN cat=[android.intent.category.LAUNCHER] flg=0x10008000 cmp=com.example.dogglers/androidx.test.core.app.InstrumentationActivityInvoker$BootstrapActivity (has extras) }, activity=androidx.test.core.app.InstrumentationActivityInvoker$BootstrapActivity@a50756a
11-20 13:55:06.187   574  1627 I ImeTracker: com.example.dogglers:287d4845: onRequestHide at ORIGIN_SERVER_HIDE_INPUT reason HIDE_UNSPECIFIED_WINDOW
11-20 13:55:06.188   574  1627 I ImeTracker: com.example.dogglers:287d4845: onCancelled at PHASE_SERVER_SHOULD_HIDE
11-20 13:55:06.190  1770  1770 I GoogleInputMethodService: GoogleInputMethodService.onFinishInput():3227
11-20 13:55:06.196  1770  1770 I GoogleInputMethodService: GoogleInputMethodService.updateDeviceLockedStatus():2087 repeatCheckTimes = 0, unlocked = true
11-20 13:55:06.197  1770  1770 I GoogleInputMethodService: GoogleInputMethodService.onStartInput():1877 onStartInput(EditorInfo{inputType=0x0(NULL) imeOptions=0x0 privateImeOptions=null actionName=UNSPECIFIED actionLabel=null actionId=0 initialSelStart=-1 initialSelEnd=-1 initialCapsMode=0x0 hintText=null label=null packageName=com.example.dogglers fieldId=0 fieldName=null extras=null}, false)
11-20 13:55:06.198  1770  1770 I GoogleInputMethodService: GoogleInputMethodService.shouldHideHeaderOnInitialState():4008 ShouldHideHeaderOnInitialState = false
11-20 13:55:06.198  1770  1770 I GoogleInputMethodService: GoogleInputMethodService.updateDeviceLockedStatus():2087 repeatCheckTimes = 2, unlocked = true
11-20 13:55:06.215 12240 12240 D LifecycleMonitor: Lifecycle status change: androidx.test.core.app.InstrumentationActivityInvoker$EmptyActivity@5c82985 in: PRE_ON_CREATE
11-20 13:55:06.216 12240 12240 V ActivityScenario: Activity lifecycle changed event received but ignored because the intent does not match. startActivityIntent=Intent { act=android.intent.action.MAIN cat=[android.intent.category.LAUNCHER] cmp=com.example.dogglers/.HorizontalListActivity }, activity.getIntent()=Intent { act=android.intent.action.MAIN cat=[android.intent.category.LAUNCHER] flg=0x10000000 cmp=com.example.dogglers/androidx.test.core.app.InstrumentationActivityInvoker$EmptyActivity }, activity=androidx.test.core.app.InstrumentationActivityInvoker$EmptyActivity@5c82985
11-20 13:55:06.226 12240 12240 D LifecycleMonitor: Lifecycle status change: androidx.test.core.app.InstrumentationActivityInvoker$EmptyActivity@5c82985 in: CREATED
11-20 13:55:06.228 12240 12240 V ActivityScenario: Activity lifecycle changed event received but ignored because the intent does not match. startActivityIntent=Intent { act=android.intent.action.MAIN cat=[android.intent.category.LAUNCHER] cmp=com.example.dogglers/.HorizontalListActivity }, activity.getIntent()=Intent { act=android.intent.action.MAIN cat=[android.intent.category.LAUNCHER] flg=0x10000000 cmp=com.example.dogglers/androidx.test.core.app.InstrumentationActivityInvoker$EmptyActivity }, activity=androidx.test.core.app.InstrumentationActivityInvoker$EmptyActivity@5c82985
11-20 13:55:06.230 12240 12240 D LifecycleMonitor: Lifecycle status change: androidx.test.core.app.InstrumentationActivityInvoker$EmptyActivity@5c82985 in: STARTED
11-20 13:55:06.231 12240 12240 V ActivityScenario: Activity lifecycle changed event received but ignored because the intent does not match. startActivityIntent=Intent { act=android.intent.action.MAIN cat=[android.intent.category.LAUNCHER] cmp=com.example.dogglers/.HorizontalListActivity }, activity.getIntent()=Intent { act=android.intent.action.MAIN cat=[android.intent.category.LAUNCHER] flg=0x10000000 cmp=com.example.dogglers/androidx.test.core.app.InstrumentationActivityInvoker$EmptyActivity }, activity=androidx.test.core.app.InstrumentationActivityInvoker$EmptyActivity@5c82985
11-20 13:55:06.233 12240 12240 D LifecycleMonitor: Lifecycle status change: androidx.test.core.app.InstrumentationActivityInvoker$EmptyActivity@5c82985 in: RESUMED
11-20 13:55:06.234 12240 12240 V ActivityScenario: Activity lifecycle changed event received but ignored because the intent does not match. startActivityIntent=Intent { act=android.intent.action.MAIN cat=[android.intent.category.LAUNCHER] cmp=com.example.dogglers/.HorizontalListActivity }, activity.getIntent()=Intent { act=android.intent.action.MAIN cat=[android.intent.category.LAUNCHER] flg=0x10000000 cmp=com.example.dogglers/androidx.test.core.app.InstrumentationActivityInvoker$EmptyActivity }, activity=androidx.test.core.app.InstrumentationActivityInvoker$EmptyActivity@5c82985
11-20 13:55:06.244 12240 12240 D LifecycleMonitor: Lifecycle status change: com.example.dogglers.HorizontalListActivity@e9e3910 in: STOPPED
11-20 13:55:06.245 12240 12240 V ActivityScenario: Update currentActivityStage to STOPPED, currentActivity=com.example.dogglers.HorizontalListActivity@e9e3910
11-20 13:55:06.246 12240 12240 D LifecycleMonitor: Lifecycle status change: com.example.dogglers.HorizontalListActivity@e9e3910 in: DESTROYED
11-20 13:55:06.247 12240 12240 V ActivityScenario: Update currentActivityStage to DESTROYED, currentActivity=null
11-20 13:55:06.248 12240 12240 W WindowOnBackDispatcher: sendCancelIfRunning: isInProgress=falsecallback=android.view.ViewRootImpl$$ExternalSyntheticLambda17@55cc717
11-20 13:55:06.251   574  2533 W InputManager-JNI: Input channel object 'f2ca03f com.example.dogglers/com.example.dogglers.HorizontalListActivity (client)' was disposed without first being removed with the input manager!
11-20 13:55:06.354 12240 12263 I TestRunner: finished: recycler_view_item_count(com.example.dogglers.HorizontalListTests)
