11-20 13:55:18.557 12240 12263 I TestRunner: started: vertical_scrolling(com.example.dogglers.VerticalListTests)
11-20 13:55:18.572 12240 12263 W Settings: Setting always_finish_activities has moved from android.provider.Settings.System to android.provider.Settings.Global, returning read-only value.
11-20 13:55:18.627   989  1041 D SplashScreenView: Build android.window.SplashScreenView{afd0c04 V.E...... ......ID 0,0-0,0}
11-20 13:55:18.627   989  1041 D SplashScreenView: Icon: view: null drawable: null size: 0
11-20 13:55:18.627   989  1041 D SplashScreenView: Branding: view: android.view.View{67f85ed G.ED..... ......I. 0,0-0,0 #10204ef android:id/splashscreen_branding_view} drawable: null size w: 0 h: 0
11-20 13:55:18.686   430   430 I BpBinder: onLastStrongRef automatically unlinking death recipients:
11-20 13:55:18.711 12240 12240 D LifecycleMonitor: Lifecycle status change: androidx.test.core.app.InstrumentationActivityInvoker$BootstrapActivity@9a2b8c2 in: PRE_ON_CREATE
11-20 13:55:18.717 12240 12240 V ActivityScenario: Activity lifecycle changed event received but ignored because the intent does not match. startActivityIntent=Intent { act=android.intent.action.MAIN cat=[android.intent.category.LAUNCHER] cmp=com.example.dogglers/.VerticalListActivity }, activity.getIntent()=Intent { act=android.intent.action.MAIN cat=[android.intent.category.LAUNCHER] flg=0x10008000 cmp=com.example.dogglers/androidx.test.core.app.InstrumentationActivityInvoker$BootstrapActivity (has extras) }, activity=androidx.test.core.app.InstrumentationActivityInvoker$BootstrapActivity@9a2b8c2
11-20 13:55:18.730 12240 12240 D LifecycleMonitor: Lifecycle status change: androidx.test.core.app.InstrumentationActivityInvoker$BootstrapActivity@9a2b8c2 in: CREATED
11-20 13:55:18.730 12240 12240 V ActivityScenario: Activity lifecycle changed event received but ignored because the intent does not match. startActivityIntent=Intent { act=android.intent.action.MAIN cat=[android.intent.category.LAUNCHER] cmp=com.example.dogglers/.VerticalListActivity }, activity.getIntent()=Intent { act=android.intent.action.MAIN cat=[android.intent.category.LAUNCHER] flg=0x10008000 cmp=com.example.dogglers/androidx.test.core.app.InstrumentationActivityInvoker$BootstrapActivity (has extras) }, activity=androidx.test.core.app.InstrumentationActivityInvoker$BootstrapActivity@9a2b8c2
11-20 13:55:18.733 12240 12240 D LifecycleMonitor: Lifecycle status change: androidx.test.core.app.InstrumentationActivityInvoker$BootstrapActivity@9a2b8c2 in: STARTED
11-20 13:55:18.734 12240 12240 V ActivityScenario: Activity lifecycle changed event received but ignored because the intent does not match. startActivityIntent=Intent { act=android.intent.action.MAIN cat=[android.intent.category.LAUNCHER] cmp=com.example.dogglers/.VerticalListActivity }, activity.getIntent()=Intent { act=android.intent.action.MAIN cat=[android.intent.category.LAUNCHER] flg=0x10008000 cmp=com.example.dogglers/androidx.test.core.app.InstrumentationActivityInvoker$BootstrapActivity (has extras) }, activity=androidx.test.core.app.InstrumentationActivityInvoker$BootstrapActivity@9a2b8c2
11-20 13:55:18.748 12240 12240 D LifecycleMonitor: Lifecycle status change: androidx.test.core.app.InstrumentationActivityInvoker$BootstrapActivity@9a2b8c2 in: RESUMED
11-20 13:55:18.749 12240 12240 V ActivityScenario: Activity lifecycle changed event received but ignored because the intent does not match. startActivityIntent=Intent { act=android.intent.action.MAIN cat=[android.intent.category.LAUNCHER] cmp=com.example.dogglers/.VerticalListActivity }, activity.getIntent()=Intent { act=android.intent.action.MAIN cat=[android.intent.category.LAUNCHER] flg=0x10008000 cmp=com.example.dogglers/androidx.test.core.app.InstrumentationActivityInvoker$BootstrapActivity (has extras) }, activity=androidx.test.core.app.InstrumentationActivityInvoker$BootstrapActivity@9a2b8c2
11-20 13:55:18.752 12240 12240 D LifecycleMonitor: Lifecycle status change: androidx.test.core.app.InstrumentationActivityInvoker$BootstrapActivity@9a2b8c2 in: PAUSED
11-20 13:55:18.752 12240 12240 V ActivityScenario: Activity lifecycle changed event received but ignored because the intent does not match. startActivityIntent=Intent { act=android.intent.action.MAIN cat=[android.intent.category.LAUNCHER] cmp=com.example.dogglers/.VerticalListActivity }, activity.getIntent()=Intent { act=android.intent.action.MAIN cat=[android.intent.category.LAUNCHER] flg=0x10008000 cmp=com.example.dogglers/androidx.test.core.app.InstrumentationActivityInvoker$BootstrapActivity (has extras) }, activity=androidx.test.core.app.InstrumentationActivityInvoker$BootstrapActivity@9a2b8c2
11-20 13:55:18.762 12240 12240 D LifecycleMonitor: Lifecycle status change: com.example.dogglers.VerticalListActivity@bfe9328 in: PRE_ON_CREATE
11-20 13:55:18.763 12240 12240 V ActivityScenario: Activity lifecycle changed event received but ignored because the reported transition was not ON_CREATE while the last known transition was PRE_ON_CREATE
11-20 13:55:18.791 12240 12240 D LifecycleMonitor: Lifecycle status change: com.example.dogglers.VerticalListActivity@bfe9328 in: CREATED
11-20 13:55:18.791 12240 12240 V ActivityScenario: Update currentActivityStage to CREATED, currentActivity=com.example.dogglers.VerticalListActivity@bfe9328
11-20 13:55:18.789  1277  1277 W Choreographer: Frame time is 0.23948 ms in the future!  Check that graphics HAL is generating vsync timestamps using the correct timebase.
11-20 13:55:18.795 12240 12240 D LifecycleMonitor: Lifecycle status change: com.example.dogglers.VerticalListActivity@bfe9328 in: STARTED
11-20 13:55:18.796 12240 12240 V ActivityScenario: Update currentActivityStage to STARTED, currentActivity=com.example.dogglers.VerticalListActivity@bfe9328
11-20 13:55:18.798 12240 12240 D LifecycleMonitor: Lifecycle status change: com.example.dogglers.VerticalListActivity@bfe9328 in: RESUMED
11-20 13:55:18.799 12240 12240 V ActivityScenario: Update currentActivityStage to RESUMED, currentActivity=com.example.dogglers.VerticalListActivity@bfe9328
11-20 13:55:18.997   989  1054 D EGL_emulation: app_time_stats: avg=21.86ms min=1.32ms max=197.78ms count=27
11-20 13:55:19.039   989  1038 W Choreographer: Frame time is 0.101185 ms in the future!  Check that graphics HAL is generating vsync timestamps using the correct timebase.
11-20 13:55:19.118   574   595 W ziparchive: Unable to open '/data/app/~~g9pGXw6zzmInD44PnXlZug==/com.example.dogglers-fFkVg-hwOoV9dkaT6QJ7gg==/base.dm': No such file or directory
11-20 13:55:19.122 12240 12240 D RootViewPicker: Root not ready - waiting: 10ms for one to appear.
11-20 13:55:19.120   574   595 I ActivityTaskManager: Displayed com.example.dogglers/.VerticalListActivity for user 0: +528ms
11-20 13:55:19.122   989  1038 W Choreographer: Frame time is 0.691202 ms in the future!  Check that graphics HAL is generating vsync timestamps using the correct timebase.
11-20 13:55:19.138   989  1038 W Choreographer: Frame time is 1.154105 ms in the future!  Check that graphics HAL is generating vsync timestamps using the correct timebase.
11-20 13:55:19.155   989  1038 W Choreographer: Frame time is 0.758912 ms in the future!  Check that graphics HAL is generating vsync timestamps using the correct timebase.
11-20 13:55:19.171   989  1038 W Choreographer: Frame time is 1.4781489 ms in the future!  Check that graphics HAL is generating vsync timestamps using the correct timebase.
11-20 13:55:19.214   574  2099 I ImeTracker: com.example.dogglers:5a05f17b: onRequestHide at ORIGIN_SERVER_HIDE_INPUT reason HIDE_UNSPECIFIED_WINDOW
11-20 13:55:19.214   574  2099 I ImeTracker: com.example.dogglers:5a05f17b: onCancelled at PHASE_SERVER_SHOULD_HIDE
11-20 13:55:19.217  1770  1770 I GoogleInputMethodService: GoogleInputMethodService.onFinishInput():3227
11-20 13:55:19.219  1770  1770 I GoogleInputMethodService: GoogleInputMethodService.updateDeviceLockedStatus():2087 repeatCheckTimes = 0, unlocked = true
11-20 13:55:19.220  1770  1770 I GoogleInputMethodService: GoogleInputMethodService.onStartInput():1877 onStartInput(EditorInfo{inputType=0x0(NULL) imeOptions=0x0 privateImeOptions=null actionName=UNSPECIFIED actionLabel=null actionId=0 initialSelStart=-1 initialSelEnd=-1 initialCapsMode=0x0 hintText=null label=null packageName=com.example.dogglers fieldId=0 fieldName=null extras=null}, false)
11-20 13:55:19.220  1770  1770 I GoogleInputMethodService: GoogleInputMethodService.shouldHideHeaderOnInitialState():4008 ShouldHideHeaderOnInitialState = false
11-20 13:55:19.222  1770  1770 I GoogleInputMethodService: GoogleInputMethodService.updateDeviceLockedStatus():2087 repeatCheckTimes = 2, unlocked = true
11-20 13:55:19.336  1277  1277 D AutofillManager: view is not autofillable - activity denied for autofill
11-20 13:55:19.445   989  1054 D EGL_emulation: app_time_stats: avg=320.26ms min=46.05ms max=1048.62ms count=4
11-20 13:55:19.500 12240 12240 D LifecycleMonitor: Lifecycle status change: androidx.test.core.app.InstrumentationActivityInvoker$BootstrapActivity@9a2b8c2 in: STOPPED
11-20 13:55:19.502 12240 12240 V ActivityScenario: Activity lifecycle changed event received but ignored because the intent does not match. startActivityIntent=Intent { act=android.intent.action.MAIN cat=[android.intent.category.LAUNCHER] cmp=com.example.dogglers/.VerticalListActivity }, activity.getIntent()=Intent { act=android.intent.action.MAIN cat=[android.intent.category.LAUNCHER] flg=0x10008000 cmp=com.example.dogglers/androidx.test.core.app.InstrumentationActivityInvoker$BootstrapActivity (has extras) }, activity=androidx.test.core.app.InstrumentationActivityInvoker$BootstrapActivity@9a2b8c2
11-20 13:55:19.504  1277  2425 D OneSearchSuggestProvider: Shut down the binder channel
11-20 13:55:19.506  1277  1299 I IPCThreadState: oneway function results for code 2 on binder at 0x76632bbefaf0 will be dropped but finished with status UNKNOWN_TRANSACTION
11-20 13:55:19.509 12240 12240 I ViewInteraction: Performing 'fast swipe' action on view view.getId() is <2131231206/com.example.dogglers:id/vertical_recycler_view>
11-20 13:55:19.510  1277  1322 I ImeTracker: com.google.android.apps.nexuslauncher:94b815f0: onRequestHide at ORIGIN_CLIENT_HIDE_SOFT_INPUT reason HIDE_SOFT_INPUT
11-20 13:55:19.511  1277  1322 I ImeTracker: com.google.android.apps.nexuslauncher:94b815f0: onFailed at PHASE_CLIENT_VIEW_SERVED
11-20 13:55:19.519  2640  3242 W SearchServiceCore: Abort, client detached.
11-20 13:55:19.520   989  1040 W WindowOnBackDispatcher: sendCancelIfRunning: isInProgress=falsecallback=android.view.ViewRootImpl$$ExternalSyntheticLambda17@a40e470
11-20 13:55:19.526  2640 12529 I PBSessionCacheImpl: Deleted sessionId[11612542089730661] from persistence.
11-20 13:55:19.527   574  2099 W InputManager-JNI: Input channel object '6b92c59 Splash Screen com.example.dogglers (client)' was disposed without first being removed with the input manager!
11-20 13:55:19.530   574   706 D InputDispatcher: Conflicting pointer actions: Down received while already down or hovering.
11-20 13:55:19.535 12240 12240 D AutofillManager: Fill dialog is enabled:false, hints=[password, passwordAuto, creditCardNumber, creditCardSecurityCode, creditCardExpirationDate]
11-20 13:55:19.536   574   706 I InputDispatcher: Dropping event because a pointer for device -1 is already down in display 0: MotionEvent(deviceId=-1, eventTime=3476161000000, source=0x00000002, displayId=0, action=MOVE, actionButton=0x00000000, flags=0x00000000, metaState=0x00000000, buttonState=0x00000000, classification=NONE, edgeFlags=0x00000000, xPrecision=1.0, yPrecision=1.0, xCursorPosition=nan, yCursorPosition=nan, pointers=[0: (539.5, 2007.4)]), policyFlags=0x6b000000
11-20 13:55:19.536   574   706 W InputDispatcher: Asynchronous input event injection failed.
11-20 13:55:19.536   574   706 I InputDispatcher: Dropping event because a pointer for device -1 is already down in display 0: MotionEvent(deviceId=-1, eventTime=3476176000000, source=0x00000002, displayId=0, action=MOVE, actionButton=0x00000000, flags=0x00000000, metaState=0x00000000, buttonState=0x00000000, classification=NONE, edgeFlags=0x00000000, xPrecision=1.0, yPrecision=1.0, xCursorPosition=nan, yCursorPosition=nan, pointers=[0: (539.5, 1849.9)]), policyFlags=0x6b000000
11-20 13:55:19.536   574   706 W InputDispatcher: Asynchronous input event injection failed.
11-20 13:55:19.551  1277  1277 D TaplEvents: TIS / TouchInteractionService.onInputEvent: MotionEvent { action=ACTION_CANCEL, actionButton=0, id[0]=0, x[0]=989.36035, y[0]=1305.5, toolType[0]=TOOL_TYPE_UNKNOWN, buttonState=0, classification=NONE, metaState=0, flags=0x20, edgeFlags=0x0, pointerCount=1, historySize=0, eventTime=3476169, downTime=3464489, deviceId=-1, source=0x1002, displayId=0, eventId=1163570899 }
11-20 13:55:19.551  1277  1277 D TaplEvents: TIS / TouchInteractionService.onInputEvent: MotionEvent { action=ACTION_DOWN, actionButton=0, id[0]=0, x[0]=539.5, y[0]=2164.8545, toolType[0]=TOOL_TYPE_UNKNOWN, buttonState=BUTTON_PRIMARY, classification=NONE, metaState=0, flags=0x0, edgeFlags=0x0, pointerCount=1, historySize=0, eventTime=3476146, downTime=3476146, deviceId=-1, source=0x1002, displayId=0, eventId=-318634641 }
11-20 13:55:19.557   574   706 I InputDispatcher: Dropping event because a pointer for device -1 is already down in display 0: MotionEvent(deviceId=-1, eventTime=3476191000000, source=0x00000002, displayId=0, action=MOVE, actionButton=0x00000000, flags=0x00000000, metaState=0x00000000, buttonState=0x00000000, classification=NONE, edgeFlags=0x00000000, xPrecision=1.0, yPrecision=1.0, xCursorPosition=nan, yCursorPosition=nan, pointers=[0: (539.5, 1692.4)]), policyFlags=0x6b000000
11-20 13:55:19.557   574   706 W InputDispatcher: Asynchronous input event injection failed.
11-20 13:55:19.581   574   706 I InputDispatcher: Dropping event because a pointer for device -1 is already down in display 0: MotionEvent(deviceId=-1, eventTime=3476206000000, source=0x00000002, displayId=0, action=MOVE, actionButton=0x00000000, flags=0x00000000, metaState=0x00000000, buttonState=0x00000000, classification=NONE, edgeFlags=0x00000000, xPrecision=1.0, yPrecision=1.0, xCursorPosition=nan, yCursorPosition=nan, pointers=[0: (539.5, 1534.9)]), policyFlags=0x6b000000
11-20 13:55:19.579   574   706 W InputDispatcher: Asynchronous input event injection failed.
11-20 13:55:19.580   574   706 I InputDispatcher: Dropping event because a pointer for device -1 is already down in display 0: MotionEvent(deviceId=-1, eventTime=3476221000000, source=0x00000002, displayId=0, action=MOVE, actionButton=0x00000000, flags=0x00000000, metaState=0x00000000, buttonState=0x00000000, classification=NONE, edgeFlags=0x00000000, xPrecision=1.0, yPrecision=1.0, xCursorPosition=nan, yCursorPosition=nan, pointers=[0: (539.5, 1377.4)]), policyFlags=0x6b000000
11-20 13:55:19.580   574   706 W InputDispatcher: Asynchronous input event injection failed.
11-20 13:55:19.623   574   706 I InputDispatcher: Dropping event because a pointer for device -1 is already down in display 0: MotionEvent(deviceId=-1, eventTime=3476236000000, source=0x00000002, displayId=0, action=MOVE, actionButton=0x00000000, flags=0x00000000, metaState=0x00000000, buttonState=0x00000000, classification=NONE, edgeFlags=0x00000000, xPrecision=1.0, yPrecision=1.0, xCursorPosition=nan, yCursorPosition=nan, pointers=[0: (539.5, 1219.9)]), policyFlags=0x6b000000
11-20 13:55:19.623   574   706 W InputDispatcher: Asynchronous input event injection failed.
11-20 13:55:19.623   574   706 I InputDispatcher: Dropping event because a pointer for device -1 is already down in display 0: MotionEvent(deviceId=-1, eventTime=3476251000000, source=0x00000002, displayId=0, action=MOVE, actionButton=0x00000000, flags=0x00000000, metaState=0x00000000, buttonState=0x00000000, classification=NONE, edgeFlags=0x00000000, xPrecision=1.0, yPrecision=1.0, xCursorPosition=nan, yCursorPosition=nan, pointers=[0: (539.5, 1062.4)]), policyFlags=0x6b000000
11-20 13:55:19.623   574   706 W InputDispatcher: Asynchronous input event injection failed.
11-20 13:55:19.634   574   706 I InputDispatcher: Dropping event because a pointer for device -1 is already down in display 0: MotionEvent(deviceId=-1, eventTime=3476266000000, source=0x00000002, displayId=0, action=MOVE, actionButton=0x00000000, flags=0x00000000, metaState=0x00000000, buttonState=0x00000000, classification=NONE, edgeFlags=0x00000000, xPrecision=1.0, yPrecision=1.0, xCursorPosition=nan, yCursorPosition=nan, pointers=[0: (539.5, 905.0)]), policyFlags=0x6b000000
11-20 13:55:19.634   574   706 W InputDispatcher: Asynchronous input event injection failed.
11-20 13:55:19.638   574   600 W Choreographer: Frame time is 1.427574 ms in the future!  Check that graphics HAL is generating vsync timestamps using the correct timebase.
11-20 13:55:19.651   574   706 I InputDispatcher: Dropping event because a pointer for device -1 is already down in display 0: MotionEvent(deviceId=-1, eventTime=3476281000000, source=0x00000002, displayId=0, action=MOVE, actionButton=0x00000000, flags=0x00000000, metaState=0x00000000, buttonState=0x00000000, classification=NONE, edgeFlags=0x00000000, xPrecision=1.0, yPrecision=1.0, xCursorPosition=nan, yCursorPosition=nan, pointers=[0: (539.5, 747.5)]), policyFlags=0x6b000000
11-20 13:55:19.651   574   706 W InputDispatcher: Asynchronous input event injection failed.
11-20 13:55:19.652   574   706 I InputDispatcher: Dropping event because a pointer for device -1 is already down in display 0: MotionEvent(deviceId=-1, eventTime=3476296000000, source=0x00000002, displayId=0, action=MOVE, actionButton=0x00000000, flags=0x00000000, metaState=0x00000000, buttonState=0x00000000, classification=NONE, edgeFlags=0x00000000, xPrecision=1.0, yPrecision=1.0, xCursorPosition=nan, yCursorPosition=nan, pointers=[0: (539.5, 590.0)]), policyFlags=0x6b000000
11-20 13:55:19.652   574   706 W InputDispatcher: Asynchronous input event injection failed.
11-20 13:55:19.655   574   600 W Choreographer: Frame time is 0.624198 ms in the future!  Check that graphics HAL is generating vsync timestamps using the correct timebase.
11-20 13:55:19.676   574   706 I InputDispatcher: Dropping event because a pointer for device -1 is already down in display 0: MotionEvent(deviceId=-1, eventTime=3476311000000, source=0x00000002, displayId=0, action=UP, actionButton=0x00000000, flags=0x00000000, metaState=0x00000000, buttonState=0x00000000, classification=NONE, edgeFlags=0x00000000, xPrecision=1.0, yPrecision=1.0, xCursorPosition=nan, yCursorPosition=nan, pointers=[0: (539.5, 275.0)]), policyFlags=0x6b000000
11-20 13:55:19.795 12240 12240 I ViewInteraction: Checking 'MatchesViewAssertion{viewMatcher=(view has effective visibility <VISIBLE> and view.getGlobalVisibleRect() to return non-empty rectangle)}' assertion on view an instance of android.widget.TextView and view.getText() with or without transformation to match: is "Faye"
11-20 13:55:19.795 12240 12240 E ViewAssertions: '(view has effective visibility <VISIBLE> and view.getGlobalVisibleRect() to return non-empty rectangle)' check could not be performed because view 'an instance of android.widget.TextView and view.getText() with or without transformation to match: is "Faye"' was not found.
11-20 13:55:19.821 12240 12240 D LifecycleMonitor: Lifecycle status change: com.example.dogglers.VerticalListActivity@bfe9328 in: PAUSED
11-20 13:55:19.822 12240 12240 V ActivityScenario: Update currentActivityStage to PAUSED, currentActivity=com.example.dogglers.VerticalListActivity@bfe9328
11-20 13:55:19.841 12240 12240 D LifecycleMonitor: Lifecycle status change: androidx.test.core.app.InstrumentationActivityInvoker$EmptyActivity@c452d6d in: PRE_ON_CREATE
11-20 13:55:19.842 12240 12240 V ActivityScenario: Activity lifecycle changed event received but ignored because the intent does not match. startActivityIntent=Intent { act=android.intent.action.MAIN cat=[android.intent.category.LAUNCHER] cmp=com.example.dogglers/.VerticalListActivity }, activity.getIntent()=Intent { act=android.intent.action.MAIN cat=[android.intent.category.LAUNCHER] flg=0x10000000 cmp=com.example.dogglers/androidx.test.core.app.InstrumentationActivityInvoker$EmptyActivity }, activity=androidx.test.core.app.InstrumentationActivityInvoker$EmptyActivity@c452d6d
11-20 13:55:19.842   430   430 I BpBinder: onLastStrongRef automatically unlinking death recipients:
11-20 13:55:19.854 12240 12240 D LifecycleMonitor: Lifecycle status change: androidx.test.core.app.InstrumentationActivityInvoker$EmptyActivity@c452d6d in: CREATED
11-20 13:55:19.855 12240 12240 V ActivityScenario: Activity lifecycle changed event received but ignored because the intent does not match. startActivityIntent=Intent { act=android.intent.action.MAIN cat=[android.intent.category.LAUNCHER] cmp=com.example.dogglers/.VerticalListActivity }, activity.getIntent()=Intent { act=android.intent.action.MAIN cat=[android.intent.category.LAUNCHER] flg=0x10000000 cmp=com.example.dogglers/androidx.test.core.app.InstrumentationActivityInvoker$EmptyActivity }, activity=androidx.test.core.app.InstrumentationActivityInvoker$EmptyActivity@c452d6d
11-20 13:55:19.858 12240 12240 D LifecycleMonitor: Lifecycle status change: androidx.test.core.app.InstrumentationActivityInvoker$EmptyActivity@c452d6d in: STARTED
11-20 13:55:19.860 12240 12240 V ActivityScenario: Activity lifecycle changed event received but ignored because the intent does not match. startActivityIntent=Intent { act=android.intent.action.MAIN cat=[android.intent.category.LAUNCHER] cmp=com.example.dogglers/.VerticalListActivity }, activity.getIntent()=Intent { act=android.intent.action.MAIN cat=[android.intent.category.LAUNCHER] flg=0x10000000 cmp=com.example.dogglers/androidx.test.core.app.InstrumentationActivityInvoker$EmptyActivity }, activity=androidx.test.core.app.InstrumentationActivityInvoker$EmptyActivity@c452d6d
11-20 13:55:19.864 12240 12240 D LifecycleMonitor: Lifecycle status change: androidx.test.core.app.InstrumentationActivityInvoker$EmptyActivity@c452d6d in: RESUMED
11-20 13:55:19.864 12240 12240 V ActivityScenario: Activity lifecycle changed event received but ignored because the intent does not match. startActivityIntent=Intent { act=android.intent.action.MAIN cat=[android.intent.category.LAUNCHER] cmp=com.example.dogglers/.VerticalListActivity }, activity.getIntent()=Intent { act=android.intent.action.MAIN cat=[android.intent.category.LAUNCHER] flg=0x10000000 cmp=com.example.dogglers/androidx.test.core.app.InstrumentationActivityInvoker$EmptyActivity }, activity=androidx.test.core.app.InstrumentationActivityInvoker$EmptyActivity@c452d6d
11-20 13:55:19.950   574   595 I ActivityTaskManager: Displayed com.example.dogglers/androidx.test.core.app.InstrumentationActivityInvoker$EmptyActivity for user 0: +140ms
11-20 13:55:19.972   989   989 W Choreographer: Frame time is 0.469509 ms in the future!  Check that graphics HAL is generating vsync timestamps using the correct timebase.
11-20 13:55:19.974 12240 12240 D LifecycleMonitor: Lifecycle status change: com.example.dogglers.VerticalListActivity@bfe9328 in: STOPPED
11-20 13:55:19.975 12240 12240 V ActivityScenario: Update currentActivityStage to STOPPED, currentActivity=com.example.dogglers.VerticalListActivity@bfe9328
11-20 13:55:19.979 12240 12240 D LifecycleMonitor: Lifecycle status change: com.example.dogglers.VerticalListActivity@bfe9328 in: DESTROYED
11-20 13:55:19.980 12240 12240 V ActivityScenario: Update currentActivityStage to DESTROYED, currentActivity=null
11-20 13:55:19.981 12240 12240 W WindowOnBackDispatcher: sendCancelIfRunning: isInProgress=falsecallback=android.view.ViewRootImpl$$ExternalSyntheticLambda17@353bc6e
11-20 13:55:19.987   574  2560 W InputManager-JNI: Input channel object 'e203b64 com.example.dogglers/com.example.dogglers.VerticalListActivity (client)' was disposed without first being removed with the input manager!
11-20 13:55:19.991   574  2099 I ImeTracker: com.example.dogglers:27721b4: onRequestHide at ORIGIN_SERVER_HIDE_INPUT reason HIDE_UNSPECIFIED_WINDOW
11-20 13:55:19.991   574  2099 I ImeTracker: com.example.dogglers:27721b4: onCancelled at PHASE_SERVER_SHOULD_HIDE
11-20 13:55:19.994   430   430 I BpBinder: onLastStrongRef automatically unlinking death recipients:
11-20 13:55:20.002 12240 12240 D LifecycleMonitor: Lifecycle status change: androidx.test.core.app.InstrumentationActivityInvoker$EmptyActivity@c452d6d in: PAUSED
11-20 13:55:20.003 12240 12240 V ActivityScenario: Activity lifecycle changed event received but ignored because the intent does not match. startActivityIntent=Intent { act=android.intent.action.MAIN cat=[android.intent.category.LAUNCHER] cmp=com.example.dogglers/.VerticalListActivity }, activity.getIntent()=Intent { act=android.intent.action.MAIN cat=[android.intent.category.LAUNCHER] flg=0x10000000 cmp=com.example.dogglers/androidx.test.core.app.InstrumentationActivityInvoker$EmptyActivity }, activity=androidx.test.core.app.InstrumentationActivityInvoker$EmptyActivity@c452d6d
11-20 13:55:20.006  1770  1770 I GoogleInputMethodService: GoogleInputMethodService.onFinishInput():3227
11-20 13:55:20.010  1770  1770 I GoogleInputMethodService: GoogleInputMethodService.updateDeviceLockedStatus():2087 repeatCheckTimes = 0, unlocked = true
11-20 13:55:20.010  1770  1770 I GoogleInputMethodService: GoogleInputMethodService.onStartInput():1877 onStartInput(EditorInfo{inputType=0x0(NULL) imeOptions=0x0 privateImeOptions=null actionName=UNSPECIFIED actionLabel=null actionId=0 initialSelStart=-1 initialSelEnd=-1 initialCapsMode=0x0 hintText=null label=null packageName=com.example.dogglers fieldId=0 fieldName=null extras=null}, false)
11-20 13:55:20.010  1770  1770 I GoogleInputMethodService: GoogleInputMethodService.shouldHideHeaderOnInitialState():4008 ShouldHideHeaderOnInitialState = false
11-20 13:55:20.010  1770  1770 I GoogleInputMethodService: GoogleInputMethodService.updateDeviceLockedStatus():2087 repeatCheckTimes = 2, unlocked = true
11-20 13:55:20.015   989  1054 D EGL_emulation: app_time_stats: avg=25.45ms min=1.56ms max=281.20ms count=23
11-20 13:55:20.016 12240 12240 D LifecycleMonitor: Lifecycle status change: androidx.test.core.app.InstrumentationActivityInvoker$BootstrapActivity@9a2b8c2 in: DESTROYED
11-20 13:55:20.016 12240 12240 V ActivityScenario: Activity lifecycle changed event received but ignored because the intent does not match. startActivityIntent=Intent { act=android.intent.action.MAIN cat=[android.intent.category.LAUNCHER] cmp=com.example.dogglers/.VerticalListActivity }, activity.getIntent()=Intent { act=android.intent.action.MAIN cat=[android.intent.category.LAUNCHER] flg=0x10008000 cmp=com.example.dogglers/androidx.test.core.app.InstrumentationActivityInvoker$BootstrapActivity (has extras) }, activity=androidx.test.core.app.InstrumentationActivityInvoker$BootstrapActivity@9a2b8c2
11-20 13:55:20.024 12240 12240 D LifecycleMonitor: Lifecycle status change: androidx.test.core.app.InstrumentationActivityInvoker$EmptyActivity@3cb73b4 in: PRE_ON_CREATE
11-20 13:55:20.025 12240 12240 V ActivityScenario: Activity lifecycle changed event received but ignored because the intent does not match. startActivityIntent=Intent { act=android.intent.action.MAIN cat=[android.intent.category.LAUNCHER] cmp=com.example.dogglers/.VerticalListActivity }, activity.getIntent()=Intent { act=android.intent.action.MAIN cat=[android.intent.category.LAUNCHER] flg=0x10000000 cmp=com.example.dogglers/androidx.test.core.app.InstrumentationActivityInvoker$EmptyActivity }, activity=androidx.test.core.app.InstrumentationActivityInvoker$EmptyActivity@3cb73b4
11-20 13:55:20.034 12240 12240 D LifecycleMonitor: Lifecycle status change: androidx.test.core.app.InstrumentationActivityInvoker$EmptyActivity@3cb73b4 in: CREATED
11-20 13:55:20.034 12240 12240 V ActivityScenario: Activity lifecycle changed event received but ignored because the intent does not match. startActivityIntent=Intent { act=android.intent.action.MAIN cat=[android.intent.category.LAUNCHER] cmp=com.example.dogglers/.VerticalListActivity }, activity.getIntent()=Intent { act=android.intent.action.MAIN cat=[android.intent.category.LAUNCHER] flg=0x10000000 cmp=com.example.dogglers/androidx.test.core.app.InstrumentationActivityInvoker$EmptyActivity }, activity=androidx.test.core.app.InstrumentationActivityInvoker$EmptyActivity@3cb73b4
11-20 13:55:20.037 12240 12240 D LifecycleMonitor: Lifecycle status change: androidx.test.core.app.InstrumentationActivityInvoker$EmptyActivity@3cb73b4 in: STARTED
11-20 13:55:20.038 12240 12240 V ActivityScenario: Activity lifecycle changed event received but ignored because the intent does not match. startActivityIntent=Intent { act=android.intent.action.MAIN cat=[android.intent.category.LAUNCHER] cmp=com.example.dogglers/.VerticalListActivity }, activity.getIntent()=Intent { act=android.intent.action.MAIN cat=[android.intent.category.LAUNCHER] flg=0x10000000 cmp=com.example.dogglers/androidx.test.core.app.InstrumentationActivityInvoker$EmptyActivity }, activity=androidx.test.core.app.InstrumentationActivityInvoker$EmptyActivity@3cb73b4
11-20 13:55:20.042 12240 12240 D LifecycleMonitor: Lifecycle status change: androidx.test.core.app.InstrumentationActivityInvoker$EmptyActivity@3cb73b4 in: RESUMED
11-20 13:55:20.042 12240 12240 V ActivityScenario: Activity lifecycle changed event received but ignored because the intent does not match. startActivityIntent=Intent { act=android.intent.action.MAIN cat=[android.intent.category.LAUNCHER] cmp=com.example.dogglers/.VerticalListActivity }, activity.getIntent()=Intent { act=android.intent.action.MAIN cat=[android.intent.category.LAUNCHER] flg=0x10000000 cmp=com.example.dogglers/androidx.test.core.app.InstrumentationActivityInvoker$EmptyActivity }, activity=androidx.test.core.app.InstrumentationActivityInvoker$EmptyActivity@3cb73b4
11-20 13:55:20.116   574   595 I ActivityTaskManager: Displayed com.example.dogglers/androidx.test.core.app.InstrumentationActivityInvoker$EmptyActivity for user 0: +147ms
11-20 13:55:20.149 12240 12240 D LifecycleMonitor: Lifecycle status change: androidx.test.core.app.InstrumentationActivityInvoker$EmptyActivity@c452d6d in: STOPPED
11-20 13:55:20.158 12240 12240 V ActivityScenario: Activity lifecycle changed event received but ignored because the intent does not match. startActivityIntent=Intent { act=android.intent.action.MAIN cat=[android.intent.category.LAUNCHER] cmp=com.example.dogglers/.VerticalListActivity }, activity.getIntent()=Intent { act=android.intent.action.MAIN cat=[android.intent.category.LAUNCHER] flg=0x10000000 cmp=com.example.dogglers/androidx.test.core.app.InstrumentationActivityInvoker$EmptyActivity }, activity=androidx.test.core.app.InstrumentationActivityInvoker$EmptyActivity@c452d6d
11-20 13:55:20.177   574  1627 I ImeTracker: com.example.dogglers:a574cb88: onRequestHide at ORIGIN_SERVER_HIDE_INPUT reason HIDE_UNSPECIFIED_WINDOW
11-20 13:55:20.178   574  1627 I ImeTracker: com.example.dogglers:a574cb88: onCancelled at PHASE_SERVER_SHOULD_HIDE
11-20 13:55:20.184  1770  1770 I GoogleInputMethodService: GoogleInputMethodService.onFinishInput():3227
11-20 13:55:20.186  1770  1770 I GoogleInputMethodService: GoogleInputMethodService.updateDeviceLockedStatus():2087 repeatCheckTimes = 0, unlocked = true
11-20 13:55:20.186  1770  1770 I GoogleInputMethodService: GoogleInputMethodService.onStartInput():1877 onStartInput(EditorInfo{inputType=0x0(NULL) imeOptions=0x0 privateImeOptions=null actionName=UNSPECIFIED actionLabel=null actionId=0 initialSelStart=-1 initialSelEnd=-1 initialCapsMode=0x0 hintText=null label=null packageName=com.example.dogglers fieldId=0 fieldName=null extras=null}, false)
11-20 13:55:20.186  1770  1770 I GoogleInputMethodService: GoogleInputMethodService.shouldHideHeaderOnInitialState():4008 ShouldHideHeaderOnInitialState = false
11-20 13:55:20.188  1770  1770 I GoogleInputMethodService: GoogleInputMethodService.updateDeviceLockedStatus():2087 repeatCheckTimes = 2, unlocked = true
11-20 13:55:20.192 12240 12240 D LifecycleMonitor: Lifecycle status change: androidx.test.core.app.InstrumentationActivityInvoker$EmptyActivity@c452d6d in: DESTROYED
11-20 13:55:20.192 12240 12240 V ActivityScenario: Activity lifecycle changed event received but ignored because the intent does not match. startActivityIntent=Intent { act=android.intent.action.MAIN cat=[android.intent.category.LAUNCHER] cmp=com.example.dogglers/.VerticalListActivity }, activity.getIntent()=Intent { act=android.intent.action.MAIN cat=[android.intent.category.LAUNCHER] flg=0x10000000 cmp=com.example.dogglers/androidx.test.core.app.InstrumentationActivityInvoker$EmptyActivity }, activity=androidx.test.core.app.InstrumentationActivityInvoker$EmptyActivity@c452d6d
11-20 13:55:20.194 12240 12240 W WindowOnBackDispatcher: sendCancelIfRunning: isInProgress=falsecallback=android.view.ViewRootImpl$$ExternalSyntheticLambda17@f7a11ee
11-20 13:55:20.192   430   430 I BpBinder: onLastStrongRef automatically unlinking death recipients:
11-20 13:55:20.198   574  2560 W InputManager-JNI: Input channel object 'c096b3a com.example.dogglers/androidx.test.core.app.InstrumentationActivityInvoker$EmptyActivity (client)' was disposed without first being removed with the input manager!
11-20 13:55:20.205 12240 12240 D LifecycleMonitor: Lifecycle status change: androidx.test.core.app.InstrumentationActivityInvoker$EmptyActivity@3cb73b4 in: PAUSED
11-20 13:55:20.208 12240 12240 V ActivityScenario: Activity lifecycle changed event received but ignored because the intent does not match. startActivityIntent=Intent { act=android.intent.action.MAIN cat=[android.intent.category.LAUNCHER] cmp=com.example.dogglers/.VerticalListActivity }, activity.getIntent()=Intent { act=android.intent.action.MAIN cat=[android.intent.category.LAUNCHER] flg=0x10000000 cmp=com.example.dogglers/androidx.test.core.app.InstrumentationActivityInvoker$EmptyActivity }, activity=androidx.test.core.app.InstrumentationActivityInvoker$EmptyActivity@3cb73b4
11-20 13:55:20.226  1277  1277 D AutofillManager: view is not autofillable - activity denied for autofill
11-20 13:55:20.227   574  1929 W AppSearchIcing: icing-search-engine.cc:283: Error: 5, Message: Document (com.google.android.googlequicksearchbox$OneSearchZeroStateGoogleSuggestions/default, zp) not found.
11-20 13:55:20.231  1277  2425 D OneSearchSuggestProvider: Created the binder channel successfully for end point service =com.google.android.apps.search.googleapp.search.suggest.plugins.onesearch.server.OneSearchSuggestService , mChannel=z1{delegate=s1{logId=213, target=directaddress:///AndroidComponentAddress%5BIntent%20%7B%20act=grpc.io.action.BIND%20cmp=com.google.android.googlequicksearchbox/com.google.android.apps.search.googleapp.search.suggest.plugins.onesearch.server.OneSearchSuggestService%20%7D%5D}} , mOneSearchConnection=X1.T@9dbeed9
11-20 13:55:20.239 12240 12263 E TestRunner: failed: vertical_scrolling(com.example.dogglers.VerticalListTests)
11-20 13:55:20.239 12240 12263 E TestRunner: ----- begin exception -----
11-20 13:55:20.257  2640  2640 I A       : Created gRPC endpoint to "search" for service class com.google.android.apps.search.googleapp.search.suggest.plugins.onesearch.server.OneSearchSuggestService
11-20 13:55:20.274 12240 12263 E TestRunner: androidx.test.espresso.NoMatchingViewException: No views in hierarchy found matching: an instance of android.widget.TextView and view.getText() with or without transformation to match: is "Faye"
11-20 13:55:20.274 12240 12263 E TestRunner:
11-20 13:55:20.274 12240 12263 E TestRunner: View Hierarchy:
11-20 13:55:20.274 12240 12263 E TestRunner: +>DecorView{id=-1, visibility=VISIBLE, width=1080, height=2400, has-focus=false, has-focusable=true, has-window-focus=true, is-clickable=false, is-enabled=true, is-focused=false, is-focusable=false, is-layout-requested=false, is-selected=false, layout-params={(0,0)(fillxfill) ty=BASE_APPLICATION wanim=0x10302fe
11-20 13:55:20.274 12240 12263 E TestRunner:   fl=LAYOUT_IN_SCREEN LAYOUT_INSET_DECOR SPLIT_TOUCH HARDWARE_ACCELERATED DRAWS_SYSTEM_BAR_BACKGROUNDS
11-20 13:55:20.274 12240 12263 E TestRunner:   pfl=NO_MOVE_ANIMATION FORCE_DRAW_STATUS_BAR_BACKGROUND FIT_INSETS_CONTROLLED
11-20 13:55:20.274 12240 12263 E TestRunner:   bhv=DEFAULT
11-20 13:55:20.274 12240 12263 E TestRunner:   fitSides=}, tag=null, root-is-layout-requested=false, has-input-connection=false, x=0.0, y=0.0, child-count=3}
11-20 13:55:20.274 12240 12263 E TestRunner: |
11-20 13:55:20.274 12240 12263 E TestRunner: +->LinearLayout{id=-1, visibility=VISIBLE, width=1080, height=2337, has-focus=false, has-focusable=true, has-window-focus=true, is-clickable=false, is-enabled=true, is-focused=false, is-focusable=false, is-layout-requested=false, is-selected=false, layout-params=android.widget.FrameLayout$LayoutParams@4ecafd7, tag=null, root-is-layout-requested=false, has-input-connection=false, x=0.0, y=0.0, child-count=2}
11-20 13:55:20.274 12240 12263 E TestRunner: |
11-20 13:55:20.274 12240 12263 E TestRunner: +-->ViewStub{id=16908746, res-name=action_mode_bar_stub, visibility=GONE, width=0, height=0, has-focus=false, has-focusable=false, has-window-focus=true, is-clickable=false, is-enabled=true, is-focused=false, is-focusable=false, is-layout-requested=true, is-selected=false, layout-params=android.widget.LinearLayout$LayoutParams@da490c4, tag=null, root-is-layout-requested=false, has-input-connection=false, x=0.0, y=0.0}
11-20 13:55:20.274 12240 12263 E TestRunner: |
11-20 13:55:20.274 12240 12263 E TestRunner: +-->FrameLayout{id=-1, visibility=VISIBLE, width=1080, height=2209, has-focus=false, has-focusable=true, has-window-focus=true, is-clickable=false, is-enabled=true, is-focused=false, is-focusable=false, is-layout-requested=false, is-selected=false, layout-params=android.widget.LinearLayout$LayoutParams@f795ee2, tag=null, root-is-layout-requested=false, has-input-connection=false, x=0.0, y=128.0, child-count=1}
11-20 13:55:20.274 12240 12263 E TestRunner: |
11-20 13:55:20.274 12240 12263 E TestRunner: +--->ActionBarOverlayLayout{id=2131230866, res-name=decor_content_parent, visibility=VISIBLE, width=1080, height=2209, has-focus=false, has-focusable=true, has-window-focus=true, is-clickable=false, is-enabled=true, is-focused=false, is-focusable=false, is-layout-requested=false, is-selected=false, layout-params=android.widget.FrameLayout$LayoutParams@ddc35a9, tag=null, root-is-layout-requested=false, has-input-connection=false, x=0.0, y=0.0, child-count=2}
11-20 13:55:20.274 12240 12263 E TestRunner: |
11-20 13:55:20.274 12240 12263 E TestRunner: +---->ContentFrameLayout{id=16908290, res-name=content, visibility=VISIBLE, width=1080, height=2062, has-focus=false, has-focusable=true, has-window-focus=true, is-clickable=false, is-enabled=true, is-focused=false, is-focusable=false, is-layout-requested=false, is-selected=false, layout-params=androidx.appcompat.widget.ActionBarOverlayLayout$LayoutParams@267c2cf, tag=null, root-is-layout-requested=false, has-input-connection=false, x=0.0, y=147.0, child-count=1}
11-20 13:55:20.274 12240 12263 E TestRunner: |
11-20 13:55:20.274 12240 12263 E TestRunner: +----->FrameLayout{id=-1, visibility=VISIBLE, width=1080, height=2062, has-focus=false, has-focusable=true, has-window-focus=true, is-clickable=false, is-enabled=true, is-focused=false, is-focusable=false, is-layout-requested=false, is-selected=false, layout-params=android.widget.FrameLayout$LayoutParams@998365, tag=null, root-is-layout-requested=false, has-input-connection=false, x=0.0, y=0.0, child-count=1}
11-20 13:55:20.274 12240 12263 E TestRunner: |
11-20 13:55:20.274 12240 12263 E TestRunner: +------>RecyclerView{id=2131231206, res-name=vertical_recycler_view, visibility=VISIBLE, width=1080, height=2062, has-focus=false, has-focusable=true, has-window-focus=true, is-clickable=false, is-enabled=true, is-focused=false, is-focusable=true, is-layout-requested=false, is-selected=false, layout-params=android.widget.FrameLayout$LayoutParams@323f0e1, tag=null, root-is-layout-requested=false, has-input-connection=false, x=0.0, y=0.0, child-count=3}
11-20 13:55:20.274 12240 12263 E TestRunner: |
11-20 13:55:20.277  1894  2003 I AiAiEcho: Predicting[0]:
11-20 13:55:20.278  1894  2003 I AiAiEcho: EchoTargets:
11-20 13:55:20.278  1894  2003 I AiAiEcho: Filtered by AiAi flag check:
11-20 13:55:20.278  1894  2003 I AiAiEcho: Ranked targets strategy: SORT, count: 0, ranking metadata:
11-20 13:55:20.279  1894  2003 I AiAiEcho: #postPredictionTargets: Sending updates to UISurface home with targets# 0 (types=[])
11-20 13:55:20.284 12240 12263 E TestRunner: +------->MaterialCardView{id=-1, visibility=VISIBLE, width=1038, height=694, has-focus=false, has-focusable=false, has-window-focus=true, is-clickable=false, is-enabled=true, is-focused=false, is-focusable=false, is-layout-requested=false, is-selected=false, layout-params=androidx.recyclerview.widget.RecyclerView$LayoutParams@ce33cc7, tag=null, root-is-layout-requested=false, has-input-connection=false, x=21.0, y=21.0, is-checked=false, child-count=1}
11-20 13:55:20.284 12240 12263 E TestRunner: |
11-20 13:55:20.284 12240 12263 E TestRunner: +-------->ConstraintLayout{id=-1, visibility=VISIBLE, width=1038, height=694, has-focus=false, has-focusable=false, has-window-focus=true, is-clickable=false, is-enabled=true, is-focused=false, is-focusable=false, is-layout-requested=false, is-selected=false, layout-params=android.widget.FrameLayout$LayoutParams@f0f0a60, tag=null, root-is-layout-requested=false, has-input-connection=false, x=0.0, y=0.0, child-count=4}
11-20 13:55:20.284 12240 12263 E TestRunner: |
11-20 13:55:20.284 12240 12263 E TestRunner: +--------->AppCompatImageView{id=2131230952, res-name=imageView, visibility=VISIBLE, width=1038, height=509, has-focus=false, has-focusable=false, has-window-focus=true, is-clickable=false, is-enabled=true, is-focused=false, is-focusable=false, is-layout-requested=false, is-selected=false, layout-params=androidx.constraintlayout.widget.ConstraintLayout$LayoutParams@4d0db19, tag=null, root-is-layout-requested=false, has-input-connection=false, x=0.0, y=0.0}
11-20 13:55:20.284 12240 12263 E TestRunner: |
11-20 13:55:20.284 12240 12263 E TestRunner: +--------->MaterialTextView{id=2131231173, res-name=textViewName, visibility=VISIBLE, width=164, height=71, has-focus=false, has-focusable=false, has-window-focus=true, is-clickable=false, is-enabled=true, is-focused=false, is-focusable=false, is-layout-requested=false, is-selected=false, layout-params=androidx.constraintlayout.widget.ConstraintLayout$LayoutParams@e0517de, tag=null, root-is-layout-requested=false, has-input-connection=false, x=21.0, y=509.0, text=Tzeitel, input-type=0, ime-target=false, has-links=false}
11-20 13:55:20.284 12240 12263 E TestRunner: |
11-20 13:55:20.284 12240 12263 E TestRunner: +--------->MaterialTextView{id=2131231171, res-name=textViewAge, visibility=VISIBLE, width=26, height=57, has-focus=false, has-focusable=false, has-window-focus=true, is-clickable=false, is-enabled=true, is-focused=false, is-focusable=false, is-layout-requested=false, is-selected=false, layout-params=androidx.constraintlayout.widget.ConstraintLayout$LayoutParams@924fdbf, tag=null, root-is-layout-requested=false, has-input-connection=false, x=21.0, y=580.0, text=7, input-type=0, ime-target=false, has-links=false}
11-20 13:55:20.284 12240 12263 E TestRunner: |
11-20 13:55:20.284 12240 12263 E TestRunner: +--------->MaterialTextView{id=2131231172, res-name=textViewHobby, visibility=VISIBLE, width=410, height=57, has-focus=false, has-focusable=false, has-window-focus=true, is-clickable=false, is-enabled=true, is-focused=false, is-focusable=false, is-layout-requested=false, is-selected=false, layout-params=androidx.constraintlayout.widget.ConstraintLayout$LayoutParams@aca6c8c, tag=null, root-is-layout-requested=false, has-input-connection=false, x=607.0, y=637.0, text=Hobbies: sunbathing, input-type=0, ime-target=false, has-links=false}
11-20 13:55:20.284 12240 12263 E TestRunner: |
11-20 13:55:20.284 12240 12263 E TestRunner: +------->MaterialCardView{id=-1, visibility=VISIBLE, width=1038, height=694, has-focus=false, has-focusable=false, has-window-focus=true, is-clickable=false, is-enabled=true, is-focused=false, is-focusable=false, is-layout-requested=false, is-selected=false, layout-params=androidx.recyclerview.widget.RecyclerView$LayoutParams@ec6d3ea, tag=null, root-is-layout-requested=false, has-input-connection=false, x=21.0, y=757.0, is-checked=false, child-count=1}
11-20 13:55:20.284 12240 12263 E TestRunner: |
11-20 13:55:20.284 12240 12263 E TestRunner: +-------->ConstraintLayout{id=-1, visibility=VISIBLE, width=1038, height=694, has-focus=false, has-focusable=false, has-window-focus=true, is-clickable=false, is-enabled=true, is-focused=false, is-focusable=false, is-layout-requested=false, is-selected=false, layout-params=android.widget.FrameLayout$LayoutParams@2cee5b7, tag=null, root-is-layout-requested=false, has-input-connection=false, x=0.0, y=0.0, child-count=4}
11-20 13:55:20.284 12240 12263 E TestRunner: |
11-20 13:55:20.285 12240 12263 E TestRunner: +--------->AppCompatImageView{id=2131230952, res-name=imageView, visibility=VISIBLE, width=1038, height=509, has-focus=false, has-focusable=false, has-window-focus=true, is-clickable=false, is-enabled=true, is-focused=false, is-focusable=false, is-layout-requested=false, is-selected=false, layout-params=androidx.constraintlayout.widget.ConstraintLayout$LayoutParams@e9fc124, tag=null, root-is-layout-requested=false, has-input-connection=false, x=0.0, y=0.0}
11-20 13:55:20.285 12240 12263 E TestRunner: |
11-20 13:55:20.285 12240 12263 E TestRunner: +--------->MaterialTextView{id=2131231173, res-name=textViewName, visibility=VISIBLE, width=135, height=71, has-focus=false, has-focusable=false, has-window-focus=true, is-clickable=false, is-enabled=true, is-focused=false, is-focusable=false, is-layout-requested=false, is-selected=false, layout-params=androidx.constraintlayout.widget.ConstraintLayout$LayoutParams@cb6648d, tag=null, root-is-layout-requested=false, has-input-connection=false, x=21.0, y=509.0, text=Leroy, input-type=0, ime-target=false, has-links=false}
11-20 13:55:20.285 12240 12263 E TestRunner: |
11-20 13:55:20.285 12240 12263 E TestRunner: +--------->MaterialTextView{id=2131231171, res-name=textViewAge, visibility=VISIBLE, width=26, height=57, has-focus=false, has-focusable=false, has-window-focus=true, is-clickable=false, is-enabled=true, is-focused=false, is-focusable=false, is-layout-requested=false, is-selected=false, layout-params=androidx.constraintlayout.widget.ConstraintLayout$LayoutParams@e59f642, tag=null, root-is-layout-requested=false, has-input-connection=false, x=21.0, y=580.0, text=4, input-type=0, ime-target=false, has-links=false}
11-20 13:55:20.285 12240 12263 E TestRunner: |
11-20 13:55:20.285 12240 12263 E TestRunner: +--------->MaterialTextView{id=2131231172, res-name=textViewHobby, visibility=VISIBLE, width=767, height=57, has-focus=false, has-focusable=false, has-window-focus=true, is-clickable=false, is-enabled=true, is-focused=false, is-focusable=false, is-layout-requested=false, is-selected=false, layout-params=androidx.constraintlayout.widget.ConstraintLayout$LayoutParams@e622653, tag=null, root-is-layout-requested=false, has-input-connection=false, x=250.0, y=637.0, text=Hobbies: sleeping in dangerous places, input-type=0, ime-target=false, has-links=false}
11-20 13:55:20.285 12240 12263 E TestRunner: |
11-20 13:55:20.285 12240 12263 E TestRunner: +------->MaterialCardView{id=-1, visibility=VISIBLE, width=1038, height=694, has-focus=false, has-focusable=false, has-window-focus=true, is-clickable=false, is-enabled=true, is-focused=false, is-focusable=false, is-layout-requested=false, is-selected=false, layout-params=androidx.recyclerview.widget.RecyclerView$LayoutParams@bb1bc89, tag=null, root-is-layout-requested=false, has-input-connection=false, x=21.0, y=1493.0, is-checked=false, child-count=1}
11-20 13:55:20.285 12240 12263 E TestRunner: |
11-20 13:55:20.285 12240 12263 E TestRunner: +-------->ConstraintLayout{id=-1, visibility=VISIBLE, width=1038, height=694, has-focus=false, has-focusable=false, has-window-focus=true, is-clickable=false, is-enabled=true, is-focused=false, is-focusable=false, is-layout-requested=false, is-selected=false, layout-params=android.widget.FrameLayout$LayoutParams@9340b9a, tag=null, root-is-layout-requested=false, has-input-connection=false, x=0.0, y=0.0, child-count=4}
11-20 13:55:20.285 12240 12263 E TestRunner: |
11-20 13:55:20.285 12240 12263 E TestRunner: +--------->AppCompatImageView{id=2131230952, res-name=imageView, visibility=VISIBLE, width=1038, height=509, has-focus=false, has-focusable=false, has-window-focus=true, is-clickable=false, is-enabled=true, is-focused=false, is-focusable=false, is-layout-requested=false, is-selected=false, layout-params=androidx.constraintlayout.widget.ConstraintLayout$LayoutParams@9ce0ccb, tag=null, root-is-layout-requested=false, has-input-connection=false, x=0.0, y=0.0}
11-20 13:55:20.285 12240 12263 E TestRunner: |
11-20 13:55:20.285 12240 12263 E TestRunner: +--------->MaterialTextView{id=2131231173, res-name=textViewName, visibility=VISIBLE, width=181, height=71, has-focus=false, has-focusable=false, has-window-focus=true, is-clickable=false, is-enabled=true, is-focused=false, is-focusable=false, is-layout-requested=false, is-selected=false, layout-params=androidx.constraintlayout.widget.ConstraintLayout$LayoutParams@4a37ca8, tag=null, root-is-layout-requested=false, has-input-connection=false, x=21.0, y=509.0, text=Frankie, input-type=0, ime-target=false, has-links=false}
11-20 13:55:20.285 12240 12263 E TestRunner: |
