11-20 13:55:09.336 12240 12263 I TestRunner: started: horizontal_scroll_content_at_last_position(com.example.dogglers.HorizontalListTests)
11-20 13:55:09.362 12240 12263 W Settings: Setting always_finish_activities has moved from android.provider.Settings.System to android.provider.Settings.Global, returning read-only value.
11-20 13:55:09.405   989  1041 D SplashScreenView: Build android.window.SplashScreenView{3eff3a3 V.E...... ......ID 0,0-0,0}
11-20 13:55:09.405   989  1041 D SplashScreenView: Icon: view: null drawable: null size: 0
11-20 13:55:09.405   989  1041 D SplashScreenView: Branding: view: android.view.View{c7896a0 G.ED..... ......I. 0,0-0,0 #10204ef android:id/splashscreen_branding_view} drawable: null size w: 0 h: 0
11-20 13:55:09.498 12240 12240 D LifecycleMonitor: Lifecycle status change: androidx.test.core.app.InstrumentationActivityInvoker$BootstrapActivity@5ea8c29 in: PRE_ON_CREATE
11-20 13:55:09.498 12240 12240 V ActivityScenario: Activity lifecycle changed event received but ignored because the intent does not match. startActivityIntent=Intent { act=android.intent.action.MAIN cat=[android.intent.category.LAUNCHER] cmp=com.example.dogglers/.HorizontalListActivity }, activity.getIntent()=Intent { act=android.intent.action.MAIN cat=[android.intent.category.LAUNCHER] flg=0x10008000 cmp=com.example.dogglers/androidx.test.core.app.InstrumentationActivityInvoker$BootstrapActivity (has extras) }, activity=androidx.test.core.app.InstrumentationActivityInvoker$BootstrapActivity@5ea8c29
11-20 13:55:09.508   430   430 I BpBinder: onLastStrongRef automatically unlinking death recipients:
11-20 13:55:09.510 12240 12240 D LifecycleMonitor: Lifecycle status change: androidx.test.core.app.InstrumentationActivityInvoker$BootstrapActivity@5ea8c29 in: CREATED
11-20 13:55:09.512 12240 12240 V ActivityScenario: Activity lifecycle changed event received but ignored because the intent does not match. startActivityIntent=Intent { act=android.intent.action.MAIN cat=[android.intent.category.LAUNCHER] cmp=com.example.dogglers/.HorizontalListActivity }, activity.getIntent()=Intent { act=android.intent.action.MAIN cat=[android.intent.category.LAUNCHER] flg=0x10008000 cmp=com.example.dogglers/androidx.test.core.app.InstrumentationActivityInvoker$BootstrapActivity (has extras) }, activity=androidx.test.core.app.InstrumentationActivityInvoker$BootstrapActivity@5ea8c29
11-20 13:55:09.516 12240 12240 D LifecycleMonitor: Lifecycle status change: androidx.test.core.app.InstrumentationActivityInvoker$BootstrapActivity@5ea8c29 in: STARTED
11-20 13:55:09.516 12240 12240 V ActivityScenario: Activity lifecycle changed event received but ignored because the intent does not match. startActivityIntent=Intent { act=android.intent.action.MAIN cat=[android.intent.category.LAUNCHER] cmp=com.example.dogglers/.HorizontalListActivity }, activity.getIntent()=Intent { act=android.intent.action.MAIN cat=[android.intent.category.LAUNCHER] flg=0x10008000 cmp=com.example.dogglers/androidx.test.core.app.InstrumentationActivityInvoker$BootstrapActivity (has extras) }, activity=androidx.test.core.app.InstrumentationActivityInvoker$BootstrapActivity@5ea8c29
11-20 13:55:09.527 12240 12240 D LifecycleMonitor: Lifecycle status change: androidx.test.core.app.InstrumentationActivityInvoker$BootstrapActivity@5ea8c29 in: RESUMED
11-20 13:55:09.530 12240 12240 V ActivityScenario: Activity lifecycle changed event received but ignored because the intent does not match. startActivityIntent=Intent { act=android.intent.action.MAIN cat=[android.intent.category.LAUNCHER] cmp=com.example.dogglers/.HorizontalListActivity }, activity.getIntent()=Intent { act=android.intent.action.MAIN cat=[android.intent.category.LAUNCHER] flg=0x10008000 cmp=com.example.dogglers/androidx.test.core.app.InstrumentationActivityInvoker$BootstrapActivity (has extras) }, activity=androidx.test.core.app.InstrumentationActivityInvoker$BootstrapActivity@5ea8c29
11-20 13:55:09.536 12240 12240 D LifecycleMonitor: Lifecycle status change: androidx.test.core.app.InstrumentationActivityInvoker$BootstrapActivity@5ea8c29 in: PAUSED
11-20 13:55:09.539 12240 12240 V ActivityScenario: Activity lifecycle changed event received but ignored because the intent does not match. startActivityIntent=Intent { act=android.intent.action.MAIN cat=[android.intent.category.LAUNCHER] cmp=com.example.dogglers/.HorizontalListActivity }, activity.getIntent()=Intent { act=android.intent.action.MAIN cat=[android.intent.category.LAUNCHER] flg=0x10008000 cmp=com.example.dogglers/androidx.test.core.app.InstrumentationActivityInvoker$BootstrapActivity (has extras) }, activity=androidx.test.core.app.InstrumentationActivityInvoker$BootstrapActivity@5ea8c29
11-20 13:55:09.603 12240 12240 D LifecycleMonitor: Lifecycle status change: com.example.dogglers.HorizontalListActivity@6528747 in: PRE_ON_CREATE
11-20 13:55:09.603 12240 12240 V ActivityScenario: Activity lifecycle changed event received but ignored because the reported transition was not ON_CREATE while the last known transition was PRE_ON_CREATE
11-20 13:55:09.700 12240 12240 D LifecycleMonitor: Lifecycle status change: com.example.dogglers.HorizontalListActivity@6528747 in: CREATED
11-20 13:55:09.700 12240 12240 V ActivityScenario: Update currentActivityStage to CREATED, currentActivity=com.example.dogglers.HorizontalListActivity@6528747
11-20 13:55:09.703 12240 12240 D LifecycleMonitor: Lifecycle status change: com.example.dogglers.HorizontalListActivity@6528747 in: STARTED
11-20 13:55:09.704 12240 12240 V ActivityScenario: Update currentActivityStage to STARTED, currentActivity=com.example.dogglers.HorizontalListActivity@6528747
11-20 13:55:09.706   989   989 W Choreographer: Frame time is 0.007866 ms in the future!  Check that graphics HAL is generating vsync timestamps using the correct timebase.
11-20 13:55:09.707 12240 12240 D LifecycleMonitor: Lifecycle status change: com.example.dogglers.HorizontalListActivity@6528747 in: RESUMED
11-20 13:55:09.708 12240 12240 V ActivityScenario: Update currentActivityStage to RESUMED, currentActivity=com.example.dogglers.HorizontalListActivity@6528747
11-20 13:55:09.947   574   595 W ziparchive: Unable to open '/data/app/~~g9pGXw6zzmInD44PnXlZug==/com.example.dogglers-fFkVg-hwOoV9dkaT6QJ7gg==/base.dm': No such file or directory
11-20 13:55:09.951   574   595 I ActivityTaskManager: Displayed com.example.dogglers/.HorizontalListActivity for user 0: +569ms
11-20 13:55:09.955   989  1040 W Choreographer: Frame time is 0.785025 ms in the future!  Check that graphics HAL is generating vsync timestamps using the correct timebase.
11-20 13:55:09.960 12240 12240 D RootViewPicker: Root not ready - waiting: 10ms for one to appear.
11-20 13:55:09.971  1277  1277 D AutofillManager: view is not autofillable - activity denied for autofill
11-20 13:55:10.055   574  2533 I ImeTracker: com.example.dogglers:443ce6b1: onRequestHide at ORIGIN_SERVER_HIDE_INPUT reason HIDE_UNSPECIFIED_WINDOW
11-20 13:55:10.055   574  2533 I ImeTracker: com.example.dogglers:443ce6b1: onCancelled at PHASE_SERVER_SHOULD_HIDE
11-20 13:55:10.076  1770  1770 I GoogleInputMethodService: GoogleInputMethodService.onFinishInput():3227
11-20 13:55:10.078  1770  1770 I GoogleInputMethodService: GoogleInputMethodService.updateDeviceLockedStatus():2087 repeatCheckTimes = 0, unlocked = true
11-20 13:55:10.078  1770  1770 I GoogleInputMethodService: GoogleInputMethodService.onStartInput():1877 onStartInput(EditorInfo{inputType=0x0(NULL) imeOptions=0x0 privateImeOptions=null actionName=UNSPECIFIED actionLabel=null actionId=0 initialSelStart=-1 initialSelEnd=-1 initialCapsMode=0x0 hintText=null label=null packageName=com.example.dogglers fieldId=0 fieldName=null extras=null}, false)
11-20 13:55:10.078  1770  1770 I GoogleInputMethodService: GoogleInputMethodService.shouldHideHeaderOnInitialState():4008 ShouldHideHeaderOnInitialState = false
11-20 13:55:10.079  1770  1770 I GoogleInputMethodService: GoogleInputMethodService.updateDeviceLockedStatus():2087 repeatCheckTimes = 2, unlocked = true
11-20 13:55:10.124  1770  1784 I putmethod.latin: Background young concurrent copying GC freed 114190(5440KB) AllocSpace objects, 21(1176KB) LOS objects, 35% free, 11MB/18MB, paused 1.042ms,17us total 1.216s
11-20 13:55:10.124  1770  1784 W putmethod.latin: Reducing the number of considered missed Gc histogram windows from 331 to 100
11-20 13:55:10.207   989  1054 D EGL_emulation: app_time_stats: avg=18.24ms min=1.45ms max=121.60ms count=28
11-20 13:55:10.224 12240 12240 I ViewInteraction: Performing 'scroll RecyclerView to position: 5' action on view view.getId() is <2131230945/com.example.dogglers:id/horizontal_recycler_view>
11-20 13:55:10.271  1770  1786 W SP      : File ref is being finalized but wasn't closed, file: main_en_us_2022101700_1[6]
11-20 13:55:10.271  1770  1786 W SP      : File ref is being finalized but wasn't closed, file: main_en_840_2022102600_1[2]
11-20 13:55:10.288   989  1054 D EGL_emulation: app_time_stats: avg=407.17ms min=28.18ms max=1153.88ms count=3
11-20 13:55:10.375 12240 12240 D LifecycleMonitor: Lifecycle status change: androidx.test.core.app.InstrumentationActivityInvoker$BootstrapActivity@5ea8c29 in: STOPPED
11-20 13:55:10.377 12240 12240 V ActivityScenario: Activity lifecycle changed event received but ignored because the intent does not match. startActivityIntent=Intent { act=android.intent.action.MAIN cat=[android.intent.category.LAUNCHER] cmp=com.example.dogglers/.HorizontalListActivity }, activity.getIntent()=Intent { act=android.intent.action.MAIN cat=[android.intent.category.LAUNCHER] flg=0x10008000 cmp=com.example.dogglers/androidx.test.core.app.InstrumentationActivityInvoker$BootstrapActivity (has extras) }, activity=androidx.test.core.app.InstrumentationActivityInvoker$BootstrapActivity@5ea8c29
11-20 13:55:10.398 12240 12240 I ViewInteraction: Checking 'MatchesViewAssertion{viewMatcher=(view has effective visibility <VISIBLE> and view.getGlobalVisibleRect() to return non-empty rectangle)}' assertion on view an instance of android.widget.TextView and view.getText() with or without transformation to match: is "Bella"
11-20 13:55:10.405  1277  2425 D OneSearchSuggestProvider: Shut down the binder channel
11-20 13:55:10.410  1277  1635 I IPCThreadState: oneway function results for code 2 on binder at 0x76632bc01760 will be dropped but finished with status UNKNOWN_TRANSACTION
11-20 13:55:10.416  1277  1322 I ImeTracker: com.google.android.apps.nexuslauncher:c3ddea0e: onRequestHide at ORIGIN_CLIENT_HIDE_SOFT_INPUT reason HIDE_SOFT_INPUT
11-20 13:55:10.416  1277  1322 I ImeTracker: com.google.android.apps.nexuslauncher:c3ddea0e: onFailed at PHASE_CLIENT_VIEW_SERVED
11-20 13:55:10.415  2640 10753 I PBSessionCacheImpl: Deleted sessionId[11612542089730657] from persistence.
11-20 13:55:10.424  2640  3242 W SearchServiceCore: Abort, client detached.
11-20 13:55:10.427 12240 12240 D LifecycleMonitor: Lifecycle status change: com.example.dogglers.HorizontalListActivity@6528747 in: PAUSED
11-20 13:55:10.427 12240 12240 V ActivityScenario: Update currentActivityStage to PAUSED, currentActivity=com.example.dogglers.HorizontalListActivity@6528747
11-20 13:55:10.464 12240 12240 D LifecycleMonitor: Lifecycle status change: androidx.test.core.app.InstrumentationActivityInvoker$EmptyActivity@30918a3 in: PRE_ON_CREATE
11-20 13:55:10.464 12240 12240 V ActivityScenario: Activity lifecycle changed event received but ignored because the intent does not match. startActivityIntent=Intent { act=android.intent.action.MAIN cat=[android.intent.category.LAUNCHER] cmp=com.example.dogglers/.HorizontalListActivity }, activity.getIntent()=Intent { act=android.intent.action.MAIN cat=[android.intent.category.LAUNCHER] flg=0x10000000 cmp=com.example.dogglers/androidx.test.core.app.InstrumentationActivityInvoker$EmptyActivity }, activity=androidx.test.core.app.InstrumentationActivityInvoker$EmptyActivity@30918a3
11-20 13:55:10.467   989  1040 W WindowOnBackDispatcher: sendCancelIfRunning: isInProgress=falsecallback=android.view.ViewRootImpl$$ExternalSyntheticLambda17@30426ff
11-20 13:55:10.468   574  2560 W InputManager-JNI: Input channel object '76f90f8 Splash Screen com.example.dogglers (client)' was disposed without first being removed with the input manager!
11-20 13:55:10.474 12240 12240 D LifecycleMonitor: Lifecycle status change: androidx.test.core.app.InstrumentationActivityInvoker$EmptyActivity@30918a3 in: CREATED
11-20 13:55:10.474 12240 12240 V ActivityScenario: Activity lifecycle changed event received but ignored because the intent does not match. startActivityIntent=Intent { act=android.intent.action.MAIN cat=[android.intent.category.LAUNCHER] cmp=com.example.dogglers/.HorizontalListActivity }, activity.getIntent()=Intent { act=android.intent.action.MAIN cat=[android.intent.category.LAUNCHER] flg=0x10000000 cmp=com.example.dogglers/androidx.test.core.app.InstrumentationActivityInvoker$EmptyActivity }, activity=androidx.test.core.app.InstrumentationActivityInvoker$EmptyActivity@30918a3
11-20 13:55:10.475   430   430 I BpBinder: onLastStrongRef automatically unlinking death recipients:
11-20 13:55:10.477 12240 12240 D LifecycleMonitor: Lifecycle status change: androidx.test.core.app.InstrumentationActivityInvoker$EmptyActivity@30918a3 in: STARTED
11-20 13:55:10.478 12240 12240 V ActivityScenario: Activity lifecycle changed event received but ignored because the intent does not match. startActivityIntent=Intent { act=android.intent.action.MAIN cat=[android.intent.category.LAUNCHER] cmp=com.example.dogglers/.HorizontalListActivity }, activity.getIntent()=Intent { act=android.intent.action.MAIN cat=[android.intent.category.LAUNCHER] flg=0x10000000 cmp=com.example.dogglers/androidx.test.core.app.InstrumentationActivityInvoker$EmptyActivity }, activity=androidx.test.core.app.InstrumentationActivityInvoker$EmptyActivity@30918a3
11-20 13:55:10.481 12240 12240 D LifecycleMonitor: Lifecycle status change: androidx.test.core.app.InstrumentationActivityInvoker$EmptyActivity@30918a3 in: RESUMED
11-20 13:55:10.484 12240 12240 V ActivityScenario: Activity lifecycle changed event received but ignored because the intent does not match. startActivityIntent=Intent { act=android.intent.action.MAIN cat=[android.intent.category.LAUNCHER] cmp=com.example.dogglers/.HorizontalListActivity }, activity.getIntent()=Intent { act=android.intent.action.MAIN cat=[android.intent.category.LAUNCHER] flg=0x10000000 cmp=com.example.dogglers/androidx.test.core.app.InstrumentationActivityInvoker$EmptyActivity }, activity=androidx.test.core.app.InstrumentationActivityInvoker$EmptyActivity@30918a3
11-20 13:55:10.505   989   989 W Choreographer: Frame time is 0.53337 ms in the future!  Check that graphics HAL is generating vsync timestamps using the correct timebase.
11-20 13:55:10.594   574   595 I ActivityTaskManager: Displayed com.example.dogglers/androidx.test.core.app.InstrumentationActivityInvoker$EmptyActivity for user 0: +166ms
11-20 13:55:10.622   989   989 W Choreographer: Frame time is 0.672819 ms in the future!  Check that graphics HAL is generating vsync timestamps using the correct timebase.
11-20 13:55:10.674 12240 12240 D LifecycleMonitor: Lifecycle status change: com.example.dogglers.HorizontalListActivity@6528747 in: STOPPED
11-20 13:55:10.678 12240 12240 V ActivityScenario: Update currentActivityStage to STOPPED, currentActivity=com.example.dogglers.HorizontalListActivity@6528747
11-20 13:55:10.680 12240 12240 D LifecycleMonitor: Lifecycle status change: com.example.dogglers.HorizontalListActivity@6528747 in: DESTROYED
11-20 13:55:10.685 12240 12240 V ActivityScenario: Update currentActivityStage to DESTROYED, currentActivity=null
11-20 13:55:10.685 12240 12240 W WindowOnBackDispatcher: sendCancelIfRunning: isInProgress=falsecallback=android.view.ViewRootImpl$$ExternalSyntheticLambda17@24f16c5
11-20 13:55:10.693   574  2560 W InputManager-JNI: Input channel object 'd25364b com.example.dogglers/com.example.dogglers.HorizontalListActivity (client)' was disposed without first being removed with the input manager!
11-20 13:55:10.700   574   587 I ImeTracker: com.example.dogglers:c9d6eaef: onRequestHide at ORIGIN_SERVER_HIDE_INPUT reason HIDE_UNSPECIFIED_WINDOW
11-20 13:55:10.702   574   587 I ImeTracker: com.example.dogglers:c9d6eaef: onCancelled at PHASE_SERVER_SHOULD_HIDE
11-20 13:55:10.704  1770  1770 I GoogleInputMethodService: GoogleInputMethodService.onFinishInput():3227
11-20 13:55:10.705  1770  1770 I GoogleInputMethodService: GoogleInputMethodService.updateDeviceLockedStatus():2087 repeatCheckTimes = 0, unlocked = true
11-20 13:55:10.706  1770  1770 I GoogleInputMethodService: GoogleInputMethodService.onStartInput():1877 onStartInput(EditorInfo{inputType=0x0(NULL) imeOptions=0x0 privateImeOptions=null actionName=UNSPECIFIED actionLabel=null actionId=0 initialSelStart=-1 initialSelEnd=-1 initialCapsMode=0x0 hintText=null label=null packageName=com.example.dogglers fieldId=0 fieldName=null extras=null}, false)
11-20 13:55:10.706  1770  1770 I GoogleInputMethodService: GoogleInputMethodService.shouldHideHeaderOnInitialState():4008 ShouldHideHeaderOnInitialState = false
11-20 13:55:10.707  1770  1770 I GoogleInputMethodService: GoogleInputMethodService.updateDeviceLockedStatus():2087 repeatCheckTimes = 2, unlocked = true
11-20 13:55:10.710 12240 12240 D LifecycleMonitor: Lifecycle status change: androidx.test.core.app.InstrumentationActivityInvoker$EmptyActivity@30918a3 in: PAUSED
11-20 13:55:10.711   430   430 I BpBinder: onLastStrongRef automatically unlinking death recipients:
11-20 13:55:10.711 12240 12240 V ActivityScenario: Activity lifecycle changed event received but ignored because the intent does not match. startActivityIntent=Intent { act=android.intent.action.MAIN cat=[android.intent.category.LAUNCHER] cmp=com.example.dogglers/.HorizontalListActivity }, activity.getIntent()=Intent { act=android.intent.action.MAIN cat=[android.intent.category.LAUNCHER] flg=0x10000000 cmp=com.example.dogglers/androidx.test.core.app.InstrumentationActivityInvoker$EmptyActivity }, activity=androidx.test.core.app.InstrumentationActivityInvoker$EmptyActivity@30918a3
11-20 13:55:10.731 12240 12240 D LifecycleMonitor: Lifecycle status change: androidx.test.core.app.InstrumentationActivityInvoker$BootstrapActivity@5ea8c29 in: DESTROYED
11-20 13:55:10.734 12240 12240 V ActivityScenario: Activity lifecycle changed event received but ignored because the intent does not match. startActivityIntent=Intent { act=android.intent.action.MAIN cat=[android.intent.category.LAUNCHER] cmp=com.example.dogglers/.HorizontalListActivity }, activity.getIntent()=Intent { act=android.intent.action.MAIN cat=[android.intent.category.LAUNCHER] flg=0x10008000 cmp=com.example.dogglers/androidx.test.core.app.InstrumentationActivityInvoker$BootstrapActivity (has extras) }, activity=androidx.test.core.app.InstrumentationActivityInvoker$BootstrapActivity@5ea8c29
11-20 13:55:10.748 12240 12240 D LifecycleMonitor: Lifecycle status change: androidx.test.core.app.InstrumentationActivityInvoker$EmptyActivity@a5be8d0 in: PRE_ON_CREATE
11-20 13:55:10.750 12240 12240 V ActivityScenario: Activity lifecycle changed event received but ignored because the intent does not match. startActivityIntent=Intent { act=android.intent.action.MAIN cat=[android.intent.category.LAUNCHER] cmp=com.example.dogglers/.HorizontalListActivity }, activity.getIntent()=Intent { act=android.intent.action.MAIN cat=[android.intent.category.LAUNCHER] flg=0x10000000 cmp=com.example.dogglers/androidx.test.core.app.InstrumentationActivityInvoker$EmptyActivity }, activity=androidx.test.core.app.InstrumentationActivityInvoker$EmptyActivity@a5be8d0
11-20 13:55:10.760 12240 12240 D LifecycleMonitor: Lifecycle status change: androidx.test.core.app.InstrumentationActivityInvoker$EmptyActivity@a5be8d0 in: CREATED
11-20 13:55:10.762 12240 12240 V ActivityScenario: Activity lifecycle changed event received but ignored because the intent does not match. startActivityIntent=Intent { act=android.intent.action.MAIN cat=[android.intent.category.LAUNCHER] cmp=com.example.dogglers/.HorizontalListActivity }, activity.getIntent()=Intent { act=android.intent.action.MAIN cat=[android.intent.category.LAUNCHER] flg=0x10000000 cmp=com.example.dogglers/androidx.test.core.app.InstrumentationActivityInvoker$EmptyActivity }, activity=androidx.test.core.app.InstrumentationActivityInvoker$EmptyActivity@a5be8d0
11-20 13:55:10.765 12240 12240 D LifecycleMonitor: Lifecycle status change: androidx.test.core.app.InstrumentationActivityInvoker$EmptyActivity@a5be8d0 in: STARTED
11-20 13:55:10.767 12240 12240 V ActivityScenario: Activity lifecycle changed event received but ignored because the intent does not match. startActivityIntent=Intent { act=android.intent.action.MAIN cat=[android.intent.category.LAUNCHER] cmp=com.example.dogglers/.HorizontalListActivity }, activity.getIntent()=Intent { act=android.intent.action.MAIN cat=[android.intent.category.LAUNCHER] flg=0x10000000 cmp=com.example.dogglers/androidx.test.core.app.InstrumentationActivityInvoker$EmptyActivity }, activity=androidx.test.core.app.InstrumentationActivityInvoker$EmptyActivity@a5be8d0
11-20 13:55:10.771 12240 12240 D LifecycleMonitor: Lifecycle status change: androidx.test.core.app.InstrumentationActivityInvoker$EmptyActivity@a5be8d0 in: RESUMED
11-20 13:55:10.773 12240 12240 V ActivityScenario: Activity lifecycle changed event received but ignored because the intent does not match. startActivityIntent=Intent { act=android.intent.action.MAIN cat=[android.intent.category.LAUNCHER] cmp=com.example.dogglers/.HorizontalListActivity }, activity.getIntent()=Intent { act=android.intent.action.MAIN cat=[android.intent.category.LAUNCHER] flg=0x10000000 cmp=com.example.dogglers/androidx.test.core.app.InstrumentationActivityInvoker$EmptyActivity }, activity=androidx.test.core.app.InstrumentationActivityInvoker$EmptyActivity@a5be8d0
11-20 13:55:10.879   574   595 I ActivityTaskManager: Displayed com.example.dogglers/androidx.test.core.app.InstrumentationActivityInvoker$EmptyActivity for user 0: +237ms
11-20 13:55:10.912 12240 12240 D LifecycleMonitor: Lifecycle status change: androidx.test.core.app.InstrumentationActivityInvoker$EmptyActivity@a5be8d0 in: PAUSED
11-20 13:55:10.913 12240 12240 V ActivityScenario: Activity lifecycle changed event received but ignored because the intent does not match. startActivityIntent=Intent { act=android.intent.action.MAIN cat=[android.intent.category.LAUNCHER] cmp=com.example.dogglers/.HorizontalListActivity }, activity.getIntent()=Intent { act=android.intent.action.MAIN cat=[android.intent.category.LAUNCHER] flg=0x10000000 cmp=com.example.dogglers/androidx.test.core.app.InstrumentationActivityInvoker$EmptyActivity }, activity=androidx.test.core.app.InstrumentationActivityInvoker$EmptyActivity@a5be8d0
11-20 13:55:10.926   430   430 I BpBinder: onLastStrongRef automatically unlinking death recipients:
11-20 13:55:10.927  1277  1277 D AutofillManager: view is not autofillable - activity denied for autofill
11-20 13:55:10.942   574  1929 W AppSearchIcing: icing-search-engine.cc:283: Error: 5, Message: Document (com.google.android.googlequicksearchbox$OneSearchZeroStateGoogleSuggestions/default, zp) not found.
11-20 13:55:10.942  1277  2425 D OneSearchSuggestProvider: Created the binder channel successfully for end point service =com.google.android.apps.search.googleapp.search.suggest.plugins.onesearch.server.OneSearchSuggestService , mChannel=z1{delegate=s1{logId=197, target=directaddress:///AndroidComponentAddress%5BIntent%20%7B%20act=grpc.io.action.BIND%20cmp=com.google.android.googlequicksearchbox/com.google.android.apps.search.googleapp.search.suggest.plugins.onesearch.server.OneSearchSuggestService%20%7D%5D}} , mOneSearchConnection=X1.T@d102ee0
11-20 13:55:10.954   989  1122 W Choreographer: Frame time is 2.01336 ms in the future!  Check that graphics HAL is generating vsync timestamps using the correct timebase.
11-20 13:55:10.962  1894  2003 I AiAiEcho: Predicting[0]:
11-20 13:55:10.963  1894  2003 I AiAiEcho: EchoTargets:
11-20 13:55:10.963  1894  2003 I AiAiEcho: Filtered by AiAi flag check:
11-20 13:55:10.963  1894  2003 I AiAiEcho: Ranked targets strategy: SORT, count: 0, ranking metadata:
11-20 13:55:10.964  1894  2003 I AiAiEcho: #postPredictionTargets: Sending updates to UISurface home with targets# 0 (types=[])
11-20 13:55:10.989 12240 12263 I TestRunner: finished: horizontal_scroll_content_at_last_position(com.example.dogglers.HorizontalListTests)
