11-20 13:54:59.953 12240 12263 I TestRunner: started: grid_list_content_at_last_position(com.example.dogglers.GridListTests)
11-20 13:54:59.974   574  1068 W InputManager-JNI: Input channel object 'c4745f9 com.example.dogglers/androidx.test.core.app.InstrumentationActivityInvoker$EmptyActivity (client)' was disposed without first being removed with the input manager!
11-20 13:55:00.028 12240 12263 W Settings: Setting always_finish_activities has moved from android.provider.Settings.System to android.provider.Settings.Global, returning read-only value.
11-20 13:55:00.087   989  1041 D SplashScreenView: Build android.window.SplashScreenView{66f544 V.E...... ......ID 0,0-0,0}
11-20 13:55:00.087   989  1041 D SplashScreenView: Icon: view: null drawable: null size: 0
11-20 13:55:00.087   989  1041 D SplashScreenView: Branding: view: android.view.View{129562d G.ED..... ......I. 0,0-0,0 #10204ef android:id/splashscreen_branding_view} drawable: null size w: 0 h: 0
11-20 13:55:00.127   430   430 I BpBinder: onLastStrongRef automatically unlinking death recipients:
11-20 13:55:00.153  1894  2003 I AiAiEcho: Predicting[0]:
11-20 13:55:00.153  1894  2003 I AiAiEcho: EchoTargets:
11-20 13:55:00.153  1894  2003 I AiAiEcho: Filtered by AiAi flag check:
11-20 13:55:00.153  1894  2003 I AiAiEcho: Ranked targets strategy: SORT, count: 0, ranking metadata:
11-20 13:55:00.154  1894  2003 I AiAiEcho: #postPredictionTargets: Sending updates to UISurface lockscreen with targets# 0 (types=[])
11-20 13:55:00.166 12240 12240 D LifecycleMonitor: Lifecycle status change: androidx.test.core.app.InstrumentationActivityInvoker$BootstrapActivity@719055d in: PRE_ON_CREATE
11-20 13:55:00.168 12240 12240 V ActivityScenario: Activity lifecycle changed event received but ignored because the intent does not match. startActivityIntent=Intent { act=android.intent.action.MAIN cat=[android.intent.category.LAUNCHER] cmp=com.example.dogglers/.GridListActivity }, activity.getIntent()=Intent { act=android.intent.action.MAIN cat=[android.intent.category.LAUNCHER] flg=0x10008000 cmp=com.example.dogglers/androidx.test.core.app.InstrumentationActivityInvoker$BootstrapActivity (has extras) }, activity=androidx.test.core.app.InstrumentationActivityInvoker$BootstrapActivity@719055d
11-20 13:55:00.196   989   989 W PageIndicator: Total number of pages invalid: 0. Assuming 1 page.
11-20 13:55:00.223 12240 12240 D LifecycleMonitor: Lifecycle status change: androidx.test.core.app.InstrumentationActivityInvoker$BootstrapActivity@719055d in: CREATED
11-20 13:55:00.224 12240 12240 V ActivityScenario: Activity lifecycle changed event received but ignored because the intent does not match. startActivityIntent=Intent { act=android.intent.action.MAIN cat=[android.intent.category.LAUNCHER] cmp=com.example.dogglers/.GridListActivity }, activity.getIntent()=Intent { act=android.intent.action.MAIN cat=[android.intent.category.LAUNCHER] flg=0x10008000 cmp=com.example.dogglers/androidx.test.core.app.InstrumentationActivityInvoker$BootstrapActivity (has extras) }, activity=androidx.test.core.app.InstrumentationActivityInvoker$BootstrapActivity@719055d
11-20 13:55:00.274 12240 12240 D LifecycleMonitor: Lifecycle status change: androidx.test.core.app.InstrumentationActivityInvoker$BootstrapActivity@719055d in: STARTED
11-20 13:55:00.276 12240 12240 V ActivityScenario: Activity lifecycle changed event received but ignored because the intent does not match. startActivityIntent=Intent { act=android.intent.action.MAIN cat=[android.intent.category.LAUNCHER] cmp=com.example.dogglers/.GridListActivity }, activity.getIntent()=Intent { act=android.intent.action.MAIN cat=[android.intent.category.LAUNCHER] flg=0x10008000 cmp=com.example.dogglers/androidx.test.core.app.InstrumentationActivityInvoker$BootstrapActivity (has extras) }, activity=androidx.test.core.app.InstrumentationActivityInvoker$BootstrapActivity@719055d
11-20 13:55:00.341 12240 12240 D LifecycleMonitor: Lifecycle status change: androidx.test.core.app.InstrumentationActivityInvoker$BootstrapActivity@719055d in: RESUMED
11-20 13:55:00.342 12240 12240 V ActivityScenario: Activity lifecycle changed event received but ignored because the intent does not match. startActivityIntent=Intent { act=android.intent.action.MAIN cat=[android.intent.category.LAUNCHER] cmp=com.example.dogglers/.GridListActivity }, activity.getIntent()=Intent { act=android.intent.action.MAIN cat=[android.intent.category.LAUNCHER] flg=0x10008000 cmp=com.example.dogglers/androidx.test.core.app.InstrumentationActivityInvoker$BootstrapActivity (has extras) }, activity=androidx.test.core.app.InstrumentationActivityInvoker$BootstrapActivity@719055d
11-20 13:55:00.368 12240 12240 D LifecycleMonitor: Lifecycle status change: androidx.test.core.app.InstrumentationActivityInvoker$BootstrapActivity@719055d in: PAUSED
11-20 13:55:00.370 12240 12240 V ActivityScenario: Activity lifecycle changed event received but ignored because the intent does not match. startActivityIntent=Intent { act=android.intent.action.MAIN cat=[android.intent.category.LAUNCHER] cmp=com.example.dogglers/.GridListActivity }, activity.getIntent()=Intent { act=android.intent.action.MAIN cat=[android.intent.category.LAUNCHER] flg=0x10008000 cmp=com.example.dogglers/androidx.test.core.app.InstrumentationActivityInvoker$BootstrapActivity (has extras) }, activity=androidx.test.core.app.InstrumentationActivityInvoker$BootstrapActivity@719055d
11-20 13:55:00.394 12240 12240 D LifecycleMonitor: Lifecycle status change: com.example.dogglers.GridListActivity@6627c1b in: PRE_ON_CREATE
11-20 13:55:00.394 12240 12240 V ActivityScenario: Activity lifecycle changed event received but ignored because the reported transition was not ON_CREATE while the last known transition was PRE_ON_CREATE
11-20 13:55:00.425 12240 12240 D LifecycleMonitor: Lifecycle status change: com.example.dogglers.GridListActivity@6627c1b in: CREATED
11-20 13:55:00.426 12240 12240 V ActivityScenario: Update currentActivityStage to CREATED, currentActivity=com.example.dogglers.GridListActivity@6627c1b
11-20 13:55:00.432 12240 12240 D LifecycleMonitor: Lifecycle status change: com.example.dogglers.GridListActivity@6627c1b in: STARTED
11-20 13:55:00.433 12240 12240 V ActivityScenario: Update currentActivityStage to STARTED, currentActivity=com.example.dogglers.GridListActivity@6627c1b
11-20 13:55:00.438 12240 12240 D LifecycleMonitor: Lifecycle status change: com.example.dogglers.GridListActivity@6627c1b in: RESUMED
11-20 13:55:00.439 12240 12240 V ActivityScenario: Update currentActivityStage to RESUMED, currentActivity=com.example.dogglers.GridListActivity@6627c1b
11-20 13:55:00.656   989  1054 D EGL_emulation: app_time_stats: avg=23.10ms min=1.66ms max=97.61ms count=29
11-20 13:55:00.693  1277  1277 D AutofillManager: view is not autofillable - activity denied for autofill
11-20 13:55:00.806   574   595 W ziparchive: Unable to open '/data/app/~~g9pGXw6zzmInD44PnXlZug==/com.example.dogglers-fFkVg-hwOoV9dkaT6QJ7gg==/base.dm': No such file or directory
11-20 13:55:00.807   574   595 I ActivityTaskManager: Displayed com.example.dogglers/.GridListActivity for user 0: +755ms
11-20 13:55:00.980   574  1627 I ImeTracker: com.example.dogglers:3c00d931: onRequestHide at ORIGIN_SERVER_HIDE_INPUT reason HIDE_UNSPECIFIED_WINDOW
11-20 13:55:00.980   574  1627 I ImeTracker: com.example.dogglers:3c00d931: onCancelled at PHASE_SERVER_SHOULD_HIDE
11-20 13:55:01.009  1770  1770 I GoogleInputMethodService: GoogleInputMethodService.onFinishInput():3227
11-20 13:55:01.011  1770  1770 I GoogleInputMethodService: GoogleInputMethodService.updateDeviceLockedStatus():2087 repeatCheckTimes = 0, unlocked = true
11-20 13:55:01.011  1770  1770 I GoogleInputMethodService: GoogleInputMethodService.onStartInput():1877 onStartInput(EditorInfo{inputType=0x0(NULL) imeOptions=0x0 privateImeOptions=null actionName=UNSPECIFIED actionLabel=null actionId=0 initialSelStart=-1 initialSelEnd=-1 initialCapsMode=0x0 hintText=null label=null packageName=com.example.dogglers fieldId=0 fieldName=null extras=null}, false)
11-20 13:55:01.012  1770  1770 I GoogleInputMethodService: GoogleInputMethodService.shouldHideHeaderOnInitialState():4008 ShouldHideHeaderOnInitialState = false
11-20 13:55:01.013  1770  1770 I GoogleInputMethodService: GoogleInputMethodService.updateDeviceLockedStatus():2087 repeatCheckTimes = 2, unlocked = true
11-20 13:55:01.118   989  1054 D EGL_emulation: app_time_stats: avg=393.37ms min=103.65ms max=988.07ms count=4
11-20 13:55:01.182 12240 12240 I ViewInteraction: Performing 'scroll RecyclerView to position: 5' action on view view.getId() is <2131230933/com.example.dogglers:id/grid_recycler_view>
11-20 13:55:01.258 12240 12240 D LifecycleMonitor: Lifecycle status change: androidx.test.core.app.InstrumentationActivityInvoker$BootstrapActivity@719055d in: STOPPED
11-20 13:55:01.259   989  1040 W WindowOnBackDispatcher: sendCancelIfRunning: isInProgress=falsecallback=android.view.ViewRootImpl$$ExternalSyntheticLambda17@6f22829
11-20 13:55:01.280   574  1068 W InputManager-JNI: Input channel object '5822d68 Splash Screen com.example.dogglers (client)' was disposed without first being removed with the input manager!
11-20 13:55:01.286  1277  1322 I ImeTracker: com.google.android.apps.nexuslauncher:7267548f: onRequestHide at ORIGIN_CLIENT_HIDE_SOFT_INPUT reason HIDE_SOFT_INPUT
11-20 13:55:01.287  1277  1322 I ImeTracker: com.google.android.apps.nexuslauncher:7267548f: onFailed at PHASE_CLIENT_VIEW_SERVED
11-20 13:55:01.288 12240 12240 V ActivityScenario: Activity lifecycle changed event received but ignored because the intent does not match. startActivityIntent=Intent { act=android.intent.action.MAIN cat=[android.intent.category.LAUNCHER] cmp=com.example.dogglers/.GridListActivity }, activity.getIntent()=Intent { act=android.intent.action.MAIN cat=[android.intent.category.LAUNCHER] flg=0x10008000 cmp=com.example.dogglers/androidx.test.core.app.InstrumentationActivityInvoker$BootstrapActivity (has extras) }, activity=androidx.test.core.app.InstrumentationActivityInvoker$BootstrapActivity@719055d
11-20 13:55:01.295  1277  2425 D OneSearchSuggestProvider: Shut down the binder channel
11-20 13:55:01.300  1277  1311 I IPCThreadState: oneway function results for code 2 on binder at 0x76632bbf6360 will be dropped but finished with status UNKNOWN_TRANSACTION
11-20 13:55:01.302  2640  8747 I PBSessionCacheImpl: Deleted sessionId[11612542089730653] from persistence.
11-20 13:55:01.302 12240 12240 I ViewInteraction: Checking 'MatchesViewAssertion{viewMatcher=(view has effective visibility <VISIBLE> and view.getGlobalVisibleRect() to return non-empty rectangle)}' assertion on view an instance of android.widget.TextView and view.getText() with or without transformation to match: is "Bella"
11-20 13:55:01.304  2640  3242 W SearchServiceCore: Abort, client detached.
11-20 13:55:01.305   574   904 W system_server: Long monitor contention with owner android.ui (596) at boolean android.os.MessageQueue.enqueueMessage(android.os.Message, long)(MessageQueue.java:600) waiters=0 in android.os.Message android.os.MessageQueue.next() for 18446744073.708s
11-20 13:55:01.334 12240 12240 D LifecycleMonitor: Lifecycle status change: com.example.dogglers.GridListActivity@6627c1b in: PAUSED
11-20 13:55:01.334 12240 12240 V ActivityScenario: Update currentActivityStage to PAUSED, currentActivity=com.example.dogglers.GridListActivity@6627c1b
11-20 13:55:01.339   989   989 W Choreographer: Frame time is 0.338955 ms in the future!  Check that graphics HAL is generating vsync timestamps using the correct timebase.
11-20 13:55:01.356 12240 12240 D LifecycleMonitor: Lifecycle status change: androidx.test.core.app.InstrumentationActivityInvoker$EmptyActivity@576367f in: PRE_ON_CREATE
11-20 13:55:01.358 12240 12240 V ActivityScenario: Activity lifecycle changed event received but ignored because the intent does not match. startActivityIntent=Intent { act=android.intent.action.MAIN cat=[android.intent.category.LAUNCHER] cmp=com.example.dogglers/.GridListActivity }, activity.getIntent()=Intent { act=android.intent.action.MAIN cat=[android.intent.category.LAUNCHER] flg=0x10000000 cmp=com.example.dogglers/androidx.test.core.app.InstrumentationActivityInvoker$EmptyActivity }, activity=androidx.test.core.app.InstrumentationActivityInvoker$EmptyActivity@576367f
11-20 13:55:01.373 12240 12240 D LifecycleMonitor: Lifecycle status change: androidx.test.core.app.InstrumentationActivityInvoker$EmptyActivity@576367f in: CREATED
11-20 13:55:01.376 12240 12240 V ActivityScenario: Activity lifecycle changed event received but ignored because the intent does not match. startActivityIntent=Intent { act=android.intent.action.MAIN cat=[android.intent.category.LAUNCHER] cmp=com.example.dogglers/.GridListActivity }, activity.getIntent()=Intent { act=android.intent.action.MAIN cat=[android.intent.category.LAUNCHER] flg=0x10000000 cmp=com.example.dogglers/androidx.test.core.app.InstrumentationActivityInvoker$EmptyActivity }, activity=androidx.test.core.app.InstrumentationActivityInvoker$EmptyActivity@576367f
11-20 13:55:01.389 12240 12240 D LifecycleMonitor: Lifecycle status change: androidx.test.core.app.InstrumentationActivityInvoker$EmptyActivity@576367f in: STARTED
11-20 13:55:01.394 12240 12240 V ActivityScenario: Activity lifecycle changed event received but ignored because the intent does not match. startActivityIntent=Intent { act=android.intent.action.MAIN cat=[android.intent.category.LAUNCHER] cmp=com.example.dogglers/.GridListActivity }, activity.getIntent()=Intent { act=android.intent.action.MAIN cat=[android.intent.category.LAUNCHER] flg=0x10000000 cmp=com.example.dogglers/androidx.test.core.app.InstrumentationActivityInvoker$EmptyActivity }, activity=androidx.test.core.app.InstrumentationActivityInvoker$EmptyActivity@576367f
11-20 13:55:01.402 12240 12240 D LifecycleMonitor: Lifecycle status change: androidx.test.core.app.InstrumentationActivityInvoker$EmptyActivity@576367f in: RESUMED
11-20 13:55:01.403 12240 12240 V ActivityScenario: Activity lifecycle changed event received but ignored because the intent does not match. startActivityIntent=Intent { act=android.intent.action.MAIN cat=[android.intent.category.LAUNCHER] cmp=com.example.dogglers/.GridListActivity }, activity.getIntent()=Intent { act=android.intent.action.MAIN cat=[android.intent.category.LAUNCHER] flg=0x10000000 cmp=com.example.dogglers/androidx.test.core.app.InstrumentationActivityInvoker$EmptyActivity }, activity=androidx.test.core.app.InstrumentationActivityInvoker$EmptyActivity@576367f
11-20 13:55:01.440   430   430 I BpBinder: onLastStrongRef automatically unlinking death recipients:
11-20 13:55:01.554   574   595 I ActivityTaskManager: Displayed com.example.dogglers/androidx.test.core.app.InstrumentationActivityInvoker$EmptyActivity for user 0: +228ms
11-20 13:55:01.554 12240 12240 W Choreographer: Frame time is 1.276595 ms in the future!  Check that graphics HAL is generating vsync timestamps using the correct timebase.
11-20 13:55:01.604 12240 12240 D LifecycleMonitor: Lifecycle status change: androidx.test.core.app.InstrumentationActivityInvoker$EmptyActivity@576367f in: PAUSED
11-20 13:55:01.604 12240 12240 V ActivityScenario: Activity lifecycle changed event received but ignored because the intent does not match. startActivityIntent=Intent { act=android.intent.action.MAIN cat=[android.intent.category.LAUNCHER] cmp=com.example.dogglers/.GridListActivity }, activity.getIntent()=Intent { act=android.intent.action.MAIN cat=[android.intent.category.LAUNCHER] flg=0x10000000 cmp=com.example.dogglers/androidx.test.core.app.InstrumentationActivityInvoker$EmptyActivity }, activity=androidx.test.core.app.InstrumentationActivityInvoker$EmptyActivity@576367f
11-20 13:55:01.620   430   430 I BpBinder: onLastStrongRef automatically unlinking death recipients:
11-20 13:55:01.646 12240 12240 D LifecycleMonitor: Lifecycle status change: com.example.dogglers.GridListActivity@6627c1b in: STOPPED
11-20 13:55:01.646 12240 12240 V ActivityScenario: Update currentActivityStage to STOPPED, currentActivity=com.example.dogglers.GridListActivity@6627c1b
11-20 13:55:01.650 12240 12240 D LifecycleMonitor: Lifecycle status change: com.example.dogglers.GridListActivity@6627c1b in: DESTROYED
11-20 13:55:01.651 12240 12240 V ActivityScenario: Update currentActivityStage to DESTROYED, currentActivity=null
11-20 13:55:01.653 12240 12240 W WindowOnBackDispatcher: sendCancelIfRunning: isInProgress=falsecallback=android.view.ViewRootImpl$$ExternalSyntheticLambda17@4eb3939
11-20 13:55:01.656   989  1054 D EGL_emulation: app_time_stats: avg=33.09ms min=2.57ms max=162.84ms count=20
11-20 13:55:01.655   989   989 W Choreographer: Frame time is 0.431808 ms in the future!  Check that graphics HAL is generating vsync timestamps using the correct timebase.
11-20 13:55:01.670   574  1627 W InputManager-JNI: Input channel object '9205d29 com.example.dogglers/com.example.dogglers.GridListActivity (client)' was disposed without first being removed with the input manager!
11-20 13:55:01.676 12240 12240 D LifecycleMonitor: Lifecycle status change: androidx.test.core.app.InstrumentationActivityInvoker$BootstrapActivity@719055d in: DESTROYED
11-20 13:55:01.677 12240 12240 V ActivityScenario: Activity lifecycle changed event received but ignored because the intent does not match. startActivityIntent=Intent { act=android.intent.action.MAIN cat=[android.intent.category.LAUNCHER] cmp=com.example.dogglers/.GridListActivity }, activity.getIntent()=Intent { act=android.intent.action.MAIN cat=[android.intent.category.LAUNCHER] flg=0x10008000 cmp=com.example.dogglers/androidx.test.core.app.InstrumentationActivityInvoker$BootstrapActivity (has extras) }, activity=androidx.test.core.app.InstrumentationActivityInvoker$BootstrapActivity@719055d
11-20 13:55:01.685   574  2557 I ImeTracker: com.example.dogglers:16f21fe2: onRequestHide at ORIGIN_SERVER_HIDE_INPUT reason HIDE_UNSPECIFIED_WINDOW
11-20 13:55:01.685   574  2557 I ImeTracker: com.example.dogglers:16f21fe2: onCancelled at PHASE_SERVER_SHOULD_HIDE
11-20 13:55:01.683  1770  1770 I GoogleInputMethodService: GoogleInputMethodService.onFinishInput():3227
11-20 13:55:01.686  1770  1770 I GoogleInputMethodService: GoogleInputMethodService.updateDeviceLockedStatus():2087 repeatCheckTimes = 0, unlocked = true
11-20 13:55:01.686  1770  1770 I GoogleInputMethodService: GoogleInputMethodService.onStartInput():1877 onStartInput(EditorInfo{inputType=0x0(NULL) imeOptions=0x0 privateImeOptions=null actionName=UNSPECIFIED actionLabel=null actionId=0 initialSelStart=-1 initialSelEnd=-1 initialCapsMode=0x0 hintText=null label=null packageName=com.example.dogglers fieldId=0 fieldName=null extras=null}, false)
11-20 13:55:01.686  1770  1770 I GoogleInputMethodService: GoogleInputMethodService.shouldHideHeaderOnInitialState():4008 ShouldHideHeaderOnInitialState = false
11-20 13:55:01.688   989   989 W Choreographer: Frame time is 1.350305 ms in the future!  Check that graphics HAL is generating vsync timestamps using the correct timebase.
11-20 13:55:01.694  1770  1770 I GoogleInputMethodService: GoogleInputMethodService.updateDeviceLockedStatus():2087 repeatCheckTimes = 2, unlocked = true
11-20 13:55:01.707 12240 12240 D LifecycleMonitor: Lifecycle status change: androidx.test.core.app.InstrumentationActivityInvoker$EmptyActivity@a85aa7c in: PRE_ON_CREATE
11-20 13:55:01.709 12240 12240 V ActivityScenario: Activity lifecycle changed event received but ignored because the intent does not match. startActivityIntent=Intent { act=android.intent.action.MAIN cat=[android.intent.category.LAUNCHER] cmp=com.example.dogglers/.GridListActivity }, activity.getIntent()=Intent { act=android.intent.action.MAIN cat=[android.intent.category.LAUNCHER] flg=0x10000000 cmp=com.example.dogglers/androidx.test.core.app.InstrumentationActivityInvoker$EmptyActivity }, activity=androidx.test.core.app.InstrumentationActivityInvoker$EmptyActivity@a85aa7c
11-20 13:55:01.721 12240 12240 D LifecycleMonitor: Lifecycle status change: androidx.test.core.app.InstrumentationActivityInvoker$EmptyActivity@a85aa7c in: CREATED
11-20 13:55:01.723 12240 12240 V ActivityScenario: Activity lifecycle changed event received but ignored because the intent does not match. startActivityIntent=Intent { act=android.intent.action.MAIN cat=[android.intent.category.LAUNCHER] cmp=com.example.dogglers/.GridListActivity }, activity.getIntent()=Intent { act=android.intent.action.MAIN cat=[android.intent.category.LAUNCHER] flg=0x10000000 cmp=com.example.dogglers/androidx.test.core.app.InstrumentationActivityInvoker$EmptyActivity }, activity=androidx.test.core.app.InstrumentationActivityInvoker$EmptyActivity@a85aa7c
11-20 13:55:01.722   989   989 W Choreographer: Frame time is 0.719425 ms in the future!  Check that graphics HAL is generating vsync timestamps using the correct timebase.
11-20 13:55:01.727 12240 12240 D LifecycleMonitor: Lifecycle status change: androidx.test.core.app.InstrumentationActivityInvoker$EmptyActivity@a85aa7c in: STARTED
11-20 13:55:01.728 12240 12240 V ActivityScenario: Activity lifecycle changed event received but ignored because the intent does not match. startActivityIntent=Intent { act=android.intent.action.MAIN cat=[android.intent.category.LAUNCHER] cmp=com.example.dogglers/.GridListActivity }, activity.getIntent()=Intent { act=android.intent.action.MAIN cat=[android.intent.category.LAUNCHER] flg=0x10000000 cmp=com.example.dogglers/androidx.test.core.app.InstrumentationActivityInvoker$EmptyActivity }, activity=androidx.test.core.app.InstrumentationActivityInvoker$EmptyActivity@a85aa7c
11-20 13:55:01.731 12240 12240 D LifecycleMonitor: Lifecycle status change: androidx.test.core.app.InstrumentationActivityInvoker$EmptyActivity@a85aa7c in: RESUMED
11-20 13:55:01.732 12240 12240 V ActivityScenario: Activity lifecycle changed event received but ignored because the intent does not match. startActivityIntent=Intent { act=android.intent.action.MAIN cat=[android.intent.category.LAUNCHER] cmp=com.example.dogglers/.GridListActivity }, activity.getIntent()=Intent { act=android.intent.action.MAIN cat=[android.intent.category.LAUNCHER] flg=0x10000000 cmp=com.example.dogglers/androidx.test.core.app.InstrumentationActivityInvoker$EmptyActivity }, activity=androidx.test.core.app.InstrumentationActivityInvoker$EmptyActivity@a85aa7c
11-20 13:55:01.738   989   989 W Choreographer: Frame time is 1.096975 ms in the future!  Check that graphics HAL is generating vsync timestamps using the correct timebase.
11-20 13:55:01.854   574   595 I ActivityTaskManager: Displayed com.example.dogglers/androidx.test.core.app.InstrumentationActivityInvoker$EmptyActivity for user 0: +283ms
11-20 13:55:01.866 12240 12240 D LifecycleMonitor: Lifecycle status change: androidx.test.core.app.InstrumentationActivityInvoker$EmptyActivity@576367f in: STOPPED
11-20 13:55:01.867 12240 12240 V ActivityScenario: Activity lifecycle changed event received but ignored because the intent does not match. startActivityIntent=Intent { act=android.intent.action.MAIN cat=[android.intent.category.LAUNCHER] cmp=com.example.dogglers/.GridListActivity }, activity.getIntent()=Intent { act=android.intent.action.MAIN cat=[android.intent.category.LAUNCHER] flg=0x10000000 cmp=com.example.dogglers/androidx.test.core.app.InstrumentationActivityInvoker$EmptyActivity }, activity=androidx.test.core.app.InstrumentationActivityInvoker$EmptyActivity@576367f
11-20 13:55:01.891   430   430 I BpBinder: onLastStrongRef automatically unlinking death recipients:
11-20 13:55:01.894 12240 12240 D LifecycleMonitor: Lifecycle status change: androidx.test.core.app.InstrumentationActivityInvoker$EmptyActivity@576367f in: DESTROYED
11-20 13:55:01.895 12240 12240 V ActivityScenario: Activity lifecycle changed event received but ignored because the intent does not match. startActivityIntent=Intent { act=android.intent.action.MAIN cat=[android.intent.category.LAUNCHER] cmp=com.example.dogglers/.GridListActivity }, activity.getIntent()=Intent { act=android.intent.action.MAIN cat=[android.intent.category.LAUNCHER] flg=0x10000000 cmp=com.example.dogglers/androidx.test.core.app.InstrumentationActivityInvoker$EmptyActivity }, activity=androidx.test.core.app.InstrumentationActivityInvoker$EmptyActivity@576367f
11-20 13:55:01.895 12240 12240 W WindowOnBackDispatcher: sendCancelIfRunning: isInProgress=falsecallback=android.view.ViewRootImpl$$ExternalSyntheticLambda17@5084b38
11-20 13:55:01.900   574  2558 W InputManager-JNI: Input channel object '160b84b com.example.dogglers/androidx.test.core.app.InstrumentationActivityInvoker$EmptyActivity (client)' was disposed without first being removed with the input manager!
11-20 13:55:01.909 12240 12240 D LifecycleMonitor: Lifecycle status change: androidx.test.core.app.InstrumentationActivityInvoker$EmptyActivity@a85aa7c in: PAUSED
11-20 13:55:01.910 12240 12240 V ActivityScenario: Activity lifecycle changed event received but ignored because the intent does not match. startActivityIntent=Intent { act=android.intent.action.MAIN cat=[android.intent.category.LAUNCHER] cmp=com.example.dogglers/.GridListActivity }, activity.getIntent()=Intent { act=android.intent.action.MAIN cat=[android.intent.category.LAUNCHER] flg=0x10000000 cmp=com.example.dogglers/androidx.test.core.app.InstrumentationActivityInvoker$EmptyActivity }, activity=androidx.test.core.app.InstrumentationActivityInvoker$EmptyActivity@a85aa7c
11-20 13:55:01.924  1277  1277 D AutofillManager: view is not autofillable - activity denied for autofill
11-20 13:55:01.926   574  1929 W AppSearchIcing: icing-search-engine.cc:283: Error: 5, Message: Document (com.google.android.googlequicksearchbox$OneSearchZeroStateGoogleSuggestions/default, zp) not found.
11-20 13:55:01.927  1277  2425 D OneSearchSuggestProvider: Created the binder channel successfully for end point service =com.google.android.apps.search.googleapp.search.suggest.plugins.onesearch.server.OneSearchSuggestService , mChannel=z1{delegate=s1{logId=181, target=directaddress:///AndroidComponentAddress%5BIntent%20%7B%20act=grpc.io.action.BIND%20cmp=com.google.android.googlequicksearchbox/com.google.android.apps.search.googleapp.search.suggest.plugins.onesearch.server.OneSearchSuggestService%20%7D%5D}} , mOneSearchConnection=X1.T@35e9c59
11-20 13:55:01.930  1894  2003 I AiAiEcho: Predicting[0]:
11-20 13:55:01.930  1894  2003 I AiAiEcho: EchoTargets:
11-20 13:55:01.930  1894  2003 I AiAiEcho: Filtered by AiAi flag check:
11-20 13:55:01.930  1894  2003 I AiAiEcho: Ranked targets strategy: SORT, count: 0, ranking metadata:
11-20 13:55:01.935  1894  2003 I AiAiEcho: #postPredictionTargets: Sending updates to UISurface home with targets# 0 (types=[])
11-20 13:55:01.944 12240 12263 I TestRunner: finished: grid_list_content_at_last_position(com.example.dogglers.GridListTests)
