11-20 13:54:55.263 12240 12263 I TestRunner: started: grid_list_content_on_first_page(com.example.dogglers.GridListTests)
11-20 13:54:55.264   574  2558 W InputManager-JNI: Input channel object 'ff9d82e com.example.dogglers/androidx.test.core.app.InstrumentationActivityInvoker$EmptyActivity (client)' was disposed without first being removed with the input manager!
11-20 13:54:55.275 12240 12263 W Settings: Setting always_finish_activities has moved from android.provider.Settings.System to android.provider.Settings.Global, returning read-only value.
11-20 13:54:55.310   989  1041 D SplashScreenView: Build android.window.SplashScreenView{929481e V.E...... ......ID 0,0-0,0}
11-20 13:54:55.310   989  1041 D SplashScreenView: Icon: view: null drawable: null size: 0
11-20 13:54:55.310   989  1041 D SplashScreenView: Branding: view: android.view.View{fc108ff G.ED..... ......I. 0,0-0,0 #10204ef android:id/splashscreen_branding_view} drawable: null size w: 0 h: 0
11-20 13:54:55.392   430   430 I BpBinder: onLastStrongRef automatically unlinking death recipients:
11-20 13:54:55.401 12240 12240 D LifecycleMonitor: Lifecycle status change: androidx.test.core.app.InstrumentationActivityInvoker$BootstrapActivity@53d4513 in: PRE_ON_CREATE
11-20 13:54:55.403 12240 12240 V ActivityScenario: Activity lifecycle changed event received but ignored because the intent does not match. startActivityIntent=Intent { act=android.intent.action.MAIN cat=[android.intent.category.LAUNCHER] cmp=com.example.dogglers/.GridListActivity }, activity.getIntent()=Intent { act=android.intent.action.MAIN cat=[android.intent.category.LAUNCHER] flg=0x10008000 cmp=com.example.dogglers/androidx.test.core.app.InstrumentationActivityInvoker$BootstrapActivity (has extras) }, activity=androidx.test.core.app.InstrumentationActivityInvoker$BootstrapActivity@53d4513
11-20 13:54:55.416 12240 12240 D LifecycleMonitor: Lifecycle status change: androidx.test.core.app.InstrumentationActivityInvoker$BootstrapActivity@53d4513 in: CREATED
11-20 13:54:55.417 12240 12240 V ActivityScenario: Activity lifecycle changed event received but ignored because the intent does not match. startActivityIntent=Intent { act=android.intent.action.MAIN cat=[android.intent.category.LAUNCHER] cmp=com.example.dogglers/.GridListActivity }, activity.getIntent()=Intent { act=android.intent.action.MAIN cat=[android.intent.category.LAUNCHER] flg=0x10008000 cmp=com.example.dogglers/androidx.test.core.app.InstrumentationActivityInvoker$BootstrapActivity (has extras) }, activity=androidx.test.core.app.InstrumentationActivityInvoker$BootstrapActivity@53d4513
11-20 13:54:55.420 12240 12240 D LifecycleMonitor: Lifecycle status change: androidx.test.core.app.InstrumentationActivityInvoker$BootstrapActivity@53d4513 in: STARTED
11-20 13:54:55.421 12240 12240 V ActivityScenario: Activity lifecycle changed event received but ignored because the intent does not match. startActivityIntent=Intent { act=android.intent.action.MAIN cat=[android.intent.category.LAUNCHER] cmp=com.example.dogglers/.GridListActivity }, activity.getIntent()=Intent { act=android.intent.action.MAIN cat=[android.intent.category.LAUNCHER] flg=0x10008000 cmp=com.example.dogglers/androidx.test.core.app.InstrumentationActivityInvoker$BootstrapActivity (has extras) }, activity=androidx.test.core.app.InstrumentationActivityInvoker$BootstrapActivity@53d4513
11-20 13:54:55.438 12240 12240 D LifecycleMonitor: Lifecycle status change: androidx.test.core.app.InstrumentationActivityInvoker$BootstrapActivity@53d4513 in: RESUMED
11-20 13:54:55.442 12240 12240 V ActivityScenario: Activity lifecycle changed event received but ignored because the intent does not match. startActivityIntent=Intent { act=android.intent.action.MAIN cat=[android.intent.category.LAUNCHER] cmp=com.example.dogglers/.GridListActivity }, activity.getIntent()=Intent { act=android.intent.action.MAIN cat=[android.intent.category.LAUNCHER] flg=0x10008000 cmp=com.example.dogglers/androidx.test.core.app.InstrumentationActivityInvoker$BootstrapActivity (has extras) }, activity=androidx.test.core.app.InstrumentationActivityInvoker$BootstrapActivity@53d4513
11-20 13:54:55.447 12240 12240 D LifecycleMonitor: Lifecycle status change: androidx.test.core.app.InstrumentationActivityInvoker$BootstrapActivity@53d4513 in: PAUSED
11-20 13:54:55.448 12240 12240 V ActivityScenario: Activity lifecycle changed event received but ignored because the intent does not match. startActivityIntent=Intent { act=android.intent.action.MAIN cat=[android.intent.category.LAUNCHER] cmp=com.example.dogglers/.GridListActivity }, activity.getIntent()=Intent { act=android.intent.action.MAIN cat=[android.intent.category.LAUNCHER] flg=0x10008000 cmp=com.example.dogglers/androidx.test.core.app.InstrumentationActivityInvoker$BootstrapActivity (has extras) }, activity=androidx.test.core.app.InstrumentationActivityInvoker$BootstrapActivity@53d4513
11-20 13:54:55.493 12240 12240 D LifecycleMonitor: Lifecycle status change: com.example.dogglers.GridListActivity@bdac8f3 in: PRE_ON_CREATE
11-20 13:54:55.494 12240 12240 V ActivityScenario: Activity lifecycle changed event received but ignored because the reported transition was not ON_CREATE while the last known transition was PRE_ON_CREATE
11-20 13:54:55.555 12240 12240 D LifecycleMonitor: Lifecycle status change: com.example.dogglers.GridListActivity@bdac8f3 in: CREATED
11-20 13:54:55.558 12240 12240 V ActivityScenario: Update currentActivityStage to CREATED, currentActivity=com.example.dogglers.GridListActivity@bdac8f3
11-20 13:54:55.559 12240 12240 D LifecycleMonitor: Lifecycle status change: com.example.dogglers.GridListActivity@bdac8f3 in: STARTED
11-20 13:54:55.560 12240 12240 V ActivityScenario: Update currentActivityStage to STARTED, currentActivity=com.example.dogglers.GridListActivity@bdac8f3
11-20 13:54:55.562 12240 12240 D LifecycleMonitor: Lifecycle status change: com.example.dogglers.GridListActivity@bdac8f3 in: RESUMED
11-20 13:54:55.563 12240 12240 V ActivityScenario: Update currentActivityStage to RESUMED, currentActivity=com.example.dogglers.GridListActivity@bdac8f3
11-20 13:54:55.721   989  1038 W Choreographer: Frame time is 0.932653 ms in the future!  Check that graphics HAL is generating vsync timestamps using the correct timebase.
11-20 13:54:55.755   989  1038 W Choreographer: Frame time is 0.584143 ms in the future!  Check that graphics HAL is generating vsync timestamps using the correct timebase.
11-20 13:54:55.806   989  1038 W Choreographer: Frame time is 0.095944 ms in the future!  Check that graphics HAL is generating vsync timestamps using the correct timebase.
11-20 13:54:55.822   989  1038 W Choreographer: Frame time is 0.762609 ms in the future!  Check that graphics HAL is generating vsync timestamps using the correct timebase.
11-20 13:54:55.838   989  1038 W Choreographer: Frame time is 0.885021 ms in the future!  Check that graphics HAL is generating vsync timestamps using the correct timebase.
11-20 13:54:55.855   989  1038 W Choreographer: Frame time is 0.489346 ms in the future!  Check that graphics HAL is generating vsync timestamps using the correct timebase.
11-20 13:54:55.905   989  1038 W Choreographer: Frame time is 1.014716 ms in the future!  Check that graphics HAL is generating vsync timestamps using the correct timebase.
11-20 13:54:55.962  1277  1277 D AutofillManager: view is not autofillable - activity denied for autofill
11-20 13:54:56.050   574   595 W ziparchive: Unable to open '/data/app/~~g9pGXw6zzmInD44PnXlZug==/com.example.dogglers-fFkVg-hwOoV9dkaT6QJ7gg==/base.dm': No such file or directory
11-20 13:54:56.058   574   595 I ActivityTaskManager: Displayed com.example.dogglers/.GridListActivity for user 0: +745ms
11-20 13:54:56.088 12240 12240 D RootViewPicker: Root not ready - waiting: 10ms for one to appear.
11-20 13:54:56.116   989  1054 D EGL_emulation: app_time_stats: avg=12.76ms min=0.53ms max=72.32ms count=31
11-20 13:54:56.154   574   977 I ImeTracker: com.example.dogglers:8ef1bd4b: onRequestHide at ORIGIN_SERVER_HIDE_INPUT reason HIDE_UNSPECIFIED_WINDOW
11-20 13:54:56.154   574   977 I ImeTracker: com.example.dogglers:8ef1bd4b: onCancelled at PHASE_SERVER_SHOULD_HIDE
11-20 13:54:56.155  1770  1770 I GoogleInputMethodService: GoogleInputMethodService.onFinishInput():3227
11-20 13:54:56.186  1770  1770 I GoogleInputMethodService: GoogleInputMethodService.updateDeviceLockedStatus():2087 repeatCheckTimes = 0, unlocked = true
11-20 13:54:56.187  1770  1770 I GoogleInputMethodService: GoogleInputMethodService.onStartInput():1877 onStartInput(EditorInfo{inputType=0x0(NULL) imeOptions=0x0 privateImeOptions=null actionName=UNSPECIFIED actionLabel=null actionId=0 initialSelStart=-1 initialSelEnd=-1 initialCapsMode=0x0 hintText=null label=null packageName=com.example.dogglers fieldId=0 fieldName=null extras=null}, false)
11-20 13:54:56.187  1770  1770 I GoogleInputMethodService: GoogleInputMethodService.shouldHideHeaderOnInitialState():4008 ShouldHideHeaderOnInitialState = false
11-20 13:54:56.190  1770  1770 I GoogleInputMethodService: GoogleInputMethodService.updateDeviceLockedStatus():2087 repeatCheckTimes = 2, unlocked = true
11-20 13:54:56.317 12240 12240 I ViewInteraction: Checking 'MatchesViewAssertion{viewMatcher=(view has effective visibility <VISIBLE> and view.getGlobalVisibleRect() to return non-empty rectangle)}' assertion on view an instance of android.widget.TextView and view.getText() with or without transformation to match: is "Nox"
11-20 13:54:56.352   989  1054 D EGL_emulation: app_time_stats: avg=696.95ms min=49.63ms max=1344.27ms count=2
11-20 13:54:56.357 12240 12240 D LifecycleMonitor: Lifecycle status change: com.example.dogglers.GridListActivity@bdac8f3 in: PAUSED
11-20 13:54:56.358 12240 12240 V ActivityScenario: Update currentActivityStage to PAUSED, currentActivity=com.example.dogglers.GridListActivity@bdac8f3
11-20 13:54:56.366 12240 12240 D LifecycleMonitor: Lifecycle status change: androidx.test.core.app.InstrumentationActivityInvoker$BootstrapActivity@53d4513 in: STOPPED
11-20 13:54:56.366 12240 12240 V ActivityScenario: Activity lifecycle changed event received but ignored because the intent does not match. startActivityIntent=Intent { act=android.intent.action.MAIN cat=[android.intent.category.LAUNCHER] cmp=com.example.dogglers/.GridListActivity }, activity.getIntent()=Intent { act=android.intent.action.MAIN cat=[android.intent.category.LAUNCHER] flg=0x10008000 cmp=com.example.dogglers/androidx.test.core.app.InstrumentationActivityInvoker$BootstrapActivity (has extras) }, activity=androidx.test.core.app.InstrumentationActivityInvoker$BootstrapActivity@53d4513
11-20 13:54:56.379 12240 12240 D LifecycleMonitor: Lifecycle status change: androidx.test.core.app.InstrumentationActivityInvoker$EmptyActivity@b51c63a in: PRE_ON_CREATE
11-20 13:54:56.380 12240 12240 V ActivityScenario: Activity lifecycle changed event received but ignored because the intent does not match. startActivityIntent=Intent { act=android.intent.action.MAIN cat=[android.intent.category.LAUNCHER] cmp=com.example.dogglers/.GridListActivity }, activity.getIntent()=Intent { act=android.intent.action.MAIN cat=[android.intent.category.LAUNCHER] flg=0x10000000 cmp=com.example.dogglers/androidx.test.core.app.InstrumentationActivityInvoker$EmptyActivity }, activity=androidx.test.core.app.InstrumentationActivityInvoker$EmptyActivity@b51c63a
11-20 13:54:56.393  1277  1322 I ImeTracker: com.google.android.apps.nexuslauncher:73677ffd: onRequestHide at ORIGIN_CLIENT_HIDE_SOFT_INPUT reason HIDE_SOFT_INPUT
11-20 13:54:56.393  1277  1322 I ImeTracker: com.google.android.apps.nexuslauncher:73677ffd: onFailed at PHASE_CLIENT_VIEW_SERVED
11-20 13:54:56.396  1277  2425 D OneSearchSuggestProvider: Shut down the binder channel
11-20 13:54:56.396  1277  1311 I IPCThreadState: oneway function results for code 2 on binder at 0x76632bbfeee0 will be dropped but finished with status UNKNOWN_TRANSACTION
11-20 13:54:56.401   989  1040 W WindowOnBackDispatcher: sendCancelIfRunning: isInProgress=falsecallback=android.view.ViewRootImpl$$ExternalSyntheticLambda17@7138591
11-20 13:54:56.402   574  2560 W InputManager-JNI: Input channel object '444e8d8 Splash Screen com.example.dogglers (client)' was disposed without first being removed with the input manager!
11-20 13:54:56.403   574   607 W system_server: Long monitor contention with owner binder:574_8 (1068) at boolean com.android.server.am.ActivityManagerService.unbindService(android.app.IServiceConnection)(ActivityManagerService.java:13426) waiters=0 in boolean com.android.server.am.BroadcastQueueModernImpl.lambda$new$0(android.os.Message) for 18446744073.708s
11-20 13:54:56.409  2640 10753 I PBSessionCacheImpl: Deleted sessionId[11612542089730651] from persistence.
11-20 13:54:56.418  2640  3242 W SearchServiceCore: Abort, client detached.
11-20 13:54:56.420 12240 12240 D LifecycleMonitor: Lifecycle status change: androidx.test.core.app.InstrumentationActivityInvoker$EmptyActivity@b51c63a in: CREATED
11-20 13:54:56.423 12240 12240 V ActivityScenario: Activity lifecycle changed event received but ignored because the intent does not match. startActivityIntent=Intent { act=android.intent.action.MAIN cat=[android.intent.category.LAUNCHER] cmp=com.example.dogglers/.GridListActivity }, activity.getIntent()=Intent { act=android.intent.action.MAIN cat=[android.intent.category.LAUNCHER] flg=0x10000000 cmp=com.example.dogglers/androidx.test.core.app.InstrumentationActivityInvoker$EmptyActivity }, activity=androidx.test.core.app.InstrumentationActivityInvoker$EmptyActivity@b51c63a
11-20 13:54:56.432 12240 12240 D LifecycleMonitor: Lifecycle status change: androidx.test.core.app.InstrumentationActivityInvoker$EmptyActivity@b51c63a in: STARTED
11-20 13:54:56.433 12240 12240 V ActivityScenario: Activity lifecycle changed event received but ignored because the intent does not match. startActivityIntent=Intent { act=android.intent.action.MAIN cat=[android.intent.category.LAUNCHER] cmp=com.example.dogglers/.GridListActivity }, activity.getIntent()=Intent { act=android.intent.action.MAIN cat=[android.intent.category.LAUNCHER] flg=0x10000000 cmp=com.example.dogglers/androidx.test.core.app.InstrumentationActivityInvoker$EmptyActivity }, activity=androidx.test.core.app.InstrumentationActivityInvoker$EmptyActivity@b51c63a
11-20 13:54:56.455 12240 12240 D LifecycleMonitor: Lifecycle status change: androidx.test.core.app.InstrumentationActivityInvoker$EmptyActivity@b51c63a in: RESUMED
11-20 13:54:56.456 12240 12240 V ActivityScenario: Activity lifecycle changed event received but ignored because the intent does not match. startActivityIntent=Intent { act=android.intent.action.MAIN cat=[android.intent.category.LAUNCHER] cmp=com.example.dogglers/.GridListActivity }, activity.getIntent()=Intent { act=android.intent.action.MAIN cat=[android.intent.category.LAUNCHER] flg=0x10000000 cmp=com.example.dogglers/androidx.test.core.app.InstrumentationActivityInvoker$EmptyActivity }, activity=androidx.test.core.app.InstrumentationActivityInvoker$EmptyActivity@b51c63a
11-20 13:54:56.601   574   595 I ActivityTaskManager: Displayed com.example.dogglers/androidx.test.core.app.InstrumentationActivityInvoker$EmptyActivity for user 0: +276ms
11-20 13:54:56.738 12240 12240 D LifecycleMonitor: Lifecycle status change: com.example.dogglers.GridListActivity@bdac8f3 in: STOPPED
11-20 13:54:56.738 12240 12240 V ActivityScenario: Update currentActivityStage to STOPPED, currentActivity=com.example.dogglers.GridListActivity@bdac8f3
11-20 13:54:56.746   574  1068 I ImeTracker: com.example.dogglers:5f5d8a90: onRequestHide at ORIGIN_SERVER_HIDE_INPUT reason HIDE_UNSPECIFIED_WINDOW
11-20 13:54:56.746   574  1068 I ImeTracker: com.example.dogglers:5f5d8a90: onCancelled at PHASE_SERVER_SHOULD_HIDE
11-20 13:54:56.748  1770  1770 I GoogleInputMethodService: GoogleInputMethodService.onFinishInput():3227
11-20 13:54:56.752  1770  1770 I GoogleInputMethodService: GoogleInputMethodService.updateDeviceLockedStatus():2087 repeatCheckTimes = 0, unlocked = true
11-20 13:54:56.752  1770  1770 I GoogleInputMethodService: GoogleInputMethodService.onStartInput():1877 onStartInput(EditorInfo{inputType=0x0(NULL) imeOptions=0x0 privateImeOptions=null actionName=UNSPECIFIED actionLabel=null actionId=0 initialSelStart=-1 initialSelEnd=-1 initialCapsMode=0x0 hintText=null label=null packageName=com.example.dogglers fieldId=0 fieldName=null extras=null}, false)
11-20 13:54:56.752  1770  1770 I GoogleInputMethodService: GoogleInputMethodService.shouldHideHeaderOnInitialState():4008 ShouldHideHeaderOnInitialState = false
11-20 13:54:56.753  1770  1770 I GoogleInputMethodService: GoogleInputMethodService.updateDeviceLockedStatus():2087 repeatCheckTimes = 2, unlocked = true
11-20 13:54:56.763 12240 12240 D LifecycleMonitor: Lifecycle status change: com.example.dogglers.GridListActivity@bdac8f3 in: DESTROYED
11-20 13:54:56.763 12240 12240 V ActivityScenario: Update currentActivityStage to DESTROYED, currentActivity=null
11-20 13:54:56.764 12240 12240 W WindowOnBackDispatcher: sendCancelIfRunning: isInProgress=falsecallback=android.view.ViewRootImpl$$ExternalSyntheticLambda17@78b8da4
11-20 13:54:56.772   574  1068 W InputManager-JNI: Input channel object 'd8c0020 com.example.dogglers/com.example.dogglers.GridListActivity (client)' was disposed without first being removed with the input manager!
11-20 13:54:56.775   430   430 I BpBinder: onLastStrongRef automatically unlinking death recipients:
11-20 13:54:56.777 12240 12240 D LifecycleMonitor: Lifecycle status change: androidx.test.core.app.InstrumentationActivityInvoker$EmptyActivity@b51c63a in: PAUSED
11-20 13:54:56.785 12240 12240 V ActivityScenario: Activity lifecycle changed event received but ignored because the intent does not match. startActivityIntent=Intent { act=android.intent.action.MAIN cat=[android.intent.category.LAUNCHER] cmp=com.example.dogglers/.GridListActivity }, activity.getIntent()=Intent { act=android.intent.action.MAIN cat=[android.intent.category.LAUNCHER] flg=0x10000000 cmp=com.example.dogglers/androidx.test.core.app.InstrumentationActivityInvoker$EmptyActivity }, activity=androidx.test.core.app.InstrumentationActivityInvoker$EmptyActivity@b51c63a
11-20 13:54:56.796 12240 12240 D LifecycleMonitor: Lifecycle status change: androidx.test.core.app.InstrumentationActivityInvoker$BootstrapActivity@53d4513 in: DESTROYED
11-20 13:54:56.796 12240 12240 V ActivityScenario: Activity lifecycle changed event received but ignored because the intent does not match. startActivityIntent=Intent { act=android.intent.action.MAIN cat=[android.intent.category.LAUNCHER] cmp=com.example.dogglers/.GridListActivity }, activity.getIntent()=Intent { act=android.intent.action.MAIN cat=[android.intent.category.LAUNCHER] flg=0x10008000 cmp=com.example.dogglers/androidx.test.core.app.InstrumentationActivityInvoker$BootstrapActivity (has extras) }, activity=androidx.test.core.app.InstrumentationActivityInvoker$BootstrapActivity@53d4513
11-20 13:54:56.806 12240 12240 D LifecycleMonitor: Lifecycle status change: androidx.test.core.app.InstrumentationActivityInvoker$EmptyActivity@6ebcdb in: PRE_ON_CREATE
11-20 13:54:56.807 12240 12240 V ActivityScenario: Activity lifecycle changed event received but ignored because the intent does not match. startActivityIntent=Intent { act=android.intent.action.MAIN cat=[android.intent.category.LAUNCHER] cmp=com.example.dogglers/.GridListActivity }, activity.getIntent()=Intent { act=android.intent.action.MAIN cat=[android.intent.category.LAUNCHER] flg=0x10000000 cmp=com.example.dogglers/androidx.test.core.app.InstrumentationActivityInvoker$EmptyActivity }, activity=androidx.test.core.app.InstrumentationActivityInvoker$EmptyActivity@6ebcdb
11-20 13:54:56.818 12240 12240 D LifecycleMonitor: Lifecycle status change: androidx.test.core.app.InstrumentationActivityInvoker$EmptyActivity@6ebcdb in: CREATED
11-20 13:54:56.819 12240 12240 V ActivityScenario: Activity lifecycle changed event received but ignored because the intent does not match. startActivityIntent=Intent { act=android.intent.action.MAIN cat=[android.intent.category.LAUNCHER] cmp=com.example.dogglers/.GridListActivity }, activity.getIntent()=Intent { act=android.intent.action.MAIN cat=[android.intent.category.LAUNCHER] flg=0x10000000 cmp=com.example.dogglers/androidx.test.core.app.InstrumentationActivityInvoker$EmptyActivity }, activity=androidx.test.core.app.InstrumentationActivityInvoker$EmptyActivity@6ebcdb
11-20 13:54:56.823 12240 12240 D LifecycleMonitor: Lifecycle status change: androidx.test.core.app.InstrumentationActivityInvoker$EmptyActivity@6ebcdb in: STARTED
11-20 13:54:56.824 12240 12240 V ActivityScenario: Activity lifecycle changed event received but ignored because the intent does not match. startActivityIntent=Intent { act=android.intent.action.MAIN cat=[android.intent.category.LAUNCHER] cmp=com.example.dogglers/.GridListActivity }, activity.getIntent()=Intent { act=android.intent.action.MAIN cat=[android.intent.category.LAUNCHER] flg=0x10000000 cmp=com.example.dogglers/androidx.test.core.app.InstrumentationActivityInvoker$EmptyActivity }, activity=androidx.test.core.app.InstrumentationActivityInvoker$EmptyActivity@6ebcdb
11-20 13:54:56.827 12240 12240 D LifecycleMonitor: Lifecycle status change: androidx.test.core.app.InstrumentationActivityInvoker$EmptyActivity@6ebcdb in: RESUMED
11-20 13:54:56.827 12240 12240 V ActivityScenario: Activity lifecycle changed event received but ignored because the intent does not match. startActivityIntent=Intent { act=android.intent.action.MAIN cat=[android.intent.category.LAUNCHER] cmp=com.example.dogglers/.GridListActivity }, activity.getIntent()=Intent { act=android.intent.action.MAIN cat=[android.intent.category.LAUNCHER] flg=0x10000000 cmp=com.example.dogglers/androidx.test.core.app.InstrumentationActivityInvoker$EmptyActivity }, activity=androidx.test.core.app.InstrumentationActivityInvoker$EmptyActivity@6ebcdb
11-20 13:54:56.916   574   595 I ActivityTaskManager: Displayed com.example.dogglers/androidx.test.core.app.InstrumentationActivityInvoker$EmptyActivity for user 0: +220ms
11-20 13:54:56.966 12240 12240 D LifecycleMonitor: Lifecycle status change: androidx.test.core.app.InstrumentationActivityInvoker$EmptyActivity@b51c63a in: STOPPED
11-20 13:54:56.970 12240 12240 V ActivityScenario: Activity lifecycle changed event received but ignored because the intent does not match. startActivityIntent=Intent { act=android.intent.action.MAIN cat=[android.intent.category.LAUNCHER] cmp=com.example.dogglers/.GridListActivity }, activity.getIntent()=Intent { act=android.intent.action.MAIN cat=[android.intent.category.LAUNCHER] flg=0x10000000 cmp=com.example.dogglers/androidx.test.core.app.InstrumentationActivityInvoker$EmptyActivity }, activity=androidx.test.core.app.InstrumentationActivityInvoker$EmptyActivity@b51c63a
11-20 13:54:56.969   574  2560 I ImeTracker: com.example.dogglers:2c6b1f63: onRequestHide at ORIGIN_SERVER_HIDE_INPUT reason HIDE_UNSPECIFIED_WINDOW
11-20 13:54:56.969   574  2560 I ImeTracker: com.example.dogglers:2c6b1f63: onCancelled at PHASE_SERVER_SHOULD_HIDE
11-20 13:54:56.976 12240 12240 D LifecycleMonitor: Lifecycle status change: androidx.test.core.app.InstrumentationActivityInvoker$EmptyActivity@b51c63a in: DESTROYED
11-20 13:54:56.977 12240 12240 V ActivityScenario: Activity lifecycle changed event received but ignored because the intent does not match. startActivityIntent=Intent { act=android.intent.action.MAIN cat=[android.intent.category.LAUNCHER] cmp=com.example.dogglers/.GridListActivity }, activity.getIntent()=Intent { act=android.intent.action.MAIN cat=[android.intent.category.LAUNCHER] flg=0x10000000 cmp=com.example.dogglers/androidx.test.core.app.InstrumentationActivityInvoker$EmptyActivity }, activity=androidx.test.core.app.InstrumentationActivityInvoker$EmptyActivity@b51c63a
11-20 13:54:56.975  1770  1770 I GoogleInputMethodService: GoogleInputMethodService.onFinishInput():3227
11-20 13:54:56.976  1770  1770 I GoogleInputMethodService: GoogleInputMethodService.updateDeviceLockedStatus():2087 repeatCheckTimes = 0, unlocked = true
11-20 13:54:56.976  1770  1770 I GoogleInputMethodService: GoogleInputMethodService.onStartInput():1877 onStartInput(EditorInfo{inputType=0x0(NULL) imeOptions=0x0 privateImeOptions=null actionName=UNSPECIFIED actionLabel=null actionId=0 initialSelStart=-1 initialSelEnd=-1 initialCapsMode=0x0 hintText=null label=null packageName=com.example.dogglers fieldId=0 fieldName=null extras=null}, false)
11-20 13:54:56.976  1770  1770 I GoogleInputMethodService: GoogleInputMethodService.shouldHideHeaderOnInitialState():4008 ShouldHideHeaderOnInitialState = false
11-20 13:54:56.976  1770  1770 I GoogleInputMethodService: GoogleInputMethodService.updateDeviceLockedStatus():2087 repeatCheckTimes = 2, unlocked = true
11-20 13:54:56.981 12240 12240 W WindowOnBackDispatcher: sendCancelIfRunning: isInProgress=falsecallback=android.view.ViewRootImpl$$ExternalSyntheticLambda17@86122c7
11-20 13:54:56.984   574  2560 W InputManager-JNI: Input channel object '14f0457 com.example.dogglers/androidx.test.core.app.InstrumentationActivityInvoker$EmptyActivity (client)' was disposed without first being removed with the input manager!
11-20 13:54:56.990   430   430 I BpBinder: onLastStrongRef automatically unlinking death recipients:
11-20 13:54:57.002 12240 12240 D LifecycleMonitor: Lifecycle status change: androidx.test.core.app.InstrumentationActivityInvoker$EmptyActivity@6ebcdb in: PAUSED
11-20 13:54:57.003 12240 12240 V ActivityScenario: Activity lifecycle changed event received but ignored because the intent does not match. startActivityIntent=Intent { act=android.intent.action.MAIN cat=[android.intent.category.LAUNCHER] cmp=com.example.dogglers/.GridListActivity }, activity.getIntent()=Intent { act=android.intent.action.MAIN cat=[android.intent.category.LAUNCHER] flg=0x10000000 cmp=com.example.dogglers/androidx.test.core.app.InstrumentationActivityInvoker$EmptyActivity }, activity=androidx.test.core.app.InstrumentationActivityInvoker$EmptyActivity@6ebcdb
11-20 13:54:57.017   574  1929 W AppSearchIcing: icing-search-engine.cc:283: Error: 5, Message: Document (com.google.android.googlequicksearchbox$OneSearchZeroStateGoogleSuggestions/default, zp) not found.
11-20 13:54:57.018  1277  2425 D OneSearchSuggestProvider: Created the binder channel successfully for end point service =com.google.android.apps.search.googleapp.search.suggest.plugins.onesearch.server.OneSearchSuggestService , mChannel=z1{delegate=s1{logId=173, target=directaddress:///AndroidComponentAddress%5BIntent%20%7B%20act=grpc.io.action.BIND%20cmp=com.google.android.googlequicksearchbox/com.google.android.apps.search.googleapp.search.suggest.plugins.onesearch.server.OneSearchSuggestService%20%7D%5D}} , mOneSearchConnection=X1.T@6f85fb9
11-20 13:54:57.023 12240 12263 I TestRunner: finished: grid_list_content_on_first_page(com.example.dogglers.GridListTests)
