11-20 13:54:57.567 12240 12263 I TestRunner: started: vertical_scrolling(com.example.dogglers.GridListTests)
11-20 13:54:57.583 12240 12263 W Settings: Setting always_finish_activities has moved from android.provider.Settings.System to android.provider.Settings.Global, returning read-only value.
11-20 13:54:57.603   989  1041 D SplashScreenView: Build android.window.SplashScreenView{d4cbf92 V.E...... ......ID 0,0-0,0}
11-20 13:54:57.603   989  1041 D SplashScreenView: Icon: view: null drawable: null size: 0
11-20 13:54:57.603   989  1041 D SplashScreenView: Branding: view: android.view.View{8f83d63 G.ED..... ......I. 0,0-0,0 #10204ef android:id/splashscreen_branding_view} drawable: null size w: 0 h: 0
11-20 13:54:57.640   430   430 I BpBinder: onLastStrongRef automatically unlinking death recipients:
11-20 13:54:57.656 12240 12240 D LifecycleMonitor: Lifecycle status change: androidx.test.core.app.InstrumentationActivityInvoker$BootstrapActivity@bf62e45 in: PRE_ON_CREATE
11-20 13:54:57.658 12240 12240 V ActivityScenario: Activity lifecycle changed event received but ignored because the intent does not match. startActivityIntent=Intent { act=android.intent.action.MAIN cat=[android.intent.category.LAUNCHER] cmp=com.example.dogglers/.GridListActivity }, activity.getIntent()=Intent { act=android.intent.action.MAIN cat=[android.intent.category.LAUNCHER] flg=0x10008000 cmp=com.example.dogglers/androidx.test.core.app.InstrumentationActivityInvoker$BootstrapActivity (has extras) }, activity=androidx.test.core.app.InstrumentationActivityInvoker$BootstrapActivity@bf62e45
11-20 13:54:57.687 12240 12240 D LifecycleMonitor: Lifecycle status change: androidx.test.core.app.InstrumentationActivityInvoker$BootstrapActivity@bf62e45 in: CREATED
11-20 13:54:57.688 12240 12240 V ActivityScenario: Activity lifecycle changed event received but ignored because the intent does not match. startActivityIntent=Intent { act=android.intent.action.MAIN cat=[android.intent.category.LAUNCHER] cmp=com.example.dogglers/.GridListActivity }, activity.getIntent()=Intent { act=android.intent.action.MAIN cat=[android.intent.category.LAUNCHER] flg=0x10008000 cmp=com.example.dogglers/androidx.test.core.app.InstrumentationActivityInvoker$BootstrapActivity (has extras) }, activity=androidx.test.core.app.InstrumentationActivityInvoker$BootstrapActivity@bf62e45
11-20 13:54:57.691 12240 12240 D LifecycleMonitor: Lifecycle status change: androidx.test.core.app.InstrumentationActivityInvoker$BootstrapActivity@bf62e45 in: STARTED
11-20 13:54:57.691 12240 12240 V ActivityScenario: Activity lifecycle changed event received but ignored because the intent does not match. startActivityIntent=Intent { act=android.intent.action.MAIN cat=[android.intent.category.LAUNCHER] cmp=com.example.dogglers/.GridListActivity }, activity.getIntent()=Intent { act=android.intent.action.MAIN cat=[android.intent.category.LAUNCHER] flg=0x10008000 cmp=com.example.dogglers/androidx.test.core.app.InstrumentationActivityInvoker$BootstrapActivity (has extras) }, activity=androidx.test.core.app.InstrumentationActivityInvoker$BootstrapActivity@bf62e45
11-20 13:54:57.710 12240 12240 D LifecycleMonitor: Lifecycle status change: androidx.test.core.app.InstrumentationActivityInvoker$BootstrapActivity@bf62e45 in: RESUMED
11-20 13:54:57.711 12240 12240 V ActivityScenario: Activity lifecycle changed event received but ignored because the intent does not match. startActivityIntent=Intent { act=android.intent.action.MAIN cat=[android.intent.category.LAUNCHER] cmp=com.example.dogglers/.GridListActivity }, activity.getIntent()=Intent { act=android.intent.action.MAIN cat=[android.intent.category.LAUNCHER] flg=0x10008000 cmp=com.example.dogglers/androidx.test.core.app.InstrumentationActivityInvoker$BootstrapActivity (has extras) }, activity=androidx.test.core.app.InstrumentationActivityInvoker$BootstrapActivity@bf62e45
11-20 13:54:57.721   989   989 W Choreographer: Frame time is 1.18066 ms in the future!  Check that graphics HAL is generating vsync timestamps using the correct timebase.
11-20 13:54:57.728 12240 12240 D LifecycleMonitor: Lifecycle status change: androidx.test.core.app.InstrumentationActivityInvoker$BootstrapActivity@bf62e45 in: PAUSED
11-20 13:54:57.730 12240 12240 V ActivityScenario: Activity lifecycle changed event received but ignored because the intent does not match. startActivityIntent=Intent { act=android.intent.action.MAIN cat=[android.intent.category.LAUNCHER] cmp=com.example.dogglers/.GridListActivity }, activity.getIntent()=Intent { act=android.intent.action.MAIN cat=[android.intent.category.LAUNCHER] flg=0x10008000 cmp=com.example.dogglers/androidx.test.core.app.InstrumentationActivityInvoker$BootstrapActivity (has extras) }, activity=androidx.test.core.app.InstrumentationActivityInvoker$BootstrapActivity@bf62e45
11-20 13:54:57.739   989  1041 D SplashScreenView: Build android.window.SplashScreenView{811ab51 V.E...... ......ID 0,0-0,0}
11-20 13:54:57.739   989  1041 D SplashScreenView: Icon: view: null drawable: null size: 0
11-20 13:54:57.739   989  1041 D SplashScreenView: Branding: view: android.view.View{35ecfb6 G.ED..... ......I. 0,0-0,0 #10204ef android:id/splashscreen_branding_view} drawable: null size w: 0 h: 0
11-20 13:54:57.771   989   989 W Choreographer: Frame time is 1.3373849 ms in the future!  Check that graphics HAL is generating vsync timestamps using the correct timebase.
11-20 13:54:57.788 12240 12240 D LifecycleMonitor: Lifecycle status change: com.example.dogglers.GridListActivity@7229043 in: PRE_ON_CREATE
11-20 13:54:57.789 12240 12240 V ActivityScenario: Activity lifecycle changed event received but ignored because the reported transition was not ON_CREATE while the last known transition was PRE_ON_CREATE
11-20 13:54:57.867 12240 12240 D LifecycleMonitor: Lifecycle status change: com.example.dogglers.GridListActivity@7229043 in: CREATED
11-20 13:54:57.868 12240 12240 V ActivityScenario: Update currentActivityStage to CREATED, currentActivity=com.example.dogglers.GridListActivity@7229043
11-20 13:54:57.873 12240 12240 D LifecycleMonitor: Lifecycle status change: com.example.dogglers.GridListActivity@7229043 in: STARTED
11-20 13:54:57.873 12240 12240 V ActivityScenario: Update currentActivityStage to STARTED, currentActivity=com.example.dogglers.GridListActivity@7229043
11-20 13:54:57.876 12240 12240 D LifecycleMonitor: Lifecycle status change: com.example.dogglers.GridListActivity@7229043 in: RESUMED
11-20 13:54:57.877 12240 12240 V ActivityScenario: Update currentActivityStage to RESUMED, currentActivity=com.example.dogglers.GridListActivity@7229043
11-20 13:54:58.006   989  1038 W Choreographer: Frame time is 0.095786996 ms in the future!  Check that graphics HAL is generating vsync timestamps using the correct timebase.
11-20 13:54:58.206   574   595 W ziparchive: Unable to open '/data/app/~~g9pGXw6zzmInD44PnXlZug==/com.example.dogglers-fFkVg-hwOoV9dkaT6QJ7gg==/base.dm': No such file or directory
11-20 13:54:58.207   574   595 I ActivityTaskManager: Displayed com.example.dogglers/.GridListActivity for user 0: +610ms
11-20 13:54:58.238   574  2103 I ImeTracker: com.example.dogglers:cdaa2be2: onRequestHide at ORIGIN_SERVER_HIDE_INPUT reason HIDE_UNSPECIFIED_WINDOW
11-20 13:54:58.238   574  2103 I ImeTracker: com.example.dogglers:cdaa2be2: onCancelled at PHASE_SERVER_SHOULD_HIDE
11-20 13:54:58.261  1770  1770 I GoogleInputMethodService: GoogleInputMethodService.onFinishInput():3227
11-20 13:54:58.282  1770  1770 I GoogleInputMethodService: GoogleInputMethodService.updateDeviceLockedStatus():2087 repeatCheckTimes = 0, unlocked = true
11-20 13:54:58.282  1770  1770 I GoogleInputMethodService: GoogleInputMethodService.onStartInput():1877 onStartInput(EditorInfo{inputType=0x0(NULL) imeOptions=0x0 privateImeOptions=null actionName=UNSPECIFIED actionLabel=null actionId=0 initialSelStart=-1 initialSelEnd=-1 initialCapsMode=0x0 hintText=null label=null packageName=com.example.dogglers fieldId=0 fieldName=null extras=null}, false)
11-20 13:54:58.282  1770  1770 I GoogleInputMethodService: GoogleInputMethodService.shouldHideHeaderOnInitialState():4008 ShouldHideHeaderOnInitialState = false
11-20 13:54:58.284  1770  1770 I GoogleInputMethodService: GoogleInputMethodService.updateDeviceLockedStatus():2087 repeatCheckTimes = 2, unlocked = true
11-20 13:54:58.289  1277  1277 W Choreographer: Frame time is 0.432864 ms in the future!  Check that graphics HAL is generating vsync timestamps using the correct timebase.
11-20 13:54:58.291  1277  1277 D AutofillManager: view is not autofillable - activity denied for autofill
11-20 13:54:58.459 12240 12240 I ViewInteraction: Performing 'fast swipe' action on view view.getId() is <2131230933/com.example.dogglers:id/grid_recycler_view>
11-20 13:54:58.470  1277  1277 D TaplEvents: TIS / TouchInteractionService.onInputEvent: MotionEvent { action=ACTION_DOWN, actionButton=0, id[0]=0, x[0]=539.5, y[0]=2164.8545, toolType[0]=TOOL_TYPE_UNKNOWN, buttonState=BUTTON_PRIMARY, classification=NONE, metaState=0, flags=0x0, edgeFlags=0x0, pointerCount=1, historySize=0, eventTime=3455098, downTime=3455098, deviceId=-1, source=0x1002, displayId=0, eventId=-501659015 }
11-20 13:54:58.471   574   706 I InputDispatcher: Dropping event because a pointer for device -1 is already down in display 0: MotionEvent(deviceId=-1, eventTime=3455113000000, source=0x00000002, displayId=0, action=MOVE, actionButton=0x00000000, flags=0x00000000, metaState=0x00000000, buttonState=0x00000000, classification=NONE, edgeFlags=0x00000000, xPrecision=1.0, yPrecision=1.0, xCursorPosition=nan, yCursorPosition=nan, pointers=[0: (539.5, 2007.4)]), policyFlags=0x6b000000
11-20 13:54:58.471   574   706 W InputDispatcher: Asynchronous input event injection failed.
11-20 13:54:58.476 12240 12240 D AutofillManager: Fill dialog is enabled:false, hints=[password, passwordAuto, creditCardNumber, creditCardSecurityCode, creditCardExpirationDate]
11-20 13:54:58.483 12240 12240 D LifecycleMonitor: Lifecycle status change: androidx.test.core.app.InstrumentationActivityInvoker$BootstrapActivity@bf62e45 in: STOPPED
11-20 13:54:58.484 12240 12240 V ActivityScenario: Activity lifecycle changed event received but ignored because the intent does not match. startActivityIntent=Intent { act=android.intent.action.MAIN cat=[android.intent.category.LAUNCHER] cmp=com.example.dogglers/.GridListActivity }, activity.getIntent()=Intent { act=android.intent.action.MAIN cat=[android.intent.category.LAUNCHER] flg=0x10008000 cmp=com.example.dogglers/androidx.test.core.app.InstrumentationActivityInvoker$BootstrapActivity (has extras) }, activity=androidx.test.core.app.InstrumentationActivityInvoker$BootstrapActivity@bf62e45
11-20 13:54:58.496   989  1054 D EGL_emulation: app_time_stats: avg=570.40ms min=59.68ms max=1081.12ms count=2
11-20 13:54:58.496   574   706 I InputDispatcher: Dropping event because a pointer for device -1 is already down in display 0: MotionEvent(deviceId=-1, eventTime=3455128000000, source=0x00000002, displayId=0, action=MOVE, actionButton=0x00000000, flags=0x00000000, metaState=0x00000000, buttonState=0x00000000, classification=NONE, edgeFlags=0x00000000, xPrecision=1.0, yPrecision=1.0, xCursorPosition=nan, yCursorPosition=nan, pointers=[0: (539.5, 1849.9)]), policyFlags=0x6b000000
11-20 13:54:58.496   574   706 W InputDispatcher: Asynchronous input event injection failed.
11-20 13:54:58.512  1277  2425 D OneSearchSuggestProvider: Shut down the binder channel
11-20 13:54:58.527  1277  1322 I ImeTracker: com.google.android.apps.nexuslauncher:2a128d7: onRequestHide at ORIGIN_CLIENT_HIDE_SOFT_INPUT reason HIDE_SOFT_INPUT
11-20 13:54:58.528  1277  1322 I ImeTracker: com.google.android.apps.nexuslauncher:2a128d7: onFailed at PHASE_CLIENT_VIEW_SERVED
11-20 13:54:58.529   574   706 I InputDispatcher: Dropping event because a pointer for device -1 is already down in display 0: MotionEvent(deviceId=-1, eventTime=3455143000000, source=0x00000002, displayId=0, action=MOVE, actionButton=0x00000000, flags=0x00000000, metaState=0x00000000, buttonState=0x00000000, classification=NONE, edgeFlags=0x00000000, xPrecision=1.0, yPrecision=1.0, xCursorPosition=nan, yCursorPosition=nan, pointers=[0: (539.5, 1692.4)]), policyFlags=0x6b000000
11-20 13:54:58.529   574   706 W InputDispatcher: Asynchronous input event injection failed.
11-20 13:54:58.529   574   706 I InputDispatcher: Dropping event because a pointer for device -1 is already down in display 0: MotionEvent(deviceId=-1, eventTime=3455158000000, source=0x00000002, displayId=0, action=MOVE, actionButton=0x00000000, flags=0x00000000, metaState=0x00000000, buttonState=0x00000000, classification=NONE, edgeFlags=0x00000000, xPrecision=1.0, yPrecision=1.0, xCursorPosition=nan, yCursorPosition=nan, pointers=[0: (539.5, 1534.9)]), policyFlags=0x6b000000
11-20 13:54:58.530   574   706 W InputDispatcher: Asynchronous input event injection failed.
11-20 13:54:58.535   574   706 I InputDispatcher: Dropping event because a pointer for device -1 is already down in display 0: MotionEvent(deviceId=-1, eventTime=3455173000000, source=0x00000002, displayId=0, action=MOVE, actionButton=0x00000000, flags=0x00000000, metaState=0x00000000, buttonState=0x00000000, classification=NONE, edgeFlags=0x00000000, xPrecision=1.0, yPrecision=1.0, xCursorPosition=nan, yCursorPosition=nan, pointers=[0: (539.5, 1377.4)]), policyFlags=0x6b000000
11-20 13:54:58.538   574   706 W InputDispatcher: Asynchronous input event injection failed.
11-20 13:54:58.541  2640  2898 I PBSessionCacheImpl: Deleted sessionId[11612542089730652] from persistence.
11-20 13:54:58.542  1277  1299 I IPCThreadState: oneway function results for code 2 on binder at 0x76632bbf7bc0 will be dropped but finished with status UNKNOWN_TRANSACTION
11-20 13:54:58.548   989  1054 D EGL_emulation: app_time_stats: avg=21.46ms min=1.70ms max=200.94ms count=28
11-20 13:54:58.553   574   706 I InputDispatcher: Dropping event because a pointer for device -1 is already down in display 0: MotionEvent(deviceId=-1, eventTime=3455188000000, source=0x00000002, displayId=0, action=MOVE, actionButton=0x00000000, flags=0x00000000, metaState=0x00000000, buttonState=0x00000000, classification=NONE, edgeFlags=0x00000000, xPrecision=1.0, yPrecision=1.0, xCursorPosition=nan, yCursorPosition=nan, pointers=[0: (539.5, 1219.9)]), policyFlags=0x6b000000
11-20 13:54:58.554   574   706 W InputDispatcher: Asynchronous input event injection failed.
11-20 13:54:58.558  2640  3242 W SearchServiceCore: Abort, client detached.
11-20 13:54:58.569   574   706 I InputDispatcher: Dropping event because a pointer for device -1 is already down in display 0: MotionEvent(deviceId=-1, eventTime=3455203000000, source=0x00000002, displayId=0, action=MOVE, actionButton=0x00000000, flags=0x00000000, metaState=0x00000000, buttonState=0x00000000, classification=NONE, edgeFlags=0x00000000, xPrecision=1.0, yPrecision=1.0, xCursorPosition=nan, yCursorPosition=nan, pointers=[0: (539.5, 1062.4)]), policyFlags=0x6b000000
11-20 13:54:58.570   574   706 W InputDispatcher: Asynchronous input event injection failed.
11-20 13:54:58.575   989  1040 W WindowOnBackDispatcher: sendCancelIfRunning: isInProgress=falsecallback=android.view.ViewRootImpl$$ExternalSyntheticLambda17@574ab8d
11-20 13:54:58.574   574  1627 W InputManager-JNI: Input channel object '4bb5f7 Splash Screen com.example.dogglers (client)' was disposed without first being removed with the input manager!
11-20 13:54:58.582   574   706 I InputDispatcher: Dropping event because a pointer for device -1 is already down in display 0: MotionEvent(deviceId=-1, eventTime=3455218000000, source=0x00000002, displayId=0, action=MOVE, actionButton=0x00000000, flags=0x00000000, metaState=0x00000000, buttonState=0x00000000, classification=NONE, edgeFlags=0x00000000, xPrecision=1.0, yPrecision=1.0, xCursorPosition=nan, yCursorPosition=nan, pointers=[0: (539.5, 905.0)]), policyFlags=0x6b000000
11-20 13:54:58.582   574   706 W InputDispatcher: Asynchronous input event injection failed.
11-20 13:54:58.598   574   706 I InputDispatcher: Dropping event because a pointer for device -1 is already down in display 0: MotionEvent(deviceId=-1, eventTime=3455233000000, source=0x00000002, displayId=0, action=MOVE, actionButton=0x00000000, flags=0x00000000, metaState=0x00000000, buttonState=0x00000000, classification=NONE, edgeFlags=0x00000000, xPrecision=1.0, yPrecision=1.0, xCursorPosition=nan, yCursorPosition=nan, pointers=[0: (539.5, 747.5)]), policyFlags=0x6b000000
11-20 13:54:58.598   574   706 W InputDispatcher: Asynchronous input event injection failed.
11-20 13:54:58.606   574   600 W Choreographer: Frame time is 0.095744 ms in the future!  Check that graphics HAL is generating vsync timestamps using the correct timebase.
11-20 13:54:58.611   574   706 I InputDispatcher: Dropping event because a pointer for device -1 is already down in display 0: MotionEvent(deviceId=-1, eventTime=3455248000000, source=0x00000002, displayId=0, action=MOVE, actionButton=0x00000000, flags=0x00000000, metaState=0x00000000, buttonState=0x00000000, classification=NONE, edgeFlags=0x00000000, xPrecision=1.0, yPrecision=1.0, xCursorPosition=nan, yCursorPosition=nan, pointers=[0: (539.5, 590.0)]), policyFlags=0x6b000000
11-20 13:54:58.611   574   706 W InputDispatcher: Asynchronous input event injection failed.
11-20 13:54:58.622   574   600 W Choreographer: Frame time is 0.762409 ms in the future!  Check that graphics HAL is generating vsync timestamps using the correct timebase.
11-20 13:54:58.626   574   706 I InputDispatcher: Dropping event because a pointer for device -1 is already down in display 0: MotionEvent(deviceId=-1, eventTime=3455263000000, source=0x00000002, displayId=0, action=UP, actionButton=0x00000000, flags=0x00000000, metaState=0x00000000, buttonState=0x00000000, classification=NONE, edgeFlags=0x00000000, xPrecision=1.0, yPrecision=1.0, xCursorPosition=nan, yCursorPosition=nan, pointers=[0: (539.5, 275.0)]), policyFlags=0x6b000000
11-20 13:54:58.638   574   600 W Choreographer: Frame time is 1.211398 ms in the future!  Check that graphics HAL is generating vsync timestamps using the correct timebase.
11-20 13:54:58.654   574   600 W Choreographer: Frame time is 1.307122 ms in the future!  Check that graphics HAL is generating vsync timestamps using the correct timebase.
11-20 13:54:58.688   574   600 W Choreographer: Frame time is 1.177238 ms in the future!  Check that graphics HAL is generating vsync timestamps using the correct timebase.
11-20 13:54:58.702 12240 12240 I ViewInteraction: Checking 'MatchesViewAssertion{viewMatcher=(view has effective visibility <VISIBLE> and view.getGlobalVisibleRect() to return non-empty rectangle)}' assertion on view an instance of android.widget.TextView and view.getText() with or without transformation to match: is "Bella"
11-20 13:54:58.704   574   600 W Choreographer: Frame time is 1.669969 ms in the future!  Check that graphics HAL is generating vsync timestamps using the correct timebase.
11-20 13:54:58.722   574   600 W Choreographer: Frame time is 0.762402 ms in the future!  Check that graphics HAL is generating vsync timestamps using the correct timebase.
11-20 13:54:58.734 12240 12240 D LifecycleMonitor: Lifecycle status change: com.example.dogglers.GridListActivity@7229043 in: PAUSED
11-20 13:54:58.735 12240 12240 V ActivityScenario: Update currentActivityStage to PAUSED, currentActivity=com.example.dogglers.GridListActivity@7229043
11-20 13:54:58.738   574   600 W Choreographer: Frame time is 1.356401 ms in the future!  Check that graphics HAL is generating vsync timestamps using the correct timebase.
11-20 13:54:58.754   574   600 W Choreographer: Frame time is 1.604775 ms in the future!  Check that graphics HAL is generating vsync timestamps using the correct timebase.
11-20 13:54:58.794   430   430 I BpBinder: onLastStrongRef automatically unlinking death recipients:
11-20 13:54:58.800 12240 12240 D LifecycleMonitor: Lifecycle status change: androidx.test.core.app.InstrumentationActivityInvoker$EmptyActivity@c86aad4 in: PRE_ON_CREATE
11-20 13:54:58.802 12240 12240 V ActivityScenario: Activity lifecycle changed event received but ignored because the intent does not match. startActivityIntent=Intent { act=android.intent.action.MAIN cat=[android.intent.category.LAUNCHER] cmp=com.example.dogglers/.GridListActivity }, activity.getIntent()=Intent { act=android.intent.action.MAIN cat=[android.intent.category.LAUNCHER] flg=0x10000000 cmp=com.example.dogglers/androidx.test.core.app.InstrumentationActivityInvoker$EmptyActivity }, activity=androidx.test.core.app.InstrumentationActivityInvoker$EmptyActivity@c86aad4
11-20 13:54:58.822 12240 12240 D LifecycleMonitor: Lifecycle status change: androidx.test.core.app.InstrumentationActivityInvoker$EmptyActivity@c86aad4 in: CREATED
11-20 13:54:58.823 12240 12240 V ActivityScenario: Activity lifecycle changed event received but ignored because the intent does not match. startActivityIntent=Intent { act=android.intent.action.MAIN cat=[android.intent.category.LAUNCHER] cmp=com.example.dogglers/.GridListActivity }, activity.getIntent()=Intent { act=android.intent.action.MAIN cat=[android.intent.category.LAUNCHER] flg=0x10000000 cmp=com.example.dogglers/androidx.test.core.app.InstrumentationActivityInvoker$EmptyActivity }, activity=androidx.test.core.app.InstrumentationActivityInvoker$EmptyActivity@c86aad4
11-20 13:54:58.827 12240 12240 D LifecycleMonitor: Lifecycle status change: androidx.test.core.app.InstrumentationActivityInvoker$EmptyActivity@c86aad4 in: STARTED
11-20 13:54:58.829 12240 12240 V ActivityScenario: Activity lifecycle changed event received but ignored because the intent does not match. startActivityIntent=Intent { act=android.intent.action.MAIN cat=[android.intent.category.LAUNCHER] cmp=com.example.dogglers/.GridListActivity }, activity.getIntent()=Intent { act=android.intent.action.MAIN cat=[android.intent.category.LAUNCHER] flg=0x10000000 cmp=com.example.dogglers/androidx.test.core.app.InstrumentationActivityInvoker$EmptyActivity }, activity=androidx.test.core.app.InstrumentationActivityInvoker$EmptyActivity@c86aad4
11-20 13:54:58.833 12240 12240 D LifecycleMonitor: Lifecycle status change: androidx.test.core.app.InstrumentationActivityInvoker$EmptyActivity@c86aad4 in: RESUMED
11-20 13:54:58.834 12240 12240 V ActivityScenario: Activity lifecycle changed event received but ignored because the intent does not match. startActivityIntent=Intent { act=android.intent.action.MAIN cat=[android.intent.category.LAUNCHER] cmp=com.example.dogglers/.GridListActivity }, activity.getIntent()=Intent { act=android.intent.action.MAIN cat=[android.intent.category.LAUNCHER] flg=0x10000000 cmp=com.example.dogglers/androidx.test.core.app.InstrumentationActivityInvoker$EmptyActivity }, activity=androidx.test.core.app.InstrumentationActivityInvoker$EmptyActivity@c86aad4
11-20 13:54:58.944   574   595 I ActivityTaskManager: Displayed com.example.dogglers/androidx.test.core.app.InstrumentationActivityInvoker$EmptyActivity for user 0: +219ms
11-20 13:54:58.991 12240 12240 D LifecycleMonitor: Lifecycle status change: androidx.test.core.app.InstrumentationActivityInvoker$EmptyActivity@c86aad4 in: PAUSED
11-20 13:54:58.992 12240 12240 V ActivityScenario: Activity lifecycle changed event received but ignored because the intent does not match. startActivityIntent=Intent { act=android.intent.action.MAIN cat=[android.intent.category.LAUNCHER] cmp=com.example.dogglers/.GridListActivity }, activity.getIntent()=Intent { act=android.intent.action.MAIN cat=[android.intent.category.LAUNCHER] flg=0x10000000 cmp=com.example.dogglers/androidx.test.core.app.InstrumentationActivityInvoker$EmptyActivity }, activity=androidx.test.core.app.InstrumentationActivityInvoker$EmptyActivity@c86aad4
11-20 13:54:58.999 12240 12240 D LifecycleMonitor: Lifecycle status change: androidx.test.core.app.InstrumentationActivityInvoker$BootstrapActivity@bf62e45 in: DESTROYED
11-20 13:54:59.000 12240 12240 V ActivityScenario: Activity lifecycle changed event received but ignored because the intent does not match. startActivityIntent=Intent { act=android.intent.action.MAIN cat=[android.intent.category.LAUNCHER] cmp=com.example.dogglers/.GridListActivity }, activity.getIntent()=Intent { act=android.intent.action.MAIN cat=[android.intent.category.LAUNCHER] flg=0x10008000 cmp=com.example.dogglers/androidx.test.core.app.InstrumentationActivityInvoker$BootstrapActivity (has extras) }, activity=androidx.test.core.app.InstrumentationActivityInvoker$BootstrapActivity@bf62e45
11-20 13:54:59.006   430   430 I BpBinder: onLastStrongRef automatically unlinking death recipients:
11-20 13:54:59.022 12240 12240 D LifecycleMonitor: Lifecycle status change: com.example.dogglers.GridListActivity@7229043 in: STOPPED
11-20 13:54:59.022 12240 12240 V ActivityScenario: Update currentActivityStage to STOPPED, currentActivity=com.example.dogglers.GridListActivity@7229043
11-20 13:54:59.027 12240 12240 D LifecycleMonitor: Lifecycle status change: com.example.dogglers.GridListActivity@7229043 in: DESTROYED
11-20 13:54:59.028 12240 12240 V ActivityScenario: Update currentActivityStage to DESTROYED, currentActivity=null
11-20 13:54:59.030 12240 12240 W WindowOnBackDispatcher: sendCancelIfRunning: isInProgress=falsecallback=android.view.ViewRootImpl$$ExternalSyntheticLambda17@ea1dca1
11-20 13:54:59.039   574  1068 W InputManager-JNI: Input channel object '7bba93 com.example.dogglers/com.example.dogglers.GridListActivity (client)' was disposed without first being removed with the input manager!
11-20 13:54:59.054   574  2103 I ImeTracker: com.example.dogglers:16f13e5f: onRequestHide at ORIGIN_SERVER_HIDE_INPUT reason HIDE_UNSPECIFIED_WINDOW
11-20 13:54:59.054   574  2103 I ImeTracker: com.example.dogglers:16f13e5f: onCancelled at PHASE_SERVER_SHOULD_HIDE
11-20 13:54:59.062  1770  1770 I GoogleInputMethodService: GoogleInputMethodService.onFinishInput():3227
11-20 13:54:59.066  1770  1770 I GoogleInputMethodService: GoogleInputMethodService.updateDeviceLockedStatus():2087 repeatCheckTimes = 0, unlocked = true
11-20 13:54:59.066  1770  1770 I GoogleInputMethodService: GoogleInputMethodService.onStartInput():1877 onStartInput(EditorInfo{inputType=0x0(NULL) imeOptions=0x0 privateImeOptions=null actionName=UNSPECIFIED actionLabel=null actionId=0 initialSelStart=-1 initialSelEnd=-1 initialCapsMode=0x0 hintText=null label=null packageName=com.example.dogglers fieldId=0 fieldName=null extras=null}, false)
11-20 13:54:59.066  1770  1770 I GoogleInputMethodService: GoogleInputMethodService.shouldHideHeaderOnInitialState():4008 ShouldHideHeaderOnInitialState = false
11-20 13:54:59.067  1770  1770 I GoogleInputMethodService: GoogleInputMethodService.updateDeviceLockedStatus():2087 repeatCheckTimes = 2, unlocked = true
11-20 13:54:59.073 12240 12240 D LifecycleMonitor: Lifecycle status change: androidx.test.core.app.InstrumentationActivityInvoker$EmptyActivity@23b86ed in: PRE_ON_CREATE
11-20 13:54:59.074 12240 12240 V ActivityScenario: Activity lifecycle changed event received but ignored because the intent does not match. startActivityIntent=Intent { act=android.intent.action.MAIN cat=[android.intent.category.LAUNCHER] cmp=com.example.dogglers/.GridListActivity }, activity.getIntent()=Intent { act=android.intent.action.MAIN cat=[android.intent.category.LAUNCHER] flg=0x10000000 cmp=com.example.dogglers/androidx.test.core.app.InstrumentationActivityInvoker$EmptyActivity }, activity=androidx.test.core.app.InstrumentationActivityInvoker$EmptyActivity@23b86ed
11-20 13:54:59.085 12240 12240 D LifecycleMonitor: Lifecycle status change: androidx.test.core.app.InstrumentationActivityInvoker$EmptyActivity@23b86ed in: CREATED
11-20 13:54:59.087 12240 12240 V ActivityScenario: Activity lifecycle changed event received but ignored because the intent does not match. startActivityIntent=Intent { act=android.intent.action.MAIN cat=[android.intent.category.LAUNCHER] cmp=com.example.dogglers/.GridListActivity }, activity.getIntent()=Intent { act=android.intent.action.MAIN cat=[android.intent.category.LAUNCHER] flg=0x10000000 cmp=com.example.dogglers/androidx.test.core.app.InstrumentationActivityInvoker$EmptyActivity }, activity=androidx.test.core.app.InstrumentationActivityInvoker$EmptyActivity@23b86ed
11-20 13:54:59.090 12240 12240 D LifecycleMonitor: Lifecycle status change: androidx.test.core.app.InstrumentationActivityInvoker$EmptyActivity@23b86ed in: STARTED
11-20 13:54:59.091 12240 12240 V ActivityScenario: Activity lifecycle changed event received but ignored because the intent does not match. startActivityIntent=Intent { act=android.intent.action.MAIN cat=[android.intent.category.LAUNCHER] cmp=com.example.dogglers/.GridListActivity }, activity.getIntent()=Intent { act=android.intent.action.MAIN cat=[android.intent.category.LAUNCHER] flg=0x10000000 cmp=com.example.dogglers/androidx.test.core.app.InstrumentationActivityInvoker$EmptyActivity }, activity=androidx.test.core.app.InstrumentationActivityInvoker$EmptyActivity@23b86ed
11-20 13:54:59.096 12240 12240 D LifecycleMonitor: Lifecycle status change: androidx.test.core.app.InstrumentationActivityInvoker$EmptyActivity@23b86ed in: RESUMED
11-20 13:54:59.098 12240 12240 V ActivityScenario: Activity lifecycle changed event received but ignored because the intent does not match. startActivityIntent=Intent { act=android.intent.action.MAIN cat=[android.intent.category.LAUNCHER] cmp=com.example.dogglers/.GridListActivity }, activity.getIntent()=Intent { act=android.intent.action.MAIN cat=[android.intent.category.LAUNCHER] flg=0x10000000 cmp=com.example.dogglers/androidx.test.core.app.InstrumentationActivityInvoker$EmptyActivity }, activity=androidx.test.core.app.InstrumentationActivityInvoker$EmptyActivity@23b86ed
11-20 13:54:59.193   574   595 I ActivityTaskManager: Displayed com.example.dogglers/androidx.test.core.app.InstrumentationActivityInvoker$EmptyActivity for user 0: +238ms
11-20 13:54:59.227 12240 12240 D LifecycleMonitor: Lifecycle status change: androidx.test.core.app.InstrumentationActivityInvoker$EmptyActivity@c86aad4 in: STOPPED
11-20 13:54:59.229 12240 12240 V ActivityScenario: Activity lifecycle changed event received but ignored because the intent does not match. startActivityIntent=Intent { act=android.intent.action.MAIN cat=[android.intent.category.LAUNCHER] cmp=com.example.dogglers/.GridListActivity }, activity.getIntent()=Intent { act=android.intent.action.MAIN cat=[android.intent.category.LAUNCHER] flg=0x10000000 cmp=com.example.dogglers/androidx.test.core.app.InstrumentationActivityInvoker$EmptyActivity }, activity=androidx.test.core.app.InstrumentationActivityInvoker$EmptyActivity@c86aad4
11-20 13:54:59.238   574  2103 I ImeTracker: com.example.dogglers:6103054a: onRequestHide at ORIGIN_SERVER_HIDE_INPUT reason HIDE_UNSPECIFIED_WINDOW
11-20 13:54:59.238   574  2103 I ImeTracker: com.example.dogglers:6103054a: onCancelled at PHASE_SERVER_SHOULD_HIDE
11-20 13:54:59.242  1770  1770 I GoogleInputMethodService: GoogleInputMethodService.onFinishInput():3227
11-20 13:54:59.254  1770  1770 I GoogleInputMethodService: GoogleInputMethodService.updateDeviceLockedStatus():2087 repeatCheckTimes = 0, unlocked = true
11-20 13:54:59.254  1770  1770 I GoogleInputMethodService: GoogleInputMethodService.onStartInput():1877 onStartInput(EditorInfo{inputType=0x0(NULL) imeOptions=0x0 privateImeOptions=null actionName=UNSPECIFIED actionLabel=null actionId=0 initialSelStart=-1 initialSelEnd=-1 initialCapsMode=0x0 hintText=null label=null packageName=com.example.dogglers fieldId=0 fieldName=null extras=null}, false)
11-20 13:54:59.254  1770  1770 I GoogleInputMethodService: GoogleInputMethodService.shouldHideHeaderOnInitialState():4008 ShouldHideHeaderOnInitialState = false
11-20 13:54:59.255  1770  1770 I GoogleInputMethodService: GoogleInputMethodService.updateDeviceLockedStatus():2087 repeatCheckTimes = 2, unlocked = true
11-20 13:54:59.264 12240 12240 D LifecycleMonitor: Lifecycle status change: androidx.test.core.app.InstrumentationActivityInvoker$EmptyActivity@c86aad4 in: DESTROYED
11-20 13:54:59.266 12240 12240 V ActivityScenario: Activity lifecycle changed event received but ignored because the intent does not match. startActivityIntent=Intent { act=android.intent.action.MAIN cat=[android.intent.category.LAUNCHER] cmp=com.example.dogglers/.GridListActivity }, activity.getIntent()=Intent { act=android.intent.action.MAIN cat=[android.intent.category.LAUNCHER] flg=0x10000000 cmp=com.example.dogglers/androidx.test.core.app.InstrumentationActivityInvoker$EmptyActivity }, activity=androidx.test.core.app.InstrumentationActivityInvoker$EmptyActivity@c86aad4
11-20 13:54:59.267 12240 12240 W WindowOnBackDispatcher: sendCancelIfRunning: isInProgress=falsecallback=android.view.ViewRootImpl$$ExternalSyntheticLambda17@520eb79
11-20 13:54:59.269   574  2557 W InputManager-JNI: Input channel object '804a660 com.example.dogglers/androidx.test.core.app.InstrumentationActivityInvoker$EmptyActivity (client)' was disposed without first being removed with the input manager!
11-20 13:54:59.275   430   430 I BpBinder: onLastStrongRef automatically unlinking death recipients:
11-20 13:54:59.280 12240 12240 D LifecycleMonitor: Lifecycle status change: androidx.test.core.app.InstrumentationActivityInvoker$EmptyActivity@23b86ed in: PAUSED
11-20 13:54:59.281 12240 12240 V ActivityScenario: Activity lifecycle changed event received but ignored because the intent does not match. startActivityIntent=Intent { act=android.intent.action.MAIN cat=[android.intent.category.LAUNCHER] cmp=com.example.dogglers/.GridListActivity }, activity.getIntent()=Intent { act=android.intent.action.MAIN cat=[android.intent.category.LAUNCHER] flg=0x10000000 cmp=com.example.dogglers/androidx.test.core.app.InstrumentationActivityInvoker$EmptyActivity }, activity=androidx.test.core.app.InstrumentationActivityInvoker$EmptyActivity@23b86ed
11-20 13:54:59.290 12240 12263 E TestRunner: failed: vertical_scrolling(com.example.dogglers.GridListTests)
11-20 13:54:59.290 12240 12263 E TestRunner: ----- begin exception -----
11-20 13:54:59.294  1277  1277 D AutofillManager: view is not autofillable - activity denied for autofill
11-20 13:54:59.310 12240 12263 E TestRunner: androidx.test.espresso.base.DefaultFailureHandler$AssertionFailedWithCauseError: '(view has effective visibility <VISIBLE> and view.getGlobalVisibleRect() to return non-empty rectangle)' doesn't match the selected view.
11-20 13:54:59.310 12240 12263 E TestRunner: Expected: (view has effective visibility <VISIBLE> and view.getGlobalVisibleRect() to return non-empty rectangle)
11-20 13:54:59.310 12240 12263 E TestRunner:      Got: view.getGlobalVisibleRect() returned empty rectangle
11-20 13:54:59.310 12240 12263 E TestRunner: View Details: MaterialTextView{id=2131231173, res-name=textViewName, visibility=VISIBLE, width=122, height=71, has-focus=false, has-focusable=false, has-window-focus=true, is-clickable=false, is-enabled=true, is-focused=false, is-focusable=false, is-layout-requested=false, is-selected=false, layout-params=androidx.constraintlayout.widget.ConstraintLayout$LayoutParams@769571a, tag=null, root-is-layout-requested=false, has-input-connection=false, x=21.0, y=509.0, text=Bella, input-type=0, ime-target=false, has-links=false}
11-20 13:54:59.310 12240 12263 E TestRunner:
11-20 13:54:59.310 12240 12263 E TestRunner: 	at dalvik.system.VMStack.getThreadStackTrace(Native Method)
11-20 13:54:59.310 12240 12263 E TestRunner: 	at java.lang.Thread.getStackTrace(Thread.java:1841)
11-20 13:54:59.310 12240 12263 E TestRunner: 	at androidx.test.espresso.base.DefaultFailureHandler.getUserFriendlyError(DefaultFailureHandler.java:12)
11-20 13:54:59.310 12240 12263 E TestRunner: 	at androidx.test.espresso.base.DefaultFailureHandler.handle(DefaultFailureHandler.java:7)
11-20 13:54:59.310 12240 12263 E TestRunner: 	at androidx.test.espresso.ViewInteraction.waitForAndHandleInteractionResults(ViewInteraction.java:5)
11-20 13:54:59.310 12240 12263 E TestRunner: 	at androidx.test.espresso.ViewInteraction.check(ViewInteraction.java:12)
11-20 13:54:59.310 12240 12263 E TestRunner: 	at com.example.dogglers.GridListTests.vertical_scrolling(GridListTests.kt:61)
11-20 13:54:59.310 12240 12263 E TestRunner: 	at java.lang.reflect.Method.invoke(Native Method)
11-20 13:54:59.310 12240 12263 E TestRunner: 	at org.junit.runners.model.FrameworkMethod$1.runReflectiveCall(FrameworkMethod.java:50)
11-20 13:54:59.310 12240 12263 E TestRunner: 	at org.junit.internal.runners.model.ReflectiveCallable.run(ReflectiveCallable.java:12)
11-20 13:54:59.310 12240 12263 E TestRunner: 	at org.junit.runners.model.FrameworkMethod.invokeExplosively(FrameworkMethod.java:47)
11-20 13:54:59.310 12240 12263 E TestRunner: 	at org.junit.internal.runners.statements.InvokeMethod.evaluate(InvokeMethod.java:17)
11-20 13:54:59.310 12240 12263 E TestRunner: 	at org.junit.rules.ExternalResource$1.evaluate(ExternalResource.java:48)
11-20 13:54:59.310 12240 12263 E TestRunner: 	at org.junit.rules.RunRules.evaluate(RunRules.java:20)
11-20 13:54:59.310 12240 12263 E TestRunner: 	at org.junit.runners.ParentRunner.runLeaf(ParentRunner.java:325)
11-20 13:54:59.310 12240 12263 E TestRunner: 	at org.junit.runners.BlockJUnit4ClassRunner.runChild(BlockJUnit4ClassRunner.java:78)
11-20 13:54:59.310 12240 12263 E TestRunner: 	at org.junit.runners.BlockJUnit4ClassRunner.runChild(BlockJUnit4ClassRunner.java:57)
11-20 13:54:59.310 12240 12263 E TestRunner: 	at org.junit.runners.ParentRunner$3.run(ParentRunner.java:290)
11-20 13:54:59.310 12240 12263 E TestRunner: 	at org.junit.runners.ParentRunner$1.schedule(ParentRunner.java:71)
11-20 13:54:59.310 12240 12263 E TestRunner: 	at org.junit.runners.ParentRunner.runChildren(ParentRunner.java:288)
11-20 13:54:59.310 12240 12263 E TestRunner: 	at org.junit.runners.ParentRunner.access$000(ParentRunner.java:58)
11-20 13:54:59.310 12240 12263 E TestRunner: 	at org.junit.runners.ParentRunner$2.evaluate(ParentRunner.java:268)
11-20 13:54:59.310 12240 12263 E TestRunner: 	at org.junit.runners.ParentRunner.run(ParentRunner.java:363)
11-20 13:54:59.310 12240 12263 E TestRunner: 	at androidx.test.ext.junit.runners.AndroidJUnit4.run(AndroidJUnit4.java:162)
11-20 13:54:59.310 12240 12263 E TestRunner: 	at org.junit.runners.Suite.runChild(Suite.java:128)
11-20 13:54:59.310 12240 12263 E TestRunner: 	at org.junit.runners.Suite.runChild(Suite.java:27)
11-20 13:54:59.310 12240 12263 E TestRunner: 	at org.junit.runners.ParentRunner$3.run(ParentRunner.java:290)
11-20 13:54:59.310 12240 12263 E TestRunner: 	at org.junit.runners.ParentRunner$1.schedule(ParentRunner.java:71)
11-20 13:54:59.310 12240 12263 E TestRunner: 	at org.junit.runners.ParentRunner.runChildren(ParentRunner.java:288)
11-20 13:54:59.310 12240 12263 E TestRunner: 	at org.junit.runners.ParentRunner.access$000(ParentRunner.java:58)
11-20 13:54:59.310 12240 12263 E TestRunner: 	at org.junit.runners.ParentRunner$2.evaluate(ParentRunner.java:268)
11-20 13:54:59.310 12240 12263 E TestRunner: 	at org.junit.runners.ParentRunner.run(ParentRunner.java:363)
11-20 13:54:59.310 12240 12263 E TestRunner: 	at org.junit.runner.JUnitCore.run(JUnitCore.java:137)
11-20 13:54:59.310 12240 12263 E TestRunner: 	at org.junit.runner.JUnitCore.run(JUnitCore.java:115)
11-20 13:54:59.310 12240 12263 E TestRunner: 	at androidx.test.internal.runner.TestExecutor.execute(TestExecutor.java:56)
11-20 13:54:59.310 12240 12263 E TestRunner: 	at androidx.test.runner.AndroidJUnitRunner.onStart(AndroidJUnitRunner.java:444)
11-20 13:54:59.310 12240 12263 E TestRunner: 	at android.app.Instrumentation$InstrumentationThread.run(Instrumentation.java:2402)
11-20 13:54:59.310 12240 12263 E TestRunner: Caused by: junit.framework.AssertionFailedError: '(view has effective visibility <VISIBLE> and view.getGlobalVisibleRect() to return non-empty rectangle)' doesn't match the selected view.
11-20 13:54:59.310 12240 12263 E TestRunner: Expected: (view has effective visibility <VISIBLE> and view.getGlobalVisibleRect() to return non-empty rectangle)
11-20 13:54:59.310 12240 12263 E TestRunner:      Got: view.getGlobalVisibleRect() returned empty rectangle
11-20 13:54:59.311 12240 12263 E TestRunner: View Details: MaterialTextView{id=2131231173, res-name=textViewName, visibility=VISIBLE, width=122, height=71, has-focus=false, has-focusable=false, has-window-focus=true, is-clickable=false, is-enabled=true, is-focused=false, is-focusable=false, is-layout-requested=false, is-selected=false, layout-params=androidx.constraintlayout.widget.ConstraintLayout$LayoutParams@769571a, tag=null, root-is-layout-requested=false, has-input-connection=false, x=21.0, y=509.0, text=Bella, input-type=0, ime-target=false, has-links=false}
11-20 13:54:59.311 12240 12263 E TestRunner:
11-20 13:54:59.311 12240 12263 E TestRunner: 	at androidx.test.espresso.matcher.ViewMatchers.assertThat(ViewMatchers.java:16)
11-20 13:54:59.311 12240 12263 E TestRunner: 	at androidx.test.espresso.assertion.ViewAssertions$MatchesViewAssertion.check(ViewAssertions.java:11)
11-20 13:54:59.311 12240 12263 E TestRunner: 	at androidx.test.espresso.ViewInteraction$SingleExecutionViewAssertion.check(ViewInteraction.java:2)
11-20 13:54:59.311 12240 12263 E TestRunner: 	at androidx.test.espresso.ViewInteraction$2.call(ViewInteraction.java:12)
11-20 13:54:59.311 12240 12263 E TestRunner: 	at androidx.test.espresso.ViewInteraction$2.call(ViewInteraction.java:1)
11-20 13:54:59.311 12240 12263 E TestRunner: 	at java.util.concurrent.FutureTask.run(FutureTask.java:264)
11-20 13:54:59.311 12240 12263 E TestRunner: 	at android.os.Handler.handleCallback(Handler.java:958)
11-20 13:54:59.311 12240 12263 E TestRunner: 	at android.os.Handler.dispatchMessage(Handler.java:99)
11-20 13:54:59.311 12240 12263 E TestRunner: 	at android.os.Looper.loopOnce(Looper.java:205)
11-20 13:54:59.311 12240 12263 E TestRunner: 	at android.os.Looper.loop(Looper.java:294)
11-20 13:54:59.311 12240 12263 E TestRunner: 	at android.app.ActivityThread.main(ActivityThread.java:8177)
11-20 13:54:59.311 12240 12263 E TestRunner: 	at java.lang.reflect.Method.invoke(Native Method)
11-20 13:54:59.311 12240 12263 E TestRunner: 	at com.android.internal.os.RuntimeInit$MethodAndArgsCaller.run(RuntimeInit.java:552)
11-20 13:54:59.311 12240 12263 E TestRunner: 	at com.android.internal.os.ZygoteInit.main(ZygoteInit.java:971)
11-20 13:54:59.311 12240 12263 E TestRunner: ----- end exception -----
11-20 13:54:59.342 12240 12263 I TestRunner: finished: vertical_scrolling(com.example.dogglers.GridListTests)
