11-20 13:54:33.548 12240 12263 I TestRunner: started: grid_list_button_is_displayed(com.example.dogglers.ButtonTests)
11-20 13:54:33.559 12240 12263 W Settings: Setting always_finish_activities has moved from android.provider.Settings.System to android.provider.Settings.Global, returning read-only value.
11-20 13:54:33.570 12240 12263 D CompatibilityChangeReporter: Compat change id reported: 160794467; UID 10186; state: ENABLED
11-20 13:54:33.634   989  1041 D SplashScreenView: Build android.window.SplashScreenView{893168d V.E...... ......ID 0,0-0,0}
11-20 13:54:33.634   989  1041 D SplashScreenView: Icon: view: null drawable: null size: 0
11-20 13:54:33.634   989  1041 D SplashScreenView: Branding: view: android.view.View{58dc042 G.ED..... ......I. 0,0-0,0 #10204ef android:id/splashscreen_branding_view} drawable: null size w: 0 h: 0
11-20 13:54:33.640   430   430 I BpBinder: onLastStrongRef automatically unlinking death recipients:
11-20 13:54:33.648 12240 12268 D libEGL  : loaded /vendor/lib64/egl/libEGL_emulation.so
11-20 13:54:33.653 12240 12240 D LifecycleMonitor: Lifecycle status change: androidx.test.core.app.InstrumentationActivityInvoker$BootstrapActivity@7140e80 in: PRE_ON_CREATE
11-20 13:54:33.655 12240 12268 D libEGL  : loaded /vendor/lib64/egl/libGLESv1_CM_emulation.so
11-20 13:54:33.654 12240 12240 V ActivityScenario: Activity lifecycle changed event received but ignored because the intent does not match. startActivityIntent=Intent { act=android.intent.action.MAIN cat=[android.intent.category.LAUNCHER] cmp=com.example.dogglers/.MainActivity }, activity.getIntent()=Intent { act=android.intent.action.MAIN cat=[android.intent.category.LAUNCHER] flg=0x10008000 cmp=com.example.dogglers/androidx.test.core.app.InstrumentationActivityInvoker$BootstrapActivity (has extras) }, activity=androidx.test.core.app.InstrumentationActivityInvoker$BootstrapActivity@7140e80
11-20 13:54:33.659 12240 12268 D libEGL  : loaded /vendor/lib64/egl/libGLESv2_emulation.so
11-20 13:54:33.742 12240 12240 D CompatibilityChangeReporter: Compat change id reported: 210923482; UID 10186; state: DISABLED
11-20 13:54:33.742 12240 12240 D CompatibilityChangeReporter: Compat change id reported: 37756858; UID 10186; state: ENABLED
11-20 13:54:33.746 12240 12240 D LifecycleMonitor: Lifecycle status change: androidx.test.core.app.InstrumentationActivityInvoker$BootstrapActivity@7140e80 in: CREATED
11-20 13:54:33.746 12240 12240 V ActivityScenario: Activity lifecycle changed event received but ignored because the intent does not match. startActivityIntent=Intent { act=android.intent.action.MAIN cat=[android.intent.category.LAUNCHER] cmp=com.example.dogglers/.MainActivity }, activity.getIntent()=Intent { act=android.intent.action.MAIN cat=[android.intent.category.LAUNCHER] flg=0x10008000 cmp=com.example.dogglers/androidx.test.core.app.InstrumentationActivityInvoker$BootstrapActivity (has extras) }, activity=androidx.test.core.app.InstrumentationActivityInvoker$BootstrapActivity@7140e80
11-20 13:54:33.749 12240 12240 D LifecycleMonitor: Lifecycle status change: androidx.test.core.app.InstrumentationActivityInvoker$BootstrapActivity@7140e80 in: STARTED
11-20 13:54:33.750 12240 12240 V ActivityScenario: Activity lifecycle changed event received but ignored because the intent does not match. startActivityIntent=Intent { act=android.intent.action.MAIN cat=[android.intent.category.LAUNCHER] cmp=com.example.dogglers/.MainActivity }, activity.getIntent()=Intent { act=android.intent.action.MAIN cat=[android.intent.category.LAUNCHER] flg=0x10008000 cmp=com.example.dogglers/androidx.test.core.app.InstrumentationActivityInvoker$BootstrapActivity (has extras) }, activity=androidx.test.core.app.InstrumentationActivityInvoker$BootstrapActivity@7140e80
11-20 13:54:33.766 12240 12240 D LifecycleMonitor: Lifecycle status change: androidx.test.core.app.InstrumentationActivityInvoker$BootstrapActivity@7140e80 in: RESUMED
11-20 13:54:33.766 12240 12240 V ActivityScenario: Activity lifecycle changed event received but ignored because the intent does not match. startActivityIntent=Intent { act=android.intent.action.MAIN cat=[android.intent.category.LAUNCHER] cmp=com.example.dogglers/.MainActivity }, activity.getIntent()=Intent { act=android.intent.action.MAIN cat=[android.intent.category.LAUNCHER] flg=0x10008000 cmp=com.example.dogglers/androidx.test.core.app.InstrumentationActivityInvoker$BootstrapActivity (has extras) }, activity=androidx.test.core.app.InstrumentationActivityInvoker$BootstrapActivity@7140e80
11-20 13:54:33.771   989  1038 W Choreographer: Frame time is 1.107599 ms in the future!  Check that graphics HAL is generating vsync timestamps using the correct timebase.
11-20 13:54:33.772 12240 12240 D LifecycleMonitor: Lifecycle status change: androidx.test.core.app.InstrumentationActivityInvoker$BootstrapActivity@7140e80 in: PAUSED
11-20 13:54:33.773 12240 12240 V ActivityScenario: Activity lifecycle changed event received but ignored because the intent does not match. startActivityIntent=Intent { act=android.intent.action.MAIN cat=[android.intent.category.LAUNCHER] cmp=com.example.dogglers/.MainActivity }, activity.getIntent()=Intent { act=android.intent.action.MAIN cat=[android.intent.category.LAUNCHER] flg=0x10008000 cmp=com.example.dogglers/androidx.test.core.app.InstrumentationActivityInvoker$BootstrapActivity (has extras) }, activity=androidx.test.core.app.InstrumentationActivityInvoker$BootstrapActivity@7140e80
11-20 13:54:33.800  1277  2186 D EGL_emulation: app_time_stats: avg=4190.57ms min=4190.57ms max=4190.57ms count=1
11-20 13:54:33.853 12240 12240 D LifecycleMonitor: Lifecycle status change: com.example.dogglers.MainActivity@34efedc in: PRE_ON_CREATE
11-20 13:54:33.853 12240 12240 V ActivityScenario: Activity lifecycle changed event received but ignored because the reported transition was not ON_CREATE while the last known transition was PRE_ON_CREATE
11-20 13:54:33.855   989  1038 W Choreographer: Frame time is 0.130132 ms in the future!  Check that graphics HAL is generating vsync timestamps using the correct timebase.
11-20 13:54:33.888   989  1038 W Choreographer: Frame time is 0.662094 ms in the future!  Check that graphics HAL is generating vsync timestamps using the correct timebase.
11-20 13:54:33.939   989  1038 W Choreographer: Frame time is 0.438584 ms in the future!  Check that graphics HAL is generating vsync timestamps using the correct timebase.
11-20 13:54:33.989   989  1038 W Choreographer: Frame time is 0.270972 ms in the future!  Check that graphics HAL is generating vsync timestamps using the correct timebase.
11-20 13:54:33.996 12240 12240 W xample.dogglers: Accessing hidden method Landroid/view/View;->computeFitSystemWindows(Landroid/graphics/Rect;Landroid/graphics/Rect;)Z (unsupported, reflection, allowed)
11-20 13:54:33.996 12240 12240 W xample.dogglers: Accessing hidden method Landroid/view/ViewGroup;->makeOptionalFitsSystemWindows()V (unsupported, reflection, allowed)
11-20 13:54:34.004 12240 12240 D LifecycleMonitor: Lifecycle status change: com.example.dogglers.MainActivity@34efedc in: CREATED
11-20 13:54:34.006 12240 12240 V ActivityScenario: Update currentActivityStage to CREATED, currentActivity=com.example.dogglers.MainActivity@34efedc
11-20 13:54:34.006   989  1038 W Choreographer: Frame time is 0.097502 ms in the future!  Check that graphics HAL is generating vsync timestamps using the correct timebase.
11-20 13:54:34.009 12240 12240 D LifecycleMonitor: Lifecycle status change: com.example.dogglers.MainActivity@34efedc in: STARTED
11-20 13:54:34.010 12240 12240 V ActivityScenario: Update currentActivityStage to STARTED, currentActivity=com.example.dogglers.MainActivity@34efedc
11-20 13:54:34.012 12240 12240 D LifecycleMonitor: Lifecycle status change: com.example.dogglers.MainActivity@34efedc in: RESUMED
11-20 13:54:34.013 12240 12240 V ActivityScenario: Update currentActivityStage to RESUMED, currentActivity=com.example.dogglers.MainActivity@34efedc
11-20 13:54:34.032 12240 12240 D CompatibilityChangeReporter: Compat change id reported: 237531167; UID 10186; state: DISABLED
11-20 13:54:34.031 12240 12263 D EventInjectionStrategy: Creating injection strategy with input manager.
11-20 13:54:34.031 12240 12263 W xample.dogglers: Accessing hidden method Landroid/hardware/input/InputManager;->getInstance()Landroid/hardware/input/InputManager; (unsupported, reflection, allowed)
11-20 13:54:34.032 12240 12263 W xample.dogglers: Accessing hidden method Landroid/hardware/input/InputManager;->injectInputEvent(Landroid/view/InputEvent;I)Z (unsupported, reflection, allowed)
11-20 13:54:34.032 12240 12263 W xample.dogglers: Accessing hidden field Landroid/hardware/input/InputManager;->INJECT_INPUT_EVENT_MODE_WAIT_FOR_FINISH:I (unsupported, reflection, allowed)
11-20 13:54:34.035 12240 12240 W OpenGLRenderer: Unknown dataspace 0
11-20 13:54:34.092  1277  1277 D AutofillManager: view is not autofillable - activity denied for autofill
11-20 13:54:34.100 12127 12127 I AidlLazyServiceRegistrar: Process has 0 (of 1 available) client(s) in use after notification artd has clients: 0
11-20 13:54:34.100 12127 12127 I AidlLazyServiceRegistrar: Trying to shut down the service. No clients in use for any service in process.
11-20 13:54:34.107 12127 12127 I AidlLazyServiceRegistrar: Unregistered all clients and exiting
11-20 13:54:34.134  5846  5846 D BoundBrokerSvc: onUnbind: Intent { act=com.google.android.contextmanager.service.ContextManagerService.START pkg=com.google.android.gms }
11-20 13:54:34.150 12240 12266 W OpenGLRenderer: Failed to initialize 101010-2 format, error = EGL_SUCCESS
11-20 13:54:34.195   159   159 I hwservicemanager: getTransport: Cannot find entry android.hardware.graphics.mapper@4.0::IMapper/default in either framework or device VINTF manifest.
11-20 13:54:34.195 12240 12266 I Gralloc4: mapper 4.x is not supported
11-20 13:54:34.424  5846  5846 D BoundBrokerSvc: onUnbind: Intent { act=com.google.android.gms.clearcut.bootcount.service.START dat=chimera-action:/... cmp=com.google.android.gms/.chimera.PersistentBoundBrokerService }
11-20 13:54:34.504   574   595 W ziparchive: Unable to open '/data/app/~~g9pGXw6zzmInD44PnXlZug==/com.example.dogglers-fFkVg-hwOoV9dkaT6QJ7gg==/base.dm': No such file or directory
11-20 13:54:34.505   574   595 I ActivityTaskManager: Displayed com.example.dogglers/.MainActivity for user 0: +932ms
11-20 13:54:34.571 12240 12240 W xample.dogglers: Accessing hidden method Landroid/os/MessageQueue;->next()Landroid/os/Message; (unsupported, reflection, allowed)
11-20 13:54:34.571 12240 12240 W xample.dogglers: Accessing hidden field Landroid/os/MessageQueue;->mMessages:Landroid/os/Message; (unsupported, reflection, allowed)
11-20 13:54:34.572 12240 12240 W xample.dogglers: Accessing hidden method Landroid/os/Message;->recycleUnchecked()V (unsupported, reflection, allowed)
11-20 13:54:34.585   574  2099 I ImeTracker: com.example.dogglers:15c8a0cc: onRequestHide at ORIGIN_SERVER_HIDE_INPUT reason HIDE_UNSPECIFIED_WINDOW
11-20 13:54:34.586   574  2099 I ImeTracker: com.example.dogglers:15c8a0cc: onCancelled at PHASE_SERVER_SHOULD_HIDE
11-20 13:54:34.634  5846  6060 I FontLog : Received query Noto Color Emoji Compat, URI content://com.google.android.gms.fonts [CONTEXT service_id=132 ]
11-20 13:54:34.635  5846  6060 I FontLog : Query [emojicompat-emoji-font] resolved to {Noto Color Emoji Compat, wdth 100.0, wght 400, ital 0.0, bestEffort false} [CONTEXT service_id=132 ]
11-20 13:54:34.638  1770  1770 I GoogleInputMethodService: GoogleInputMethodService.onFinishInput():3227
11-20 13:54:34.638  5846  6060 I FontLog : Fetch {Noto Color Emoji Compat, wdth 100.0, wght 400, ital 0.0, bestEffort false} end status Status{statusCode=SUCCESS, resolution=null} [CONTEXT service_id=132 ]
11-20 13:54:34.654  1770  1770 I GoogleInputMethodService: GoogleInputMethodService.updateDeviceLockedStatus():2087 repeatCheckTimes = 0, unlocked = true
11-20 13:54:34.655  1770  1770 I GoogleInputMethodService: GoogleInputMethodService.onStartInput():1877 onStartInput(EditorInfo{inputType=0x0(NULL) imeOptions=0x0 privateImeOptions=null actionName=UNSPECIFIED actionLabel=null actionId=0 initialSelStart=-1 initialSelEnd=-1 initialCapsMode=0x0 hintText=null label=null packageName=com.example.dogglers fieldId=0 fieldName=null extras=null}, false)
11-20 13:54:34.655  1770  1770 I GoogleInputMethodService: GoogleInputMethodService.shouldHideHeaderOnInitialState():4008 ShouldHideHeaderOnInitialState = false
11-20 13:54:34.655  1770  1770 I GoogleInputMethodService: GoogleInputMethodService.updateDeviceLockedStatus():2087 repeatCheckTimes = 2, unlocked = true
11-20 13:54:34.666  5846  6060 I FontLog : Pulling font file for id = 35, cache size = 6 [CONTEXT service_id=132 ]
11-20 13:54:34.670  5846  6060 I FontLog : Pulling font file for id = 35, cache size = 6 [CONTEXT service_id=132 ]
11-20 13:54:34.837 12240 12240 W xample.dogglers: Accessing hidden method Landroid/view/WindowManagerGlobal;->getInstance()Landroid/view/WindowManagerGlobal; (unsupported, reflection, allowed)
11-20 13:54:34.837 12240 12240 W xample.dogglers: Accessing hidden field Landroid/view/WindowManagerGlobal;->mViews:Ljava/util/ArrayList; (unsupported, reflection, allowed)
11-20 13:54:34.838 12240 12240 W xample.dogglers: Accessing hidden field Landroid/view/WindowManagerGlobal;->mParams:Ljava/util/ArrayList; (unsupported, reflection, allowed)
11-20 13:54:34.843 12240 12240 D CompatibilityChangeReporter: Compat change id reported: 247079863; UID 10186; state: DISABLED
11-20 13:54:34.843 12240 12240 I ViewInteraction: Checking 'MatchesViewAssertion{viewMatcher=(view has effective visibility <VISIBLE> and view.getGlobalVisibleRect() to return non-empty rectangle)}' assertion on view view.getId() is <2131230932/com.example.dogglers:id/grid_btn>
11-20 13:54:34.851  1277  2425 D OneSearchSuggestProvider: Shut down the binder channel
11-20 13:54:34.856  1277  1322 I ImeTracker: com.google.android.apps.nexuslauncher:eaaa75ea: onRequestHide at ORIGIN_CLIENT_HIDE_SOFT_INPUT reason HIDE_SOFT_INPUT
11-20 13:54:34.856  1277  1322 I ImeTracker: com.google.android.apps.nexuslauncher:eaaa75ea: onFailed at PHASE_CLIENT_VIEW_SERVED
11-20 13:54:34.857  1277  2393 I IPCThreadState: oneway function results for code 2 on binder at 0x76632bbfadd0 will be dropped but finished with status UNKNOWN_TRANSACTION
11-20 13:54:34.863 12240 12240 D LifecycleMonitor: Lifecycle status change: androidx.test.core.app.InstrumentationActivityInvoker$BootstrapActivity@7140e80 in: STOPPED
11-20 13:54:34.885 12240 12240 V ActivityScenario: Activity lifecycle changed event received but ignored because the intent does not match. startActivityIntent=Intent { act=android.intent.action.MAIN cat=[android.intent.category.LAUNCHER] cmp=com.example.dogglers/.MainActivity }, activity.getIntent()=Intent { act=android.intent.action.MAIN cat=[android.intent.category.LAUNCHER] flg=0x10008000 cmp=com.example.dogglers/androidx.test.core.app.InstrumentationActivityInvoker$BootstrapActivity (has extras) }, activity=androidx.test.core.app.InstrumentationActivityInvoker$BootstrapActivity@7140e80
11-20 13:54:34.887  2640  2640 W Choreographer: Frame time is 2.115849 ms in the future!  Check that graphics HAL is generating vsync timestamps using the correct timebase.
11-20 13:54:34.902  2640  8747 I PBSessionCacheImpl: Deleted sessionId[11612542089730644] from persistence.
11-20 13:54:34.908   989  1054 D EGL_emulation: app_time_stats: avg=11122.85ms min=11122.85ms max=11122.85ms count=1
11-20 13:54:34.962 12240 12240 D LifecycleMonitor: Lifecycle status change: com.example.dogglers.MainActivity@34efedc in: PAUSED
11-20 13:54:34.963 12240 12240 V ActivityScenario: Update currentActivityStage to PAUSED, currentActivity=com.example.dogglers.MainActivity@34efedc
11-20 13:54:34.980 11996 12073 I Bugle   : BugleStartup: Registering SIM change receiver...
11-20 13:54:34.980 11996 12073 I Bugle   : BugleStartup: Updating app config...
11-20 13:54:34.989   430   430 I BpBinder: onLastStrongRef automatically unlinking death recipients:
11-20 13:54:34.995   989  1040 W WindowOnBackDispatcher: sendCancelIfRunning: isInProgress=falsecallback=android.view.ViewRootImpl$$ExternalSyntheticLambda17@da78e89
11-20 13:54:34.999   574  2099 W InputManager-JNI: Input channel object '2075ff1 Splash Screen com.example.dogglers (client)' was disposed without first being removed with the input manager!
11-20 13:54:35.003 12240 12240 D LifecycleMonitor: Lifecycle status change: androidx.test.core.app.InstrumentationActivityInvoker$EmptyActivity@479b253 in: PRE_ON_CREATE
11-20 13:54:35.004 12240 12240 V ActivityScenario: Activity lifecycle changed event received but ignored because the intent does not match. startActivityIntent=Intent { act=android.intent.action.MAIN cat=[android.intent.category.LAUNCHER] cmp=com.example.dogglers/.MainActivity }, activity.getIntent()=Intent { act=android.intent.action.MAIN cat=[android.intent.category.LAUNCHER] flg=0x10000000 cmp=com.example.dogglers/androidx.test.core.app.InstrumentationActivityInvoker$EmptyActivity }, activity=androidx.test.core.app.InstrumentationActivityInvoker$EmptyActivity@479b253
11-20 13:54:35.015 12240 12240 D LifecycleMonitor: Lifecycle status change: androidx.test.core.app.InstrumentationActivityInvoker$EmptyActivity@479b253 in: CREATED
11-20 13:54:35.016 12240 12240 V ActivityScenario: Activity lifecycle changed event received but ignored because the intent does not match. startActivityIntent=Intent { act=android.intent.action.MAIN cat=[android.intent.category.LAUNCHER] cmp=com.example.dogglers/.MainActivity }, activity.getIntent()=Intent { act=android.intent.action.MAIN cat=[android.intent.category.LAUNCHER] flg=0x10000000 cmp=com.example.dogglers/androidx.test.core.app.InstrumentationActivityInvoker$EmptyActivity }, activity=androidx.test.core.app.InstrumentationActivityInvoker$EmptyActivity@479b253
11-20 13:54:35.018 11996 12073 I Bugle   : BugleStartup: Done with SIM change receiver & app config.
11-20 13:54:35.018 11996 12073 I Bugle   : BugleStartup: Handling shared prefs upgrade & Load MMS Configuration...
11-20 13:54:35.019 12240 12240 D LifecycleMonitor: Lifecycle status change: androidx.test.core.app.InstrumentationActivityInvoker$EmptyActivity@479b253 in: STARTED
11-20 13:54:35.020 12240 12240 V ActivityScenario: Activity lifecycle changed event received but ignored because the intent does not match. startActivityIntent=Intent { act=android.intent.action.MAIN cat=[android.intent.category.LAUNCHER] cmp=com.example.dogglers/.MainActivity }, activity.getIntent()=Intent { act=android.intent.action.MAIN cat=[android.intent.category.LAUNCHER] flg=0x10000000 cmp=com.example.dogglers/androidx.test.core.app.InstrumentationActivityInvoker$EmptyActivity }, activity=androidx.test.core.app.InstrumentationActivityInvoker$EmptyActivity@479b253
11-20 13:54:35.025 12240 12240 D LifecycleMonitor: Lifecycle status change: androidx.test.core.app.InstrumentationActivityInvoker$EmptyActivity@479b253 in: RESUMED
11-20 13:54:35.026 12240 12240 V ActivityScenario: Activity lifecycle changed event received but ignored because the intent does not match. startActivityIntent=Intent { act=android.intent.action.MAIN cat=[android.intent.category.LAUNCHER] cmp=com.example.dogglers/.MainActivity }, activity.getIntent()=Intent { act=android.intent.action.MAIN cat=[android.intent.category.LAUNCHER] flg=0x10000000 cmp=com.example.dogglers/androidx.test.core.app.InstrumentationActivityInvoker$EmptyActivity }, activity=androidx.test.core.app.InstrumentationActivityInvoker$EmptyActivity@479b253
11-20 13:54:35.041  2640  3242 W SearchServiceCore: Abort, client detached.
11-20 13:54:35.092 11996 12060 I BugleRcsEngine: [67] bscg.c: do not delay first event
11-20 13:54:35.093 11996 12060 W BugleRcsEngine: [67] bscd.a: (Sim): process intent: android.intent.action.SIM_STATE_CHANGED
11-20 13:54:35.094 11996 12082 I Bugle   : BugleStartup: Initializing RCS availability...
11-20 13:54:35.098 11996 12282 I BugleRcsEngine: [93] bscg.c: SIM state event delay enabled: attempts 0, maxAttempts 3, delaySeconds 90 MSIM delayseconds 90, effective delay seconds 90
11-20 13:54:35.098 11996 12282 I BugleRcsEngine: [93] bscg.c: posted simEventProcessTask to handler with delay 90
11-20 13:54:35.098 11996 12082 I Bugle   : RcsAvailabilityUtilForProvisioningEngineV2: updateAvailabilityAsync, hint: NO_HINT
11-20 13:54:35.098 11996 12082 I BugleRcsProvisioning: RcsAvailabilityUpdaterLocal: updateAvailabilityAsync: scheduling updateRcsAvailability call, hint: NO_HINT, enableWelcomePopupWithoutGoogleTos: false, reshowSuccessPopup: false
11-20 13:54:35.098 11996 12082 I Bugle   : BugleStartup: Done with RCS availability.
11-20 13:54:35.098 11996 12082 I Bugle   : BugleStartup: Done initializing with enabled individual init failures.
11-20 13:54:35.105 11996 12282 I BugleRcsEngine: [93] bscd.o: (Sim): Processing an intent
11-20 13:54:35.106 11996 12282 I BugleRcsEngine: [93] bscd.Q: (Sim): SIM state ABSENT
11-20 13:54:35.108 11996 12282 I BugleRcsEngine: [93] bscd.I: (Sim): Broadcasting Intent { act=com.google.android.ims.SIM_ABSENT }
11-20 13:54:35.109 11996 11996 I Bugle   : SimChangeReceiver: action: com.google.android.ims.SIM_ABSENT
11-20 13:54:35.113 11996 12282 I BugleRcsEngine: [93] bsgz.b: EngineBroadcaster: Broadcasting provisioning intent rcs.intent.action.defaultVoiceSimRemoved to Bugle with extras redacted-pii:[chars:61] from source SIM_STATE_TRACKER
11-20 13:54:35.118 11996 12073 W BugleRcsEngine: [70] brcu.d: [SR]: Single Registration is disabled. Skipping Single Registration capability check for subId: 1, OS.isAtLeastS:[true], enableSingleRegistrationProvisioning:[false]
11-20 13:54:35.118 11996 12073 I BugleRcsEngine: [70] brnl.e: No RCS Configuration was found in Bugle for simID: redacted-pii:sim_id[chars:20,last3:897]
11-20 13:54:35.119 11996 12073 I BugleRcsProvisioning: RcsAvailabilityUpdaterLocal: RcsAvailability configuration availability and enabled status: simId: redacted-pii:sim_id[chars:20,last3:897], SipConnectionType: DUAL_REG, isConfigurationAvailableAndEnabled: false
11-20 13:54:35.196 11996 12073 I BugleRcsProvisioning: RcsAvailabilityUpdaterLocal: updateRcsAvailability, currentAvailability: 9, newAvailability: 9, hint: NO_HINT
11-20 13:54:35.240 11996 12086 I BugleRcsEngine: [79] brnl.e: No RCS Configuration was found in Bugle for simID: redacted-pii:sim_id[chars:20,last3:897]
11-20 13:54:35.244 11996 12092 I Bugle   : BroadcastReceiverAsyncWorkTracker: Acknowledging broadcast of com.google.android.apps.messaging.rcsprovisioning.RcsProvisioningBroadcastReceiver@eba5c26
11-20 13:54:35.272  5846  5846 D BoundBrokerSvc: onBind: Intent { act=com.google.android.gms.pseudonymous.service.START pkg=com.google.android.gms }
11-20 13:54:35.272  5846  5846 D BoundBrokerSvc: Loading bound service for intent: Intent { act=com.google.android.gms.pseudonymous.service.START pkg=com.google.android.gms }
11-20 13:54:35.286 11996 12080 I BugleJobs: Starts to observe table change.
11-20 13:54:35.293 11996 12057 I BugleJobs: Icing index repair service is not scheduled. [CONTEXT class_name="IcingMonitoringUtils" ]
11-20 13:54:35.304 11996 12061 D CompatibilityChangeReporter: Compat change id reported: 147600208; UID 10124; state: ENABLED
11-20 13:54:35.319 11996 12092 I Forking : Starting analysis.
11-20 13:54:35.320 11996 12092 I Misthreading: Starting analysis.
11-20 13:54:35.371   574  2103 D ConnectivityService: requestNetwork for uid/pid:10124/11996 activeRequest: null callbackRequest: 218 [NetworkRequest [ REQUEST id=219, [ Capabilities: INTERNET&NOT_RESTRICTED&TRUSTED&NOT_VCN_MANAGED Uid: 10124 RequestorUid: 10124 RequestorPkg: com.google.android.apps.messaging UnderlyingNetworks: Null] ]] callback flags: 0 order: 2147483647
11-20 13:54:35.376   574   912 D ConnectivityService: NetReassign [no changes] [c 1] [a 0] [i 2]
11-20 13:54:35.377   574   905 D WifiNetworkFactory: got request NetworkRequest [ REQUEST id=219, [ Capabilities: INTERNET&NOT_RESTRICTED&TRUSTED&NOT_VCN_MANAGED Uid: 10124 RequestorUid: 10124 RequestorPkg: com.google.android.apps.messaging UnderlyingNetworks: Null] ]
11-20 13:54:35.378   574   905 D UntrustedWifiNetworkFactory: got request NetworkRequest [ REQUEST id=219, [ Capabilities: INTERNET&NOT_RESTRICTED&TRUSTED&NOT_VCN_MANAGED Uid: 10124 RequestorUid: 10124 RequestorPkg: com.google.android.apps.messaging UnderlyingNetworks: Null] ]
11-20 13:54:35.378   574   905 D OemPaidWifiNetworkFactory: got request NetworkRequest [ REQUEST id=219, [ Capabilities: INTERNET&NOT_RESTRICTED&TRUSTED&NOT_VCN_MANAGED Uid: 10124 RequestorUid: 10124 RequestorPkg: com.google.android.apps.messaging UnderlyingNetworks: Null] ]
11-20 13:54:35.378   574   905 D MultiInternetWifiNetworkFactory: got request NetworkRequest [ REQUEST id=219, [ Capabilities: INTERNET&NOT_RESTRICTED&TRUSTED&NOT_VCN_MANAGED Uid: 10124 RequestorUid: 10124 RequestorPkg: com.google.android.apps.messaging UnderlyingNetworks: Null] ]
11-20 13:54:35.413 11996 12082 W BugleAction: Failed to get msisdn from Bugle
11-20 13:54:35.421 11996 12082 W BugleAction: Failed to get msisdn from RcsProfileService
11-20 13:54:35.421 11996 12082 W BugleAction: cksi: Jibe SDK Service not available. Is the Jibe SDK service running? Did you call connect() and wait for the notification before calling an API function?
11-20 13:54:35.421 11996 12082 W BugleAction: 	at cksa.b(PG:2)
11-20 13:54:35.421 11996 12082 W BugleAction: 	at com.google.android.rcs.client.profile.RcsProfileService.g(PG:1)
11-20 13:54:35.421 11996 12082 W BugleAction: 	at com.google.android.rcs.client.profile.RcsProfileService.getMsisdn(PG:3)
11-20 13:54:35.421 11996 12082 W BugleAction: 	at awsw.aj(PG:17)
11-20 13:54:35.421 11996 12082 W BugleAction: 	at awsw.u(PG:1)
11-20 13:54:35.421 11996 12082 W BugleAction: 	at aule.g(PG:1)
11-20 13:54:35.421 11996 12082 W BugleAction: 	at aule.d(PG:1)
11-20 13:54:35.421 11996 12082 W BugleAction: 	at aops.e(PG:2)
11-20 13:54:35.421 11996 12082 W BugleAction: 	at aopo.run(PG:4)
11-20 13:54:35.421 11996 12082 W BugleAction: 	at cnpl.run(PG:1)
11-20 13:54:35.421 11996 12082 W BugleAction: 	at java.util.concurrent.Executors$RunnableAdapter.call(Executors.java:487)
11-20 13:54:35.421 11996 12082 W BugleAction: 	at ctfw.a(PG:1)
11-20 13:54:35.421 11996 12082 W BugleAction: 	at ctet.run(PG:4)
11-20 13:54:35.421 11996 12082 W BugleAction: 	at ctfx.run(PG:1)
11-20 13:54:35.421 11996 12082 W BugleAction: 	at bxfd.run(PG:1)
11-20 13:54:35.421 11996 12082 W BugleAction: 	at java.util.concurrent.ThreadPoolExecutor.runWorker(ThreadPoolExecutor.java:1145)
11-20 13:54:35.421 11996 12082 W BugleAction: 	at java.util.concurrent.ThreadPoolExecutor$Worker.run(ThreadPoolExecutor.java:644)
11-20 13:54:35.421 11996 12082 W BugleAction: 	at bxef.run(PG:2)
11-20 13:54:35.421 11996 12082 W BugleAction: 	at java.lang.Thread.run(Thread.java:1012)
11-20 13:54:35.421 11996 12082 W BugleAction: 	at bxfj.run(PG:5)
11-20 13:54:35.422 11996 12082 W SubscriptionMetadataUti: Bugle: SubscriptionMetadataUtils get: unexpected subId = -2, replacing with -1
11-20 13:54:35.422 11996 12082 W SubscriptionMetadataUti: cpwb: FULL
11-20 13:54:35.422 11996 12082 W SubscriptionMetadataUti: 	at bdsy.h(PG:6)
11-20 13:54:35.422 11996 12082 W SubscriptionMetadataUti: 	at bdvp.a(PG:1)
11-20 13:54:35.422 11996 12082 W SubscriptionMetadataUti: 	at bgit.<init>(PG:1)
11-20 13:54:35.422 11996 12082 W SubscriptionMetadataUti: 	at bgiu.a(PG:1)
11-20 13:54:35.422 11996 12082 W SubscriptionMetadataUti: 	at awsw.ai(PG:3)
11-20 13:54:35.422 11996 12082 W SubscriptionMetadataUti: 	at awsw.aj(PG:25)
11-20 13:54:35.422 11996 12082 W SubscriptionMetadataUti: 	at awsw.u(PG:1)
11-20 13:54:35.422 11996 12082 W SubscriptionMetadataUti: 	at aule.g(PG:1)
11-20 13:54:35.422 11996 12082 W SubscriptionMetadataUti: 	at aule.d(PG:1)
11-20 13:54:35.422 11996 12082 W SubscriptionMetadataUti: 	at aops.e(PG:2)
11-20 13:54:35.422 11996 12082 W SubscriptionMetadataUti: 	at aopo.run(PG:4)
11-20 13:54:35.422 11996 12082 W SubscriptionMetadataUti: 	at cnpl.run(PG:1)
11-20 13:54:35.422 11996 12082 W SubscriptionMetadataUti: 	at java.util.concurrent.Executors$RunnableAdapter.call(Executors.java:487)
11-20 13:54:35.422 11996 12082 W SubscriptionMetadataUti: 	at ctfw.a(PG:1)
11-20 13:54:35.422 11996 12082 W SubscriptionMetadataUti: 	at ctet.run(PG:4)
11-20 13:54:35.422 11996 12082 W SubscriptionMetadataUti: 	at ctfx.run(PG:1)
11-20 13:54:35.422 11996 12082 W SubscriptionMetadataUti: 	at bxfd.run(PG:1)
11-20 13:54:35.422 11996 12082 W SubscriptionMetadataUti: 	at java.util.concurrent.ThreadPoolExecutor.runWorker(ThreadPoolExecutor.java:1145)
11-20 13:54:35.422 11996 12082 W SubscriptionMetadataUti: 	at java.util.concurrent.ThreadPoolExecutor$Worker.run(ThreadPoolExecutor.java:644)
11-20 13:54:35.422 11996 12082 W SubscriptionMetadataUti: 	at bxef.run(PG:2)
11-20 13:54:35.422 11996 12082 W SubscriptionMetadataUti: 	at java.lang.Thread.run(Thread.java:1012)
11-20 13:54:35.422 11996 12082 W SubscriptionMetadataUti: 	at bxfj.run(PG:5)
11-20 13:54:35.432 11996 12082 W SubscriptionMetadataUti: Bugle: SubscriptionMetadataUtils get: unexpected subId = -2, replacing with -1
11-20 13:54:35.432 11996 12082 W SubscriptionMetadataUti: cpwb: FULL
11-20 13:54:35.432 11996 12082 W SubscriptionMetadataUti: 	at bdsy.h(PG:6)
11-20 13:54:35.432 11996 12082 W SubscriptionMetadataUti: 	at bgit.<init>(PG:2)
11-20 13:54:35.432 11996 12082 W SubscriptionMetadataUti: 	at bgiu.a(PG:1)
11-20 13:54:35.432 11996 12082 W SubscriptionMetadataUti: 	at awsw.ai(PG:3)
11-20 13:54:35.432 11996 12082 W SubscriptionMetadataUti: 	at awsw.aj(PG:25)
11-20 13:54:35.432 11996 12082 W SubscriptionMetadataUti: 	at awsw.u(PG:1)
11-20 13:54:35.432 11996 12082 W SubscriptionMetadataUti: 	at aule.g(PG:1)
11-20 13:54:35.432 11996 12082 W SubscriptionMetadataUti: 	at aule.d(PG:1)
11-20 13:54:35.432 11996 12082 W SubscriptionMetadataUti: 	at aops.e(PG:2)
11-20 13:54:35.432 11996 12082 W SubscriptionMetadataUti: 	at aopo.run(PG:4)
11-20 13:54:35.432 11996 12082 W SubscriptionMetadataUti: 	at cnpl.run(PG:1)
11-20 13:54:35.432 11996 12082 W SubscriptionMetadataUti: 	at java.util.concurrent.Executors$RunnableAdapter.call(Executors.java:487)
11-20 13:54:35.432 11996 12082 W SubscriptionMetadataUti: 	at ctfw.a(PG:1)
11-20 13:54:35.432 11996 12082 W SubscriptionMetadataUti: 	at ctet.run(PG:4)
11-20 13:54:35.432 11996 12082 W SubscriptionMetadataUti: 	at ctfx.run(PG:1)
11-20 13:54:35.432 11996 12082 W SubscriptionMetadataUti: 	at bxfd.run(PG:1)
11-20 13:54:35.432 11996 12082 W SubscriptionMetadataUti: 	at java.util.concurrent.ThreadPoolExecutor.runWorker(ThreadPoolExecutor.java:1145)
11-20 13:54:35.432 11996 12082 W SubscriptionMetadataUti: 	at java.util.concurrent.ThreadPoolExecutor$Worker.run(ThreadPoolExecutor.java:644)
11-20 13:54:35.432 11996 12082 W SubscriptionMetadataUti: 	at bxef.run(PG:2)
11-20 13:54:35.432 11996 12082 W SubscriptionMetadataUti: 	at java.lang.Thread.run(Thread.java:1012)
11-20 13:54:35.432 11996 12082 W SubscriptionMetadataUti: 	at bxfj.run(PG:5)
11-20 13:54:35.453 11996 12082 W SubscriptionMetadataUti: Bugle: SubscriptionMetadataUtils get: unexpected subId = -2, replacing with -1
11-20 13:54:35.453 11996 12082 W SubscriptionMetadataUti: cpwb: FULL
11-20 13:54:35.453 11996 12082 W SubscriptionMetadataUti: 	at bdsy.h(PG:6)
11-20 13:54:35.453 11996 12082 W SubscriptionMetadataUti: 	at awsw.ai(PG:18)
11-20 13:54:35.453 11996 12082 W SubscriptionMetadataUti: 	at awsw.aj(PG:25)
11-20 13:54:35.453 11996 12082 W SubscriptionMetadataUti: 	at awsw.u(PG:1)
11-20 13:54:35.453 11996 12082 W SubscriptionMetadataUti: 	at aule.g(PG:1)
11-20 13:54:35.453 11996 12082 W SubscriptionMetadataUti: 	at aule.d(PG:1)
11-20 13:54:35.453 11996 12082 W SubscriptionMetadataUti: 	at aops.e(PG:2)
11-20 13:54:35.453 11996 12082 W SubscriptionMetadataUti: 	at aopo.run(PG:4)
11-20 13:54:35.453 11996 12082 W SubscriptionMetadataUti: 	at cnpl.run(PG:1)
11-20 13:54:35.453 11996 12082 W SubscriptionMetadataUti: 	at java.util.concurrent.Executors$RunnableAdapter.call(Executors.java:487)
11-20 13:54:35.453 11996 12082 W SubscriptionMetadataUti: 	at ctfw.a(PG:1)
11-20 13:54:35.453 11996 12082 W SubscriptionMetadataUti: 	at ctet.run(PG:4)
11-20 13:54:35.453 11996 12082 W SubscriptionMetadataUti: 	at ctfx.run(PG:1)
11-20 13:54:35.453 11996 12082 W SubscriptionMetadataUti: 	at bxfd.run(PG:1)
11-20 13:54:35.453 11996 12082 W SubscriptionMetadataUti: 	at java.util.concurrent.ThreadPoolExecutor.runWorker(ThreadPoolExecutor.java:1145)
11-20 13:54:35.453 11996 12082 W SubscriptionMetadataUti: 	at java.util.concurrent.ThreadPoolExecutor$Worker.run(ThreadPoolExecutor.java:644)
11-20 13:54:35.453 11996 12082 W SubscriptionMetadataUti: 	at bxef.run(PG:2)
11-20 13:54:35.453 11996 12082 W SubscriptionMetadataUti: 	at java.lang.Thread.run(Thread.java:1012)
11-20 13:54:35.453 11996 12082 W SubscriptionMetadataUti: 	at bxfj.run(PG:5)
11-20 13:54:35.454 11996 12082 I Bugle   : SubscriptionUtilsAsOfLMR1: getActiveSubscriptionInfo(): empty sub info for subscription{id:-1}
11-20 13:54:35.455 11996 12082 I Bugle   : SubscriptionUtilsAsOfLMR1: getActiveSubscriptionInfo(): empty sub info for subscription{id:-1}
11-20 13:54:35.455 11996 12082 W Bugle   : SubscriptionUtilsAsOfLMR1: getSelfRawNumber: subInfo is null for subscription{id:-1}
11-20 13:54:35.456 11996 12082 W BugleAction: No default number, returning empty msisdn
11-20 13:54:35.457 11996 12082 W BugleEtouffee: E2eeStartupTask: Skip prekey checking because MSISDN is empty.
11-20 13:54:35.480 11996 12057 D CompatibilityChangeReporter: Compat change id reported: 183155436; UID 10124; state: ENABLED
11-20 13:54:35.487 11996 12057 I FirebaseApp: Device unlocked: initializing all Firebase APIs for app [DEFAULT]
11-20 13:54:35.489   574   595 I ActivityTaskManager: Displayed com.example.dogglers/androidx.test.core.app.InstrumentationActivityInvoker$EmptyActivity for user 0: +579ms
11-20 13:54:35.547 12240 12240 D LifecycleMonitor: Lifecycle status change: com.example.dogglers.MainActivity@34efedc in: STOPPED
11-20 13:54:35.552 12240 12240 V ActivityScenario: Update currentActivityStage to STOPPED, currentActivity=com.example.dogglers.MainActivity@34efedc
11-20 13:54:35.555 12240 12240 D LifecycleMonitor: Lifecycle status change: com.example.dogglers.MainActivity@34efedc in: DESTROYED
11-20 13:54:35.555 12240 12240 V ActivityScenario: Update currentActivityStage to DESTROYED, currentActivity=null
11-20 13:54:35.556 12240 12240 W WindowOnBackDispatcher: sendCancelIfRunning: isInProgress=falsecallback=android.view.ViewRootImpl$$ExternalSyntheticLambda17@4c36cc4
11-20 13:54:35.573 11996 12082 I BugleNetwork: FirebaseRegistrationStartupTask: Enabling Firebase component
11-20 13:54:35.583   574  2557 W InputManager-JNI: Input channel object 'fece037 com.example.dogglers/com.example.dogglers.MainActivity (client)' was disposed without first being removed with the input manager!
11-20 13:54:35.592   430   430 I BpBinder: onLastStrongRef automatically unlinking death recipients:
11-20 13:54:35.613 12240 12240 D LifecycleMonitor: Lifecycle status change: androidx.test.core.app.InstrumentationActivityInvoker$EmptyActivity@479b253 in: PAUSED
11-20 13:54:35.614 12240 12240 V ActivityScenario: Activity lifecycle changed event received but ignored because the intent does not match. startActivityIntent=Intent { act=android.intent.action.MAIN cat=[android.intent.category.LAUNCHER] cmp=com.example.dogglers/.MainActivity }, activity.getIntent()=Intent { act=android.intent.action.MAIN cat=[android.intent.category.LAUNCHER] flg=0x10000000 cmp=com.example.dogglers/androidx.test.core.app.InstrumentationActivityInvoker$EmptyActivity }, activity=androidx.test.core.app.InstrumentationActivityInvoker$EmptyActivity@479b253
11-20 13:54:35.625   574  1051 I ImeTracker: com.example.dogglers:b241edf3: onRequestHide at ORIGIN_SERVER_HIDE_INPUT reason HIDE_UNSPECIFIED_WINDOW
11-20 13:54:35.625   574  1051 I ImeTracker: com.example.dogglers:b241edf3: onCancelled at PHASE_SERVER_SHOULD_HIDE
11-20 13:54:35.631 12240 12240 D LifecycleMonitor: Lifecycle status change: androidx.test.core.app.InstrumentationActivityInvoker$BootstrapActivity@7140e80 in: DESTROYED
11-20 13:54:35.631 12240 12240 V ActivityScenario: Activity lifecycle changed event received but ignored because the intent does not match. startActivityIntent=Intent { act=android.intent.action.MAIN cat=[android.intent.category.LAUNCHER] cmp=com.example.dogglers/.MainActivity }, activity.getIntent()=Intent { act=android.intent.action.MAIN cat=[android.intent.category.LAUNCHER] flg=0x10008000 cmp=com.example.dogglers/androidx.test.core.app.InstrumentationActivityInvoker$BootstrapActivity (has extras) }, activity=androidx.test.core.app.InstrumentationActivityInvoker$BootstrapActivity@7140e80
11-20 13:54:35.636  1770  1770 I GoogleInputMethodService: GoogleInputMethodService.onFinishInput():3227
11-20 13:54:35.653  1770  1770 I GoogleInputMethodService: GoogleInputMethodService.updateDeviceLockedStatus():2087 repeatCheckTimes = 0, unlocked = true
11-20 13:54:35.654  1770  1770 I GoogleInputMethodService: GoogleInputMethodService.onStartInput():1877 onStartInput(EditorInfo{inputType=0x0(NULL) imeOptions=0x0 privateImeOptions=null actionName=UNSPECIFIED actionLabel=null actionId=0 initialSelStart=-1 initialSelEnd=-1 initialCapsMode=0x0 hintText=null label=null packageName=com.example.dogglers fieldId=0 fieldName=null extras=null}, false)
11-20 13:54:35.655  1770  1770 I GoogleInputMethodService: GoogleInputMethodService.shouldHideHeaderOnInitialState():4008 ShouldHideHeaderOnInitialState = false
11-20 13:54:35.672  1770  1770 I GoogleInputMethodService: GoogleInputMethodService.updateDeviceLockedStatus():2087 repeatCheckTimes = 2, unlocked = true
11-20 13:54:35.672   989  1054 D EGL_emulation: app_time_stats: avg=6567.81ms min=2.50ms max=32757.56ms count=5
11-20 13:54:35.685 12240 12240 D LifecycleMonitor: Lifecycle status change: androidx.test.core.app.InstrumentationActivityInvoker$EmptyActivity@45f48b5 in: PRE_ON_CREATE
11-20 13:54:35.686 12240 12240 V ActivityScenario: Activity lifecycle changed event received but ignored because the intent does not match. startActivityIntent=Intent { act=android.intent.action.MAIN cat=[android.intent.category.LAUNCHER] cmp=com.example.dogglers/.MainActivity }, activity.getIntent()=Intent { act=android.intent.action.MAIN cat=[android.intent.category.LAUNCHER] flg=0x10000000 cmp=com.example.dogglers/androidx.test.core.app.InstrumentationActivityInvoker$EmptyActivity }, activity=androidx.test.core.app.InstrumentationActivityInvoker$EmptyActivity@45f48b5
11-20 13:54:35.701 11996 12090 I BugleWearable: Wear Companion app is not installed on phone. Skipping sync to wear devices. [CONTEXT class_name="SyncDataToWearableAppHandler" ]
11-20 13:54:35.720 12240 12240 D LifecycleMonitor: Lifecycle status change: androidx.test.core.app.InstrumentationActivityInvoker$EmptyActivity@45f48b5 in: CREATED
11-20 13:54:35.721 12240 12240 V ActivityScenario: Activity lifecycle changed event received but ignored because the intent does not match. startActivityIntent=Intent { act=android.intent.action.MAIN cat=[android.intent.category.LAUNCHER] cmp=com.example.dogglers/.MainActivity }, activity.getIntent()=Intent { act=android.intent.action.MAIN cat=[android.intent.category.LAUNCHER] flg=0x10000000 cmp=com.example.dogglers/androidx.test.core.app.InstrumentationActivityInvoker$EmptyActivity }, activity=androidx.test.core.app.InstrumentationActivityInvoker$EmptyActivity@45f48b5
11-20 13:54:35.725 12240 12240 D LifecycleMonitor: Lifecycle status change: androidx.test.core.app.InstrumentationActivityInvoker$EmptyActivity@45f48b5 in: STARTED
11-20 13:54:35.723  5846  5846 I Wear_Controller: Wearable module requires a companion app to be installed.
11-20 13:54:35.726 12240 12240 V ActivityScenario: Activity lifecycle changed event received but ignored because the intent does not match. startActivityIntent=Intent { act=android.intent.action.MAIN cat=[android.intent.category.LAUNCHER] cmp=com.example.dogglers/.MainActivity }, activity.getIntent()=Intent { act=android.intent.action.MAIN cat=[android.intent.category.LAUNCHER] flg=0x10000000 cmp=com.example.dogglers/androidx.test.core.app.InstrumentationActivityInvoker$EmptyActivity }, activity=androidx.test.core.app.InstrumentationActivityInvoker$EmptyActivity@45f48b5
11-20 13:54:35.724  5846  5846 I WearableService: onCreate: Wearable Services not starting. Wear is not available on this device.
11-20 13:54:35.727  5846  5925 W BpBinder: Large outgoing transaction of 401460 bytes, interface descriptor , code 4
11-20 13:54:35.735 12240 12240 D LifecycleMonitor: Lifecycle status change: androidx.test.core.app.InstrumentationActivityInvoker$EmptyActivity@45f48b5 in: RESUMED
11-20 13:54:35.736 12240 12240 V ActivityScenario: Activity lifecycle changed event received but ignored because the intent does not match. startActivityIntent=Intent { act=android.intent.action.MAIN cat=[android.intent.category.LAUNCHER] cmp=com.example.dogglers/.MainActivity }, activity.getIntent()=Intent { act=android.intent.action.MAIN cat=[android.intent.category.LAUNCHER] flg=0x10000000 cmp=com.example.dogglers/androidx.test.core.app.InstrumentationActivityInvoker$EmptyActivity }, activity=androidx.test.core.app.InstrumentationActivityInvoker$EmptyActivity@45f48b5
11-20 13:54:35.748  5846  5931 W WearableService: onGetService: Wear is not available on this device.
11-20 13:54:35.756 11996 12086 D ProfileInstaller: Installing profile for com.google.android.apps.messaging
11-20 13:54:35.784 11996 12081 I BugleRcsProvisioning: RcsProvisioningTrigger: Schedule provisioning on app startup
11-20 13:54:35.785 11996 12081 I BugleRcsProvisioning: scheduleProvisioning using legacy code path
11-20 13:54:35.785 11996 12081 W BugleRcsEngine: [76] brcu.d: [SR]: Single Registration is disabled. Skipping Single Registration capability check for subId: 1, OS.isAtLeastS:[true], enableSingleRegistrationProvisioning:[false]
11-20 13:54:35.787 11996 12081 I BugleRcsProvisioning: RcsProvisioningTrigger: DR is active, initializing DR provisioning. DUAL_REG
11-20 13:54:35.790 11996 12094 W BugleRcsEngine: [86] brcu.d: [SR]: Single Registration is disabled. Skipping Single Registration capability check for subId: 1, OS.isAtLeastS:[true], enableSingleRegistrationProvisioning:[false]
11-20 13:54:35.796 11996 12082 I BugleNetwork: Startup: registering tachyon.
11-20 13:54:35.800 11996 12094 I BugleRcsEngine: [86] brnl.e: No RCS Configuration was found in Bugle for simID: redacted-pii:sim_id[chars:20,last3:897]
11-20 13:54:35.800 11996 12094 I BugleRcsEngine: [86] zzm.run: Skipping provisioning scheduling since RCS is disabled
11-20 13:54:35.809 11996 12181 D CompatibilityChangeReporter: Compat change id reported: 150939131; UID 10124; state: ENABLED
11-20 13:54:35.824 11996 12092 I BugleNetwork: RegistrationProvider: Getting Tachyon registration
11-20 13:54:35.839  5872  5872 D BoundBrokerSvc: onBind: Intent { act=com.google.android.gms.constellation.service.START pkg=com.google.android.gms }
11-20 13:54:35.839  5872  5872 D BoundBrokerSvc: Loading bound service for intent: Intent { act=com.google.android.gms.constellation.service.START pkg=com.google.android.gms }
11-20 13:54:35.841 11996 12082 I BugleNetwork: Startup: registering tachyon for phone.
11-20 13:54:35.842 11996 12082 I BugleNetwork: Profile service is not connected at startup task.
11-20 13:54:35.856   574   595 I ActivityTaskManager: Displayed com.example.dogglers/androidx.test.core.app.InstrumentationActivityInvoker$EmptyActivity for user 0: +309ms
11-20 13:54:35.882 11996 12080 I BugleMDD: MddBackgroundStartupTask: Scheduled MDD periodic tasks.
11-20 13:54:35.887   363 12302 I resolv  : GetAddrInfoHandler::run: {0 786432 0 983040 10124 0}
11-20 13:54:35.891 12240 12240 D LifecycleMonitor: Lifecycle status change: androidx.test.core.app.InstrumentationActivityInvoker$EmptyActivity@479b253 in: STOPPED
11-20 13:54:35.892 12240 12240 V ActivityScenario: Activity lifecycle changed event received but ignored because the intent does not match. startActivityIntent=Intent { act=android.intent.action.MAIN cat=[android.intent.category.LAUNCHER] cmp=com.example.dogglers/.MainActivity }, activity.getIntent()=Intent { act=android.intent.action.MAIN cat=[android.intent.category.LAUNCHER] flg=0x10000000 cmp=com.example.dogglers/androidx.test.core.app.InstrumentationActivityInvoker$EmptyActivity }, activity=androidx.test.core.app.InstrumentationActivityInvoker$EmptyActivity@479b253
11-20 13:54:35.895 12240 12240 D LifecycleMonitor: Lifecycle status change: androidx.test.core.app.InstrumentationActivityInvoker$EmptyActivity@479b253 in: DESTROYED
11-20 13:54:35.897 12240 12240 V ActivityScenario: Activity lifecycle changed event received but ignored because the intent does not match. startActivityIntent=Intent { act=android.intent.action.MAIN cat=[android.intent.category.LAUNCHER] cmp=com.example.dogglers/.MainActivity }, activity.getIntent()=Intent { act=android.intent.action.MAIN cat=[android.intent.category.LAUNCHER] flg=0x10000000 cmp=com.example.dogglers/androidx.test.core.app.InstrumentationActivityInvoker$EmptyActivity }, activity=androidx.test.core.app.InstrumentationActivityInvoker$EmptyActivity@479b253
11-20 13:54:35.898 12240 12240 W WindowOnBackDispatcher: sendCancelIfRunning: isInProgress=falsecallback=android.view.ViewRootImpl$$ExternalSyntheticLambda17@60dc79a
11-20 13:54:35.899 11996 12297 E FirebaseInstanceId: Failed to get FIS auth token
11-20 13:54:35.899 11996 12297 E FirebaseInstanceId: java.util.concurrent.ExecutionException: cvvf: Firebase Installations Service is unavailable. Please try again later.
11-20 13:54:35.899 11996 12297 E FirebaseInstanceId: 	at bphm.h(PG:5)
11-20 13:54:35.899 11996 12297 E FirebaseInstanceId: 	at bphm.f(PG:7)
11-20 13:54:35.899 11996 12297 E FirebaseInstanceId: 	at cvup.a(PG:18)
11-20 13:54:35.899 11996 12297 E FirebaseInstanceId: 	at cvua.a(PG:5)
11-20 13:54:35.899 11996 12297 E FirebaseInstanceId: 	at bpgc.run(PG:1)
11-20 13:54:35.899 11996 12297 E FirebaseInstanceId: 	at java.util.concurrent.ThreadPoolExecutor.runWorker(ThreadPoolExecutor.java:1145)
11-20 13:54:35.899 11996 12297 E FirebaseInstanceId: 	at java.util.concurrent.ThreadPoolExecutor$Worker.run(ThreadPoolExecutor.java:644)
11-20 13:54:35.899 11996 12297 E FirebaseInstanceId: 	at bnur.run(PG:2)
11-20 13:54:35.899 11996 12297 E FirebaseInstanceId: 	at java.lang.Thread.run(Thread.java:1012)
11-20 13:54:35.899 11996 12297 E FirebaseInstanceId: Caused by: cvvf: Firebase Installations Service is unavailable. Please try again later.
11-20 13:54:35.899 11996 12297 E FirebaseInstanceId: 	at cvvy.c(PG:43)
11-20 13:54:35.899 11996 12297 E FirebaseInstanceId: 	at cvuz.run(PG:31)
11-20 13:54:35.899 11996 12297 E FirebaseInstanceId: 	at java.util.concurrent.ThreadPoolExecutor.runWorker(ThreadPoolExecutor.java:1145)
11-20 13:54:35.899 11996 12297 E FirebaseInstanceId: 	at java.util.concurrent.ThreadPoolExecutor$Worker.run(ThreadPoolExecutor.java:644)
11-20 13:54:35.899 11996 12297 E FirebaseInstanceId: 	... 1 more
11-20 13:54:35.904   574  2099 W InputManager-JNI: Input channel object '753b66e com.example.dogglers/androidx.test.core.app.InstrumentationActivityInvoker$EmptyActivity (client)' was disposed without first being removed with the input manager!
11-20 13:54:35.907   430   430 I BpBinder: onLastStrongRef automatically unlinking death recipients:
11-20 13:54:35.911 12240 12240 D LifecycleMonitor: Lifecycle status change: androidx.test.core.app.InstrumentationActivityInvoker$EmptyActivity@45f48b5 in: PAUSED
11-20 13:54:35.912 12240 12240 V ActivityScenario: Activity lifecycle changed event received but ignored because the intent does not match. startActivityIntent=Intent { act=android.intent.action.MAIN cat=[android.intent.category.LAUNCHER] cmp=com.example.dogglers/.MainActivity }, activity.getIntent()=Intent { act=android.intent.action.MAIN cat=[android.intent.category.LAUNCHER] flg=0x10000000 cmp=com.example.dogglers/androidx.test.core.app.InstrumentationActivityInvoker$EmptyActivity }, activity=androidx.test.core.app.InstrumentationActivityInvoker$EmptyActivity@45f48b5
11-20 13:54:35.928 12240 12263 I TestRunner: finished: grid_list_button_is_displayed(com.example.dogglers.ButtonTests)
