11-20 13:54:41.116 12240 12263 I TestRunner: started: clicking_grid_list_button_displays_grid_list(com.example.dogglers.ButtonTests)
11-20 13:54:41.124 12240 12240 D LifecycleMonitor: Lifecycle status change: com.example.dogglers.HorizontalListActivity@2f03ca5 in: DESTROYED
11-20 13:54:41.124 12240 12240 W WindowOnBackDispatcher: sendCancelIfRunning: isInProgress=falsecallback=android.view.ViewRootImpl$$ExternalSyntheticLambda17@467ddd0
11-20 13:54:41.147   574  2099 W InputManager-JNI: Input channel object '18ceb4f com.example.dogglers/com.example.dogglers.HorizontalListActivity (client)' was disposed without first being removed with the input manager!
11-20 13:54:41.187 12240 12263 W Settings: Setting always_finish_activities has moved from android.provider.Settings.System to android.provider.Settings.Global, returning read-only value.
11-20 13:54:41.205   989   989 W Choreographer: Frame time is 0.166346 ms in the future!  Check that graphics HAL is generating vsync timestamps using the correct timebase.
11-20 13:54:41.211 11996 12081 I BugleDataModel: PendingMessagesProcessor: process from FixupMessageStatusOnStartupAction due to connectivity changed with delay 0 with queues:
11-20 13:54:41.212 11996 12081 I BugleDataModel: ProcessPendingMessagesTimers: cleared next retry time for channel sms_send
11-20 13:54:41.213 11996 12081 I BugleDataModel: ProcessPendingMessagesTimers: cleared next retry time for channel mms_send
11-20 13:54:41.213 11996 12081 I BugleDataModel: ProcessPendingMessagesTimers: cleared next retry time for channel mms_download
11-20 13:54:41.214 11996 12081 I BugleDataModel: ProcessPendingMessagesTimers: cleared next retry time for channel rcs_send
11-20 13:54:41.214 11996 12081 I BugleDataModel: ProcessPendingMessagesTimers: cleared next retry time for channel rcs_ft_upload
11-20 13:54:41.215 11996 12081 I BugleDataModel: ProcessPendingMessagesTimers: cleared next retry time for channel rcs_ft_download
11-20 13:54:41.215 11996 12081 I BugleDataModel: ProcessPendingMessagesTimers: cleared next retry time for channel cloud_sync_send
11-20 13:54:41.215 11996 12081 I BugleDataModel: ProcessPendingMessagesTimers: cleared next retry time for channel cloud_sync_attachment_download
11-20 13:54:41.224   989  1041 D SplashScreenView: Build android.window.SplashScreenView{85ee6ca V.E...... ......ID 0,0-0,0}
11-20 13:54:41.224   989  1041 D SplashScreenView: Icon: view: null drawable: null size: 0
11-20 13:54:41.224   989  1041 D SplashScreenView: Branding: view: android.view.View{4f6003b G.ED..... ......I. 0,0-0,0 #10204ef android:id/splashscreen_branding_view} drawable: null size w: 0 h: 0
11-20 13:54:41.228 11996 12081 I BugleDataModel: PendingMessagesProcessor: process from ProcessPendingMessagesAction due to scheduled processing with delay 0 with queues:
11-20 13:54:41.303 11996 11996 I BugleDataModel: ActionExecutorImpl: Timestamp for ACTION_EXECUTE_QUEUED_GenericWorkerQueueAction elapsedRealTime: 3437942 currentTimeMillis: 1700510081303
11-20 13:54:41.307 11996 12081 I BugleDataModel: ActionExecutorImpl: Timestamp for ACTION_BACKGROUND_QUEUED_GenericWorkerQueueAction elapsedRealTime: 3437945 currentTimeMillis: 1700510081307
11-20 13:54:41.316 11996 12086 I BugleJobs: GenericWorkerQueueAction: Bailing early, no work found, no failed work found
11-20 13:54:41.316 11996 12086 I BugleDataModel: ActionExecutorImpl: Timestamp for ACTION_RESPONSE_QUEUED_GenericWorkerQueueAction elapsedRealTime: 3437955 currentTimeMillis: 1700510081316
11-20 13:54:41.341   430   430 I BpBinder: onLastStrongRef automatically unlinking death recipients:
11-20 13:54:41.484 12240 12240 D LifecycleMonitor: Lifecycle status change: androidx.test.core.app.InstrumentationActivityInvoker$BootstrapActivity@c0bb533 in: PRE_ON_CREATE
11-20 13:54:41.485 12240 12240 V ActivityScenario: Activity lifecycle changed event received but ignored because the intent does not match. startActivityIntent=Intent { act=android.intent.action.MAIN cat=[android.intent.category.LAUNCHER] cmp=com.example.dogglers/.MainActivity }, activity.getIntent()=Intent { act=android.intent.action.MAIN cat=[android.intent.category.LAUNCHER] flg=0x10008000 cmp=com.example.dogglers/androidx.test.core.app.InstrumentationActivityInvoker$BootstrapActivity (has extras) }, activity=androidx.test.core.app.InstrumentationActivityInvoker$BootstrapActivity@c0bb533
11-20 13:54:41.507 12240 12240 D LifecycleMonitor: Lifecycle status change: androidx.test.core.app.InstrumentationActivityInvoker$BootstrapActivity@c0bb533 in: CREATED
11-20 13:54:41.505   989   989 W Choreographer: Frame time is 1.116349 ms in the future!  Check that graphics HAL is generating vsync timestamps using the correct timebase.
11-20 13:54:41.525 12240 12240 V ActivityScenario: Activity lifecycle changed event received but ignored because the intent does not match. startActivityIntent=Intent { act=android.intent.action.MAIN cat=[android.intent.category.LAUNCHER] cmp=com.example.dogglers/.MainActivity }, activity.getIntent()=Intent { act=android.intent.action.MAIN cat=[android.intent.category.LAUNCHER] flg=0x10008000 cmp=com.example.dogglers/androidx.test.core.app.InstrumentationActivityInvoker$BootstrapActivity (has extras) }, activity=androidx.test.core.app.InstrumentationActivityInvoker$BootstrapActivity@c0bb533
11-20 13:54:41.533 12240 12240 D LifecycleMonitor: Lifecycle status change: androidx.test.core.app.InstrumentationActivityInvoker$BootstrapActivity@c0bb533 in: STARTED
11-20 13:54:41.546 12240 12240 V ActivityScenario: Activity lifecycle changed event received but ignored because the intent does not match. startActivityIntent=Intent { act=android.intent.action.MAIN cat=[android.intent.category.LAUNCHER] cmp=com.example.dogglers/.MainActivity }, activity.getIntent()=Intent { act=android.intent.action.MAIN cat=[android.intent.category.LAUNCHER] flg=0x10008000 cmp=com.example.dogglers/androidx.test.core.app.InstrumentationActivityInvoker$BootstrapActivity (has extras) }, activity=androidx.test.core.app.InstrumentationActivityInvoker$BootstrapActivity@c0bb533
11-20 13:54:41.573 12240 12240 D LifecycleMonitor: Lifecycle status change: androidx.test.core.app.InstrumentationActivityInvoker$BootstrapActivity@c0bb533 in: RESUMED
11-20 13:54:41.575 12240 12240 V ActivityScenario: Activity lifecycle changed event received but ignored because the intent does not match. startActivityIntent=Intent { act=android.intent.action.MAIN cat=[android.intent.category.LAUNCHER] cmp=com.example.dogglers/.MainActivity }, activity.getIntent()=Intent { act=android.intent.action.MAIN cat=[android.intent.category.LAUNCHER] flg=0x10008000 cmp=com.example.dogglers/androidx.test.core.app.InstrumentationActivityInvoker$BootstrapActivity (has extras) }, activity=androidx.test.core.app.InstrumentationActivityInvoker$BootstrapActivity@c0bb533
11-20 13:54:41.578 12240 12240 D LifecycleMonitor: Lifecycle status change: androidx.test.core.app.InstrumentationActivityInvoker$BootstrapActivity@c0bb533 in: PAUSED
11-20 13:54:41.578 12240 12240 V ActivityScenario: Activity lifecycle changed event received but ignored because the intent does not match. startActivityIntent=Intent { act=android.intent.action.MAIN cat=[android.intent.category.LAUNCHER] cmp=com.example.dogglers/.MainActivity }, activity.getIntent()=Intent { act=android.intent.action.MAIN cat=[android.intent.category.LAUNCHER] flg=0x10008000 cmp=com.example.dogglers/androidx.test.core.app.InstrumentationActivityInvoker$BootstrapActivity (has extras) }, activity=androidx.test.core.app.InstrumentationActivityInvoker$BootstrapActivity@c0bb533
11-20 13:54:41.604 12240 12240 D LifecycleMonitor: Lifecycle status change: com.example.dogglers.MainActivity@3b8c19b in: PRE_ON_CREATE
11-20 13:54:41.604 12240 12240 V ActivityScenario: Activity lifecycle changed event received but ignored because the reported transition was not ON_CREATE while the last known transition was PRE_ON_CREATE
11-20 13:54:41.659 12240 12240 D LifecycleMonitor: Lifecycle status change: com.example.dogglers.MainActivity@3b8c19b in: CREATED
11-20 13:54:41.659 12240 12240 V ActivityScenario: Update currentActivityStage to CREATED, currentActivity=com.example.dogglers.MainActivity@3b8c19b
11-20 13:54:41.678 12240 12240 D LifecycleMonitor: Lifecycle status change: com.example.dogglers.MainActivity@3b8c19b in: STARTED
11-20 13:54:41.678 12240 12240 V ActivityScenario: Update currentActivityStage to STARTED, currentActivity=com.example.dogglers.MainActivity@3b8c19b
11-20 13:54:41.682 12240 12240 D LifecycleMonitor: Lifecycle status change: com.example.dogglers.MainActivity@3b8c19b in: RESUMED
11-20 13:54:41.683 12240 12240 V ActivityScenario: Update currentActivityStage to RESUMED, currentActivity=com.example.dogglers.MainActivity@3b8c19b
11-20 13:54:41.711  1277  2186 D EGL_emulation: app_time_stats: avg=58.41ms min=4.40ms max=216.48ms count=15
11-20 13:54:41.778   369  4460 D android.hardware.audio@7.1-impl.ranchu: threadLoop: entering standby, frames: 13514048
11-20 13:54:41.794   574   595 W ziparchive: Unable to open '/data/app/~~g9pGXw6zzmInD44PnXlZug==/com.example.dogglers-fFkVg-hwOoV9dkaT6QJ7gg==/base.dm': No such file or directory
11-20 13:54:41.795   574   595 I ActivityTaskManager: Displayed com.example.dogglers/.MainActivity for user 0: +594ms
11-20 13:54:41.808 12240 12240 D RootViewPicker: Root not ready - waiting: 10ms for one to appear.
11-20 13:54:41.855  1277  1277 D AutofillManager: view is not autofillable - activity denied for autofill
11-20 13:54:41.894  1277  1322 I ImeTracker: com.google.android.apps.nexuslauncher:84101754: onRequestHide at ORIGIN_CLIENT_HIDE_SOFT_INPUT reason HIDE_SOFT_INPUT
11-20 13:54:41.894  1277  2425 D OneSearchSuggestProvider: Shut down the binder channel
11-20 13:54:41.895  1277  1300 I IPCThreadState: oneway function results for code 2 on binder at 0x76632bbea630 will be dropped but finished with status UNKNOWN_TRANSACTION
11-20 13:54:41.907   574  2103 I ImeTracker: com.google.android.apps.nexuslauncher:84101754: onCancelled at PHASE_SERVER_SHOULD_HIDE
11-20 13:54:41.922 12240 12240 D LifecycleMonitor: Lifecycle status change: androidx.test.core.app.InstrumentationActivityInvoker$BootstrapActivity@c0bb533 in: STOPPED
11-20 13:54:41.923 12240 12240 V ActivityScenario: Activity lifecycle changed event received but ignored because the intent does not match. startActivityIntent=Intent { act=android.intent.action.MAIN cat=[android.intent.category.LAUNCHER] cmp=com.example.dogglers/.MainActivity }, activity.getIntent()=Intent { act=android.intent.action.MAIN cat=[android.intent.category.LAUNCHER] flg=0x10008000 cmp=com.example.dogglers/androidx.test.core.app.InstrumentationActivityInvoker$BootstrapActivity (has extras) }, activity=androidx.test.core.app.InstrumentationActivityInvoker$BootstrapActivity@c0bb533
11-20 13:54:41.926  2640  8747 I PBSessionCacheImpl: Deleted sessionId[11612542089730646] from persistence.
11-20 13:54:41.932  2640  3242 W SearchServiceCore: Abort, client detached.
11-20 13:54:41.935   574  2557 I ImeTracker: com.example.dogglers:fa5b7eb5: onRequestHide at ORIGIN_SERVER_HIDE_INPUT reason HIDE_UNSPECIFIED_WINDOW
11-20 13:54:41.936   574  2557 I ImeTracker: com.example.dogglers:fa5b7eb5: onCancelled at PHASE_SERVER_SHOULD_HIDE
11-20 13:54:41.950  1770  1770 I GoogleInputMethodService: GoogleInputMethodService.onFinishInput():3227
11-20 13:54:41.971  1770  1770 I GoogleInputMethodService: GoogleInputMethodService.updateDeviceLockedStatus():2087 repeatCheckTimes = 0, unlocked = true
11-20 13:54:41.972  1770  1770 I GoogleInputMethodService: GoogleInputMethodService.onStartInput():1877 onStartInput(EditorInfo{inputType=0x0(NULL) imeOptions=0x0 privateImeOptions=null actionName=UNSPECIFIED actionLabel=null actionId=0 initialSelStart=-1 initialSelEnd=-1 initialCapsMode=0x0 hintText=null label=null packageName=com.example.dogglers fieldId=0 fieldName=null extras=null}, false)
11-20 13:54:41.972  1770  1770 I GoogleInputMethodService: GoogleInputMethodService.shouldHideHeaderOnInitialState():4008 ShouldHideHeaderOnInitialState = false
11-20 13:54:41.975  1770  1770 I GoogleInputMethodService: GoogleInputMethodService.updateDeviceLockedStatus():2087 repeatCheckTimes = 2, unlocked = true
11-20 13:54:42.036 12240 12240 I ViewInteraction: Performing 'single click' action on view view.getId() is <2131230932/com.example.dogglers:id/grid_btn>
11-20 13:54:42.053  1277  1277 D TaplEvents: TIS / TouchInteractionService.onInputEvent: MotionEvent { action=ACTION_DOWN, actionButton=0, id[0]=0, x[0]=539.5, y[0]=1431.5, toolType[0]=TOOL_TYPE_UNKNOWN, buttonState=BUTTON_PRIMARY, classification=NONE, metaState=0, flags=0x0, edgeFlags=0x0, pointerCount=1, historySize=0, eventTime=3438675, downTime=3438675, deviceId=-1, source=0x1002, displayId=0, eventId=-32928667 }
11-20 13:54:42.115 12240 12240 D AutofillManager: Fill dialog is enabled:false, hints=[password, passwordAuto, creditCardNumber, creditCardSecurityCode, creditCardExpirationDate]
11-20 13:54:42.188  1277  1277 D TaplEvents: TIS / TouchInteractionService.onInputEvent: MotionEvent { action=ACTION_UP, actionButton=0, id[0]=0, x[0]=539.5, y[0]=1431.5, toolType[0]=TOOL_TYPE_FINGER, buttonState=BUTTON_PRIMARY, classification=NONE, metaState=0, flags=0x0, edgeFlags=0x0, pointerCount=1, historySize=0, eventTime=3438824, downTime=3438675, deviceId=-1, source=0x1002, displayId=0, eventId=-849425537 }
11-20 13:54:42.192   425   929 D audioserver: FGS Logger Transaction failed
11-20 13:54:42.193   425   929 D audioserver: -129
11-20 13:54:42.205   989  1054 D EGL_emulation: app_time_stats: avg=180.17ms min=2.32ms max=1188.33ms count=7
11-20 13:54:42.234 12240 12240 D LifecycleMonitor: Lifecycle status change: com.example.dogglers.MainActivity@3b8c19b in: PAUSED
11-20 13:54:42.234 12240 12240 V ActivityScenario: Update currentActivityStage to PAUSED, currentActivity=com.example.dogglers.MainActivity@3b8c19b
11-20 13:54:42.242   425   535 D AudioFlinger: mixer(0x7e9ef53fc930) throttle end: throttle time(44)
11-20 13:54:42.294   989  1054 D EGL_emulation: app_time_stats: avg=22.58ms min=1.22ms max=263.69ms count=35
11-20 13:54:42.294   430   430 I BpBinder: onLastStrongRef automatically unlinking death recipients:
11-20 13:54:42.346 12240 12240 D LifecycleMonitor: Lifecycle status change: com.example.dogglers.GridListActivity@4569e8 in: PRE_ON_CREATE
11-20 13:54:42.348 12240 12240 V ActivityScenario: Activity lifecycle changed event received but ignored because the intent does not match. startActivityIntent=Intent { act=android.intent.action.MAIN cat=[android.intent.category.LAUNCHER] cmp=com.example.dogglers/.MainActivity }, activity.getIntent()=Intent { cmp=com.example.dogglers/.GridListActivity }, activity=com.example.dogglers.GridListActivity@4569e8
11-20 13:54:42.402   425   535 D audioserver: FGS Logger Transaction failed
11-20 13:54:42.402   425   535 D audioserver: -129
11-20 13:54:42.437   989  1040 W WindowOnBackDispatcher: sendCancelIfRunning: isInProgress=falsecallback=android.view.ViewRootImpl$$ExternalSyntheticLambda17@deca596
11-20 13:54:42.436   574   587 W InputManager-JNI: Input channel object 'bd91365 Splash Screen com.example.dogglers (client)' was disposed without first being removed with the input manager!
11-20 13:54:42.438   574   600 W Choreographer: Frame time is 1.063001 ms in the future!  Check that graphics HAL is generating vsync timestamps using the correct timebase.
11-20 13:54:42.454 12240 12240 D LifecycleMonitor: Lifecycle status change: com.example.dogglers.GridListActivity@4569e8 in: CREATED
11-20 13:54:42.454 12240 12240 V ActivityScenario: Activity lifecycle changed event received but ignored because the intent does not match. startActivityIntent=Intent { act=android.intent.action.MAIN cat=[android.intent.category.LAUNCHER] cmp=com.example.dogglers/.MainActivity }, activity.getIntent()=Intent { cmp=com.example.dogglers/.GridListActivity }, activity=com.example.dogglers.GridListActivity@4569e8
11-20 13:54:42.459 12240 12240 D LifecycleMonitor: Lifecycle status change: com.example.dogglers.GridListActivity@4569e8 in: STARTED
11-20 13:54:42.462 12240 12240 V ActivityScenario: Activity lifecycle changed event received but ignored because the intent does not match. startActivityIntent=Intent { act=android.intent.action.MAIN cat=[android.intent.category.LAUNCHER] cmp=com.example.dogglers/.MainActivity }, activity.getIntent()=Intent { cmp=com.example.dogglers/.GridListActivity }, activity=com.example.dogglers.GridListActivity@4569e8
11-20 13:54:42.462 12240 12240 D LifecycleMonitor: Lifecycle status change: com.example.dogglers.GridListActivity@4569e8 in: RESUMED
11-20 13:54:42.463 12240 12240 V ActivityScenario: Activity lifecycle changed event received but ignored because the intent does not match. startActivityIntent=Intent { act=android.intent.action.MAIN cat=[android.intent.category.LAUNCHER] cmp=com.example.dogglers/.MainActivity }, activity.getIntent()=Intent { cmp=com.example.dogglers/.GridListActivity }, activity=com.example.dogglers.GridListActivity@4569e8
11-20 13:54:42.504   574   600 W Choreographer: Frame time is 1.689282 ms in the future!  Check that graphics HAL is generating vsync timestamps using the correct timebase.
11-20 13:54:42.588   574   600 W Choreographer: Frame time is 0.977534 ms in the future!  Check that graphics HAL is generating vsync timestamps using the correct timebase.
11-20 13:54:42.838  1277  1277 W Choreographer: Frame time is 0.731501 ms in the future!  Check that graphics HAL is generating vsync timestamps using the correct timebase.
11-20 13:54:42.868 12240 12266 D EGL_emulation: app_time_stats: avg=33.29ms min=10.29ms max=87.18ms count=26
11-20 13:54:43.183   574   595 I ActivityTaskManager: Displayed com.example.dogglers/.GridListActivity for user 0: +989ms
11-20 13:54:43.198 12240 12291 I OpenGLRenderer: Davey! duration=831ms; Flags=1, FrameTimelineVsyncId=175124, IntendedVsync=3438944703218, Vsync=3439161369876, InputEventId=0, HandleInputStart=3439176048688, AnimationStart=3439176053860, PerformTraversalsStart=3439190649867, DrawStart=3439482739428, FrameDeadline=3438961369884, FrameInterval=3439175925814, FrameStartTime=16666666, SyncQueued=3439528900775, SyncStart=3439557865753, IssueDrawCommandsStart=3439558095126, SwapBuffers=3439727098061, FrameCompleted=3439804898447, DequeueBufferDuration=3690, QueueBufferDuration=628834, GpuCompleted=3439804847908, SwapBuffersCompleted=3439804898447, DisplayPresentTime=0, CommandSubmissionCompleted=3439727098061,
11-20 13:54:43.225 12240 12240 I Choreographer: Skipped 41 frames!  The application may be doing too much work on its main thread.
11-20 13:54:43.229 12240 12291 I OpenGLRenderer: Davey! duration=918ms; Flags=1, FrameTimelineVsyncId=175124, IntendedVsync=3438944703218, Vsync=3439161369876, InputEventId=0, HandleInputStart=3439176048688, AnimationStart=3439176053860, PerformTraversalsStart=3439190649867, DrawStart=3439826010495, FrameDeadline=3439844703182, FrameInterval=3439175925814, FrameStartTime=16666666, SyncQueued=3439835555437, SyncStart=3439838465980, IssueDrawCommandsStart=3439838513727, SwapBuffers=3439839826101, FrameCompleted=3439865882185, DequeueBufferDuration=6012087, QueueBufferDuration=200636, GpuCompleted=3439865882185, SwapBuffersCompleted=3439862228926, DisplayPresentTime=72904454231819506, CommandSubmissionCompleted=3439839826101,
11-20 13:54:43.302   989  1054 D EGL_emulation: app_time_stats: avg=50.18ms min=1.35ms max=443.04ms count=16
11-20 13:54:43.337 12240 12255 I OpenGLRenderer: Davey! duration=766ms; Flags=0, FrameTimelineVsyncId=175303, IntendedVsync=3439178036542, Vsync=3439861369848, InputEventId=0, HandleInputStart=3439868758743, AnimationStart=3439868765664, PerformTraversalsStart=3439869514606, DrawStart=3439877144462, FrameDeadline=3439828036516, FrameInterval=3439863884722, FrameStartTime=16666666, SyncQueued=3439877530157, SyncStart=3439881884948, IssueDrawCommandsStart=3439882067590, SwapBuffers=3439884440781, FrameCompleted=3439948756873, DequeueBufferDuration=3359, QueueBufferDuration=233809, GpuCompleted=3439948756873, SwapBuffersCompleted=3439914960726, DisplayPresentTime=0, CommandSubmissionCompleted=3439884440781,
11-20 13:54:43.338 12240 12255 I OpenGLRenderer: Davey! duration=720ms; Flags=0, FrameTimelineVsyncId=175303, IntendedVsync=3439178036542, Vsync=3439861369848, InputEventId=0, HandleInputStart=3439868758743, AnimationStart=3439868765664, PerformTraversalsStart=3439869514606, DrawStart=3439880606339, FrameDeadline=3439894703180, FrameInterval=3439863884722, FrameStartTime=16666666, SyncQueued=3439888340410, SyncStart=3439932071333, IssueDrawCommandsStart=3439932175342, SwapBuffers=3439933491913, FrameCompleted=3439942451874, DequeueBufferDuration=3231, QueueBufferDuration=179418, GpuCompleted=3439942393509, SwapBuffersCompleted=3439942451874, DisplayPresentTime=0, CommandSubmissionCompleted=3439933491913,
11-20 13:54:43.400   989  1054 E OpenGLRenderer: Unable to match the desired swap behavior.
11-20 13:54:43.496   989  1054 E OpenGLRenderer: Unable to match the desired swap behavior.
11-20 13:54:43.506   989  1038 W Choreographer: Frame time is 0.096823 ms in the future!  Check that graphics HAL is generating vsync timestamps using the correct timebase.
11-20 13:54:43.607   574  2099 I ImeTracker: com.example.dogglers:64f7a22b: onRequestHide at ORIGIN_SERVER_HIDE_INPUT reason HIDE_UNSPECIFIED_WINDOW
11-20 13:54:43.606   574  2099 I ImeTracker: com.example.dogglers:64f7a22b: onCancelled at PHASE_SERVER_SHOULD_HIDE
11-20 13:54:43.611  1770  1770 I GoogleInputMethodService: GoogleInputMethodService.onFinishInput():3227
11-20 13:54:43.612  1770  1770 I GoogleInputMethodService: GoogleInputMethodService.updateDeviceLockedStatus():2087 repeatCheckTimes = 0, unlocked = true
11-20 13:54:43.612  1770  1770 I GoogleInputMethodService: GoogleInputMethodService.onStartInput():1877 onStartInput(EditorInfo{inputType=0x0(NULL) imeOptions=0x0 privateImeOptions=null actionName=UNSPECIFIED actionLabel=null actionId=0 initialSelStart=-1 initialSelEnd=-1 initialCapsMode=0x0 hintText=null label=null packageName=com.example.dogglers fieldId=0 fieldName=null extras=null}, false)
11-20 13:54:43.612  1770  1770 I GoogleInputMethodService: GoogleInputMethodService.shouldHideHeaderOnInitialState():4008 ShouldHideHeaderOnInitialState = false
11-20 13:54:43.614  1770  1770 I GoogleInputMethodService: GoogleInputMethodService.updateDeviceLockedStatus():2087 repeatCheckTimes = 2, unlocked = true
11-20 13:54:43.638   989  1038 W Choreographer: Frame time is 0.723386 ms in the future!  Check that graphics HAL is generating vsync timestamps using the correct timebase.
11-20 13:54:43.722   989  1038 W Choreographer: Frame time is 0.763474 ms in the future!  Check that graphics HAL is generating vsync timestamps using the correct timebase.
11-20 13:54:43.744  8631  9084 V RkpdServerInterface: Requesting data from server. Attempt 7
11-20 13:54:43.747   363 12359 I resolv  : GetAddrInfoHandler::run: {0 0 0 983040 10171 0}
11-20 13:54:43.747  8631  9084 E RkpdServerInterface: Failed to complete request from server.Unable to resolve host "remoteprovisioning.googleapis.com": No address associated with hostname
11-20 13:54:43.772   989  1038 W Choreographer: Frame time is 0.553671 ms in the future!  Check that graphics HAL is generating vsync timestamps using the correct timebase.
11-20 13:54:43.804   989  1038 W Choreographer: Frame time is 1.411694 ms in the future!  Check that graphics HAL is generating vsync timestamps using the correct timebase.
11-20 13:54:43.819 12240 12240 I ViewInteraction: Checking 'MatchesViewAssertion{viewMatcher=(view has effective visibility <VISIBLE> and view.getGlobalVisibleRect() to return non-empty rectangle)}' assertion on view view.getId() is <2131230933/com.example.dogglers:id/grid_recycler_view>
11-20 13:54:43.835 12240 12240 D LifecycleMonitor: Lifecycle status change: com.example.dogglers.GridListActivity@4569e8 in: PAUSED
11-20 13:54:43.836 12240 12240 V ActivityScenario: Activity lifecycle changed event received but ignored because the intent does not match. startActivityIntent=Intent { act=android.intent.action.MAIN cat=[android.intent.category.LAUNCHER] cmp=com.example.dogglers/.MainActivity }, activity.getIntent()=Intent { cmp=com.example.dogglers/.GridListActivity }, activity=com.example.dogglers.GridListActivity@4569e8
11-20 13:54:43.858 12240 12240 D LifecycleMonitor: Lifecycle status change: androidx.test.core.app.InstrumentationActivityInvoker$EmptyActivity@16014b2 in: PRE_ON_CREATE
11-20 13:54:43.859 12240 12240 V ActivityScenario: Activity lifecycle changed event received but ignored because the intent does not match. startActivityIntent=Intent { act=android.intent.action.MAIN cat=[android.intent.category.LAUNCHER] cmp=com.example.dogglers/.MainActivity }, activity.getIntent()=Intent { act=android.intent.action.MAIN cat=[android.intent.category.LAUNCHER] flg=0x10000000 cmp=com.example.dogglers/androidx.test.core.app.InstrumentationActivityInvoker$EmptyActivity }, activity=androidx.test.core.app.InstrumentationActivityInvoker$EmptyActivity@16014b2
11-20 13:54:43.870 12240 12240 D LifecycleMonitor: Lifecycle status change: androidx.test.core.app.InstrumentationActivityInvoker$EmptyActivity@16014b2 in: CREATED
11-20 13:54:43.872 12240 12240 V ActivityScenario: Activity lifecycle changed event received but ignored because the intent does not match. startActivityIntent=Intent { act=android.intent.action.MAIN cat=[android.intent.category.LAUNCHER] cmp=com.example.dogglers/.MainActivity }, activity.getIntent()=Intent { act=android.intent.action.MAIN cat=[android.intent.category.LAUNCHER] flg=0x10000000 cmp=com.example.dogglers/androidx.test.core.app.InstrumentationActivityInvoker$EmptyActivity }, activity=androidx.test.core.app.InstrumentationActivityInvoker$EmptyActivity@16014b2
11-20 13:54:43.875 12240 12240 D LifecycleMonitor: Lifecycle status change: androidx.test.core.app.InstrumentationActivityInvoker$EmptyActivity@16014b2 in: STARTED
11-20 13:54:43.876 12240 12240 V ActivityScenario: Activity lifecycle changed event received but ignored because the intent does not match. startActivityIntent=Intent { act=android.intent.action.MAIN cat=[android.intent.category.LAUNCHER] cmp=com.example.dogglers/.MainActivity }, activity.getIntent()=Intent { act=android.intent.action.MAIN cat=[android.intent.category.LAUNCHER] flg=0x10000000 cmp=com.example.dogglers/androidx.test.core.app.InstrumentationActivityInvoker$EmptyActivity }, activity=androidx.test.core.app.InstrumentationActivityInvoker$EmptyActivity@16014b2
11-20 13:54:43.885 12240 12240 D LifecycleMonitor: Lifecycle status change: androidx.test.core.app.InstrumentationActivityInvoker$EmptyActivity@16014b2 in: RESUMED
11-20 13:54:43.886 12240 12240 V ActivityScenario: Activity lifecycle changed event received but ignored because the intent does not match. startActivityIntent=Intent { act=android.intent.action.MAIN cat=[android.intent.category.LAUNCHER] cmp=com.example.dogglers/.MainActivity }, activity.getIntent()=Intent { act=android.intent.action.MAIN cat=[android.intent.category.LAUNCHER] flg=0x10000000 cmp=com.example.dogglers/androidx.test.core.app.InstrumentationActivityInvoker$EmptyActivity }, activity=androidx.test.core.app.InstrumentationActivityInvoker$EmptyActivity@16014b2
11-20 13:54:43.906 12240 12240 W Choreographer: Frame time is 0.096794 ms in the future!  Check that graphics HAL is generating vsync timestamps using the correct timebase.
11-20 13:54:43.965   574   595 I ActivityTaskManager: Displayed com.example.dogglers/androidx.test.core.app.InstrumentationActivityInvoker$EmptyActivity for user 0: +133ms
11-20 13:54:43.972 12240 12240 W Choreographer: Frame time is 0.725043 ms in the future!  Check that graphics HAL is generating vsync timestamps using the correct timebase.
11-20 13:54:44.060   430   430 I BpBinder: onLastStrongRef automatically unlinking death recipients:
11-20 13:54:44.057 12240 12240 D LifecycleMonitor: Lifecycle status change: androidx.test.core.app.InstrumentationActivityInvoker$EmptyActivity@16014b2 in: PAUSED
11-20 13:54:44.059 12240 12240 V ActivityScenario: Activity lifecycle changed event received but ignored because the intent does not match. startActivityIntent=Intent { act=android.intent.action.MAIN cat=[android.intent.category.LAUNCHER] cmp=com.example.dogglers/.MainActivity }, activity.getIntent()=Intent { act=android.intent.action.MAIN cat=[android.intent.category.LAUNCHER] flg=0x10000000 cmp=com.example.dogglers/androidx.test.core.app.InstrumentationActivityInvoker$EmptyActivity }, activity=androidx.test.core.app.InstrumentationActivityInvoker$EmptyActivity@16014b2
11-20 13:54:44.071   574  2557 I ImeTracker: com.example.dogglers:5193f817: onRequestHide at ORIGIN_SERVER_HIDE_INPUT reason HIDE_UNSPECIFIED_WINDOW
11-20 13:54:44.072   574  2557 I ImeTracker: com.example.dogglers:5193f817: onCancelled at PHASE_SERVER_SHOULD_HIDE
11-20 13:54:44.074  1770  1770 I GoogleInputMethodService: GoogleInputMethodService.onFinishInput():3227
11-20 13:54:44.077  1770  1770 I GoogleInputMethodService: GoogleInputMethodService.updateDeviceLockedStatus():2087 repeatCheckTimes = 0, unlocked = true
11-20 13:54:44.076 12240 12240 D LifecycleMonitor: Lifecycle status change: androidx.test.core.app.InstrumentationActivityInvoker$BootstrapActivity@c0bb533 in: DESTROYED
11-20 13:54:44.079  1770  1770 I GoogleInputMethodService: GoogleInputMethodService.onStartInput():1877 onStartInput(EditorInfo{inputType=0x0(NULL) imeOptions=0x0 privateImeOptions=null actionName=UNSPECIFIED actionLabel=null actionId=0 initialSelStart=-1 initialSelEnd=-1 initialCapsMode=0x0 hintText=null label=null packageName=com.example.dogglers fieldId=0 fieldName=null extras=null}, false)
11-20 13:54:44.079  1770  1770 I GoogleInputMethodService: GoogleInputMethodService.shouldHideHeaderOnInitialState():4008 ShouldHideHeaderOnInitialState = false
11-20 13:54:44.078 12240 12240 V ActivityScenario: Activity lifecycle changed event received but ignored because the intent does not match. startActivityIntent=Intent { act=android.intent.action.MAIN cat=[android.intent.category.LAUNCHER] cmp=com.example.dogglers/.MainActivity }, activity.getIntent()=Intent { act=android.intent.action.MAIN cat=[android.intent.category.LAUNCHER] flg=0x10008000 cmp=com.example.dogglers/androidx.test.core.app.InstrumentationActivityInvoker$BootstrapActivity (has extras) }, activity=androidx.test.core.app.InstrumentationActivityInvoker$BootstrapActivity@c0bb533
11-20 13:54:44.082  1770  1770 I GoogleInputMethodService: GoogleInputMethodService.updateDeviceLockedStatus():2087 repeatCheckTimes = 2, unlocked = true
11-20 13:54:44.100 12240 12240 D LifecycleMonitor: Lifecycle status change: androidx.test.core.app.InstrumentationActivityInvoker$EmptyActivity@c04d157 in: PRE_ON_CREATE
11-20 13:54:44.101 12240 12240 V ActivityScenario: Activity lifecycle changed event received but ignored because the intent does not match. startActivityIntent=Intent { act=android.intent.action.MAIN cat=[android.intent.category.LAUNCHER] cmp=com.example.dogglers/.MainActivity }, activity.getIntent()=Intent { act=android.intent.action.MAIN cat=[android.intent.category.LAUNCHER] flg=0x10000000 cmp=com.example.dogglers/androidx.test.core.app.InstrumentationActivityInvoker$EmptyActivity }, activity=androidx.test.core.app.InstrumentationActivityInvoker$EmptyActivity@c04d157
11-20 13:54:44.111 12240 12240 D LifecycleMonitor: Lifecycle status change: androidx.test.core.app.InstrumentationActivityInvoker$EmptyActivity@c04d157 in: CREATED
11-20 13:54:44.112 12240 12240 V ActivityScenario: Activity lifecycle changed event received but ignored because the intent does not match. startActivityIntent=Intent { act=android.intent.action.MAIN cat=[android.intent.category.LAUNCHER] cmp=com.example.dogglers/.MainActivity }, activity.getIntent()=Intent { act=android.intent.action.MAIN cat=[android.intent.category.LAUNCHER] flg=0x10000000 cmp=com.example.dogglers/androidx.test.core.app.InstrumentationActivityInvoker$EmptyActivity }, activity=androidx.test.core.app.InstrumentationActivityInvoker$EmptyActivity@c04d157
11-20 13:54:44.115 12240 12240 D LifecycleMonitor: Lifecycle status change: androidx.test.core.app.InstrumentationActivityInvoker$EmptyActivity@c04d157 in: STARTED
11-20 13:54:44.116 12240 12240 V ActivityScenario: Activity lifecycle changed event received but ignored because the intent does not match. startActivityIntent=Intent { act=android.intent.action.MAIN cat=[android.intent.category.LAUNCHER] cmp=com.example.dogglers/.MainActivity }, activity.getIntent()=Intent { act=android.intent.action.MAIN cat=[android.intent.category.LAUNCHER] flg=0x10000000 cmp=com.example.dogglers/androidx.test.core.app.InstrumentationActivityInvoker$EmptyActivity }, activity=androidx.test.core.app.InstrumentationActivityInvoker$EmptyActivity@c04d157
11-20 13:54:44.119 12240 12240 D LifecycleMonitor: Lifecycle status change: androidx.test.core.app.InstrumentationActivityInvoker$EmptyActivity@c04d157 in: RESUMED
11-20 13:54:44.121 12240 12240 V ActivityScenario: Activity lifecycle changed event received but ignored because the intent does not match. startActivityIntent=Intent { act=android.intent.action.MAIN cat=[android.intent.category.LAUNCHER] cmp=com.example.dogglers/.MainActivity }, activity.getIntent()=Intent { act=android.intent.action.MAIN cat=[android.intent.category.LAUNCHER] flg=0x10000000 cmp=com.example.dogglers/androidx.test.core.app.InstrumentationActivityInvoker$EmptyActivity }, activity=androidx.test.core.app.InstrumentationActivityInvoker$EmptyActivity@c04d157
11-20 13:54:44.130 12240 12240 D LifecycleMonitor: Lifecycle status change: com.example.dogglers.MainActivity@3b8c19b in: STOPPED
11-20 13:54:44.131 12240 12240 V ActivityScenario: Update currentActivityStage to STOPPED, currentActivity=com.example.dogglers.MainActivity@3b8c19b
11-20 13:54:44.134 12240 12240 D LifecycleMonitor: Lifecycle status change: com.example.dogglers.MainActivity@3b8c19b in: DESTROYED
11-20 13:54:44.134 12240 12240 V ActivityScenario: Update currentActivityStage to DESTROYED, currentActivity=null
11-20 13:54:44.134 12240 12240 W WindowOnBackDispatcher: sendCancelIfRunning: isInProgress=falsecallback=android.view.ViewRootImpl$$ExternalSyntheticLambda17@8af2d9c
11-20 13:54:44.139   574  1051 W InputManager-JNI: Input channel object '1384642 com.example.dogglers/com.example.dogglers.MainActivity (client)' was disposed without first being removed with the input manager!
11-20 13:54:44.152 12240 12240 D LifecycleMonitor: Lifecycle status change: com.example.dogglers.GridListActivity@4569e8 in: STOPPED
11-20 13:54:44.152 12240 12240 V ActivityScenario: Activity lifecycle changed event received but ignored because the intent does not match. startActivityIntent=Intent { act=android.intent.action.MAIN cat=[android.intent.category.LAUNCHER] cmp=com.example.dogglers/.MainActivity }, activity.getIntent()=Intent { cmp=com.example.dogglers/.GridListActivity }, activity=com.example.dogglers.GridListActivity@4569e8
11-20 13:54:44.225   574   595 I ActivityTaskManager: Displayed com.example.dogglers/androidx.test.core.app.InstrumentationActivityInvoker$EmptyActivity for user 0: +247ms
11-20 13:54:44.247 12240 12240 D LifecycleMonitor: Lifecycle status change: androidx.test.core.app.InstrumentationActivityInvoker$EmptyActivity@16014b2 in: STOPPED
11-20 13:54:44.248 12240 12240 V ActivityScenario: Activity lifecycle changed event received but ignored because the intent does not match. startActivityIntent=Intent { act=android.intent.action.MAIN cat=[android.intent.category.LAUNCHER] cmp=com.example.dogglers/.MainActivity }, activity.getIntent()=Intent { act=android.intent.action.MAIN cat=[android.intent.category.LAUNCHER] flg=0x10000000 cmp=com.example.dogglers/androidx.test.core.app.InstrumentationActivityInvoker$EmptyActivity }, activity=androidx.test.core.app.InstrumentationActivityInvoker$EmptyActivity@16014b2
11-20 13:54:44.267   574  2099 I ImeTracker: com.example.dogglers:147d0619: onRequestHide at ORIGIN_SERVER_HIDE_INPUT reason HIDE_UNSPECIFIED_WINDOW
11-20 13:54:44.268   574  2099 I ImeTracker: com.example.dogglers:147d0619: onCancelled at PHASE_SERVER_SHOULD_HIDE
11-20 13:54:44.270  1770  1770 I GoogleInputMethodService: GoogleInputMethodService.onFinishInput():3227
11-20 13:54:44.272  1770  1770 I GoogleInputMethodService: GoogleInputMethodService.updateDeviceLockedStatus():2087 repeatCheckTimes = 0, unlocked = true
11-20 13:54:44.273  1770  1770 I GoogleInputMethodService: GoogleInputMethodService.onStartInput():1877 onStartInput(EditorInfo{inputType=0x0(NULL) imeOptions=0x0 privateImeOptions=null actionName=UNSPECIFIED actionLabel=null actionId=0 initialSelStart=-1 initialSelEnd=-1 initialCapsMode=0x0 hintText=null label=null packageName=com.example.dogglers fieldId=0 fieldName=null extras=null}, false)
11-20 13:54:44.274  1770  1770 I GoogleInputMethodService: GoogleInputMethodService.shouldHideHeaderOnInitialState():4008 ShouldHideHeaderOnInitialState = false
11-20 13:54:44.275  1770  1770 I GoogleInputMethodService: GoogleInputMethodService.updateDeviceLockedStatus():2087 repeatCheckTimes = 2, unlocked = true
11-20 13:54:44.275   430   430 I BpBinder: onLastStrongRef automatically unlinking death recipients:
11-20 13:54:44.278 12240 12240 D LifecycleMonitor: Lifecycle status change: androidx.test.core.app.InstrumentationActivityInvoker$EmptyActivity@16014b2 in: DESTROYED
11-20 13:54:44.278 12240 12240 V ActivityScenario: Activity lifecycle changed event received but ignored because the intent does not match. startActivityIntent=Intent { act=android.intent.action.MAIN cat=[android.intent.category.LAUNCHER] cmp=com.example.dogglers/.MainActivity }, activity.getIntent()=Intent { act=android.intent.action.MAIN cat=[android.intent.category.LAUNCHER] flg=0x10000000 cmp=com.example.dogglers/androidx.test.core.app.InstrumentationActivityInvoker$EmptyActivity }, activity=androidx.test.core.app.InstrumentationActivityInvoker$EmptyActivity@16014b2
11-20 13:54:44.279 12240 12240 W WindowOnBackDispatcher: sendCancelIfRunning: isInProgress=falsecallback=android.view.ViewRootImpl$$ExternalSyntheticLambda17@153955f
11-20 13:54:44.283   574  2099 W InputManager-JNI: Input channel object '75f01e4 com.example.dogglers/androidx.test.core.app.InstrumentationActivityInvoker$EmptyActivity (client)' was disposed without first being removed with the input manager!
11-20 13:54:44.287 12240 12240 D LifecycleMonitor: Lifecycle status change: androidx.test.core.app.InstrumentationActivityInvoker$EmptyActivity@c04d157 in: PAUSED
11-20 13:54:44.288 12240 12240 V ActivityScenario: Activity lifecycle changed event received but ignored because the intent does not match. startActivityIntent=Intent { act=android.intent.action.MAIN cat=[android.intent.category.LAUNCHER] cmp=com.example.dogglers/.MainActivity }, activity.getIntent()=Intent { act=android.intent.action.MAIN cat=[android.intent.category.LAUNCHER] flg=0x10000000 cmp=com.example.dogglers/androidx.test.core.app.InstrumentationActivityInvoker$EmptyActivity }, activity=androidx.test.core.app.InstrumentationActivityInvoker$EmptyActivity@c04d157
11-20 13:54:44.296 12240 12240 D LifecycleMonitor: Lifecycle status change: com.example.dogglers.GridListActivity@4569e8 in: RESTARTED
11-20 13:54:44.297 12240 12240 V ActivityScenario: Activity lifecycle changed event received but ignored because the intent does not match. startActivityIntent=Intent { act=android.intent.action.MAIN cat=[android.intent.category.LAUNCHER] cmp=com.example.dogglers/.MainActivity }, activity.getIntent()=Intent { cmp=com.example.dogglers/.GridListActivity }, activity=com.example.dogglers.GridListActivity@4569e8
11-20 13:54:44.298 12240 12240 D LifecycleMonitor: Lifecycle status change: com.example.dogglers.GridListActivity@4569e8 in: STARTED
11-20 13:54:44.299 12240 12240 V ActivityScenario: Activity lifecycle changed event received but ignored because the intent does not match. startActivityIntent=Intent { act=android.intent.action.MAIN cat=[android.intent.category.LAUNCHER] cmp=com.example.dogglers/.MainActivity }, activity.getIntent()=Intent { cmp=com.example.dogglers/.GridListActivity }, activity=com.example.dogglers.GridListActivity@4569e8
11-20 13:54:44.299 12240 12240 D LifecycleMonitor: Lifecycle status change: com.example.dogglers.GridListActivity@4569e8 in: RESUMED
11-20 13:54:44.300 12240 12240 V ActivityScenario: Activity lifecycle changed event received but ignored because the intent does not match. startActivityIntent=Intent { act=android.intent.action.MAIN cat=[android.intent.category.LAUNCHER] cmp=com.example.dogglers/.MainActivity }, activity.getIntent()=Intent { cmp=com.example.dogglers/.GridListActivity }, activity=com.example.dogglers.GridListActivity@4569e8
11-20 13:54:44.398 12240 12263 I TestRunner: finished: clicking_grid_list_button_displays_grid_list(com.example.dogglers.ButtonTests)
