11-20 13:55:07.052 12240 12263 I TestRunner: started: horizontal_scrolling(com.example.dogglers.HorizontalListTests)
11-20 13:55:07.068 12240 12263 W Settings: Setting always_finish_activities has moved from android.provider.Settings.System to android.provider.Settings.Global, returning read-only value.
11-20 13:55:07.143   989  1041 D SplashScreenView: Build android.window.SplashScreenView{2632997 V.E...... ......ID 0,0-0,0}
11-20 13:55:07.143   989  1041 D SplashScreenView: Icon: view: null drawable: null size: 0
11-20 13:55:07.143   989  1041 D SplashScreenView: Branding: view: android.view.View{caee784 G.ED..... ......I. 0,0-0,0 #10204ef android:id/splashscreen_branding_view} drawable: null size w: 0 h: 0
11-20 13:55:07.161   430   430 I BpBinder: onLastStrongRef automatically unlinking death recipients:
11-20 13:55:07.195 12240 12240 D LifecycleMonitor: Lifecycle status change: androidx.test.core.app.InstrumentationActivityInvoker$BootstrapActivity@3b621fb in: PRE_ON_CREATE
11-20 13:55:07.196 12240 12240 V ActivityScenario: Activity lifecycle changed event received but ignored because the intent does not match. startActivityIntent=Intent { act=android.intent.action.MAIN cat=[android.intent.category.LAUNCHER] cmp=com.example.dogglers/.HorizontalListActivity }, activity.getIntent()=Intent { act=android.intent.action.MAIN cat=[android.intent.category.LAUNCHER] flg=0x10008000 cmp=com.example.dogglers/androidx.test.core.app.InstrumentationActivityInvoker$BootstrapActivity (has extras) }, activity=androidx.test.core.app.InstrumentationActivityInvoker$BootstrapActivity@3b621fb
11-20 13:55:07.207 12240 12240 D LifecycleMonitor: Lifecycle status change: androidx.test.core.app.InstrumentationActivityInvoker$BootstrapActivity@3b621fb in: CREATED
11-20 13:55:07.209 12240 12240 V ActivityScenario: Activity lifecycle changed event received but ignored because the intent does not match. startActivityIntent=Intent { act=android.intent.action.MAIN cat=[android.intent.category.LAUNCHER] cmp=com.example.dogglers/.HorizontalListActivity }, activity.getIntent()=Intent { act=android.intent.action.MAIN cat=[android.intent.category.LAUNCHER] flg=0x10008000 cmp=com.example.dogglers/androidx.test.core.app.InstrumentationActivityInvoker$BootstrapActivity (has extras) }, activity=androidx.test.core.app.InstrumentationActivityInvoker$BootstrapActivity@3b621fb
11-20 13:55:07.212 12240 12240 D LifecycleMonitor: Lifecycle status change: androidx.test.core.app.InstrumentationActivityInvoker$BootstrapActivity@3b621fb in: STARTED
11-20 13:55:07.212 12240 12240 V ActivityScenario: Activity lifecycle changed event received but ignored because the intent does not match. startActivityIntent=Intent { act=android.intent.action.MAIN cat=[android.intent.category.LAUNCHER] cmp=com.example.dogglers/.HorizontalListActivity }, activity.getIntent()=Intent { act=android.intent.action.MAIN cat=[android.intent.category.LAUNCHER] flg=0x10008000 cmp=com.example.dogglers/androidx.test.core.app.InstrumentationActivityInvoker$BootstrapActivity (has extras) }, activity=androidx.test.core.app.InstrumentationActivityInvoker$BootstrapActivity@3b621fb
11-20 13:55:07.231 12240 12240 D LifecycleMonitor: Lifecycle status change: androidx.test.core.app.InstrumentationActivityInvoker$BootstrapActivity@3b621fb in: RESUMED
11-20 13:55:07.233 12240 12240 V ActivityScenario: Activity lifecycle changed event received but ignored because the intent does not match. startActivityIntent=Intent { act=android.intent.action.MAIN cat=[android.intent.category.LAUNCHER] cmp=com.example.dogglers/.HorizontalListActivity }, activity.getIntent()=Intent { act=android.intent.action.MAIN cat=[android.intent.category.LAUNCHER] flg=0x10008000 cmp=com.example.dogglers/androidx.test.core.app.InstrumentationActivityInvoker$BootstrapActivity (has extras) }, activity=androidx.test.core.app.InstrumentationActivityInvoker$BootstrapActivity@3b621fb
11-20 13:55:07.237 12240 12240 D LifecycleMonitor: Lifecycle status change: androidx.test.core.app.InstrumentationActivityInvoker$BootstrapActivity@3b621fb in: PAUSED
11-20 13:55:07.239 12240 12240 V ActivityScenario: Activity lifecycle changed event received but ignored because the intent does not match. startActivityIntent=Intent { act=android.intent.action.MAIN cat=[android.intent.category.LAUNCHER] cmp=com.example.dogglers/.HorizontalListActivity }, activity.getIntent()=Intent { act=android.intent.action.MAIN cat=[android.intent.category.LAUNCHER] flg=0x10008000 cmp=com.example.dogglers/androidx.test.core.app.InstrumentationActivityInvoker$BootstrapActivity (has extras) }, activity=androidx.test.core.app.InstrumentationActivityInvoker$BootstrapActivity@3b621fb
11-20 13:55:07.255 12240 12240 D LifecycleMonitor: Lifecycle status change: com.example.dogglers.HorizontalListActivity@a40d0a9 in: PRE_ON_CREATE
11-20 13:55:07.256 12240 12240 V ActivityScenario: Activity lifecycle changed event received but ignored because the reported transition was not ON_CREATE while the last known transition was PRE_ON_CREATE
11-20 13:55:07.299 12240 12240 D LifecycleMonitor: Lifecycle status change: com.example.dogglers.HorizontalListActivity@a40d0a9 in: CREATED
11-20 13:55:07.300 12240 12240 V ActivityScenario: Update currentActivityStage to CREATED, currentActivity=com.example.dogglers.HorizontalListActivity@a40d0a9
11-20 13:55:07.304 12240 12240 D LifecycleMonitor: Lifecycle status change: com.example.dogglers.HorizontalListActivity@a40d0a9 in: STARTED
11-20 13:55:07.304 12240 12240 V ActivityScenario: Update currentActivityStage to STARTED, currentActivity=com.example.dogglers.HorizontalListActivity@a40d0a9
11-20 13:55:07.307 12240 12240 D LifecycleMonitor: Lifecycle status change: com.example.dogglers.HorizontalListActivity@a40d0a9 in: RESUMED
11-20 13:55:07.308 12240 12240 V ActivityScenario: Update currentActivityStage to RESUMED, currentActivity=com.example.dogglers.HorizontalListActivity@a40d0a9
11-20 13:55:07.514   363 12528 I resolv  : GetAddrInfoHandler::run: {0 786432 0 983040 10123 0}
11-20 13:55:07.514   574   595 W ziparchive: Unable to open '/data/app/~~g9pGXw6zzmInD44PnXlZug==/com.example.dogglers-fFkVg-hwOoV9dkaT6QJ7gg==/base.dm': No such file or directory
11-20 13:55:07.514  5846 11318 W enyb    : [{0}] Failed to resolve name. status={1}
11-20 13:55:07.518   574   595 I ActivityTaskManager: Displayed com.example.dogglers/.HorizontalListActivity for user 0: +416ms
11-20 13:55:07.520 12240 12240 D RootViewPicker: Root not ready - waiting: 10ms for one to appear.
11-20 13:55:07.535 12240 12240 D RootViewPicker: Root not ready - waiting: 25ms for one to appear.
11-20 13:55:07.678   574  1051 I ImeTracker: com.example.dogglers:163ed4e5: onRequestHide at ORIGIN_SERVER_HIDE_INPUT reason HIDE_UNSPECIFIED_WINDOW
11-20 13:55:07.678   574  1051 I ImeTracker: com.example.dogglers:163ed4e5: onCancelled at PHASE_SERVER_SHOULD_HIDE
11-20 13:55:07.686  1770  1770 I GoogleInputMethodService: GoogleInputMethodService.onFinishInput():3227
11-20 13:55:07.688  1770  1770 I GoogleInputMethodService: GoogleInputMethodService.updateDeviceLockedStatus():2087 repeatCheckTimes = 0, unlocked = true
11-20 13:55:07.692  1770  1770 I GoogleInputMethodService: GoogleInputMethodService.onStartInput():1877 onStartInput(EditorInfo{inputType=0x0(NULL) imeOptions=0x0 privateImeOptions=null actionName=UNSPECIFIED actionLabel=null actionId=0 initialSelStart=-1 initialSelEnd=-1 initialCapsMode=0x0 hintText=null label=null packageName=com.example.dogglers fieldId=0 fieldName=null extras=null}, false)
11-20 13:55:07.693  1770  1770 I GoogleInputMethodService: GoogleInputMethodService.shouldHideHeaderOnInitialState():4008 ShouldHideHeaderOnInitialState = false
11-20 13:55:07.695  1770  1770 I GoogleInputMethodService: GoogleInputMethodService.updateDeviceLockedStatus():2087 repeatCheckTimes = 2, unlocked = true
11-20 13:55:07.806  2640  2640 W Choreographer: Frame time is 0.041113 ms in the future!  Check that graphics HAL is generating vsync timestamps using the correct timebase.
11-20 13:55:07.807  1277  1277 D AutofillManager: view is not autofillable - activity denied for autofill
11-20 13:55:07.846 12240 12240 D LifecycleMonitor: Lifecycle status change: androidx.test.core.app.InstrumentationActivityInvoker$BootstrapActivity@3b621fb in: STOPPED
11-20 13:55:07.846 12240 12240 V ActivityScenario: Activity lifecycle changed event received but ignored because the intent does not match. startActivityIntent=Intent { act=android.intent.action.MAIN cat=[android.intent.category.LAUNCHER] cmp=com.example.dogglers/.HorizontalListActivity }, activity.getIntent()=Intent { act=android.intent.action.MAIN cat=[android.intent.category.LAUNCHER] flg=0x10008000 cmp=com.example.dogglers/androidx.test.core.app.InstrumentationActivityInvoker$BootstrapActivity (has extras) }, activity=androidx.test.core.app.InstrumentationActivityInvoker$BootstrapActivity@3b621fb
11-20 13:55:07.850 12240 12240 I ViewInteraction: Performing 'fast swipe' action on view view.getId() is <2131230945/com.example.dogglers:id/horizontal_recycler_view>
11-20 13:55:07.854   574   706 D InputDispatcher: Conflicting pointer actions: Down received while already down or hovering.
11-20 13:55:07.860   574   706 I InputDispatcher: Dropping event because a pointer for device -1 is already down in display 0: MotionEvent(deviceId=-1, eventTime=3464504000000, source=0x00000002, displayId=0, action=MOVE, actionButton=0x00000000, flags=0x00000000, metaState=0x00000000, buttonState=0x00000000, classification=NONE, edgeFlags=0x00000000, xPrecision=1.0, yPrecision=1.0, xCursorPosition=nan, yCursorPosition=nan, pointers=[0: (906.9, 1305.5)]), policyFlags=0x6b000000
11-20 13:55:07.860   574   706 W InputDispatcher: Asynchronous input event injection failed.
11-20 13:55:07.884   574   706 I InputDispatcher: Dropping event because a pointer for device -1 is already down in display 0: MotionEvent(deviceId=-1, eventTime=3464519000000, source=0x00000002, displayId=0, action=MOVE, actionButton=0x00000000, flags=0x00000000, metaState=0x00000000, buttonState=0x00000000, classification=NONE, edgeFlags=0x00000000, xPrecision=1.0, yPrecision=1.0, xCursorPosition=nan, yCursorPosition=nan, pointers=[0: (824.5, 1305.5)]), policyFlags=0x6b000000
11-20 13:55:07.884   574   706 W InputDispatcher: Asynchronous input event injection failed.
11-20 13:55:07.892 12240 12240 D AutofillManager: Fill dialog is enabled:false, hints=[password, passwordAuto, creditCardNumber, creditCardSecurityCode, creditCardExpirationDate]
11-20 13:55:07.898   989  1054 D EGL_emulation: app_time_stats: avg=556.13ms min=35.96ms max=1076.31ms count=2
11-20 13:55:07.902   574   706 I InputDispatcher: Dropping event because a pointer for device -1 is already down in display 0: MotionEvent(deviceId=-1, eventTime=3464534000000, source=0x00000002, displayId=0, action=MOVE, actionButton=0x00000000, flags=0x00000000, metaState=0x00000000, buttonState=0x00000000, classification=NONE, edgeFlags=0x00000000, xPrecision=1.0, yPrecision=1.0, xCursorPosition=nan, yCursorPosition=nan, pointers=[0: (742.0, 1305.5)]), policyFlags=0x6b000000
11-20 13:55:07.903  1277  2425 D OneSearchSuggestProvider: Shut down the binder channel
11-20 13:55:07.909   574   706 W InputDispatcher: Asynchronous input event injection failed.
11-20 13:55:07.911  1277 10764 I IPCThreadState: oneway function results for code 2 on binder at 0x76632bbea990 will be dropped but finished with status UNKNOWN_TRANSACTION
11-20 13:55:07.911  1277  1277 D TaplEvents: TIS / TouchInteractionService.onInputEvent: MotionEvent { action=ACTION_CANCEL, actionButton=0, id[0]=0, x[0]=539.5, y[0]=2164.8545, toolType[0]=TOOL_TYPE_UNKNOWN, buttonState=0, classification=NONE, metaState=0, flags=0x20, edgeFlags=0x0, pointerCount=1, historySize=0, eventTime=3464493, downTime=3455098, deviceId=-1, source=0x1002, displayId=0, eventId=1328623802 }
11-20 13:55:07.912  1277  1277 D TaplEvents: TIS / TouchInteractionService.onInputEvent: MotionEvent { action=ACTION_DOWN, actionButton=0, id[0]=0, x[0]=989.36035, y[0]=1305.5, toolType[0]=TOOL_TYPE_UNKNOWN, buttonState=BUTTON_PRIMARY, classification=NONE, metaState=0, flags=0x0, edgeFlags=0x0, pointerCount=1, historySize=0, eventTime=3464489, downTime=3464489, deviceId=-1, source=0x1002, displayId=0, eventId=-714839500 }
11-20 13:55:07.916   574   706 I InputDispatcher: Dropping event because a pointer for device -1 is already down in display 0: MotionEvent(deviceId=-1, eventTime=3464549000000, source=0x00000002, displayId=0, action=MOVE, actionButton=0x00000000, flags=0x00000000, metaState=0x00000000, buttonState=0x00000000, classification=NONE, edgeFlags=0x00000000, xPrecision=1.0, yPrecision=1.0, xCursorPosition=nan, yCursorPosition=nan, pointers=[0: (659.6, 1305.5)]), policyFlags=0x6b000000
11-20 13:55:07.916   574   706 W InputDispatcher: Asynchronous input event injection failed.
11-20 13:55:07.917  1277  1322 I ImeTracker: com.google.android.apps.nexuslauncher:5f340307: onRequestHide at ORIGIN_CLIENT_HIDE_SOFT_INPUT reason HIDE_SOFT_INPUT
11-20 13:55:07.925  1277  1322 I ImeTracker: com.google.android.apps.nexuslauncher:5f340307: onFailed at PHASE_CLIENT_VIEW_SERVED
11-20 13:55:07.936  2640  3242 W SearchServiceCore: Abort, client detached.
11-20 13:55:07.950   574   706 I InputDispatcher: Dropping event because a pointer for device -1 is already down in display 0: MotionEvent(deviceId=-1, eventTime=3464564000000, source=0x00000002, displayId=0, action=MOVE, actionButton=0x00000000, flags=0x00000000, metaState=0x00000000, buttonState=0x00000000, classification=NONE, edgeFlags=0x00000000, xPrecision=1.0, yPrecision=1.0, xCursorPosition=nan, yCursorPosition=nan, pointers=[0: (577.1, 1305.5)]), policyFlags=0x6b000000
11-20 13:55:07.950   574   706 W InputDispatcher: Asynchronous input event injection failed.
11-20 13:55:07.953   989  1054 D EGL_emulation: app_time_stats: avg=25.73ms min=1.03ms max=307.54ms count=21
11-20 13:55:07.952  2640 10753 I PBSessionCacheImpl: Deleted sessionId[11612542089730656] from persistence.
11-20 13:55:07.961   989  1040 W WindowOnBackDispatcher: sendCancelIfRunning: isInProgress=falsecallback=android.view.ViewRootImpl$$ExternalSyntheticLambda17@c26c833
11-20 13:55:07.961   574  1627 W InputManager-JNI: Input channel object '4c2c0db Splash Screen com.example.dogglers (client)' was disposed without first being removed with the input manager!
11-20 13:55:07.968   574   706 I InputDispatcher: Dropping event because a pointer for device -1 is already down in display 0: MotionEvent(deviceId=-1, eventTime=3464579000000, source=0x00000002, displayId=0, action=MOVE, actionButton=0x00000000, flags=0x00000000, metaState=0x00000000, buttonState=0x00000000, classification=NONE, edgeFlags=0x00000000, xPrecision=1.0, yPrecision=1.0, xCursorPosition=nan, yCursorPosition=nan, pointers=[0: (494.7, 1305.5)]), policyFlags=0x6b000000
11-20 13:55:07.968   574   706 W InputDispatcher: Asynchronous input event injection failed.
11-20 13:55:07.968   574   706 I InputDispatcher: Dropping event because a pointer for device -1 is already down in display 0: MotionEvent(deviceId=-1, eventTime=3464594000000, source=0x00000002, displayId=0, action=MOVE, actionButton=0x00000000, flags=0x00000000, metaState=0x00000000, buttonState=0x00000000, classification=NONE, edgeFlags=0x00000000, xPrecision=1.0, yPrecision=1.0, xCursorPosition=nan, yCursorPosition=nan, pointers=[0: (412.2, 1305.5)]), policyFlags=0x6b000000
11-20 13:55:07.968   574   706 W InputDispatcher: Asynchronous input event injection failed.
11-20 13:55:07.975   574   706 I InputDispatcher: Dropping event because a pointer for device -1 is already down in display 0: MotionEvent(deviceId=-1, eventTime=3464609000000, source=0x00000002, displayId=0, action=MOVE, actionButton=0x00000000, flags=0x00000000, metaState=0x00000000, buttonState=0x00000000, classification=NONE, edgeFlags=0x00000000, xPrecision=1.0, yPrecision=1.0, xCursorPosition=nan, yCursorPosition=nan, pointers=[0: (329.8, 1305.5)]), policyFlags=0x6b000000
11-20 13:55:07.975   574   706 W InputDispatcher: Asynchronous input event injection failed.
11-20 13:55:07.987   574   706 I InputDispatcher: Dropping event because a pointer for device -1 is already down in display 0: MotionEvent(deviceId=-1, eventTime=3464624000000, source=0x00000002, displayId=0, action=MOVE, actionButton=0x00000000, flags=0x00000000, metaState=0x00000000, buttonState=0x00000000, classification=NONE, edgeFlags=0x00000000, xPrecision=1.0, yPrecision=1.0, xCursorPosition=nan, yCursorPosition=nan, pointers=[0: (247.3, 1305.5)]), policyFlags=0x6b000000
11-20 13:55:07.987   574   706 W InputDispatcher: Asynchronous input event injection failed.
11-20 13:55:08.006   574   706 I InputDispatcher: Dropping event because a pointer for device -1 is already down in display 0: MotionEvent(deviceId=-1, eventTime=3464639000000, source=0x00000002, displayId=0, action=MOVE, actionButton=0x00000000, flags=0x00000000, metaState=0x00000000, buttonState=0x00000000, classification=NONE, edgeFlags=0x00000000, xPrecision=1.0, yPrecision=1.0, xCursorPosition=nan, yCursorPosition=nan, pointers=[0: (164.9, 1305.5)]), policyFlags=0x6b000000
11-20 13:55:08.006   574   706 W InputDispatcher: Asynchronous input event injection failed.
11-20 13:55:08.008   574   706 I InputDispatcher: Dropping event because a pointer for device -1 is already down in display 0: MotionEvent(deviceId=-1, eventTime=3464654000000, source=0x00000002, displayId=0, action=UP, actionButton=0x00000000, flags=0x00000000, metaState=0x00000000, buttonState=0x00000000, classification=NONE, edgeFlags=0x00000000, xPrecision=1.0, yPrecision=1.0, xCursorPosition=nan, yCursorPosition=nan, pointers=[0: (0.0, 1305.5)]), policyFlags=0x6b000000
11-20 13:55:08.142 12240 12240 I ViewInteraction: Checking 'MatchesViewAssertion{viewMatcher=(view has effective visibility <VISIBLE> and view.getGlobalVisibleRect() to return non-empty rectangle)}' assertion on view an instance of android.widget.TextView and view.getText() with or without transformation to match: is "Frankie"
11-20 13:55:08.142 12240 12240 E ViewAssertions: '(view has effective visibility <VISIBLE> and view.getGlobalVisibleRect() to return non-empty rectangle)' check could not be performed because view 'an instance of android.widget.TextView and view.getText() with or without transformation to match: is "Frankie"' was not found.
11-20 13:55:08.157 12240 12240 D LifecycleMonitor: Lifecycle status change: com.example.dogglers.HorizontalListActivity@a40d0a9 in: PAUSED
11-20 13:55:08.158 12240 12240 V ActivityScenario: Update currentActivityStage to PAUSED, currentActivity=com.example.dogglers.HorizontalListActivity@a40d0a9
11-20 13:55:08.179 12240 12240 D LifecycleMonitor: Lifecycle status change: androidx.test.core.app.InstrumentationActivityInvoker$EmptyActivity@deb9e4e in: PRE_ON_CREATE
11-20 13:55:08.180 12240 12240 V ActivityScenario: Activity lifecycle changed event received but ignored because the intent does not match. startActivityIntent=Intent { act=android.intent.action.MAIN cat=[android.intent.category.LAUNCHER] cmp=com.example.dogglers/.HorizontalListActivity }, activity.getIntent()=Intent { act=android.intent.action.MAIN cat=[android.intent.category.LAUNCHER] flg=0x10000000 cmp=com.example.dogglers/androidx.test.core.app.InstrumentationActivityInvoker$EmptyActivity }, activity=androidx.test.core.app.InstrumentationActivityInvoker$EmptyActivity@deb9e4e
11-20 13:55:08.191   430   430 I BpBinder: onLastStrongRef automatically unlinking death recipients:
11-20 13:55:08.194 12240 12240 D LifecycleMonitor: Lifecycle status change: androidx.test.core.app.InstrumentationActivityInvoker$EmptyActivity@deb9e4e in: CREATED
11-20 13:55:08.194 12240 12240 V ActivityScenario: Activity lifecycle changed event received but ignored because the intent does not match. startActivityIntent=Intent { act=android.intent.action.MAIN cat=[android.intent.category.LAUNCHER] cmp=com.example.dogglers/.HorizontalListActivity }, activity.getIntent()=Intent { act=android.intent.action.MAIN cat=[android.intent.category.LAUNCHER] flg=0x10000000 cmp=com.example.dogglers/androidx.test.core.app.InstrumentationActivityInvoker$EmptyActivity }, activity=androidx.test.core.app.InstrumentationActivityInvoker$EmptyActivity@deb9e4e
11-20 13:55:08.198 12240 12240 D LifecycleMonitor: Lifecycle status change: androidx.test.core.app.InstrumentationActivityInvoker$EmptyActivity@deb9e4e in: STARTED
11-20 13:55:08.198 12240 12240 V ActivityScenario: Activity lifecycle changed event received but ignored because the intent does not match. startActivityIntent=Intent { act=android.intent.action.MAIN cat=[android.intent.category.LAUNCHER] cmp=com.example.dogglers/.HorizontalListActivity }, activity.getIntent()=Intent { act=android.intent.action.MAIN cat=[android.intent.category.LAUNCHER] flg=0x10000000 cmp=com.example.dogglers/androidx.test.core.app.InstrumentationActivityInvoker$EmptyActivity }, activity=androidx.test.core.app.InstrumentationActivityInvoker$EmptyActivity@deb9e4e
11-20 13:55:08.204 12240 12240 D LifecycleMonitor: Lifecycle status change: androidx.test.core.app.InstrumentationActivityInvoker$EmptyActivity@deb9e4e in: RESUMED
11-20 13:55:08.206 12240 12240 V ActivityScenario: Activity lifecycle changed event received but ignored because the intent does not match. startActivityIntent=Intent { act=android.intent.action.MAIN cat=[android.intent.category.LAUNCHER] cmp=com.example.dogglers/.HorizontalListActivity }, activity.getIntent()=Intent { act=android.intent.action.MAIN cat=[android.intent.category.LAUNCHER] flg=0x10000000 cmp=com.example.dogglers/androidx.test.core.app.InstrumentationActivityInvoker$EmptyActivity }, activity=androidx.test.core.app.InstrumentationActivityInvoker$EmptyActivity@deb9e4e
11-20 13:55:08.223 12240 12240 W Choreographer: Frame time is 0.206877 ms in the future!  Check that graphics HAL is generating vsync timestamps using the correct timebase.
11-20 13:55:08.316   574   595 I ActivityTaskManager: Displayed com.example.dogglers/androidx.test.core.app.InstrumentationActivityInvoker$EmptyActivity for user 0: +160ms
11-20 13:55:08.323 12240 12240 W Choreographer: Frame time is 0.731776 ms in the future!  Check that graphics HAL is generating vsync timestamps using the correct timebase.
11-20 13:55:08.371   989   989 W Choreographer: Frame time is 0.942345 ms in the future!  Check that graphics HAL is generating vsync timestamps using the correct timebase.
11-20 13:55:08.388 12240 12240 D LifecycleMonitor: Lifecycle status change: com.example.dogglers.HorizontalListActivity@a40d0a9 in: STOPPED
11-20 13:55:08.391 12240 12240 V ActivityScenario: Update currentActivityStage to STOPPED, currentActivity=com.example.dogglers.HorizontalListActivity@a40d0a9
11-20 13:55:08.395 12240 12240 D LifecycleMonitor: Lifecycle status change: com.example.dogglers.HorizontalListActivity@a40d0a9 in: DESTROYED
11-20 13:55:08.399 12240 12240 V ActivityScenario: Update currentActivityStage to DESTROYED, currentActivity=null
11-20 13:55:08.400 12240 12240 W WindowOnBackDispatcher: sendCancelIfRunning: isInProgress=falsecallback=android.view.ViewRootImpl$$ExternalSyntheticLambda17@13298b7
11-20 13:55:08.403   574  2560 W InputManager-JNI: Input channel object '2467053 com.example.dogglers/com.example.dogglers.HorizontalListActivity (client)' was disposed without first being removed with the input manager!
11-20 13:55:08.411   430   430 I BpBinder: onLastStrongRef automatically unlinking death recipients:
11-20 13:55:08.415 12240 12240 D LifecycleMonitor: Lifecycle status change: androidx.test.core.app.InstrumentationActivityInvoker$EmptyActivity@deb9e4e in: PAUSED
11-20 13:55:08.416 12240 12240 V ActivityScenario: Activity lifecycle changed event received but ignored because the intent does not match. startActivityIntent=Intent { act=android.intent.action.MAIN cat=[android.intent.category.LAUNCHER] cmp=com.example.dogglers/.HorizontalListActivity }, activity.getIntent()=Intent { act=android.intent.action.MAIN cat=[android.intent.category.LAUNCHER] flg=0x10000000 cmp=com.example.dogglers/androidx.test.core.app.InstrumentationActivityInvoker$EmptyActivity }, activity=androidx.test.core.app.InstrumentationActivityInvoker$EmptyActivity@deb9e4e
11-20 13:55:08.424 12240 12240 D LifecycleMonitor: Lifecycle status change: androidx.test.core.app.InstrumentationActivityInvoker$BootstrapActivity@3b621fb in: DESTROYED
11-20 13:55:08.426 12240 12240 V ActivityScenario: Activity lifecycle changed event received but ignored because the intent does not match. startActivityIntent=Intent { act=android.intent.action.MAIN cat=[android.intent.category.LAUNCHER] cmp=com.example.dogglers/.HorizontalListActivity }, activity.getIntent()=Intent { act=android.intent.action.MAIN cat=[android.intent.category.LAUNCHER] flg=0x10008000 cmp=com.example.dogglers/androidx.test.core.app.InstrumentationActivityInvoker$BootstrapActivity (has extras) }, activity=androidx.test.core.app.InstrumentationActivityInvoker$BootstrapActivity@3b621fb
11-20 13:55:08.428   574  1627 I ImeTracker: com.example.dogglers:184e2b5a: onRequestHide at ORIGIN_SERVER_HIDE_INPUT reason HIDE_UNSPECIFIED_WINDOW
11-20 13:55:08.430   574  1627 I ImeTracker: com.example.dogglers:184e2b5a: onCancelled at PHASE_SERVER_SHOULD_HIDE
11-20 13:55:08.434  1770  1770 I GoogleInputMethodService: GoogleInputMethodService.onFinishInput():3227
11-20 13:55:08.437  1770  1770 I GoogleInputMethodService: GoogleInputMethodService.updateDeviceLockedStatus():2087 repeatCheckTimes = 0, unlocked = true
11-20 13:55:08.438  1770  1770 I GoogleInputMethodService: GoogleInputMethodService.onStartInput():1877 onStartInput(EditorInfo{inputType=0x0(NULL) imeOptions=0x0 privateImeOptions=null actionName=UNSPECIFIED actionLabel=null actionId=0 initialSelStart=-1 initialSelEnd=-1 initialCapsMode=0x0 hintText=null label=null packageName=com.example.dogglers fieldId=0 fieldName=null extras=null}, false)
11-20 13:55:08.438  1770  1770 I GoogleInputMethodService: GoogleInputMethodService.shouldHideHeaderOnInitialState():4008 ShouldHideHeaderOnInitialState = false
11-20 13:55:08.438  1770  1770 I GoogleInputMethodService: GoogleInputMethodService.updateDeviceLockedStatus():2087 repeatCheckTimes = 2, unlocked = true
11-20 13:55:08.450 12240 12240 D LifecycleMonitor: Lifecycle status change: androidx.test.core.app.InstrumentationActivityInvoker$EmptyActivity@1a236fe in: PRE_ON_CREATE
11-20 13:55:08.451 12240 12240 V ActivityScenario: Activity lifecycle changed event received but ignored because the intent does not match. startActivityIntent=Intent { act=android.intent.action.MAIN cat=[android.intent.category.LAUNCHER] cmp=com.example.dogglers/.HorizontalListActivity }, activity.getIntent()=Intent { act=android.intent.action.MAIN cat=[android.intent.category.LAUNCHER] flg=0x10000000 cmp=com.example.dogglers/androidx.test.core.app.InstrumentationActivityInvoker$EmptyActivity }, activity=androidx.test.core.app.InstrumentationActivityInvoker$EmptyActivity@1a236fe
11-20 13:55:08.466 12240 12240 D LifecycleMonitor: Lifecycle status change: androidx.test.core.app.InstrumentationActivityInvoker$EmptyActivity@1a236fe in: CREATED
11-20 13:55:08.467 12240 12240 V ActivityScenario: Activity lifecycle changed event received but ignored because the intent does not match. startActivityIntent=Intent { act=android.intent.action.MAIN cat=[android.intent.category.LAUNCHER] cmp=com.example.dogglers/.HorizontalListActivity }, activity.getIntent()=Intent { act=android.intent.action.MAIN cat=[android.intent.category.LAUNCHER] flg=0x10000000 cmp=com.example.dogglers/androidx.test.core.app.InstrumentationActivityInvoker$EmptyActivity }, activity=androidx.test.core.app.InstrumentationActivityInvoker$EmptyActivity@1a236fe
11-20 13:55:08.471 12240 12240 D LifecycleMonitor: Lifecycle status change: androidx.test.core.app.InstrumentationActivityInvoker$EmptyActivity@1a236fe in: STARTED
11-20 13:55:08.471 12240 12240 V ActivityScenario: Activity lifecycle changed event received but ignored because the intent does not match. startActivityIntent=Intent { act=android.intent.action.MAIN cat=[android.intent.category.LAUNCHER] cmp=com.example.dogglers/.HorizontalListActivity }, activity.getIntent()=Intent { act=android.intent.action.MAIN cat=[android.intent.category.LAUNCHER] flg=0x10000000 cmp=com.example.dogglers/androidx.test.core.app.InstrumentationActivityInvoker$EmptyActivity }, activity=androidx.test.core.app.InstrumentationActivityInvoker$EmptyActivity@1a236fe
11-20 13:55:08.475 12240 12240 D LifecycleMonitor: Lifecycle status change: androidx.test.core.app.InstrumentationActivityInvoker$EmptyActivity@1a236fe in: RESUMED
11-20 13:55:08.477 12240 12240 V ActivityScenario: Activity lifecycle changed event received but ignored because the intent does not match. startActivityIntent=Intent { act=android.intent.action.MAIN cat=[android.intent.category.LAUNCHER] cmp=com.example.dogglers/.HorizontalListActivity }, activity.getIntent()=Intent { act=android.intent.action.MAIN cat=[android.intent.category.LAUNCHER] flg=0x10000000 cmp=com.example.dogglers/androidx.test.core.app.InstrumentationActivityInvoker$EmptyActivity }, activity=androidx.test.core.app.InstrumentationActivityInvoker$EmptyActivity@1a236fe
11-20 13:55:08.587   574   595 I ActivityTaskManager: Displayed com.example.dogglers/androidx.test.core.app.InstrumentationActivityInvoker$EmptyActivity for user 0: +249ms
11-20 13:55:08.623 12240 12240 D LifecycleMonitor: Lifecycle status change: androidx.test.core.app.InstrumentationActivityInvoker$EmptyActivity@deb9e4e in: STOPPED
11-20 13:55:08.626 12240 12240 V ActivityScenario: Activity lifecycle changed event received but ignored because the intent does not match. startActivityIntent=Intent { act=android.intent.action.MAIN cat=[android.intent.category.LAUNCHER] cmp=com.example.dogglers/.HorizontalListActivity }, activity.getIntent()=Intent { act=android.intent.action.MAIN cat=[android.intent.category.LAUNCHER] flg=0x10000000 cmp=com.example.dogglers/androidx.test.core.app.InstrumentationActivityInvoker$EmptyActivity }, activity=androidx.test.core.app.InstrumentationActivityInvoker$EmptyActivity@deb9e4e
11-20 13:55:08.628 12240 12240 D LifecycleMonitor: Lifecycle status change: androidx.test.core.app.InstrumentationActivityInvoker$EmptyActivity@deb9e4e in: DESTROYED
11-20 13:55:08.632 12240 12240 V ActivityScenario: Activity lifecycle changed event received but ignored because the intent does not match. startActivityIntent=Intent { act=android.intent.action.MAIN cat=[android.intent.category.LAUNCHER] cmp=com.example.dogglers/.HorizontalListActivity }, activity.getIntent()=Intent { act=android.intent.action.MAIN cat=[android.intent.category.LAUNCHER] flg=0x10000000 cmp=com.example.dogglers/androidx.test.core.app.InstrumentationActivityInvoker$EmptyActivity }, activity=androidx.test.core.app.InstrumentationActivityInvoker$EmptyActivity@deb9e4e
11-20 13:55:08.633 12240 12240 W WindowOnBackDispatcher: sendCancelIfRunning: isInProgress=falsecallback=android.view.ViewRootImpl$$ExternalSyntheticLambda17@c633f8b
11-20 13:55:08.635   574  2560 W InputManager-JNI: Input channel object 'dd0fa com.example.dogglers/androidx.test.core.app.InstrumentationActivityInvoker$EmptyActivity (client)' was disposed without first being removed with the input manager!
11-20 13:55:08.642 12240 12240 D LifecycleMonitor: Lifecycle status change: androidx.test.core.app.InstrumentationActivityInvoker$EmptyActivity@1a236fe in: PAUSED
11-20 13:55:08.643 12240 12240 V ActivityScenario: Activity lifecycle changed event received but ignored because the intent does not match. startActivityIntent=Intent { act=android.intent.action.MAIN cat=[android.intent.category.LAUNCHER] cmp=com.example.dogglers/.HorizontalListActivity }, activity.getIntent()=Intent { act=android.intent.action.MAIN cat=[android.intent.category.LAUNCHER] flg=0x10000000 cmp=com.example.dogglers/androidx.test.core.app.InstrumentationActivityInvoker$EmptyActivity }, activity=androidx.test.core.app.InstrumentationActivityInvoker$EmptyActivity@1a236fe
11-20 13:55:08.642   430   430 I BpBinder: onLastStrongRef automatically unlinking death recipients:
11-20 13:55:08.650 12240 12263 E TestRunner: failed: horizontal_scrolling(com.example.dogglers.HorizontalListTests)
11-20 13:55:08.650 12240 12263 E TestRunner: ----- begin exception -----
11-20 13:55:08.659  1277  1277 D AutofillManager: view is not autofillable - activity denied for autofill
11-20 13:55:08.659   574  1929 W AppSearchIcing: icing-search-engine.cc:283: Error: 5, Message: Document (com.google.android.googlequicksearchbox$OneSearchZeroStateGoogleSuggestions/default, zp) not found.
11-20 13:55:08.667  1277  2425 D OneSearchSuggestProvider: Created the binder channel successfully for end point service =com.google.android.apps.search.googleapp.search.suggest.plugins.onesearch.server.OneSearchSuggestService , mChannel=z1{delegate=s1{logId=193, target=directaddress:///AndroidComponentAddress%5BIntent%20%7B%20act=grpc.io.action.BIND%20cmp=com.google.android.googlequicksearchbox/com.google.android.apps.search.googleapp.search.suggest.plugins.onesearch.server.OneSearchSuggestService%20%7D%5D}} , mOneSearchConnection=X1.T@acf0802
11-20 13:55:08.673  1894  2003 I AiAiEcho: Predicting[0]:
11-20 13:55:08.674  1894  2003 I AiAiEcho: EchoTargets:
11-20 13:55:08.674  1894  2003 I AiAiEcho: Filtered by AiAi flag check:
11-20 13:55:08.674  1894  2003 I AiAiEcho: Ranked targets strategy: SORT, count: 0, ranking metadata:
11-20 13:55:08.678  1894  2003 I AiAiEcho: #postPredictionTargets: Sending updates to UISurface home with targets# 0 (types=[])
11-20 13:55:08.683 12240 12263 E TestRunner: androidx.test.espresso.NoMatchingViewException: No views in hierarchy found matching: an instance of android.widget.TextView and view.getText() with or without transformation to match: is "Frankie"
11-20 13:55:08.683 12240 12263 E TestRunner:
11-20 13:55:08.683 12240 12263 E TestRunner: View Hierarchy:
11-20 13:55:08.683 12240 12263 E TestRunner: +>DecorView{id=-1, visibility=VISIBLE, width=1080, height=2400, has-focus=false, has-focusable=true, has-window-focus=true, is-clickable=false, is-enabled=true, is-focused=false, is-focusable=false, is-layout-requested=false, is-selected=false, layout-params={(0,0)(fillxfill) ty=BASE_APPLICATION wanim=0x10302fe
11-20 13:55:08.683 12240 12263 E TestRunner:   fl=LAYOUT_IN_SCREEN LAYOUT_INSET_DECOR SPLIT_TOUCH HARDWARE_ACCELERATED DRAWS_SYSTEM_BAR_BACKGROUNDS
11-20 13:55:08.683 12240 12263 E TestRunner:   pfl=NO_MOVE_ANIMATION FORCE_DRAW_STATUS_BAR_BACKGROUND FIT_INSETS_CONTROLLED
11-20 13:55:08.683 12240 12263 E TestRunner:   bhv=DEFAULT
11-20 13:55:08.683 12240 12263 E TestRunner:   fitSides=}, tag=null, root-is-layout-requested=false, has-input-connection=false, x=0.0, y=0.0, child-count=3}
11-20 13:55:08.683 12240 12263 E TestRunner: |
11-20 13:55:08.683 12240 12263 E TestRunner: +->LinearLayout{id=-1, visibility=VISIBLE, width=1080, height=2337, has-focus=false, has-focusable=true, has-window-focus=true, is-clickable=false, is-enabled=true, is-focused=false, is-focusable=false, is-layout-requested=false, is-selected=false, layout-params=android.widget.FrameLayout$LayoutParams@e3aa6d8, tag=null, root-is-layout-requested=false, has-input-connection=false, x=0.0, y=0.0, child-count=2}
11-20 13:55:08.683 12240 12263 E TestRunner: |
11-20 13:55:08.683 12240 12263 E TestRunner: +-->ViewStub{id=16908746, res-name=action_mode_bar_stub, visibility=GONE, width=0, height=0, has-focus=false, has-focusable=false, has-window-focus=true, is-clickable=false, is-enabled=true, is-focused=false, is-focusable=false, is-layout-requested=true, is-selected=false, layout-params=android.widget.LinearLayout$LayoutParams@df0a31, tag=null, root-is-layout-requested=false, has-input-connection=false, x=0.0, y=0.0}
11-20 13:55:08.683 12240 12263 E TestRunner: |
11-20 13:55:08.683 12240 12263 E TestRunner: +-->FrameLayout{id=-1, visibility=VISIBLE, width=1080, height=2209, has-focus=false, has-focusable=true, has-window-focus=true, is-clickable=false, is-enabled=true, is-focused=false, is-focusable=false, is-layout-requested=false, is-selected=false, layout-params=android.widget.LinearLayout$LayoutParams@7abe97, tag=null, root-is-layout-requested=false, has-input-connection=false, x=0.0, y=128.0, child-count=1}
11-20 13:55:08.683 12240 12263 E TestRunner: |
11-20 13:55:08.683 12240 12263 E TestRunner: +--->ActionBarOverlayLayout{id=2131230866, res-name=decor_content_parent, visibility=VISIBLE, width=1080, height=2209, has-focus=false, has-focusable=true, has-window-focus=true, is-clickable=false, is-enabled=true, is-focused=false, is-focusable=false, is-layout-requested=false, is-selected=false, layout-params=android.widget.FrameLayout$LayoutParams@17ecca2, tag=null, root-is-layout-requested=false, has-input-connection=false, x=0.0, y=0.0, child-count=2}
11-20 13:55:08.683 12240 12263 E TestRunner: |
11-20 13:55:08.683 12240 12263 E TestRunner: +---->ContentFrameLayout{id=16908290, res-name=content, visibility=VISIBLE, width=1080, height=2062, has-focus=false, has-focusable=true, has-window-focus=true, is-clickable=false, is-enabled=true, is-focused=false, is-focusable=false, is-layout-requested=false, is-selected=false, layout-params=androidx.appcompat.widget.ActionBarOverlayLayout$LayoutParams@a7b78f0, tag=null, root-is-layout-requested=false, has-input-connection=false, x=0.0, y=147.0, child-count=1}
11-20 13:55:08.683 12240 12263 E TestRunner: |
11-20 13:55:08.683 12240 12263 E TestRunner: +----->FrameLayout{id=-1, visibility=VISIBLE, width=1080, height=2062, has-focus=false, has-focusable=true, has-window-focus=true, is-clickable=false, is-enabled=true, is-focused=false, is-focusable=false, is-layout-requested=false, is-selected=false, layout-params=android.widget.FrameLayout$LayoutParams@f2110ee, tag=null, root-is-layout-requested=false, has-input-connection=false, x=0.0, y=0.0, child-count=1}
11-20 13:55:08.683 12240 12263 E TestRunner: |
11-20 13:55:08.683 12240 12263 E TestRunner: +------>RecyclerView{id=2131230945, res-name=horizontal_recycler_view, visibility=VISIBLE, width=1080, height=736, has-focus=false, has-focusable=true, has-window-focus=true, is-clickable=false, is-enabled=true, is-focused=false, is-focusable=true, is-layout-requested=false, is-selected=false, layout-params=android.widget.FrameLayout$LayoutParams@f37341c, tag=null, root-is-layout-requested=false, has-input-connection=false, x=0.0, y=663.0, child-count=1}
11-20 13:55:08.683 12240 12263 E TestRunner: |
11-20 13:55:08.684 12240 12263 E TestRunner: +------->MaterialCardView{id=-1, visibility=VISIBLE, width=1038, height=694, has-focus=false, has-focusable=false, has-window-focus=true, is-clickable=false, is-enabled=true, is-focused=false, is-focusable=false, is-layout-requested=false, is-selected=false, layout-params=androidx.recyclerview.widget.RecyclerView$LayoutParams@8914dfa, tag=null, root-is-layout-requested=false, has-input-connection=false, x=21.0, y=21.0, is-checked=false, child-count=1}
11-20 13:55:08.684 12240 12263 E TestRunner: |
11-20 13:55:08.684 12240 12263 E TestRunner: +-------->ConstraintLayout{id=-1, visibility=VISIBLE, width=1038, height=694, has-focus=false, has-focusable=false, has-window-focus=true, is-clickable=false, is-enabled=true, is-focused=false, is-focusable=false, is-layout-requested=false, is-selected=false, layout-params=android.widget.FrameLayout$LayoutParams@e727b87, tag=null, root-is-layout-requested=false, has-input-connection=false, x=0.0, y=0.0, child-count=4}
11-20 13:55:08.684 12240 12263 E TestRunner: |
11-20 13:55:08.684 12240 12263 E TestRunner: +--------->AppCompatImageView{id=2131230952, res-name=imageView, visibility=VISIBLE, width=1038, height=509, has-focus=false, has-focusable=false, has-window-focus=true, is-clickable=false, is-enabled=true, is-focused=false, is-focusable=false, is-layout-requested=false, is-selected=false, layout-params=androidx.constraintlayout.widget.ConstraintLayout$LayoutParams@9cbeab4, tag=null, root-is-layout-requested=false, has-input-connection=false, x=0.0, y=0.0}
11-20 13:55:08.684 12240 12263 E TestRunner: |
11-20 13:55:08.684 12240 12263 E TestRunner: +--------->MaterialTextView{id=2131231173, res-name=textViewName, visibility=VISIBLE, width=164, height=71, has-focus=false, has-focusable=false, has-window-focus=true, is-clickable=false, is-enabled=true, is-focused=false, is-focusable=false, is-layout-requested=false, is-selected=false, layout-params=androidx.constraintlayout.widget.ConstraintLayout$LayoutParams@88df6dd, tag=null, root-is-layout-requested=false, has-input-connection=false, x=21.0, y=509.0, text=Tzeitel, input-type=0, ime-target=false, has-links=false}
11-20 13:55:08.684 12240 12263 E TestRunner: |
11-20 13:55:08.684 12240 12263 E TestRunner: +--------->MaterialTextView{id=2131231171, res-name=textViewAge, visibility=VISIBLE, width=26, height=57, has-focus=false, has-focusable=false, has-window-focus=true, is-clickable=false, is-enabled=true, is-focused=false, is-focusable=false, is-layout-requested=false, is-selected=false, layout-params=androidx.constraintlayout.widget.ConstraintLayout$LayoutParams@197a252, tag=null, root-is-layout-requested=false, has-input-connection=false, x=21.0, y=580.0, text=7, input-type=0, ime-target=false, has-links=false}
11-20 13:55:08.684 12240 12263 E TestRunner: |
11-20 13:55:08.684 12240 12263 E TestRunner: +--------->MaterialTextView{id=2131231172, res-name=textViewHobby, visibility=VISIBLE, width=410, height=57, has-focus=false, has-focusable=false, has-window-focus=true, is-clickable=false, is-enabled=true, is-focused=false, is-focusable=false, is-layout-requested=false, is-selected=false, layout-params=androidx.constraintlayout.widget.ConstraintLayout$LayoutParams@e714923, tag=null, root-is-layout-requested=false, has-input-connection=false, x=607.0, y=637.0, text=Hobbies: sunbathing, input-type=0, ime-target=false, has-links=false}
11-20 13:55:08.684 12240 12263 E TestRunner: |
11-20 13:55:08.684 12240 12263 E TestRunner: +---->ActionBarContainer{id=2131230774, res-name=action_bar_container, visibility=VISIBLE, width=1080, height=147, has-focus=false, has-focusable=false, has-window-focus=true, is-clickable=false, is-enabled=true, is-focused=false, is-focusable=false, is-layout-requested=false, is-selected=false, layout-params=androidx.appcompat.widget.ActionBarOverlayLayout$LayoutParams@4e9919e, tag=null, root-is-layout-requested=false, has-input-connection=false, x=0.0, y=0.0, child-count=2}
11-20 13:55:08.684 12240 12263 E TestRunner: |
11-20 13:55:08.684 12240 12263 E TestRunner: +----->Toolbar{id=2131230772, res-name=action_bar, visibility=VISIBLE, width=1080, height=147, has-focus=false, has-focusable=false, has-window-focus=true, is-clickable=false, is-enabled=true, is-focused=false, is-focusable=false, is-layout-requested=false, is-selected=false, layout-params=android.widget.FrameLayout$LayoutParams@6d929aa, tag=null, root-is-layout-requested=false, has-input-connection=false, x=0.0, y=0.0, child-count=3}
11-20 13:55:08.684 12240 12263 E TestRunner: |
11-20 13:55:08.684 12240 12263 E TestRunner: +------>AppCompatTextView{id=-1, visibility=VISIBLE, width=219, height=71, has-focus=false, has-focusable=false, has-window-focus=true, is-clickable=false, is-enabled=true, is-focused=false, is-focusable=false, is-layout-requested=false, is-selected=false, layout-params=androidx.appcompat.widget.Toolbar$LayoutParams@8a4b99b, tag=null, root-is-layout-requested=false, has-input-connection=false, x=189.0, y=38.0, text=Dogglers, input-type=0, ime-target=false, has-links=false}
11-20 13:55:08.684 12240 12263 E TestRunner: |
11-20 13:55:08.684 12240 12263 E TestRunner: +------>AppCompatImageButton{id=-1, desc=Navigate up, visibility=VISIBLE, width=147, height=147, has-focus=false, has-focusable=false, has-window-focus=true, is-clickable=true, is-enabled=true, is-focused=false, is-focusable=true, is-layout-requested=false, is-selected=false, layout-params=androidx.appcompat.widget.Toolbar$LayoutParams@7927138, tag=null, root-is-layout-requested=false, has-input-connection=false, x=0.0, y=0.0}
11-20 13:55:08.684 12240 12263 E TestRunner: |
11-20 13:55:08.684 12240 12263 E TestRunner: +------>ActionMenuView{id=-1, visibility=VISIBLE, width=0, height=147, has-focus=false, has-focusable=false, has-window-focus=true, is-clickable=false, is-enabled=true, is-focused=false, is-focusable=false, is-layout-requested=false, is-selected=false, layout-params=androidx.appcompat.widget.Toolbar$LayoutParams@1297511, tag=null, root-is-layout-requested=false, has-input-connection=false, x=1080.0, y=0.0, child-count=0}
11-20 13:55:08.684 12240 12263 E TestRunner: |
11-20 13:55:08.684 12240 12263 E TestRunner: +----->ActionBarContextView{id=2131230780, res-name=action_context_bar, visibility=GONE, width=0, height=0, has-focus=false, has-focusable=false, has-window-focus=true, is-clickable=false, is-enabled=true, is-focused=false, is-focusable=false, is-layout-requested=true, is-selected=false, layout-params=android.widget.FrameLayout$LayoutParams@c783676, tag=null, root-is-layout-requested=false, has-input-connection=false, x=0.0, y=0.0, child-count=0}
11-20 13:55:08.684 12240 12263 E TestRunner: |
11-20 13:55:08.684 12240 12263 E TestRunner: +->View{id=16908336, res-name=navigationBarBackground, visibility=VISIBLE, width=1080, height=63, has-focus=false, has-focusable=false, has-window-focus=true, is-clickable=false, is-enabled=true, is-focused=false, is-focusable=false, is-layout-requested=false, is-selected=false, layout-params=android.widget.FrameLayout$LayoutParams@50b5477, tag=null, root-is-layout-requested=false, has-input-connection=false, x=0.0, y=2337.0}
11-20 13:55:08.684 12240 12263 E TestRunner: |
11-20 13:55:08.684 12240 12263 E TestRunner: +->View{id=16908335, res-name=statusBarBackground, visibility=VISIBLE, width=1080, height=128, has-focus=false, has-focusable=false, has-window-focus=true, is-clickable=false, is-enabled=true, is-focused=false, is-focusable=false, is-layout-requested=false, is-selected=false, layout-params=android.widget.FrameLayout$LayoutParams@49968e4, tag=null, root-is-layout-requested=false, has-input-connection=false, x=0.0, y=0.0}
11-20 13:55:08.684 12240 12263 E TestRunner: 	at dalvik.system.VMStack.getThreadStackTrace(Native Method)
11-20 13:55:08.684 12240 12263 E TestRunner: 	at java.lang.Thread.getStackTrace(Thread.java:1841)
11-20 13:55:08.684 12240 12263 E TestRunner: 	at androidx.test.espresso.base.DefaultFailureHandler.getUserFriendlyError(DefaultFailureHandler.java:12)
11-20 13:55:08.684 12240 12263 E TestRunner: 	at androidx.test.espresso.base.DefaultFailureHandler.handle(DefaultFailureHandler.java:7)
11-20 13:55:08.684 12240 12263 E TestRunner: 	at androidx.test.espresso.ViewInteraction.waitForAndHandleInteractionResults(ViewInteraction.java:8)
11-20 13:55:08.684 12240 12263 E TestRunner: 	at androidx.test.espresso.ViewInteraction.check(ViewInteraction.java:12)
11-20 13:55:08.684 12240 12263 E TestRunner: 	at com.example.dogglers.HorizontalListTests.horizontal_scrolling(HorizontalListTests.kt:56)
11-20 13:55:08.684 12240 12263 E TestRunner: 	at java.lang.reflect.Method.invoke(Native Method)
11-20 13:55:08.684 12240 12263 E TestRunner: 	at org.junit.runners.model.FrameworkMethod$1.runReflectiveCall(FrameworkMethod.java:50)
11-20 13:55:08.684 12240 12263 E TestRunner: 	at org.junit.internal.runners.model.ReflectiveCallable.run(ReflectiveCallable.java:12)
11-20 13:55:08.684 12240 12263 E TestRunner: 	at org.junit.runners.model.FrameworkMethod.invokeExplosively(FrameworkMethod.java:47)
11-20 13:55:08.684 12240 12263 E TestRunner: 	at org.junit.internal.runners.statements.InvokeMethod.evaluate(InvokeMethod.java:17)
11-20 13:55:08.684 12240 12263 E TestRunner: 	at org.junit.rules.ExternalResource$1.evaluate(ExternalResource.java:48)
11-20 13:55:08.684 12240 12263 E TestRunner: 	at org.junit.rules.RunRules.evaluate(RunRules.java:20)
11-20 13:55:08.684 12240 12263 E TestRunner: 	at org.junit.runners.ParentRunner.runLeaf(ParentRunner.java:325)
11-20 13:55:08.684 12240 12263 E TestRunner: 	at org.junit.runners.BlockJUnit4ClassRunner.runChild(BlockJUnit4ClassRunner.java:78)
11-20 13:55:08.684 12240 12263 E TestRunner: 	at org.junit.runners.BlockJUnit4ClassRunner.runChild(BlockJUnit4ClassRunner.java:57)
11-20 13:55:08.684 12240 12263 E TestRunner: 	at org.junit.runners.ParentRunner$3.run(ParentRunner.java:290)
11-20 13:55:08.684 12240 12263 E TestRunner: 	at org.junit.runners.ParentRunner$1.schedule(ParentRunner.java:71)
11-20 13:55:08.684 12240 12263 E TestRunner: 	at org.junit.runners.ParentRunner.runChildren(ParentRunner.java:288)
11-20 13:55:08.684 12240 12263 E TestRunner: 	at org.junit.runners.ParentRunner.access$000(ParentRunner.java:58)
11-20 13:55:08.684 12240 12263 E TestRunner: 	at org.junit.runners.ParentRunner$2.evaluate(ParentRunner.java:268)
11-20 13:55:08.684 12240 12263 E TestRunner: 	at org.junit.runners.ParentRunner.run(ParentRunner.java:363)
11-20 13:55:08.684 12240 12263 E TestRunner: 	at androidx.test.ext.junit.runners.AndroidJUnit4.run(AndroidJUnit4.java:162)
11-20 13:55:08.684 12240 12263 E TestRunner: 	at org.junit.runners.Suite.runChild(Suite.java:128)
11-20 13:55:08.684 12240 12263 E TestRunner: 	at org.junit.runners.Suite.runChild(Suite.java:27)
11-20 13:55:08.684 12240 12263 E TestRunner: 	at org.junit.runners.ParentRunner$3.run(ParentRunner.java:290)
11-20 13:55:08.684 12240 12263 E TestRunner: 	at org.junit.runners.ParentRunner$1.schedule(ParentRunner.java:71)
11-20 13:55:08.684 12240 12263 E TestRunner: 	at org.junit.runners.ParentRunner.runChildren(ParentRunner.java:288)
11-20 13:55:08.684 12240 12263 E TestRunner: 	at org.junit.runners.ParentRunner.access$000(ParentRunner.java:58)
