11-20 13:55:16.142 12240 12263 I TestRunner: started: vertical_scroll_content_at_last_position(com.example.dogglers.VerticalListTests)
11-20 13:55:16.154 12240 12240 W WindowOnBackDispatcher: sendCancelIfRunning: isInProgress=falsecallback=android.view.ViewRootImpl$$ExternalSyntheticLambda17@2140fe7
11-20 13:55:16.166   574  1627 W InputManager-JNI: Input channel object 'ebf7260 com.example.dogglers/androidx.test.core.app.InstrumentationActivityInvoker$EmptyActivity (client)' was disposed without first being removed with the input manager!
11-20 13:55:16.179 12240 12263 W Settings: Setting always_finish_activities has moved from android.provider.Settings.System to android.provider.Settings.Global, returning read-only value.
11-20 13:55:16.259  1277  1277 W FrameTracker: Missed App frame:UNKNOWN: 88, 191789, 139830073, CUJ=J<LAUNCHER_APP_CLOSE_TO_HOME>
11-20 13:55:16.259  1277  1277 W FrameTracker: Missed SF frame:UNKNOWN: 88, 191789, 139830073, CUJ=J<LAUNCHER_APP_CLOSE_TO_HOME>
11-20 13:55:16.259  1277  1277 W FrameTracker: Missed App frame:UNKNOWN: 76, 191804, 0, CUJ=J<LAUNCHER_APP_CLOSE_TO_HOME>
11-20 13:55:16.259  1277  1277 W FrameTracker: Missed SF frame:UNKNOWN: 76, 191804, 0, CUJ=J<LAUNCHER_APP_CLOSE_TO_HOME>
11-20 13:55:16.259  1277  1277 W FrameTracker: Missing HWUI jank callback for vsyncId: 191804, CUJ=J<LAUNCHER_APP_CLOSE_TO_HOME>
11-20 13:55:16.259  1277  1277 W FrameTracker: Missed App frame:UNKNOWN: 76, 191827, 0, CUJ=J<LAUNCHER_APP_CLOSE_TO_HOME>
11-20 13:55:16.259  1277  1277 W FrameTracker: Missed SF frame:UNKNOWN: 76, 191827, 0, CUJ=J<LAUNCHER_APP_CLOSE_TO_HOME>
11-20 13:55:16.259  1277  1277 W FrameTracker: Missing HWUI jank callback for vsyncId: 191827, CUJ=J<LAUNCHER_APP_CLOSE_TO_HOME>
11-20 13:55:16.259  1277  1277 W FrameTracker: Missed App frame:UNKNOWN: 74, 191851, 142205386, CUJ=J<LAUNCHER_APP_CLOSE_TO_HOME>
11-20 13:55:16.259  1277  1277 W FrameTracker: Missed SF frame:UNKNOWN: 74, 191851, 142205386, CUJ=J<LAUNCHER_APP_CLOSE_TO_HOME>
11-20 13:55:16.259  1277  1277 W FrameTracker: Missed App frame:UNKNOWN: 74, 191867, 138421537, CUJ=J<LAUNCHER_APP_CLOSE_TO_HOME>
11-20 13:55:16.259  1277  1277 W FrameTracker: Missed SF frame:UNKNOWN: 74, 191867, 138421537, CUJ=J<LAUNCHER_APP_CLOSE_TO_HOME>
11-20 13:55:16.259  1277  1277 W FrameTracker: Missed App frame:UNKNOWN: 74, 191889, 137010711, CUJ=J<LAUNCHER_APP_CLOSE_TO_HOME>
11-20 13:55:16.259  1277  1277 W FrameTracker: Missed SF frame:UNKNOWN: 74, 191889, 137010711, CUJ=J<LAUNCHER_APP_CLOSE_TO_HOME>
11-20 13:55:16.259  1277  1277 W FrameTracker: Missed App frame:UNKNOWN: 74, 191911, 116508706, CUJ=J<LAUNCHER_APP_CLOSE_TO_HOME>
11-20 13:55:16.259  1277  1277 W FrameTracker: Missed SF frame:UNKNOWN: 74, 191911, 116508706, CUJ=J<LAUNCHER_APP_CLOSE_TO_HOME>
11-20 13:55:16.297   989  1041 D SplashScreenView: Build android.window.SplashScreenView{c79eedc V.E...... ......ID 0,0-0,0}
11-20 13:55:16.297   989  1041 D SplashScreenView: Icon: view: null drawable: null size: 0
11-20 13:55:16.297   989  1041 D SplashScreenView: Branding: view: android.view.View{d9ebe5 G.ED..... ......I. 0,0-0,0 #10204ef android:id/splashscreen_branding_view} drawable: null size w: 0 h: 0
11-20 13:55:16.327   430   430 I BpBinder: onLastStrongRef automatically unlinking death recipients:
11-20 13:55:16.347 12240 12240 D LifecycleMonitor: Lifecycle status change: androidx.test.core.app.InstrumentationActivityInvoker$BootstrapActivity@7e4052c in: PRE_ON_CREATE
11-20 13:55:16.349 12240 12240 V ActivityScenario: Activity lifecycle changed event received but ignored because the intent does not match. startActivityIntent=Intent { act=android.intent.action.MAIN cat=[android.intent.category.LAUNCHER] cmp=com.example.dogglers/.VerticalListActivity }, activity.getIntent()=Intent { act=android.intent.action.MAIN cat=[android.intent.category.LAUNCHER] flg=0x10008000 cmp=com.example.dogglers/androidx.test.core.app.InstrumentationActivityInvoker$BootstrapActivity (has extras) }, activity=androidx.test.core.app.InstrumentationActivityInvoker$BootstrapActivity@7e4052c
11-20 13:55:16.364 12240 12240 D LifecycleMonitor: Lifecycle status change: androidx.test.core.app.InstrumentationActivityInvoker$BootstrapActivity@7e4052c in: CREATED
11-20 13:55:16.365 12240 12240 V ActivityScenario: Activity lifecycle changed event received but ignored because the intent does not match. startActivityIntent=Intent { act=android.intent.action.MAIN cat=[android.intent.category.LAUNCHER] cmp=com.example.dogglers/.VerticalListActivity }, activity.getIntent()=Intent { act=android.intent.action.MAIN cat=[android.intent.category.LAUNCHER] flg=0x10008000 cmp=com.example.dogglers/androidx.test.core.app.InstrumentationActivityInvoker$BootstrapActivity (has extras) }, activity=androidx.test.core.app.InstrumentationActivityInvoker$BootstrapActivity@7e4052c
11-20 13:55:16.368 12240 12240 D LifecycleMonitor: Lifecycle status change: androidx.test.core.app.InstrumentationActivityInvoker$BootstrapActivity@7e4052c in: STARTED
11-20 13:55:16.369 12240 12240 V ActivityScenario: Activity lifecycle changed event received but ignored because the intent does not match. startActivityIntent=Intent { act=android.intent.action.MAIN cat=[android.intent.category.LAUNCHER] cmp=com.example.dogglers/.VerticalListActivity }, activity.getIntent()=Intent { act=android.intent.action.MAIN cat=[android.intent.category.LAUNCHER] flg=0x10008000 cmp=com.example.dogglers/androidx.test.core.app.InstrumentationActivityInvoker$BootstrapActivity (has extras) }, activity=androidx.test.core.app.InstrumentationActivityInvoker$BootstrapActivity@7e4052c
11-20 13:55:16.389 12240 12240 D LifecycleMonitor: Lifecycle status change: androidx.test.core.app.InstrumentationActivityInvoker$BootstrapActivity@7e4052c in: RESUMED
11-20 13:55:16.390 12240 12240 V ActivityScenario: Activity lifecycle changed event received but ignored because the intent does not match. startActivityIntent=Intent { act=android.intent.action.MAIN cat=[android.intent.category.LAUNCHER] cmp=com.example.dogglers/.VerticalListActivity }, activity.getIntent()=Intent { act=android.intent.action.MAIN cat=[android.intent.category.LAUNCHER] flg=0x10008000 cmp=com.example.dogglers/androidx.test.core.app.InstrumentationActivityInvoker$BootstrapActivity (has extras) }, activity=androidx.test.core.app.InstrumentationActivityInvoker$BootstrapActivity@7e4052c
11-20 13:55:16.409 12240 12240 D LifecycleMonitor: Lifecycle status change: androidx.test.core.app.InstrumentationActivityInvoker$BootstrapActivity@7e4052c in: PAUSED
11-20 13:55:16.414 12240 12240 V ActivityScenario: Activity lifecycle changed event received but ignored because the intent does not match. startActivityIntent=Intent { act=android.intent.action.MAIN cat=[android.intent.category.LAUNCHER] cmp=com.example.dogglers/.VerticalListActivity }, activity.getIntent()=Intent { act=android.intent.action.MAIN cat=[android.intent.category.LAUNCHER] flg=0x10008000 cmp=com.example.dogglers/androidx.test.core.app.InstrumentationActivityInvoker$BootstrapActivity (has extras) }, activity=androidx.test.core.app.InstrumentationActivityInvoker$BootstrapActivity@7e4052c
11-20 13:55:16.450 12240 12240 D LifecycleMonitor: Lifecycle status change: com.example.dogglers.VerticalListActivity@89763e2 in: PRE_ON_CREATE
11-20 13:55:16.450 12240 12240 V ActivityScenario: Activity lifecycle changed event received but ignored because the reported transition was not ON_CREATE while the last known transition was PRE_ON_CREATE
11-20 13:55:16.500 12240 12240 D LifecycleMonitor: Lifecycle status change: com.example.dogglers.VerticalListActivity@89763e2 in: CREATED
11-20 13:55:16.501 12240 12240 V ActivityScenario: Update currentActivityStage to CREATED, currentActivity=com.example.dogglers.VerticalListActivity@89763e2
11-20 13:55:16.506 12240 12240 D LifecycleMonitor: Lifecycle status change: com.example.dogglers.VerticalListActivity@89763e2 in: STARTED
11-20 13:55:16.507 12240 12240 V ActivityScenario: Update currentActivityStage to STARTED, currentActivity=com.example.dogglers.VerticalListActivity@89763e2
11-20 13:55:16.510 12240 12240 D LifecycleMonitor: Lifecycle status change: com.example.dogglers.VerticalListActivity@89763e2 in: RESUMED
11-20 13:55:16.511 12240 12240 V ActivityScenario: Update currentActivityStage to RESUMED, currentActivity=com.example.dogglers.VerticalListActivity@89763e2
11-20 13:55:16.754   989  1040 W Choreographer: Frame time is 1.259138 ms in the future!  Check that graphics HAL is generating vsync timestamps using the correct timebase.
11-20 13:55:16.757   574   595 W ziparchive: Unable to open '/data/app/~~g9pGXw6zzmInD44PnXlZug==/com.example.dogglers-fFkVg-hwOoV9dkaT6QJ7gg==/base.dm': No such file or directory
11-20 13:55:16.758   574   595 I ActivityTaskManager: Displayed com.example.dogglers/.VerticalListActivity for user 0: +517ms
11-20 13:55:16.816 12240 12240 D RootViewPicker: Root not ready - waiting: 10ms for one to appear.
11-20 13:55:16.855   989  1038 W Choreographer: Frame time is 0.915707 ms in the future!  Check that graphics HAL is generating vsync timestamps using the correct timebase.
11-20 13:55:16.915   989  1054 D EGL_emulation: app_time_stats: avg=265.70ms min=1.72ms max=973.70ms count=4
11-20 13:55:16.924   574  1627 I ImeTracker: com.example.dogglers:54fbd398: onRequestHide at ORIGIN_SERVER_HIDE_INPUT reason HIDE_UNSPECIFIED_WINDOW
11-20 13:55:16.924   574  1627 I ImeTracker: com.example.dogglers:54fbd398: onCancelled at PHASE_SERVER_SHOULD_HIDE
11-20 13:55:16.963  1770  1770 I GoogleInputMethodService: GoogleInputMethodService.onFinishInput():3227
11-20 13:55:16.965  1770  1770 I GoogleInputMethodService: GoogleInputMethodService.updateDeviceLockedStatus():2087 repeatCheckTimes = 0, unlocked = true
11-20 13:55:16.965  1770  1770 I GoogleInputMethodService: GoogleInputMethodService.onStartInput():1877 onStartInput(EditorInfo{inputType=0x0(NULL) imeOptions=0x0 privateImeOptions=null actionName=UNSPECIFIED actionLabel=null actionId=0 initialSelStart=-1 initialSelEnd=-1 initialCapsMode=0x0 hintText=null label=null packageName=com.example.dogglers fieldId=0 fieldName=null extras=null}, false)
11-20 13:55:16.965  1770  1770 I GoogleInputMethodService: GoogleInputMethodService.shouldHideHeaderOnInitialState():4008 ShouldHideHeaderOnInitialState = false
11-20 13:55:16.966  1770  1770 I GoogleInputMethodService: GoogleInputMethodService.updateDeviceLockedStatus():2087 repeatCheckTimes = 2, unlocked = true
11-20 13:55:16.984   989  1054 D EGL_emulation: app_time_stats: avg=12.30ms min=1.52ms max=119.66ms count=26
11-20 13:55:17.042  1277  1277 D AutofillManager: view is not autofillable - activity denied for autofill
11-20 13:55:17.190   989  1040 W WindowOnBackDispatcher: sendCancelIfRunning: isInProgress=falsecallback=android.view.ViewRootImpl$$ExternalSyntheticLambda17@9251cc8
11-20 13:55:17.192   574  2533 W InputManager-JNI: Input channel object '75f1087 Splash Screen com.example.dogglers (client)' was disposed without first being removed with the input manager!
11-20 13:55:17.205 12240 12240 D LifecycleMonitor: Lifecycle status change: androidx.test.core.app.InstrumentationActivityInvoker$BootstrapActivity@7e4052c in: STOPPED
11-20 13:55:17.208 12240 12240 V ActivityScenario: Activity lifecycle changed event received but ignored because the intent does not match. startActivityIntent=Intent { act=android.intent.action.MAIN cat=[android.intent.category.LAUNCHER] cmp=com.example.dogglers/.VerticalListActivity }, activity.getIntent()=Intent { act=android.intent.action.MAIN cat=[android.intent.category.LAUNCHER] flg=0x10008000 cmp=com.example.dogglers/androidx.test.core.app.InstrumentationActivityInvoker$BootstrapActivity (has extras) }, activity=androidx.test.core.app.InstrumentationActivityInvoker$BootstrapActivity@7e4052c
11-20 13:55:17.212 12240 12240 I ViewInteraction: Performing 'scroll RecyclerView to position: 5' action on view view.getId() is <2131231206/com.example.dogglers:id/vertical_recycler_view>
11-20 13:55:17.226  1277  2425 D OneSearchSuggestProvider: Shut down the binder channel
11-20 13:55:17.230  1277 12144 I IPCThreadState: oneway function results for code 2 on binder at 0x76632bbfa680 will be dropped but finished with status UNKNOWN_TRANSACTION
11-20 13:55:17.234  1277  1322 I ImeTracker: com.google.android.apps.nexuslauncher:eb8e3ca0: onRequestHide at ORIGIN_CLIENT_HIDE_SOFT_INPUT reason HIDE_SOFT_INPUT
11-20 13:55:17.235  1277  1322 I ImeTracker: com.google.android.apps.nexuslauncher:eb8e3ca0: onFailed at PHASE_CLIENT_VIEW_SERVED
11-20 13:55:17.258  2640 10753 I PBSessionCacheImpl: Deleted sessionId[11612542089730660] from persistence.
11-20 13:55:17.299  2640  3242 W SearchServiceCore: Abort, client detached.
11-20 13:55:17.343 12240 12240 I ViewInteraction: Checking 'MatchesViewAssertion{viewMatcher=(view has effective visibility <VISIBLE> and view.getGlobalVisibleRect() to return non-empty rectangle)}' assertion on view an instance of android.widget.TextView and view.getText() with or without transformation to match: is "Bella"
11-20 13:55:17.389 12240 12240 D LifecycleMonitor: Lifecycle status change: com.example.dogglers.VerticalListActivity@89763e2 in: PAUSED
11-20 13:55:17.390 12240 12240 V ActivityScenario: Update currentActivityStage to PAUSED, currentActivity=com.example.dogglers.VerticalListActivity@89763e2
11-20 13:55:17.417   430   430 I BpBinder: onLastStrongRef automatically unlinking death recipients:
11-20 13:55:17.430 12240 12240 D LifecycleMonitor: Lifecycle status change: androidx.test.core.app.InstrumentationActivityInvoker$EmptyActivity@a8e02f3 in: PRE_ON_CREATE
11-20 13:55:17.434 12240 12240 V ActivityScenario: Activity lifecycle changed event received but ignored because the intent does not match. startActivityIntent=Intent { act=android.intent.action.MAIN cat=[android.intent.category.LAUNCHER] cmp=com.example.dogglers/.VerticalListActivity }, activity.getIntent()=Intent { act=android.intent.action.MAIN cat=[android.intent.category.LAUNCHER] flg=0x10000000 cmp=com.example.dogglers/androidx.test.core.app.InstrumentationActivityInvoker$EmptyActivity }, activity=androidx.test.core.app.InstrumentationActivityInvoker$EmptyActivity@a8e02f3
11-20 13:55:17.445 12240 12240 D LifecycleMonitor: Lifecycle status change: androidx.test.core.app.InstrumentationActivityInvoker$EmptyActivity@a8e02f3 in: CREATED
11-20 13:55:17.448 12240 12240 V ActivityScenario: Activity lifecycle changed event received but ignored because the intent does not match. startActivityIntent=Intent { act=android.intent.action.MAIN cat=[android.intent.category.LAUNCHER] cmp=com.example.dogglers/.VerticalListActivity }, activity.getIntent()=Intent { act=android.intent.action.MAIN cat=[android.intent.category.LAUNCHER] flg=0x10000000 cmp=com.example.dogglers/androidx.test.core.app.InstrumentationActivityInvoker$EmptyActivity }, activity=androidx.test.core.app.InstrumentationActivityInvoker$EmptyActivity@a8e02f3
11-20 13:55:17.450 12240 12240 D LifecycleMonitor: Lifecycle status change: androidx.test.core.app.InstrumentationActivityInvoker$EmptyActivity@a8e02f3 in: STARTED
11-20 13:55:17.461 12240 12240 V ActivityScenario: Activity lifecycle changed event received but ignored because the intent does not match. startActivityIntent=Intent { act=android.intent.action.MAIN cat=[android.intent.category.LAUNCHER] cmp=com.example.dogglers/.VerticalListActivity }, activity.getIntent()=Intent { act=android.intent.action.MAIN cat=[android.intent.category.LAUNCHER] flg=0x10000000 cmp=com.example.dogglers/androidx.test.core.app.InstrumentationActivityInvoker$EmptyActivity }, activity=androidx.test.core.app.InstrumentationActivityInvoker$EmptyActivity@a8e02f3
11-20 13:55:17.467 12240 12240 D LifecycleMonitor: Lifecycle status change: androidx.test.core.app.InstrumentationActivityInvoker$EmptyActivity@a8e02f3 in: RESUMED
11-20 13:55:17.469 12240 12240 V ActivityScenario: Activity lifecycle changed event received but ignored because the intent does not match. startActivityIntent=Intent { act=android.intent.action.MAIN cat=[android.intent.category.LAUNCHER] cmp=com.example.dogglers/.VerticalListActivity }, activity.getIntent()=Intent { act=android.intent.action.MAIN cat=[android.intent.category.LAUNCHER] flg=0x10000000 cmp=com.example.dogglers/androidx.test.core.app.InstrumentationActivityInvoker$EmptyActivity }, activity=androidx.test.core.app.InstrumentationActivityInvoker$EmptyActivity@a8e02f3
11-20 13:55:17.567   574   595 I ActivityTaskManager: Displayed com.example.dogglers/androidx.test.core.app.InstrumentationActivityInvoker$EmptyActivity for user 0: +204ms
11-20 13:55:17.574 12240 12240 W Choreographer: Frame time is 0.180782 ms in the future!  Check that graphics HAL is generating vsync timestamps using the correct timebase.
11-20 13:55:17.670 12240 12240 D LifecycleMonitor: Lifecycle status change: com.example.dogglers.VerticalListActivity@89763e2 in: STOPPED
11-20 13:55:17.671 12240 12240 V ActivityScenario: Update currentActivityStage to STOPPED, currentActivity=com.example.dogglers.VerticalListActivity@89763e2
11-20 13:55:17.678 12240 12240 D LifecycleMonitor: Lifecycle status change: com.example.dogglers.VerticalListActivity@89763e2 in: DESTROYED
11-20 13:55:17.679 12240 12240 V ActivityScenario: Update currentActivityStage to DESTROYED, currentActivity=null
11-20 13:55:17.679 12240 12240 W WindowOnBackDispatcher: sendCancelIfRunning: isInProgress=falsecallback=android.view.ViewRootImpl$$ExternalSyntheticLambda17@8a3bd51
11-20 13:55:17.686   574  2533 W InputManager-JNI: Input channel object 'd4f897f com.example.dogglers/com.example.dogglers.VerticalListActivity (client)' was disposed without first being removed with the input manager!
11-20 13:55:17.691   430   430 I BpBinder: onLastStrongRef automatically unlinking death recipients:
11-20 13:55:17.698   574  2533 I ImeTracker: com.example.dogglers:969adbf7: onRequestHide at ORIGIN_SERVER_HIDE_INPUT reason HIDE_UNSPECIFIED_WINDOW
11-20 13:55:17.699   574  2533 I ImeTracker: com.example.dogglers:969adbf7: onCancelled at PHASE_SERVER_SHOULD_HIDE
11-20 13:55:17.701  1770  1770 I GoogleInputMethodService: GoogleInputMethodService.onFinishInput():3227
11-20 13:55:17.702 12240 12240 D LifecycleMonitor: Lifecycle status change: androidx.test.core.app.InstrumentationActivityInvoker$EmptyActivity@a8e02f3 in: PAUSED
11-20 13:55:17.703  1770  1770 I GoogleInputMethodService: GoogleInputMethodService.updateDeviceLockedStatus():2087 repeatCheckTimes = 0, unlocked = true
11-20 13:55:17.704  1770  1770 I GoogleInputMethodService: GoogleInputMethodService.onStartInput():1877 onStartInput(EditorInfo{inputType=0x0(NULL) imeOptions=0x0 privateImeOptions=null actionName=UNSPECIFIED actionLabel=null actionId=0 initialSelStart=-1 initialSelEnd=-1 initialCapsMode=0x0 hintText=null label=null packageName=com.example.dogglers fieldId=0 fieldName=null extras=null}, false)
11-20 13:55:17.704  1770  1770 I GoogleInputMethodService: GoogleInputMethodService.shouldHideHeaderOnInitialState():4008 ShouldHideHeaderOnInitialState = false
11-20 13:55:17.707 12240 12240 V ActivityScenario: Activity lifecycle changed event received but ignored because the intent does not match. startActivityIntent=Intent { act=android.intent.action.MAIN cat=[android.intent.category.LAUNCHER] cmp=com.example.dogglers/.VerticalListActivity }, activity.getIntent()=Intent { act=android.intent.action.MAIN cat=[android.intent.category.LAUNCHER] flg=0x10000000 cmp=com.example.dogglers/androidx.test.core.app.InstrumentationActivityInvoker$EmptyActivity }, activity=androidx.test.core.app.InstrumentationActivityInvoker$EmptyActivity@a8e02f3
11-20 13:55:17.710  1770  1770 I GoogleInputMethodService: GoogleInputMethodService.updateDeviceLockedStatus():2087 repeatCheckTimes = 2, unlocked = true
11-20 13:55:17.716 12240 12240 D LifecycleMonitor: Lifecycle status change: androidx.test.core.app.InstrumentationActivityInvoker$BootstrapActivity@7e4052c in: DESTROYED
11-20 13:55:17.716 12240 12240 V ActivityScenario: Activity lifecycle changed event received but ignored because the intent does not match. startActivityIntent=Intent { act=android.intent.action.MAIN cat=[android.intent.category.LAUNCHER] cmp=com.example.dogglers/.VerticalListActivity }, activity.getIntent()=Intent { act=android.intent.action.MAIN cat=[android.intent.category.LAUNCHER] flg=0x10008000 cmp=com.example.dogglers/androidx.test.core.app.InstrumentationActivityInvoker$BootstrapActivity (has extras) }, activity=androidx.test.core.app.InstrumentationActivityInvoker$BootstrapActivity@7e4052c
11-20 13:55:17.726 12240 12240 D LifecycleMonitor: Lifecycle status change: androidx.test.core.app.InstrumentationActivityInvoker$EmptyActivity@fd130e0 in: PRE_ON_CREATE
11-20 13:55:17.728 12240 12240 V ActivityScenario: Activity lifecycle changed event received but ignored because the intent does not match. startActivityIntent=Intent { act=android.intent.action.MAIN cat=[android.intent.category.LAUNCHER] cmp=com.example.dogglers/.VerticalListActivity }, activity.getIntent()=Intent { act=android.intent.action.MAIN cat=[android.intent.category.LAUNCHER] flg=0x10000000 cmp=com.example.dogglers/androidx.test.core.app.InstrumentationActivityInvoker$EmptyActivity }, activity=androidx.test.core.app.InstrumentationActivityInvoker$EmptyActivity@fd130e0
11-20 13:55:17.743 12240 12240 D LifecycleMonitor: Lifecycle status change: androidx.test.core.app.InstrumentationActivityInvoker$EmptyActivity@fd130e0 in: CREATED
11-20 13:55:17.745 12240 12240 V ActivityScenario: Activity lifecycle changed event received but ignored because the intent does not match. startActivityIntent=Intent { act=android.intent.action.MAIN cat=[android.intent.category.LAUNCHER] cmp=com.example.dogglers/.VerticalListActivity }, activity.getIntent()=Intent { act=android.intent.action.MAIN cat=[android.intent.category.LAUNCHER] flg=0x10000000 cmp=com.example.dogglers/androidx.test.core.app.InstrumentationActivityInvoker$EmptyActivity }, activity=androidx.test.core.app.InstrumentationActivityInvoker$EmptyActivity@fd130e0
11-20 13:55:17.750 12240 12240 D LifecycleMonitor: Lifecycle status change: androidx.test.core.app.InstrumentationActivityInvoker$EmptyActivity@fd130e0 in: STARTED
11-20 13:55:17.752 12240 12240 V ActivityScenario: Activity lifecycle changed event received but ignored because the intent does not match. startActivityIntent=Intent { act=android.intent.action.MAIN cat=[android.intent.category.LAUNCHER] cmp=com.example.dogglers/.VerticalListActivity }, activity.getIntent()=Intent { act=android.intent.action.MAIN cat=[android.intent.category.LAUNCHER] flg=0x10000000 cmp=com.example.dogglers/androidx.test.core.app.InstrumentationActivityInvoker$EmptyActivity }, activity=androidx.test.core.app.InstrumentationActivityInvoker$EmptyActivity@fd130e0
11-20 13:55:17.755 12240 12240 D LifecycleMonitor: Lifecycle status change: androidx.test.core.app.InstrumentationActivityInvoker$EmptyActivity@fd130e0 in: RESUMED
11-20 13:55:17.757 12240 12240 V ActivityScenario: Activity lifecycle changed event received but ignored because the intent does not match. startActivityIntent=Intent { act=android.intent.action.MAIN cat=[android.intent.category.LAUNCHER] cmp=com.example.dogglers/.VerticalListActivity }, activity.getIntent()=Intent { act=android.intent.action.MAIN cat=[android.intent.category.LAUNCHER] flg=0x10000000 cmp=com.example.dogglers/androidx.test.core.app.InstrumentationActivityInvoker$EmptyActivity }, activity=androidx.test.core.app.InstrumentationActivityInvoker$EmptyActivity@fd130e0
11-20 13:55:17.852   574   595 I ActivityTaskManager: Displayed com.example.dogglers/androidx.test.core.app.InstrumentationActivityInvoker$EmptyActivity for user 0: +267ms
11-20 13:55:17.865 12240 12240 D LifecycleMonitor: Lifecycle status change: androidx.test.core.app.InstrumentationActivityInvoker$EmptyActivity@a8e02f3 in: STOPPED
11-20 13:55:17.867 12240 12240 V ActivityScenario: Activity lifecycle changed event received but ignored because the intent does not match. startActivityIntent=Intent { act=android.intent.action.MAIN cat=[android.intent.category.LAUNCHER] cmp=com.example.dogglers/.VerticalListActivity }, activity.getIntent()=Intent { act=android.intent.action.MAIN cat=[android.intent.category.LAUNCHER] flg=0x10000000 cmp=com.example.dogglers/androidx.test.core.app.InstrumentationActivityInvoker$EmptyActivity }, activity=androidx.test.core.app.InstrumentationActivityInvoker$EmptyActivity@a8e02f3
11-20 13:55:17.907   430   430 I BpBinder: onLastStrongRef automatically unlinking death recipients:
11-20 13:55:17.912 12240 12240 D LifecycleMonitor: Lifecycle status change: androidx.test.core.app.InstrumentationActivityInvoker$EmptyActivity@a8e02f3 in: DESTROYED
11-20 13:55:17.913 12240 12240 V ActivityScenario: Activity lifecycle changed event received but ignored because the intent does not match. startActivityIntent=Intent { act=android.intent.action.MAIN cat=[android.intent.category.LAUNCHER] cmp=com.example.dogglers/.VerticalListActivity }, activity.getIntent()=Intent { act=android.intent.action.MAIN cat=[android.intent.category.LAUNCHER] flg=0x10000000 cmp=com.example.dogglers/androidx.test.core.app.InstrumentationActivityInvoker$EmptyActivity }, activity=androidx.test.core.app.InstrumentationActivityInvoker$EmptyActivity@a8e02f3
11-20 13:55:17.913 12240 12240 W WindowOnBackDispatcher: sendCancelIfRunning: isInProgress=falsecallback=android.view.ViewRootImpl$$ExternalSyntheticLambda17@e28a2dc
11-20 13:55:17.915   574  2558 W InputManager-JNI: Input channel object '442572d com.example.dogglers/androidx.test.core.app.InstrumentationActivityInvoker$EmptyActivity (client)' was disposed without first being removed with the input manager!
11-20 13:55:17.920 12240 12240 D LifecycleMonitor: Lifecycle status change: androidx.test.core.app.InstrumentationActivityInvoker$EmptyActivity@fd130e0 in: PAUSED
11-20 13:55:17.921 12240 12240 V ActivityScenario: Activity lifecycle changed event received but ignored because the intent does not match. startActivityIntent=Intent { act=android.intent.action.MAIN cat=[android.intent.category.LAUNCHER] cmp=com.example.dogglers/.VerticalListActivity }, activity.getIntent()=Intent { act=android.intent.action.MAIN cat=[android.intent.category.LAUNCHER] flg=0x10000000 cmp=com.example.dogglers/androidx.test.core.app.InstrumentationActivityInvoker$EmptyActivity }, activity=androidx.test.core.app.InstrumentationActivityInvoker$EmptyActivity@fd130e0
11-20 13:55:17.930 12240 12263 I TestRunner: finished: vertical_scroll_content_at_last_position(com.example.dogglers.VerticalListTests)
