11-20 13:55:02.558 12240 12263 I TestRunner: started: grid_list_content_at_first_position(com.example.dogglers.GridListTests)
11-20 13:55:02.559 12240 12240 D LifecycleMonitor: Lifecycle status change: androidx.test.core.app.InstrumentationActivityInvoker$EmptyActivity@a85aa7c in: DESTROYED
11-20 13:55:02.559 12240 12240 W WindowOnBackDispatcher: sendCancelIfRunning: isInProgress=falsecallback=android.view.ViewRootImpl$$ExternalSyntheticLambda17@3731681
11-20 13:55:02.566   574  2558 W InputManager-JNI: Input channel object 'a18487a com.example.dogglers/androidx.test.core.app.InstrumentationActivityInvoker$EmptyActivity (client)' was disposed without first being removed with the input manager!
11-20 13:55:02.622 12240 12263 W Settings: Setting always_finish_activities has moved from android.provider.Settings.System to android.provider.Settings.Global, returning read-only value.
11-20 13:55:02.643   989  1041 D SplashScreenView: Build android.window.SplashScreenView{73ad8b3 V.E...... ......ID 0,0-0,0}
11-20 13:55:02.643   989  1041 D SplashScreenView: Icon: view: null drawable: null size: 0
11-20 13:55:02.643   989  1041 D SplashScreenView: Branding: view: android.view.View{f86fe70 G.ED..... ......I. 0,0-0,0 #10204ef android:id/splashscreen_branding_view} drawable: null size w: 0 h: 0
11-20 13:55:02.657   989  1054 D EGL_emulation: app_time_stats: avg=14.30ms min=1.03ms max=78.86ms count=30
11-20 13:55:02.676 12240 12240 D LifecycleMonitor: Lifecycle status change: androidx.test.core.app.InstrumentationActivityInvoker$BootstrapActivity@37e60fe in: PRE_ON_CREATE
11-20 13:55:02.676   430   430 I BpBinder: onLastStrongRef automatically unlinking death recipients:
11-20 13:55:02.678 12240 12240 V ActivityScenario: Activity lifecycle changed event received but ignored because the intent does not match. startActivityIntent=Intent { act=android.intent.action.MAIN cat=[android.intent.category.LAUNCHER] cmp=com.example.dogglers/.GridListActivity }, activity.getIntent()=Intent { act=android.intent.action.MAIN cat=[android.intent.category.LAUNCHER] flg=0x10008000 cmp=com.example.dogglers/androidx.test.core.app.InstrumentationActivityInvoker$BootstrapActivity (has extras) }, activity=androidx.test.core.app.InstrumentationActivityInvoker$BootstrapActivity@37e60fe
11-20 13:55:02.701 12240 12240 D LifecycleMonitor: Lifecycle status change: androidx.test.core.app.InstrumentationActivityInvoker$BootstrapActivity@37e60fe in: CREATED
11-20 13:55:02.702 12240 12240 V ActivityScenario: Activity lifecycle changed event received but ignored because the intent does not match. startActivityIntent=Intent { act=android.intent.action.MAIN cat=[android.intent.category.LAUNCHER] cmp=com.example.dogglers/.GridListActivity }, activity.getIntent()=Intent { act=android.intent.action.MAIN cat=[android.intent.category.LAUNCHER] flg=0x10008000 cmp=com.example.dogglers/androidx.test.core.app.InstrumentationActivityInvoker$BootstrapActivity (has extras) }, activity=androidx.test.core.app.InstrumentationActivityInvoker$BootstrapActivity@37e60fe
11-20 13:55:02.706 12240 12240 D LifecycleMonitor: Lifecycle status change: androidx.test.core.app.InstrumentationActivityInvoker$BootstrapActivity@37e60fe in: STARTED
11-20 13:55:02.709 12240 12240 V ActivityScenario: Activity lifecycle changed event received but ignored because the intent does not match. startActivityIntent=Intent { act=android.intent.action.MAIN cat=[android.intent.category.LAUNCHER] cmp=com.example.dogglers/.GridListActivity }, activity.getIntent()=Intent { act=android.intent.action.MAIN cat=[android.intent.category.LAUNCHER] flg=0x10008000 cmp=com.example.dogglers/androidx.test.core.app.InstrumentationActivityInvoker$BootstrapActivity (has extras) }, activity=androidx.test.core.app.InstrumentationActivityInvoker$BootstrapActivity@37e60fe
11-20 13:55:02.717 12240 12240 D LifecycleMonitor: Lifecycle status change: androidx.test.core.app.InstrumentationActivityInvoker$BootstrapActivity@37e60fe in: RESUMED
11-20 13:55:02.718 12240 12240 V ActivityScenario: Activity lifecycle changed event received but ignored because the intent does not match. startActivityIntent=Intent { act=android.intent.action.MAIN cat=[android.intent.category.LAUNCHER] cmp=com.example.dogglers/.GridListActivity }, activity.getIntent()=Intent { act=android.intent.action.MAIN cat=[android.intent.category.LAUNCHER] flg=0x10008000 cmp=com.example.dogglers/androidx.test.core.app.InstrumentationActivityInvoker$BootstrapActivity (has extras) }, activity=androidx.test.core.app.InstrumentationActivityInvoker$BootstrapActivity@37e60fe
11-20 13:55:02.729 12240 12240 D LifecycleMonitor: Lifecycle status change: androidx.test.core.app.InstrumentationActivityInvoker$BootstrapActivity@37e60fe in: PAUSED
11-20 13:55:02.735   989  1041 D SplashScreenView: Build android.window.SplashScreenView{5c5c146 V.E...... ......ID 0,0-0,0}
11-20 13:55:02.735   989  1041 D SplashScreenView: Icon: view: null drawable: null size: 0
11-20 13:55:02.735   989  1041 D SplashScreenView: Branding: view: android.view.View{83acf07 G.ED..... ......I. 0,0-0,0 #10204ef android:id/splashscreen_branding_view} drawable: null size w: 0 h: 0
11-20 13:55:02.742 12240 12240 V ActivityScenario: Activity lifecycle changed event received but ignored because the intent does not match. startActivityIntent=Intent { act=android.intent.action.MAIN cat=[android.intent.category.LAUNCHER] cmp=com.example.dogglers/.GridListActivity }, activity.getIntent()=Intent { act=android.intent.action.MAIN cat=[android.intent.category.LAUNCHER] flg=0x10008000 cmp=com.example.dogglers/androidx.test.core.app.InstrumentationActivityInvoker$BootstrapActivity (has extras) }, activity=androidx.test.core.app.InstrumentationActivityInvoker$BootstrapActivity@37e60fe
11-20 13:55:02.774 12240 12240 D LifecycleMonitor: Lifecycle status change: com.example.dogglers.GridListActivity@e05c4c8 in: PRE_ON_CREATE
11-20 13:55:02.778 12240 12240 V ActivityScenario: Activity lifecycle changed event received but ignored because the reported transition was not ON_CREATE while the last known transition was PRE_ON_CREATE
11-20 13:55:02.856  1277  1277 W Choreographer: Frame time is 0.05948 ms in the future!  Check that graphics HAL is generating vsync timestamps using the correct timebase.
11-20 13:55:02.856 12240 12240 D LifecycleMonitor: Lifecycle status change: com.example.dogglers.GridListActivity@e05c4c8 in: CREATED
11-20 13:55:02.858 12240 12240 V ActivityScenario: Update currentActivityStage to CREATED, currentActivity=com.example.dogglers.GridListActivity@e05c4c8
11-20 13:55:02.862 12240 12240 D LifecycleMonitor: Lifecycle status change: com.example.dogglers.GridListActivity@e05c4c8 in: STARTED
11-20 13:55:02.863 12240 12240 V ActivityScenario: Update currentActivityStage to STARTED, currentActivity=com.example.dogglers.GridListActivity@e05c4c8
11-20 13:55:02.866 12240 12240 D LifecycleMonitor: Lifecycle status change: com.example.dogglers.GridListActivity@e05c4c8 in: RESUMED
11-20 13:55:02.867 12240 12240 V ActivityScenario: Update currentActivityStage to RESUMED, currentActivity=com.example.dogglers.GridListActivity@e05c4c8
11-20 13:55:03.106   574   595 W ziparchive: Unable to open '/data/app/~~g9pGXw6zzmInD44PnXlZug==/com.example.dogglers-fFkVg-hwOoV9dkaT6QJ7gg==/base.dm': No such file or directory
11-20 13:55:03.106   574   595 I ActivityTaskManager: Displayed com.example.dogglers/.GridListActivity for user 0: +476ms
11-20 13:55:03.204   574  2103 I ImeTracker: com.example.dogglers:6a1988e9: onRequestHide at ORIGIN_SERVER_HIDE_INPUT reason HIDE_UNSPECIFIED_WINDOW
11-20 13:55:03.204   574  2103 I ImeTracker: com.example.dogglers:6a1988e9: onCancelled at PHASE_SERVER_SHOULD_HIDE
11-20 13:55:03.208  1770  1770 I GoogleInputMethodService: GoogleInputMethodService.onFinishInput():3227
11-20 13:55:03.210  1770  1770 I GoogleInputMethodService: GoogleInputMethodService.updateDeviceLockedStatus():2087 repeatCheckTimes = 0, unlocked = true
11-20 13:55:03.210  1770  1770 I GoogleInputMethodService: GoogleInputMethodService.onStartInput():1877 onStartInput(EditorInfo{inputType=0x0(NULL) imeOptions=0x0 privateImeOptions=null actionName=UNSPECIFIED actionLabel=null actionId=0 initialSelStart=-1 initialSelEnd=-1 initialCapsMode=0x0 hintText=null label=null packageName=com.example.dogglers fieldId=0 fieldName=null extras=null}, false)
11-20 13:55:03.210  1770  1770 I GoogleInputMethodService: GoogleInputMethodService.shouldHideHeaderOnInitialState():4008 ShouldHideHeaderOnInitialState = false
11-20 13:55:03.212  1770  1770 I GoogleInputMethodService: GoogleInputMethodService.updateDeviceLockedStatus():2087 repeatCheckTimes = 2, unlocked = true
11-20 13:55:03.311  1277  1277 D AutofillManager: view is not autofillable - activity denied for autofill
11-20 13:55:03.378 12240 12240 I ViewInteraction: Checking 'MatchesViewAssertion{viewMatcher=(view has effective visibility <VISIBLE> and view.getGlobalVisibleRect() to return non-empty rectangle)}' assertion on view an instance of android.widget.TextView and view.getText() with or without transformation to match: is "Tzeitel"
11-20 13:55:03.393 12240 12240 D LifecycleMonitor: Lifecycle status change: androidx.test.core.app.InstrumentationActivityInvoker$BootstrapActivity@37e60fe in: STOPPED
11-20 13:55:03.394 12240 12240 V ActivityScenario: Activity lifecycle changed event received but ignored because the intent does not match. startActivityIntent=Intent { act=android.intent.action.MAIN cat=[android.intent.category.LAUNCHER] cmp=com.example.dogglers/.GridListActivity }, activity.getIntent()=Intent { act=android.intent.action.MAIN cat=[android.intent.category.LAUNCHER] flg=0x10008000 cmp=com.example.dogglers/androidx.test.core.app.InstrumentationActivityInvoker$BootstrapActivity (has extras) }, activity=androidx.test.core.app.InstrumentationActivityInvoker$BootstrapActivity@37e60fe
11-20 13:55:03.429  1277  2425 D OneSearchSuggestProvider: Shut down the binder channel
11-20 13:55:03.432  1277 12144 I IPCThreadState: oneway function results for code 2 on binder at 0x76632bbef8e0 will be dropped but finished with status UNKNOWN_TRANSACTION
11-20 13:55:03.432  1277  1322 I ImeTracker: com.google.android.apps.nexuslauncher:91768de6: onRequestHide at ORIGIN_CLIENT_HIDE_SOFT_INPUT reason HIDE_SOFT_INPUT
11-20 13:55:03.433  1277  1322 I ImeTracker: com.google.android.apps.nexuslauncher:91768de6: onFailed at PHASE_CLIENT_VIEW_SERVED
11-20 13:55:03.438  2640  8747 I PBSessionCacheImpl: Deleted sessionId[11612542089730654] from persistence.
11-20 13:55:03.443  2640  3242 W SearchServiceCore: Abort, client detached.
11-20 13:55:03.444   989  1054 D EGL_emulation: app_time_stats: avg=329.16ms min=60.52ms max=1103.60ms count=4
11-20 13:55:03.509   574   609 I libprocessgroup: Successfully killed process cgroup uid 10145 pid 11388 in 48ms
11-20 13:55:03.511   989  1040 W WindowOnBackDispatcher: sendCancelIfRunning: isInProgress=falsecallback=android.view.ViewRootImpl$$ExternalSyntheticLambda17@f0cabd2
11-20 13:55:03.514   574  2103 W InputManager-JNI: Input channel object '51c8430 Splash Screen com.example.dogglers (client)' was disposed without first being removed with the input manager!
11-20 13:55:03.568 12240 12240 I ViewInteraction: Checking 'MatchesViewAssertion{viewMatcher=(view has effective visibility <VISIBLE> and view.getGlobalVisibleRect() to return non-empty rectangle)}' assertion on view an instance of android.widget.TextView and view.getText() with or without transformation to match: is "Age: 7"
11-20 13:55:03.569 12240 12240 E ViewAssertions: '(view has effective visibility <VISIBLE> and view.getGlobalVisibleRect() to return non-empty rectangle)' check could not be performed because view 'an instance of android.widget.TextView and view.getText() with or without transformation to match: is "Age: 7"' was not found.
11-20 13:55:03.602   364   364 I Zygote  : Process 11388 exited due to signal 9 (Killed)
11-20 13:55:03.613   574   912 D ConnectivityService: releasing NetworkRequest [ REQUEST id=210, [ Capabilities: INTERNET&NOT_RESTRICTED&TRUSTED&NOT_VCN_MANAGED Uid: 10145 RequestorUid: 10145 RequestorPkg: com.google.android.apps.youtube.music UnderlyingNetworks: Null] ] (release request)
11-20 13:55:03.613   574   912 D ConnectivityService: releasing NetworkRequest [ REQUEST id=212, [ Capabilities: INTERNET&NOT_RESTRICTED&TRUSTED&NOT_VCN_MANAGED Uid: 10145 RequestorUid: 10145 RequestorPkg: com.google.android.apps.youtube.music UnderlyingNetworks: Null] ] (release request)
11-20 13:55:03.623   574   912 D ConnectivityService: releasing NetworkRequest [ REQUEST id=215, [ Capabilities: INTERNET&NOT_RESTRICTED&TRUSTED&NOT_VCN_MANAGED Uid: 10145 RequestorUid: 10145 RequestorPkg: com.google.android.apps.youtube.music UnderlyingNetworks: Null] ] (release request)
11-20 13:55:03.633 12240 12240 D LifecycleMonitor: Lifecycle status change: com.example.dogglers.GridListActivity@e05c4c8 in: PAUSED
11-20 13:55:03.633 12240 12240 V ActivityScenario: Update currentActivityStage to PAUSED, currentActivity=com.example.dogglers.GridListActivity@e05c4c8
11-20 13:55:03.643   574   912 D ConnectivityService: releasing NetworkRequest [ REQUEST id=217, [ Capabilities: INTERNET&NOT_RESTRICTED&TRUSTED&NOT_VCN_MANAGED Uid: 10145 RequestorUid: 10145 RequestorPkg: com.google.android.apps.youtube.music UnderlyingNetworks: Null] ] (release request)
11-20 13:55:03.676   989  1054 D EGL_emulation: app_time_stats: avg=25.47ms min=1.06ms max=229.45ms count=25
11-20 13:55:03.706 12240 12240 D LifecycleMonitor: Lifecycle status change: androidx.test.core.app.InstrumentationActivityInvoker$EmptyActivity@1fc227b in: PRE_ON_CREATE
11-20 13:55:03.708 12240 12240 V ActivityScenario: Activity lifecycle changed event received but ignored because the intent does not match. startActivityIntent=Intent { act=android.intent.action.MAIN cat=[android.intent.category.LAUNCHER] cmp=com.example.dogglers/.GridListActivity }, activity.getIntent()=Intent { act=android.intent.action.MAIN cat=[android.intent.category.LAUNCHER] flg=0x10000000 cmp=com.example.dogglers/androidx.test.core.app.InstrumentationActivityInvoker$EmptyActivity }, activity=androidx.test.core.app.InstrumentationActivityInvoker$EmptyActivity@1fc227b
11-20 13:55:03.710   430   430 I BpBinder: onLastStrongRef automatically unlinking death recipients:
11-20 13:55:03.731 12240 12240 D LifecycleMonitor: Lifecycle status change: androidx.test.core.app.InstrumentationActivityInvoker$EmptyActivity@1fc227b in: CREATED
11-20 13:55:03.732 12240 12240 V ActivityScenario: Activity lifecycle changed event received but ignored because the intent does not match. startActivityIntent=Intent { act=android.intent.action.MAIN cat=[android.intent.category.LAUNCHER] cmp=com.example.dogglers/.GridListActivity }, activity.getIntent()=Intent { act=android.intent.action.MAIN cat=[android.intent.category.LAUNCHER] flg=0x10000000 cmp=com.example.dogglers/androidx.test.core.app.InstrumentationActivityInvoker$EmptyActivity }, activity=androidx.test.core.app.InstrumentationActivityInvoker$EmptyActivity@1fc227b
11-20 13:55:03.744 12240 12240 D LifecycleMonitor: Lifecycle status change: androidx.test.core.app.InstrumentationActivityInvoker$EmptyActivity@1fc227b in: STARTED
11-20 13:55:03.746 12240 12240 V ActivityScenario: Activity lifecycle changed event received but ignored because the intent does not match. startActivityIntent=Intent { act=android.intent.action.MAIN cat=[android.intent.category.LAUNCHER] cmp=com.example.dogglers/.GridListActivity }, activity.getIntent()=Intent { act=android.intent.action.MAIN cat=[android.intent.category.LAUNCHER] flg=0x10000000 cmp=com.example.dogglers/androidx.test.core.app.InstrumentationActivityInvoker$EmptyActivity }, activity=androidx.test.core.app.InstrumentationActivityInvoker$EmptyActivity@1fc227b
11-20 13:55:03.755 12240 12240 D LifecycleMonitor: Lifecycle status change: androidx.test.core.app.InstrumentationActivityInvoker$EmptyActivity@1fc227b in: RESUMED
11-20 13:55:03.757 12240 12240 V ActivityScenario: Activity lifecycle changed event received but ignored because the intent does not match. startActivityIntent=Intent { act=android.intent.action.MAIN cat=[android.intent.category.LAUNCHER] cmp=com.example.dogglers/.GridListActivity }, activity.getIntent()=Intent { act=android.intent.action.MAIN cat=[android.intent.category.LAUNCHER] flg=0x10000000 cmp=com.example.dogglers/androidx.test.core.app.InstrumentationActivityInvoker$EmptyActivity }, activity=androidx.test.core.app.InstrumentationActivityInvoker$EmptyActivity@1fc227b
11-20 13:55:04.000 12240 12240 D LifecycleMonitor: Lifecycle status change: androidx.test.core.app.InstrumentationActivityInvoker$EmptyActivity@1fc227b in: PAUSED
11-20 13:55:04.002 12240 12240 V ActivityScenario: Activity lifecycle changed event received but ignored because the intent does not match. startActivityIntent=Intent { act=android.intent.action.MAIN cat=[android.intent.category.LAUNCHER] cmp=com.example.dogglers/.GridListActivity }, activity.getIntent()=Intent { act=android.intent.action.MAIN cat=[android.intent.category.LAUNCHER] flg=0x10000000 cmp=com.example.dogglers/androidx.test.core.app.InstrumentationActivityInvoker$EmptyActivity }, activity=androidx.test.core.app.InstrumentationActivityInvoker$EmptyActivity@1fc227b
11-20 13:55:04.036   574   583 I system_server: NativeAlloc concurrent copying GC freed 199215(6989KB) AllocSpace objects, 16(320KB) LOS objects, 48% free, 25MB/49MB, paused 226us,183us total 256.771ms
11-20 13:55:04.043 12240 12240 D LifecycleMonitor: Lifecycle status change: androidx.test.core.app.InstrumentationActivityInvoker$BootstrapActivity@37e60fe in: DESTROYED
11-20 13:55:04.044 12240 12240 V ActivityScenario: Activity lifecycle changed event received but ignored because the intent does not match. startActivityIntent=Intent { act=android.intent.action.MAIN cat=[android.intent.category.LAUNCHER] cmp=com.example.dogglers/.GridListActivity }, activity.getIntent()=Intent { act=android.intent.action.MAIN cat=[android.intent.category.LAUNCHER] flg=0x10008000 cmp=com.example.dogglers/androidx.test.core.app.InstrumentationActivityInvoker$BootstrapActivity (has extras) }, activity=androidx.test.core.app.InstrumentationActivityInvoker$BootstrapActivity@37e60fe
11-20 13:55:04.048 12240 12240 D LifecycleMonitor: Lifecycle status change: androidx.test.core.app.InstrumentationActivityInvoker$EmptyActivity@14039dc in: PRE_ON_CREATE
11-20 13:55:04.064 12240 12240 V ActivityScenario: Activity lifecycle changed event received but ignored because the intent does not match. startActivityIntent=Intent { act=android.intent.action.MAIN cat=[android.intent.category.LAUNCHER] cmp=com.example.dogglers/.GridListActivity }, activity.getIntent()=Intent { act=android.intent.action.MAIN cat=[android.intent.category.LAUNCHER] flg=0x10000000 cmp=com.example.dogglers/androidx.test.core.app.InstrumentationActivityInvoker$EmptyActivity }, activity=androidx.test.core.app.InstrumentationActivityInvoker$EmptyActivity@14039dc
11-20 13:55:04.072 12240 12240 D LifecycleMonitor: Lifecycle status change: androidx.test.core.app.InstrumentationActivityInvoker$EmptyActivity@14039dc in: CREATED
11-20 13:55:04.073 12240 12240 V ActivityScenario: Activity lifecycle changed event received but ignored because the intent does not match. startActivityIntent=Intent { act=android.intent.action.MAIN cat=[android.intent.category.LAUNCHER] cmp=com.example.dogglers/.GridListActivity }, activity.getIntent()=Intent { act=android.intent.action.MAIN cat=[android.intent.category.LAUNCHER] flg=0x10000000 cmp=com.example.dogglers/androidx.test.core.app.InstrumentationActivityInvoker$EmptyActivity }, activity=androidx.test.core.app.InstrumentationActivityInvoker$EmptyActivity@14039dc
11-20 13:55:04.076 12240 12240 D LifecycleMonitor: Lifecycle status change: androidx.test.core.app.InstrumentationActivityInvoker$EmptyActivity@14039dc in: STARTED
11-20 13:55:04.077 12240 12240 V ActivityScenario: Activity lifecycle changed event received but ignored because the intent does not match. startActivityIntent=Intent { act=android.intent.action.MAIN cat=[android.intent.category.LAUNCHER] cmp=com.example.dogglers/.GridListActivity }, activity.getIntent()=Intent { act=android.intent.action.MAIN cat=[android.intent.category.LAUNCHER] flg=0x10000000 cmp=com.example.dogglers/androidx.test.core.app.InstrumentationActivityInvoker$EmptyActivity }, activity=androidx.test.core.app.InstrumentationActivityInvoker$EmptyActivity@14039dc
11-20 13:55:04.079 12240 12240 D LifecycleMonitor: Lifecycle status change: androidx.test.core.app.InstrumentationActivityInvoker$EmptyActivity@14039dc in: RESUMED
11-20 13:55:04.079 12240 12240 V ActivityScenario: Activity lifecycle changed event received but ignored because the intent does not match. startActivityIntent=Intent { act=android.intent.action.MAIN cat=[android.intent.category.LAUNCHER] cmp=com.example.dogglers/.GridListActivity }, activity.getIntent()=Intent { act=android.intent.action.MAIN cat=[android.intent.category.LAUNCHER] flg=0x10000000 cmp=com.example.dogglers/androidx.test.core.app.InstrumentationActivityInvoker$EmptyActivity }, activity=androidx.test.core.app.InstrumentationActivityInvoker$EmptyActivity@14039dc
11-20 13:55:04.156   574   595 I ActivityTaskManager: Displayed com.example.dogglers/androidx.test.core.app.InstrumentationActivityInvoker$EmptyActivity for user 0: +554ms
11-20 13:55:04.173 12240 12240 D LifecycleMonitor: Lifecycle status change: com.example.dogglers.GridListActivity@e05c4c8 in: STOPPED
11-20 13:55:04.174 12240 12240 V ActivityScenario: Update currentActivityStage to STOPPED, currentActivity=com.example.dogglers.GridListActivity@e05c4c8
11-20 13:55:04.182 12240 12240 D LifecycleMonitor: Lifecycle status change: com.example.dogglers.GridListActivity@e05c4c8 in: DESTROYED
11-20 13:55:04.182 12240 12240 V ActivityScenario: Update currentActivityStage to DESTROYED, currentActivity=null
11-20 13:55:04.182 12240 12240 W WindowOnBackDispatcher: sendCancelIfRunning: isInProgress=falsecallback=android.view.ViewRootImpl$$ExternalSyntheticLambda17@9a248c5
11-20 13:55:04.191   574   674 W InputManager-JNI: Input channel object 'bfdb35c com.example.dogglers/com.example.dogglers.GridListActivity (client)' was disposed without first being removed with the input manager!
11-20 13:55:04.204 12240 12240 D LifecycleMonitor: Lifecycle status change: androidx.test.core.app.InstrumentationActivityInvoker$EmptyActivity@1fc227b in: STOPPED
11-20 13:55:04.207 12240 12240 V ActivityScenario: Activity lifecycle changed event received but ignored because the intent does not match. startActivityIntent=Intent { act=android.intent.action.MAIN cat=[android.intent.category.LAUNCHER] cmp=com.example.dogglers/.GridListActivity }, activity.getIntent()=Intent { act=android.intent.action.MAIN cat=[android.intent.category.LAUNCHER] flg=0x10000000 cmp=com.example.dogglers/androidx.test.core.app.InstrumentationActivityInvoker$EmptyActivity }, activity=androidx.test.core.app.InstrumentationActivityInvoker$EmptyActivity@1fc227b
11-20 13:55:04.224   430   430 I BpBinder: onLastStrongRef automatically unlinking death recipients:
11-20 13:55:04.243 12240 12240 D LifecycleMonitor: Lifecycle status change: androidx.test.core.app.InstrumentationActivityInvoker$EmptyActivity@1fc227b in: DESTROYED
11-20 13:55:04.244 12240 12240 V ActivityScenario: Activity lifecycle changed event received but ignored because the intent does not match. startActivityIntent=Intent { act=android.intent.action.MAIN cat=[android.intent.category.LAUNCHER] cmp=com.example.dogglers/.GridListActivity }, activity.getIntent()=Intent { act=android.intent.action.MAIN cat=[android.intent.category.LAUNCHER] flg=0x10000000 cmp=com.example.dogglers/androidx.test.core.app.InstrumentationActivityInvoker$EmptyActivity }, activity=androidx.test.core.app.InstrumentationActivityInvoker$EmptyActivity@1fc227b
11-20 13:55:04.245 12240 12240 W WindowOnBackDispatcher: sendCancelIfRunning: isInProgress=falsecallback=android.view.ViewRootImpl$$ExternalSyntheticLambda17@8cc6644
11-20 13:55:04.255   574   674 W InputManager-JNI: Input channel object 'd0b6fb5 com.example.dogglers/androidx.test.core.app.InstrumentationActivityInvoker$EmptyActivity (client)' was disposed without first being removed with the input manager!
11-20 13:55:04.258 12240 12240 D LifecycleMonitor: Lifecycle status change: androidx.test.core.app.InstrumentationActivityInvoker$EmptyActivity@14039dc in: PAUSED
11-20 13:55:04.259 12240 12240 V ActivityScenario: Activity lifecycle changed event received but ignored because the intent does not match. startActivityIntent=Intent { act=android.intent.action.MAIN cat=[android.intent.category.LAUNCHER] cmp=com.example.dogglers/.GridListActivity }, activity.getIntent()=Intent { act=android.intent.action.MAIN cat=[android.intent.category.LAUNCHER] flg=0x10000000 cmp=com.example.dogglers/androidx.test.core.app.InstrumentationActivityInvoker$EmptyActivity }, activity=androidx.test.core.app.InstrumentationActivityInvoker$EmptyActivity@14039dc
11-20 13:55:04.269 12240 12263 E TestRunner: failed: grid_list_content_at_first_position(com.example.dogglers.GridListTests)
11-20 13:55:04.269 12240 12263 E TestRunner: ----- begin exception -----
11-20 13:55:04.272 12240 12240 W Choreographer: Frame time is 0.280578 ms in the future!  Check that graphics HAL is generating vsync timestamps using the correct timebase.
11-20 13:55:04.292  1277  1277 D AutofillManager: view is not autofillable - activity denied for autofill
11-20 13:55:04.292   574  1929 W AppSearchIcing: icing-search-engine.cc:283: Error: 5, Message: Document (com.google.android.googlequicksearchbox$OneSearchZeroStateGoogleSuggestions/default, zp) not found.
11-20 13:55:04.297  1277  2425 D OneSearchSuggestProvider: Created the binder channel successfully for end point service =com.google.android.apps.search.googleapp.search.suggest.plugins.onesearch.server.OneSearchSuggestService , mChannel=z1{delegate=s1{logId=185, target=directaddress:///AndroidComponentAddress%5BIntent%20%7B%20act=grpc.io.action.BIND%20cmp=com.google.android.googlequicksearchbox/com.google.android.apps.search.googleapp.search.suggest.plugins.onesearch.server.OneSearchSuggestService%20%7D%5D}} , mOneSearchConnection=X1.T@c4f4973
11-20 13:55:04.313  1894  2003 I AiAiEcho: Predicting[0]:
11-20 13:55:04.313  1894  2003 I AiAiEcho: EchoTargets:
11-20 13:55:04.313  1894  2003 I AiAiEcho: Filtered by AiAi flag check:
11-20 13:55:04.314  1894  2003 I AiAiEcho: Ranked targets strategy: SORT, count: 0, ranking metadata:
11-20 13:55:04.315  1894  2003 I AiAiEcho: #postPredictionTargets: Sending updates to UISurface home with targets# 0 (types=[])
11-20 13:55:04.322  2640  2640 I A       : Created gRPC endpoint to "search" for service class com.google.android.apps.search.googleapp.search.suggest.plugins.onesearch.server.OneSearchSuggestService
11-20 13:55:04.330 12240 12263 E TestRunner: androidx.test.espresso.NoMatchingViewException: No views in hierarchy found matching: an instance of android.widget.TextView and view.getText() with or without transformation to match: is "Age: 7"
11-20 13:55:04.330 12240 12263 E TestRunner:
11-20 13:55:04.330 12240 12263 E TestRunner: View Hierarchy:
11-20 13:55:04.330 12240 12263 E TestRunner: +>DecorView{id=-1, visibility=VISIBLE, width=1080, height=2400, has-focus=false, has-focusable=true, has-window-focus=true, is-clickable=false, is-enabled=true, is-focused=false, is-focusable=false, is-layout-requested=false, is-selected=false, layout-params={(0,0)(fillxfill) ty=BASE_APPLICATION wanim=0x10302fe
11-20 13:55:04.330 12240 12263 E TestRunner:   fl=LAYOUT_IN_SCREEN LAYOUT_INSET_DECOR SPLIT_TOUCH HARDWARE_ACCELERATED DRAWS_SYSTEM_BAR_BACKGROUNDS
11-20 13:55:04.330 12240 12263 E TestRunner:   pfl=NO_MOVE_ANIMATION FORCE_DRAW_STATUS_BAR_BACKGROUND FIT_INSETS_CONTROLLED
11-20 13:55:04.330 12240 12263 E TestRunner:   bhv=DEFAULT
11-20 13:55:04.330 12240 12263 E TestRunner:   fitSides=}, tag=null, root-is-layout-requested=false, has-input-connection=false, x=0.0, y=0.0, child-count=3}
11-20 13:55:04.330 12240 12263 E TestRunner: |
11-20 13:55:04.330 12240 12263 E TestRunner: +->LinearLayout{id=-1, visibility=VISIBLE, width=1080, height=2337, has-focus=false, has-focusable=true, has-window-focus=true, is-clickable=false, is-enabled=true, is-focused=false, is-focusable=false, is-layout-requested=false, is-selected=false, layout-params=android.widget.FrameLayout$LayoutParams@d9fff19, tag=null, root-is-layout-requested=false, has-input-connection=false, x=0.0, y=0.0, child-count=2}
11-20 13:55:04.330 12240 12263 E TestRunner: |
11-20 13:55:04.330 12240 12263 E TestRunner: +-->ViewStub{id=16908746, res-name=action_mode_bar_stub, visibility=GONE, width=0, height=0, has-focus=false, has-focusable=false, has-window-focus=true, is-clickable=false, is-enabled=true, is-focused=false, is-focusable=false, is-layout-requested=true, is-selected=false, layout-params=android.widget.LinearLayout$LayoutParams@32f6bde, tag=null, root-is-layout-requested=false, has-input-connection=false, x=0.0, y=0.0}
11-20 13:55:04.330 12240 12263 E TestRunner: |
11-20 13:55:04.330 12240 12263 E TestRunner: +-->FrameLayout{id=-1, visibility=VISIBLE, width=1080, height=2209, has-focus=false, has-focusable=true, has-window-focus=true, is-clickable=false, is-enabled=true, is-focused=false, is-focusable=false, is-layout-requested=false, is-selected=false, layout-params=android.widget.LinearLayout$LayoutParams@7aee08c, tag=null, root-is-layout-requested=false, has-input-connection=false, x=0.0, y=128.0, child-count=1}
11-20 13:55:04.330 12240 12263 E TestRunner: |
11-20 13:55:04.330 12240 12263 E TestRunner: +--->ActionBarOverlayLayout{id=2131230866, res-name=decor_content_parent, visibility=VISIBLE, width=1080, height=2209, has-focus=false, has-focusable=true, has-window-focus=true, is-clickable=false, is-enabled=true, is-focused=false, is-focusable=false, is-layout-requested=false, is-selected=false, layout-params=android.widget.FrameLayout$LayoutParams@6ebbadb, tag=null, root-is-layout-requested=false, has-input-connection=false, x=0.0, y=0.0, child-count=2}
11-20 13:55:04.330 12240 12263 E TestRunner: |
11-20 13:55:04.330 12240 12263 E TestRunner: +---->ContentFrameLayout{id=16908290, res-name=content, visibility=VISIBLE, width=1080, height=2062, has-focus=false, has-focusable=true, has-window-focus=true, is-clickable=false, is-enabled=true, is-focused=false, is-focusable=false, is-layout-requested=false, is-selected=false, layout-params=androidx.appcompat.widget.ActionBarOverlayLayout$LayoutParams@d897851, tag=null, root-is-layout-requested=false, has-input-connection=false, x=0.0, y=147.0, child-count=1}
11-20 13:55:04.330 12240 12263 E TestRunner: |
11-20 13:55:04.330 12240 12263 E TestRunner: +----->FrameLayout{id=-1, visibility=VISIBLE, width=1080, height=2062, has-focus=false, has-focusable=true, has-window-focus=true, is-clickable=false, is-enabled=true, is-focused=false, is-focusable=false, is-layout-requested=false, is-selected=false, layout-params=android.widget.FrameLayout$LayoutParams@8e129b7, tag=null, root-is-layout-requested=false, has-input-connection=false, x=0.0, y=0.0, child-count=1}
11-20 13:55:04.330 12240 12263 E TestRunner: |
11-20 13:55:04.330 12240 12263 E TestRunner: +------>RecyclerView{id=2131230933, res-name=grid_recycler_view, visibility=VISIBLE, width=1080, height=2062, has-focus=false, has-focusable=true, has-window-focus=true, is-clickable=false, is-enabled=true, is-focused=false, is-focusable=true, is-layout-requested=false, is-selected=false, layout-params=android.widget.FrameLayout$LayoutParams@b7c888e, tag=null, root-is-layout-requested=false, has-input-connection=false, x=0.0, y=0.0, child-count=6}
11-20 13:55:04.330 12240 12263 E TestRunner: |
11-20 13:55:04.337 12240 12263 E TestRunner: +------->MaterialCardView{id=-1, visibility=VISIBLE, width=498, height=743, has-focus=false, has-focusable=false, has-window-focus=true, is-clickable=false, is-enabled=true, is-focused=false, is-focusable=false, is-layout-requested=false, is-selected=false, layout-params=androidx.recyclerview.widget.GridLayoutManager$LayoutParams@9f184bc, tag=null, root-is-layout-requested=false, has-input-connection=false, x=21.0, y=21.0, is-checked=false, child-count=1}
11-20 13:55:04.337 12240 12263 E TestRunner: |
11-20 13:55:04.337 12240 12263 E TestRunner: +-------->ConstraintLayout{id=-1, visibility=VISIBLE, width=498, height=694, has-focus=false, has-focusable=false, has-window-focus=true, is-clickable=false, is-enabled=true, is-focused=false, is-focusable=false, is-layout-requested=false, is-selected=false, layout-params=android.widget.FrameLayout$LayoutParams@7c817c1, tag=null, root-is-layout-requested=false, has-input-connection=false, x=0.0, y=0.0, child-count=4}
11-20 13:55:04.337 12240 12263 E TestRunner: |
11-20 13:55:04.337 12240 12263 E TestRunner: +--------->AppCompatImageView{id=2131230952, res-name=imageView, visibility=VISIBLE, width=498, height=509, has-focus=false, has-focusable=false, has-window-focus=true, is-clickable=false, is-enabled=true, is-focused=false, is-focusable=false, is-layout-requested=false, is-selected=false, layout-params=androidx.constraintlayout.widget.ConstraintLayout$LayoutParams@7b51b66, tag=null, root-is-layout-requested=false, has-input-connection=false, x=0.0, y=0.0}
11-20 13:55:04.337 12240 12263 E TestRunner: |
11-20 13:55:04.337 12240 12263 E TestRunner: +--------->MaterialTextView{id=2131231173, res-name=textViewName, visibility=VISIBLE, width=164, height=71, has-focus=false, has-focusable=false, has-window-focus=true, is-clickable=false, is-enabled=true, is-focused=false, is-focusable=false, is-layout-requested=false, is-selected=false, layout-params=androidx.constraintlayout.widget.ConstraintLayout$LayoutParams@d59eea7, tag=null, root-is-layout-requested=false, has-input-connection=false, x=21.0, y=509.0, text=Tzeitel, input-type=0, ime-target=false, has-links=false}
11-20 13:55:04.337 12240 12263 E TestRunner: |
11-20 13:55:04.337 12240 12263 E TestRunner: +--------->MaterialTextView{id=2131231171, res-name=textViewAge, visibility=VISIBLE, width=26, height=57, has-focus=false, has-focusable=false, has-window-focus=true, is-clickable=false, is-enabled=true, is-focused=false, is-focusable=false, is-layout-requested=false, is-selected=false, layout-params=androidx.constraintlayout.widget.ConstraintLayout$LayoutParams@22baf54, tag=null, root-is-layout-requested=false, has-input-connection=false, x=21.0, y=580.0, text=7, input-type=0, ime-target=false, has-links=false}
11-20 13:55:04.337 12240 12263 E TestRunner: |
11-20 13:55:04.337 12240 12263 E TestRunner: +--------->MaterialTextView{id=2131231172, res-name=textViewHobby, visibility=VISIBLE, width=410, height=57, has-focus=false, has-focusable=false, has-window-focus=true, is-clickable=false, is-enabled=true, is-focused=false, is-focusable=false, is-layout-requested=false, is-selected=false, layout-params=androidx.constraintlayout.widget.ConstraintLayout$LayoutParams@afd6efd, tag=null, root-is-layout-requested=false, has-input-connection=false, x=0.0, y=637.0, text=Hobbies: sunbathing, input-type=0, ime-target=false, has-links=false}
11-20 13:55:04.337 12240 12263 E TestRunner: |
11-20 13:55:04.337 12240 12263 E TestRunner: +------->MaterialCardView{id=-1, visibility=VISIBLE, width=498, height=743, has-focus=false, has-focusable=false, has-window-focus=true, is-clickable=false, is-enabled=true, is-focused=false, is-focusable=false, is-layout-requested=false, is-selected=false, layout-params=androidx.recyclerview.widget.GridLayoutManager$LayoutParams@acce43, tag=null, root-is-layout-requested=false, has-input-connection=false, x=561.0, y=21.0, is-checked=false, child-count=1}
11-20 13:55:04.337 12240 12263 E TestRunner: |
11-20 13:55:04.337 12240 12263 E TestRunner: +-------->ConstraintLayout{id=-1, visibility=VISIBLE, width=498, height=743, has-focus=false, has-focusable=false, has-window-focus=true, is-clickable=false, is-enabled=true, is-focused=false, is-focusable=false, is-layout-requested=false, is-selected=false, layout-params=android.widget.FrameLayout$LayoutParams@9fd94ec, tag=null, root-is-layout-requested=false, has-input-connection=false, x=0.0, y=0.0, child-count=4}
11-20 13:55:04.337 12240 12263 E TestRunner: |
11-20 13:55:04.337 12240 12263 E TestRunner: +--------->AppCompatImageView{id=2131230952, res-name=imageView, visibility=VISIBLE, width=498, height=509, has-focus=false, has-focusable=false, has-window-focus=true, is-clickable=false, is-enabled=true, is-focused=false, is-focusable=false, is-layout-requested=false, is-selected=false, layout-params=androidx.constraintlayout.widget.ConstraintLayout$LayoutParams@ee080b5, tag=null, root-is-layout-requested=false, has-input-connection=false, x=0.0, y=0.0}
11-20 13:55:04.337 12240 12263 E TestRunner: |
11-20 13:55:04.337 12240 12263 E TestRunner: +--------->MaterialTextView{id=2131231173, res-name=textViewName, visibility=VISIBLE, width=135, height=71, has-focus=false, has-focusable=false, has-window-focus=true, is-clickable=false, is-enabled=true, is-focused=false, is-focusable=false, is-layout-requested=false, is-selected=false, layout-params=androidx.constraintlayout.widget.ConstraintLayout$LayoutParams@dcc234a, tag=null, root-is-layout-requested=false, has-input-connection=false, x=21.0, y=509.0, text=Leroy, input-type=0, ime-target=false, has-links=false}
11-20 13:55:04.337 12240 12263 E TestRunner: |
11-20 13:55:04.337 12240 12263 E TestRunner: +--------->MaterialTextView{id=2131231171, res-name=textViewAge, visibility=VISIBLE, width=26, height=57, has-focus=false, has-focusable=false, has-window-focus=true, is-clickable=false, is-enabled=true, is-focused=false, is-focusable=false, is-layout-requested=false, is-selected=false, layout-params=androidx.constraintlayout.widget.ConstraintLayout$LayoutParams@7e7c2bb, tag=null, root-is-layout-requested=false, has-input-connection=false, x=21.0, y=580.0, text=4, input-type=0, ime-target=false, has-links=false}
11-20 13:55:04.337 12240 12263 E TestRunner: |
11-20 13:55:04.337 12240 12263 E TestRunner: +--------->MaterialTextView{id=2131231172, res-name=textViewHobby, visibility=VISIBLE, width=498, height=106, has-focus=false, has-focusable=false, has-window-focus=true, is-clickable=false, is-enabled=true, is-focused=false, is-focusable=false, is-layout-requested=false, is-selected=false, layout-params=androidx.constraintlayout.widget.ConstraintLayout$LayoutParams@2a513d8, tag=null, root-is-layout-requested=false, has-input-connection=false, x=0.0, y=637.0, text=Hobbies: sleeping in dangerous places, input-type=0, ime-target=false, has-links=false}
11-20 13:55:04.337 12240 12263 E TestRunner: |
11-20 13:55:04.337 12240 12263 E TestRunner: +------->MaterialCardView{id=-1, visibility=VISIBLE, width=498, height=743, has-focus=false, has-focusable=false, has-window-focus=true, is-clickable=false, is-enabled=true, is-focused=false, is-focusable=false, is-layout-requested=false, is-selected=false, layout-params=androidx.recyclerview.widget.GridLayoutManager$LayoutParams@6312a16, tag=null, root-is-layout-requested=false, has-input-connection=false, x=21.0, y=806.0, is-checked=false, child-count=1}
11-20 13:55:04.337 12240 12263 E TestRunner: |
11-20 13:55:04.337 12240 12263 E TestRunner: +-------->ConstraintLayout{id=-1, visibility=VISIBLE, width=498, height=694, has-focus=false, has-focusable=false, has-window-focus=true, is-clickable=false, is-enabled=true, is-focused=false, is-focusable=false, is-layout-requested=false, is-selected=false, layout-params=android.widget.FrameLayout$LayoutParams@50dce33, tag=null, root-is-layout-requested=false, has-input-connection=false, x=0.0, y=0.0, child-count=4}
11-20 13:55:04.337 12240 12263 E TestRunner: |
11-20 13:55:04.337 12240 12263 E TestRunner: +--------->AppCompatImageView{id=2131230952, res-name=imageView, visibility=VISIBLE, width=498, height=509, has-focus=false, has-focusable=false, has-window-focus=true, is-clickable=false, is-enabled=true, is-focused=false, is-focusable=false, is-layout-requested=false, is-selected=false, layout-params=androidx.constraintlayout.widget.ConstraintLayout$LayoutParams@a2685f0, tag=null, root-is-layout-requested=false, has-input-connection=false, x=0.0, y=0.0}
11-20 13:55:04.337 12240 12263 E TestRunner: |
11-20 13:55:04.337 12240 12263 E TestRunner: +--------->MaterialTextView{id=2131231173, res-name=textViewName, visibility=VISIBLE, width=181, height=71, has-focus=false, has-focusable=false, has-window-focus=true, is-clickable=false, is-enabled=true, is-focused=false, is-focusable=false, is-layout-requested=false, is-selected=false, layout-params=androidx.constraintlayout.widget.ConstraintLayout$LayoutParams@6d65769, tag=null, root-is-layout-requested=false, has-input-connection=false, x=21.0, y=509.0, text=Frankie, input-type=0, ime-target=false, has-links=false}
11-20 13:55:04.337 12240 12263 E TestRunner: |
11-20 13:55:04.338 12240 12263 E TestRunner: +--------->MaterialTextView{id=2131231171, res-name=textViewAge, visibility=VISIBLE, width=26, height=57, has-focus=false, has-focusable=false, has-window-focus=true, is-clickable=false, is-enabled=true, is-focused=false, is-focusable=false, is-layout-requested=false, is-selected=false, layout-params=androidx.constraintlayout.widget.ConstraintLayout$LayoutParams@c1b65ee, tag=null, root-is-layout-requested=false, has-input-connection=false, x=21.0, y=580.0, text=2, input-type=0, ime-target=false, has-links=false}
11-20 13:55:04.338 12240 12263 E TestRunner: |
11-20 13:55:04.338 12240 12263 E TestRunner: +--------->MaterialTextView{id=2131231172, res-name=textViewHobby, visibility=VISIBLE, width=476, height=57, has-focus=false, has-focusable=false, has-window-focus=true, is-clickable=false, is-enabled=true, is-focused=false, is-focusable=false, is-layout-requested=false, is-selected=false, layout-params=androidx.constraintlayout.widget.ConstraintLayout$LayoutParams@4cd1a8f, tag=null, root-is-layout-requested=false, has-input-connection=false, x=0.0, y=637.0, text=Hobbies: stealing socks, input-type=0, ime-target=false, has-links=false}
11-20 13:55:04.338 12240 12263 E TestRunner: |
11-20 13:55:04.338 12240 12263 E TestRunner: +------->MaterialCardView{id=-1, visibility=VISIBLE, width=498, height=743, has-focus=false, has-focusable=false, has-window-focus=true, is-clickable=false, is-enabled=true, is-focused=false, is-focusable=false, is-layout-requested=false, is-selected=false, layout-params=androidx.recyclerview.widget.GridLayoutManager$LayoutParams@a740125, tag=null, root-is-layout-requested=false, has-input-connection=false, x=561.0, y=806.0, is-checked=false, child-count=1}
11-20 13:55:04.338 12240 12263 E TestRunner: |
11-20 13:55:04.338 12240 12263 E TestRunner: +-------->ConstraintLayout{id=-1, visibility=VISIBLE, width=498, height=743, has-focus=false, has-focusable=false, has-window-focus=true, is-clickable=false, is-enabled=true, is-focused=false, is-focusable=false, is-layout-requested=false, is-selected=false, layout-params=android.widget.FrameLayout$LayoutParams@ae644c6, tag=null, root-is-layout-requested=false, has-input-connection=false, x=0.0, y=0.0, child-count=4}
11-20 13:55:04.338 12240 12263 E TestRunner: |
11-20 13:55:04.338 12240 12263 E TestRunner: +--------->AppCompatImageView{id=2131230952, res-name=imageView, visibility=VISIBLE, width=498, height=509, has-focus=false, has-focusable=false, has-window-focus=true, is-clickable=false, is-enabled=true, is-focused=false, is-focusable=false, is-layout-requested=false, is-selected=false, layout-params=androidx.constraintlayout.widget.ConstraintLayout$LayoutParams@423cc87, tag=null, root-is-layout-requested=false, has-input-connection=false, x=0.0, y=0.0}
11-20 13:55:04.338 12240 12263 E TestRunner: |
11-20 13:55:04.338 12240 12263 E TestRunner: +--------->MaterialTextView{id=2131231173, res-name=textViewName, visibility=VISIBLE, width=97, height=71, has-focus=false, has-focusable=false, has-window-focus=true, is-clickable=false, is-enabled=true, is-focused=false, is-focusable=false, is-layout-requested=false, is-selected=false, layout-params=androidx.constraintlayout.widget.ConstraintLayout$LayoutParams@2f967b4, tag=null, root-is-layout-requested=false, has-input-connection=false, x=21.0, y=509.0, text=Nox, input-type=0, ime-target=false, has-links=false}
11-20 13:55:04.338 12240 12263 E TestRunner: |
11-20 13:55:04.338 12240 12263 E TestRunner: +--------->MaterialTextView{id=2131231171, res-name=textViewAge, visibility=VISIBLE, width=26, height=57, has-focus=false, has-focusable=false, has-window-focus=true, is-clickable=false, is-enabled=true, is-focused=false, is-focusable=false, is-layout-requested=false, is-selected=false, layout-params=androidx.constraintlayout.widget.ConstraintLayout$LayoutParams@b022fdd, tag=null, root-is-layout-requested=false, has-input-connection=false, x=21.0, y=580.0, text=8, input-type=0, ime-target=false, has-links=false}
11-20 13:55:04.338 12240 12263 E TestRunner: |
11-20 13:55:04.338 12240 12263 E TestRunner: +--------->MaterialTextView{id=2131231172, res-name=textViewHobby, visibility=VISIBLE, width=498, height=106, has-focus=false, has-focusable=false, has-window-focus=true, is-clickable=false, is-enabled=true, is-focused=false, is-focusable=false, is-layout-requested=false, is-selected=false, layout-params=androidx.constraintlayout.widget.ConstraintLayout$LayoutParams@c71e752, tag=null, root-is-layout-requested=false, has-input-connection=false, x=0.0, y=637.0, text=Hobbies: meeting new animals, input-type=0, ime-target=false, has-links=false}
11-20 13:55:04.338 12240 12263 E TestRunner: |
11-20 13:55:04.338 12240 12263 E TestRunner: +------->MaterialCardView{id=-1, visibility=VISIBLE, width=498, height=743, has-focus=false, has-focusable=false, has-window-focus=true, is-clickable=false, is-enabled=true, is-focused=false, is-focusable=false, is-layout-requested=false, is-selected=false, layout-params=androidx.recyclerview.widget.GridLayoutManager$LayoutParams@99f4b20, tag=null, root-is-layout-requested=false, has-input-connection=false, x=21.0, y=1591.0, is-checked=false, child-count=1}
11-20 13:55:04.338 12240 12263 E TestRunner: |
11-20 13:55:04.338 12240 12263 E TestRunner: +-------->ConstraintLayout{id=-1, visibility=VISIBLE, width=498, height=743, has-focus=false, has-focusable=false, has-window-focus=true, is-clickable=false, is-enabled=true, is-focused=false, is-focusable=false, is-layout-requested=false, is-selected=false, layout-params=android.widget.FrameLayout$LayoutParams@4e07d95, tag=null, root-is-layout-requested=false, has-input-connection=false, x=0.0, y=0.0, child-count=4}
11-20 13:55:04.338 12240 12263 E TestRunner: |
11-20 13:55:04.338 12240 12263 E TestRunner: +--------->AppCompatImageView{id=2131230952, res-name=imageView, visibility=VISIBLE, width=498, height=509, has-focus=false, has-focusable=false, has-window-focus=true, is-clickable=false, is-enabled=true, is-focused=false, is-focusable=false, is-layout-requested=false, is-selected=false, layout-params=androidx.constraintlayout.widget.ConstraintLayout$LayoutParams@170eaa, tag=null, root-is-layout-requested=false, has-input-connection=false, x=0.0, y=0.0}
11-20 13:55:04.338 12240 12263 E TestRunner: |
11-20 13:55:04.338 12240 12263 E TestRunner: +--------->MaterialTextView{id=2131231173, res-name=textViewName, visibility=VISIBLE, width=114, height=71, has-focus=false, has-focusable=false, has-window-focus=true, is-clickable=false, is-enabled=true, is-focused=false, is-focusable=false, is-layout-requested=false, is-selected=false, layout-params=androidx.constraintlayout.widget.ConstraintLayout$LayoutParams@1c53a9b, tag=null, root-is-layout-requested=false, has-input-connection=false, x=21.0, y=509.0, text=Faye, input-type=0, ime-target=false, has-links=false}
11-20 13:55:04.338 12240 12263 E TestRunner: |
11-20 13:55:04.338 12240 12263 E TestRunner: +--------->MaterialTextView{id=2131231171, res-name=textViewAge, visibility=VISIBLE, width=26, height=57, has-focus=false, has-focusable=false, has-window-focus=true, is-clickable=false, is-enabled=true, is-focused=false, is-focusable=false, is-layout-requested=false, is-selected=false, layout-params=androidx.constraintlayout.widget.ConstraintLayout$LayoutParams@7b75e38, tag=null, root-is-layout-requested=false, has-input-connection=false, x=21.0, y=580.0, text=8, input-type=0, ime-target=false, has-links=false}
11-20 13:55:04.338 12240 12263 E TestRunner: |
11-20 13:55:04.338 12240 12263 E TestRunner: +--------->MaterialTextView{id=2131231172, res-name=textViewHobby, visibility=VISIBLE, width=498, height=106, has-focus=false, has-focusable=false, has-window-focus=true, is-clickable=false, is-enabled=true, is-focused=false, is-focusable=false, is-layout-requested=false, is-selected=false, layout-params=androidx.constraintlayout.widget.ConstraintLayout$LayoutParams@f185e11, tag=null, root-is-layout-requested=false, has-input-connection=false, x=0.0, y=637.0, text=Hobbies: Digging in the garden, input-type=0, ime-target=false, has-links=false}
11-20 13:55:04.338 12240 12263 E TestRunner: |
11-20 13:55:04.338 12240 12263 E TestRunner: +------->MaterialCardView{id=-1, visibility=VISIBLE, width=498, height=743, has-focus=false, has-focusable=false, has-window-focus=true, is-clickable=false, is-enabled=true, is-focused=false, is-focusable=false, is-layout-requested=false, is-selected=false, layout-params=androidx.recyclerview.widget.GridLayoutManager$LayoutParams@632e577, tag=null, root-is-layout-requested=false, has-input-connection=false, x=561.0, y=1591.0, is-checked=false, child-count=1}
11-20 13:55:04.338 12240 12263 E TestRunner: |
