11-20 13:54:53.057 12240 12263 I TestRunner: started: recycler_view_item_count(com.example.dogglers.GridListTests)
11-20 13:54:53.057   574  2560 W InputManager-JNI: Input channel object 'beee475 com.example.dogglers/androidx.test.core.app.InstrumentationActivityInvoker$EmptyActivity (client)' was disposed without first being removed with the input manager!
11-20 13:54:53.074 12240 12263 W Settings: Setting always_finish_activities has moved from android.provider.Settings.System to android.provider.Settings.Global, returning read-only value.
11-20 13:54:53.127   989  1041 D SplashScreenView: Build android.window.SplashScreenView{ca01e0c V.E...... ......ID 0,0-0,0}
11-20 13:54:53.127   989  1041 D SplashScreenView: Icon: view: null drawable: null size: 0
11-20 13:54:53.127   989  1041 D SplashScreenView: Branding: view: android.view.View{29ca355 G.ED..... ......I. 0,0-0,0 #10204ef android:id/splashscreen_branding_view} drawable: null size w: 0 h: 0
11-20 13:54:53.210   430   430 I BpBinder: onLastStrongRef automatically unlinking death recipients:
11-20 13:54:53.212 12240 12240 D LifecycleMonitor: Lifecycle status change: androidx.test.core.app.InstrumentationActivityInvoker$BootstrapActivity@16462b1 in: PRE_ON_CREATE
11-20 13:54:53.213 12240 12240 V ActivityScenario: Activity lifecycle changed event received but ignored because the intent does not match. startActivityIntent=Intent { act=android.intent.action.MAIN cat=[android.intent.category.LAUNCHER] cmp=com.example.dogglers/.GridListActivity }, activity.getIntent()=Intent { act=android.intent.action.MAIN cat=[android.intent.category.LAUNCHER] flg=0x10008000 cmp=com.example.dogglers/androidx.test.core.app.InstrumentationActivityInvoker$BootstrapActivity (has extras) }, activity=androidx.test.core.app.InstrumentationActivityInvoker$BootstrapActivity@16462b1
11-20 13:54:53.226 12240 12240 D LifecycleMonitor: Lifecycle status change: androidx.test.core.app.InstrumentationActivityInvoker$BootstrapActivity@16462b1 in: CREATED
11-20 13:54:53.228 12240 12240 V ActivityScenario: Activity lifecycle changed event received but ignored because the intent does not match. startActivityIntent=Intent { act=android.intent.action.MAIN cat=[android.intent.category.LAUNCHER] cmp=com.example.dogglers/.GridListActivity }, activity.getIntent()=Intent { act=android.intent.action.MAIN cat=[android.intent.category.LAUNCHER] flg=0x10008000 cmp=com.example.dogglers/androidx.test.core.app.InstrumentationActivityInvoker$BootstrapActivity (has extras) }, activity=androidx.test.core.app.InstrumentationActivityInvoker$BootstrapActivity@16462b1
11-20 13:54:53.241 12240 12240 D LifecycleMonitor: Lifecycle status change: androidx.test.core.app.InstrumentationActivityInvoker$BootstrapActivity@16462b1 in: STARTED
11-20 13:54:53.243 12240 12240 V ActivityScenario: Activity lifecycle changed event received but ignored because the intent does not match. startActivityIntent=Intent { act=android.intent.action.MAIN cat=[android.intent.category.LAUNCHER] cmp=com.example.dogglers/.GridListActivity }, activity.getIntent()=Intent { act=android.intent.action.MAIN cat=[android.intent.category.LAUNCHER] flg=0x10008000 cmp=com.example.dogglers/androidx.test.core.app.InstrumentationActivityInvoker$BootstrapActivity (has extras) }, activity=androidx.test.core.app.InstrumentationActivityInvoker$BootstrapActivity@16462b1
11-20 13:54:53.251 12240 12240 D LifecycleMonitor: Lifecycle status change: androidx.test.core.app.InstrumentationActivityInvoker$BootstrapActivity@16462b1 in: RESUMED
11-20 13:54:53.253 12240 12240 V ActivityScenario: Activity lifecycle changed event received but ignored because the intent does not match. startActivityIntent=Intent { act=android.intent.action.MAIN cat=[android.intent.category.LAUNCHER] cmp=com.example.dogglers/.GridListActivity }, activity.getIntent()=Intent { act=android.intent.action.MAIN cat=[android.intent.category.LAUNCHER] flg=0x10008000 cmp=com.example.dogglers/androidx.test.core.app.InstrumentationActivityInvoker$BootstrapActivity (has extras) }, activity=androidx.test.core.app.InstrumentationActivityInvoker$BootstrapActivity@16462b1
11-20 13:54:53.258 12240 12240 D LifecycleMonitor: Lifecycle status change: androidx.test.core.app.InstrumentationActivityInvoker$BootstrapActivity@16462b1 in: PAUSED
11-20 13:54:53.258 12240 12240 V ActivityScenario: Activity lifecycle changed event received but ignored because the intent does not match. startActivityIntent=Intent { act=android.intent.action.MAIN cat=[android.intent.category.LAUNCHER] cmp=com.example.dogglers/.GridListActivity }, activity.getIntent()=Intent { act=android.intent.action.MAIN cat=[android.intent.category.LAUNCHER] flg=0x10008000 cmp=com.example.dogglers/androidx.test.core.app.InstrumentationActivityInvoker$BootstrapActivity (has extras) }, activity=androidx.test.core.app.InstrumentationActivityInvoker$BootstrapActivity@16462b1
11-20 13:54:53.280 12240 12240 D LifecycleMonitor: Lifecycle status change: com.example.dogglers.GridListActivity@62c460f in: PRE_ON_CREATE
11-20 13:54:53.281 12240 12240 V ActivityScenario: Activity lifecycle changed event received but ignored because the reported transition was not ON_CREATE while the last known transition was PRE_ON_CREATE
11-20 13:54:53.306   989   989 W Choreographer: Frame time is 0.096123 ms in the future!  Check that graphics HAL is generating vsync timestamps using the correct timebase.
11-20 13:54:53.314 12240 12240 D LifecycleMonitor: Lifecycle status change: com.example.dogglers.GridListActivity@62c460f in: CREATED
11-20 13:54:53.314 12240 12240 V ActivityScenario: Update currentActivityStage to CREATED, currentActivity=com.example.dogglers.GridListActivity@62c460f
11-20 13:54:53.317 12240 12240 D LifecycleMonitor: Lifecycle status change: com.example.dogglers.GridListActivity@62c460f in: STARTED
11-20 13:54:53.318 12240 12240 V ActivityScenario: Update currentActivityStage to STARTED, currentActivity=com.example.dogglers.GridListActivity@62c460f
11-20 13:54:53.322 12240 12240 D LifecycleMonitor: Lifecycle status change: com.example.dogglers.GridListActivity@62c460f in: RESUMED
11-20 13:54:53.322 12240 12240 V ActivityScenario: Update currentActivityStage to RESUMED, currentActivity=com.example.dogglers.GridListActivity@62c460f
11-20 13:54:53.355 12240 12240 W Choreographer: Frame time is 1.201523 ms in the future!  Check that graphics HAL is generating vsync timestamps using the correct timebase.
11-20 13:54:53.488   989  1038 W Choreographer: Frame time is 0.960548 ms in the future!  Check that graphics HAL is generating vsync timestamps using the correct timebase.
11-20 13:54:53.661   574   595 W ziparchive: Unable to open '/data/app/~~g9pGXw6zzmInD44PnXlZug==/com.example.dogglers-fFkVg-hwOoV9dkaT6QJ7gg==/base.dm': No such file or directory
11-20 13:54:53.683   574   595 I ActivityTaskManager: Displayed com.example.dogglers/.GridListActivity for user 0: +555ms
11-20 13:54:53.702   574  1627 I ImeTracker: com.example.dogglers:4fe9f484: onRequestHide at ORIGIN_SERVER_HIDE_INPUT reason HIDE_UNSPECIFIED_WINDOW
11-20 13:54:53.703   574  1627 I ImeTracker: com.example.dogglers:4fe9f484: onCancelled at PHASE_SERVER_SHOULD_HIDE
11-20 13:54:53.706  1770  1770 I GoogleInputMethodService: GoogleInputMethodService.onFinishInput():3227
11-20 13:54:53.707  1770  1770 I GoogleInputMethodService: GoogleInputMethodService.updateDeviceLockedStatus():2087 repeatCheckTimes = 0, unlocked = true
11-20 13:54:53.707  1770  1770 I GoogleInputMethodService: GoogleInputMethodService.onStartInput():1877 onStartInput(EditorInfo{inputType=0x0(NULL) imeOptions=0x0 privateImeOptions=null actionName=UNSPECIFIED actionLabel=null actionId=0 initialSelStart=-1 initialSelEnd=-1 initialCapsMode=0x0 hintText=null label=null packageName=com.example.dogglers fieldId=0 fieldName=null extras=null}, false)
11-20 13:54:53.708  1770  1770 I GoogleInputMethodService: GoogleInputMethodService.shouldHideHeaderOnInitialState():4008 ShouldHideHeaderOnInitialState = false
11-20 13:54:53.709  1770  1770 I GoogleInputMethodService: GoogleInputMethodService.updateDeviceLockedStatus():2087 repeatCheckTimes = 2, unlocked = true
11-20 13:54:53.793  1277  1277 D AutofillManager: view is not autofillable - activity denied for autofill
11-20 13:54:53.906   989  1054 D EGL_emulation: app_time_stats: avg=239.80ms min=3.34ms max=1052.84ms count=8
11-20 13:54:53.960 12240 12240 I ViewInteraction: Checking 'com.example.dogglers.BaseTest$DrawableMatcher$RecyclerViewAssertion@a234916' assertion on view view.getId() is <2131230933/com.example.dogglers:id/grid_recycler_view>
11-20 13:54:53.967 12240 12240 D LifecycleMonitor: Lifecycle status change: androidx.test.core.app.InstrumentationActivityInvoker$BootstrapActivity@16462b1 in: STOPPED
11-20 13:54:53.968 12240 12240 V ActivityScenario: Activity lifecycle changed event received but ignored because the intent does not match. startActivityIntent=Intent { act=android.intent.action.MAIN cat=[android.intent.category.LAUNCHER] cmp=com.example.dogglers/.GridListActivity }, activity.getIntent()=Intent { act=android.intent.action.MAIN cat=[android.intent.category.LAUNCHER] flg=0x10008000 cmp=com.example.dogglers/androidx.test.core.app.InstrumentationActivityInvoker$BootstrapActivity (has extras) }, activity=androidx.test.core.app.InstrumentationActivityInvoker$BootstrapActivity@16462b1
11-20 13:54:54.029 12240 12240 D LifecycleMonitor: Lifecycle status change: com.example.dogglers.GridListActivity@62c460f in: PAUSED
11-20 13:54:54.031 12240 12240 V ActivityScenario: Update currentActivityStage to PAUSED, currentActivity=com.example.dogglers.GridListActivity@62c460f
11-20 13:54:54.031  1277  2425 D OneSearchSuggestProvider: Shut down the binder channel
11-20 13:54:54.031  1277  1322 I ImeTracker: com.google.android.apps.nexuslauncher:3b767710: onRequestHide at ORIGIN_CLIENT_HIDE_SOFT_INPUT reason HIDE_SOFT_INPUT
11-20 13:54:54.030   989  1054 D EGL_emulation: app_time_stats: avg=22.21ms min=1.29ms max=140.13ms count=28
11-20 13:54:54.036  1277  1322 I ImeTracker: com.google.android.apps.nexuslauncher:3b767710: onFailed at PHASE_CLIENT_VIEW_SERVED
11-20 13:54:54.036  1277  1299 I IPCThreadState: oneway function results for code 2 on binder at 0x76632bbfda10 will be dropped but finished with status UNKNOWN_TRANSACTION
11-20 13:54:54.087  2640 10753 I PBSessionCacheImpl: Deleted sessionId[11612542089730650] from persistence.
11-20 13:54:54.103   989  1040 W WindowOnBackDispatcher: sendCancelIfRunning: isInProgress=falsecallback=android.view.ViewRootImpl$$ExternalSyntheticLambda17@407dd37
11-20 13:54:54.104   574  2560 W InputManager-JNI: Input channel object '837a7c3 Splash Screen com.example.dogglers (client)' was disposed without first being removed with the input manager!
11-20 13:54:54.108   430   430 I BpBinder: onLastStrongRef automatically unlinking death recipients:
11-20 13:54:54.116 12240 12240 D LifecycleMonitor: Lifecycle status change: androidx.test.core.app.InstrumentationActivityInvoker$EmptyActivity@d2facf0 in: PRE_ON_CREATE
11-20 13:54:54.116 12240 12240 V ActivityScenario: Activity lifecycle changed event received but ignored because the intent does not match. startActivityIntent=Intent { act=android.intent.action.MAIN cat=[android.intent.category.LAUNCHER] cmp=com.example.dogglers/.GridListActivity }, activity.getIntent()=Intent { act=android.intent.action.MAIN cat=[android.intent.category.LAUNCHER] flg=0x10000000 cmp=com.example.dogglers/androidx.test.core.app.InstrumentationActivityInvoker$EmptyActivity }, activity=androidx.test.core.app.InstrumentationActivityInvoker$EmptyActivity@d2facf0
11-20 13:54:54.134  2640  3242 W SearchServiceCore: Abort, client detached.
11-20 13:54:54.134 12240 12240 D LifecycleMonitor: Lifecycle status change: androidx.test.core.app.InstrumentationActivityInvoker$EmptyActivity@d2facf0 in: CREATED
11-20 13:54:54.135 12240 12240 V ActivityScenario: Activity lifecycle changed event received but ignored because the intent does not match. startActivityIntent=Intent { act=android.intent.action.MAIN cat=[android.intent.category.LAUNCHER] cmp=com.example.dogglers/.GridListActivity }, activity.getIntent()=Intent { act=android.intent.action.MAIN cat=[android.intent.category.LAUNCHER] flg=0x10000000 cmp=com.example.dogglers/androidx.test.core.app.InstrumentationActivityInvoker$EmptyActivity }, activity=androidx.test.core.app.InstrumentationActivityInvoker$EmptyActivity@d2facf0
11-20 13:54:54.138 12240 12240 D LifecycleMonitor: Lifecycle status change: androidx.test.core.app.InstrumentationActivityInvoker$EmptyActivity@d2facf0 in: STARTED
11-20 13:54:54.138 12240 12240 V ActivityScenario: Activity lifecycle changed event received but ignored because the intent does not match. startActivityIntent=Intent { act=android.intent.action.MAIN cat=[android.intent.category.LAUNCHER] cmp=com.example.dogglers/.GridListActivity }, activity.getIntent()=Intent { act=android.intent.action.MAIN cat=[android.intent.category.LAUNCHER] flg=0x10000000 cmp=com.example.dogglers/androidx.test.core.app.InstrumentationActivityInvoker$EmptyActivity }, activity=androidx.test.core.app.InstrumentationActivityInvoker$EmptyActivity@d2facf0
11-20 13:54:54.141 12240 12240 D LifecycleMonitor: Lifecycle status change: androidx.test.core.app.InstrumentationActivityInvoker$EmptyActivity@d2facf0 in: RESUMED
11-20 13:54:54.142 12240 12240 V ActivityScenario: Activity lifecycle changed event received but ignored because the intent does not match. startActivityIntent=Intent { act=android.intent.action.MAIN cat=[android.intent.category.LAUNCHER] cmp=com.example.dogglers/.GridListActivity }, activity.getIntent()=Intent { act=android.intent.action.MAIN cat=[android.intent.category.LAUNCHER] flg=0x10000000 cmp=com.example.dogglers/androidx.test.core.app.InstrumentationActivityInvoker$EmptyActivity }, activity=androidx.test.core.app.InstrumentationActivityInvoker$EmptyActivity@d2facf0
11-20 13:54:54.155   989  1040 W FrameTracker: Missed App frame:UNKNOWN: 10, 180634, 0, CUJ=J<SPLASHSCREEN_EXIT_ANIM>
11-20 13:54:54.155   989  1040 W FrameTracker: Missed SF frame:UNKNOWN: 10, 180634, 0, CUJ=J<SPLASHSCREEN_EXIT_ANIM>
11-20 13:54:54.155   989  1040 W FrameTracker: Missing HWUI jank callback for vsyncId: 180634, CUJ=J<SPLASHSCREEN_EXIT_ANIM>
11-20 13:54:54.155   989  1040 W FrameTracker: Missed App frame:UNKNOWN: 74, 180650, 0, CUJ=J<SPLASHSCREEN_EXIT_ANIM>
11-20 13:54:54.155   989  1040 W FrameTracker: Missed SF frame:UNKNOWN: 74, 180650, 0, CUJ=J<SPLASHSCREEN_EXIT_ANIM>
11-20 13:54:54.155   989  1040 W FrameTracker: Missing HWUI jank callback for vsyncId: 180650, CUJ=J<SPLASHSCREEN_EXIT_ANIM>
11-20 13:54:54.155   989  1040 W FrameTracker: Missed App frame:UNKNOWN: 74, 180687, 220221145, CUJ=J<SPLASHSCREEN_EXIT_ANIM>
11-20 13:54:54.155   989  1040 W FrameTracker: Missed SF frame:UNKNOWN: 74, 180687, 220221145, CUJ=J<SPLASHSCREEN_EXIT_ANIM>
11-20 13:54:54.232   574   595 I ActivityTaskManager: Displayed com.example.dogglers/androidx.test.core.app.InstrumentationActivityInvoker$EmptyActivity for user 0: +254ms
11-20 13:54:54.299   430   430 I BpBinder: onLastStrongRef automatically unlinking death recipients:
11-20 13:54:54.348 12240 12240 D LifecycleMonitor: Lifecycle status change: androidx.test.core.app.InstrumentationActivityInvoker$EmptyActivity@d2facf0 in: PAUSED
11-20 13:54:54.349 12240 12240 V ActivityScenario: Activity lifecycle changed event received but ignored because the intent does not match. startActivityIntent=Intent { act=android.intent.action.MAIN cat=[android.intent.category.LAUNCHER] cmp=com.example.dogglers/.GridListActivity }, activity.getIntent()=Intent { act=android.intent.action.MAIN cat=[android.intent.category.LAUNCHER] flg=0x10000000 cmp=com.example.dogglers/androidx.test.core.app.InstrumentationActivityInvoker$EmptyActivity }, activity=androidx.test.core.app.InstrumentationActivityInvoker$EmptyActivity@d2facf0
11-20 13:54:54.365   574  1068 I ImeTracker: com.example.dogglers:aeed6ef8: onRequestHide at ORIGIN_SERVER_HIDE_INPUT reason HIDE_UNSPECIFIED_WINDOW
11-20 13:54:54.367   574  1068 I ImeTracker: com.example.dogglers:aeed6ef8: onCancelled at PHASE_SERVER_SHOULD_HIDE
11-20 13:54:54.368  1770  1770 I GoogleInputMethodService: GoogleInputMethodService.onFinishInput():3227
11-20 13:54:54.369  1770  1770 I GoogleInputMethodService: GoogleInputMethodService.updateDeviceLockedStatus():2087 repeatCheckTimes = 0, unlocked = true
11-20 13:54:54.369  1770  1770 I GoogleInputMethodService: GoogleInputMethodService.onStartInput():1877 onStartInput(EditorInfo{inputType=0x0(NULL) imeOptions=0x0 privateImeOptions=null actionName=UNSPECIFIED actionLabel=null actionId=0 initialSelStart=-1 initialSelEnd=-1 initialCapsMode=0x0 hintText=null label=null packageName=com.example.dogglers fieldId=0 fieldName=null extras=null}, false)
11-20 13:54:54.369  1770  1770 I GoogleInputMethodService: GoogleInputMethodService.shouldHideHeaderOnInitialState():4008 ShouldHideHeaderOnInitialState = false
11-20 13:54:54.370  1770  1770 I GoogleInputMethodService: GoogleInputMethodService.updateDeviceLockedStatus():2087 repeatCheckTimes = 2, unlocked = true
11-20 13:54:54.373 12240 12240 D LifecycleMonitor: Lifecycle status change: androidx.test.core.app.InstrumentationActivityInvoker$BootstrapActivity@16462b1 in: DESTROYED
11-20 13:54:54.375 12240 12240 V ActivityScenario: Activity lifecycle changed event received but ignored because the intent does not match. startActivityIntent=Intent { act=android.intent.action.MAIN cat=[android.intent.category.LAUNCHER] cmp=com.example.dogglers/.GridListActivity }, activity.getIntent()=Intent { act=android.intent.action.MAIN cat=[android.intent.category.LAUNCHER] flg=0x10008000 cmp=com.example.dogglers/androidx.test.core.app.InstrumentationActivityInvoker$BootstrapActivity (has extras) }, activity=androidx.test.core.app.InstrumentationActivityInvoker$BootstrapActivity@16462b1
11-20 13:54:54.398 12240 12240 D LifecycleMonitor: Lifecycle status change: androidx.test.core.app.InstrumentationActivityInvoker$EmptyActivity@d46dadd in: PRE_ON_CREATE
11-20 13:54:54.399 12240 12240 V ActivityScenario: Activity lifecycle changed event received but ignored because the intent does not match. startActivityIntent=Intent { act=android.intent.action.MAIN cat=[android.intent.category.LAUNCHER] cmp=com.example.dogglers/.GridListActivity }, activity.getIntent()=Intent { act=android.intent.action.MAIN cat=[android.intent.category.LAUNCHER] flg=0x10000000 cmp=com.example.dogglers/androidx.test.core.app.InstrumentationActivityInvoker$EmptyActivity }, activity=androidx.test.core.app.InstrumentationActivityInvoker$EmptyActivity@d46dadd
11-20 13:54:54.410 12240 12240 D LifecycleMonitor: Lifecycle status change: androidx.test.core.app.InstrumentationActivityInvoker$EmptyActivity@d46dadd in: CREATED
11-20 13:54:54.412 12240 12240 V ActivityScenario: Activity lifecycle changed event received but ignored because the intent does not match. startActivityIntent=Intent { act=android.intent.action.MAIN cat=[android.intent.category.LAUNCHER] cmp=com.example.dogglers/.GridListActivity }, activity.getIntent()=Intent { act=android.intent.action.MAIN cat=[android.intent.category.LAUNCHER] flg=0x10000000 cmp=com.example.dogglers/androidx.test.core.app.InstrumentationActivityInvoker$EmptyActivity }, activity=androidx.test.core.app.InstrumentationActivityInvoker$EmptyActivity@d46dadd
11-20 13:54:54.417 12240 12240 D LifecycleMonitor: Lifecycle status change: androidx.test.core.app.InstrumentationActivityInvoker$EmptyActivity@d46dadd in: STARTED
11-20 13:54:54.418 12240 12240 V ActivityScenario: Activity lifecycle changed event received but ignored because the intent does not match. startActivityIntent=Intent { act=android.intent.action.MAIN cat=[android.intent.category.LAUNCHER] cmp=com.example.dogglers/.GridListActivity }, activity.getIntent()=Intent { act=android.intent.action.MAIN cat=[android.intent.category.LAUNCHER] flg=0x10000000 cmp=com.example.dogglers/androidx.test.core.app.InstrumentationActivityInvoker$EmptyActivity }, activity=androidx.test.core.app.InstrumentationActivityInvoker$EmptyActivity@d46dadd
11-20 13:54:54.425 12240 12240 D LifecycleMonitor: Lifecycle status change: androidx.test.core.app.InstrumentationActivityInvoker$EmptyActivity@d46dadd in: RESUMED
11-20 13:54:54.426 12240 12240 V ActivityScenario: Activity lifecycle changed event received but ignored because the intent does not match. startActivityIntent=Intent { act=android.intent.action.MAIN cat=[android.intent.category.LAUNCHER] cmp=com.example.dogglers/.GridListActivity }, activity.getIntent()=Intent { act=android.intent.action.MAIN cat=[android.intent.category.LAUNCHER] flg=0x10000000 cmp=com.example.dogglers/androidx.test.core.app.InstrumentationActivityInvoker$EmptyActivity }, activity=androidx.test.core.app.InstrumentationActivityInvoker$EmptyActivity@d46dadd
11-20 13:54:54.438 12240 12240 D LifecycleMonitor: Lifecycle status change: com.example.dogglers.GridListActivity@62c460f in: STOPPED
11-20 13:54:54.439 12240 12240 V ActivityScenario: Update currentActivityStage to STOPPED, currentActivity=com.example.dogglers.GridListActivity@62c460f
11-20 13:54:54.440 12240 12240 D LifecycleMonitor: Lifecycle status change: com.example.dogglers.GridListActivity@62c460f in: DESTROYED
11-20 13:54:54.441 12240 12240 V ActivityScenario: Update currentActivityStage to DESTROYED, currentActivity=null
11-20 13:54:54.442 12240 12240 W WindowOnBackDispatcher: sendCancelIfRunning: isInProgress=falsecallback=android.view.ViewRootImpl$$ExternalSyntheticLambda17@21bf1cd
11-20 13:54:54.449   574   977 W InputManager-JNI: Input channel object 'fa17117 com.example.dogglers/com.example.dogglers.GridListActivity (client)' was disposed without first being removed with the input manager!
11-20 13:54:54.534   574   595 I ActivityTaskManager: Displayed com.example.dogglers/androidx.test.core.app.InstrumentationActivityInvoker$EmptyActivity for user 0: +285ms
11-20 13:54:54.559 12240 12240 D LifecycleMonitor: Lifecycle status change: androidx.test.core.app.InstrumentationActivityInvoker$EmptyActivity@d2facf0 in: STOPPED
11-20 13:54:54.560 12240 12240 V ActivityScenario: Activity lifecycle changed event received but ignored because the intent does not match. startActivityIntent=Intent { act=android.intent.action.MAIN cat=[android.intent.category.LAUNCHER] cmp=com.example.dogglers/.GridListActivity }, activity.getIntent()=Intent { act=android.intent.action.MAIN cat=[android.intent.category.LAUNCHER] flg=0x10000000 cmp=com.example.dogglers/androidx.test.core.app.InstrumentationActivityInvoker$EmptyActivity }, activity=androidx.test.core.app.InstrumentationActivityInvoker$EmptyActivity@d2facf0
11-20 13:54:54.563 12240 12240 D LifecycleMonitor: Lifecycle status change: androidx.test.core.app.InstrumentationActivityInvoker$EmptyActivity@d2facf0 in: DESTROYED
11-20 13:54:54.564 12240 12240 V ActivityScenario: Activity lifecycle changed event received but ignored because the intent does not match. startActivityIntent=Intent { act=android.intent.action.MAIN cat=[android.intent.category.LAUNCHER] cmp=com.example.dogglers/.GridListActivity }, activity.getIntent()=Intent { act=android.intent.action.MAIN cat=[android.intent.category.LAUNCHER] flg=0x10000000 cmp=com.example.dogglers/androidx.test.core.app.InstrumentationActivityInvoker$EmptyActivity }, activity=androidx.test.core.app.InstrumentationActivityInvoker$EmptyActivity@d2facf0
11-20 13:54:54.565 12240 12240 W WindowOnBackDispatcher: sendCancelIfRunning: isInProgress=falsecallback=android.view.ViewRootImpl$$ExternalSyntheticLambda17@d9a4c25
11-20 13:54:54.567   574   977 W InputManager-JNI: Input channel object '315c0fc com.example.dogglers/androidx.test.core.app.InstrumentationActivityInvoker$EmptyActivity (client)' was disposed without first being removed with the input manager!
11-20 13:54:54.571   574   977 I ImeTracker: com.example.dogglers:5361a391: onRequestHide at ORIGIN_SERVER_HIDE_INPUT reason HIDE_UNSPECIFIED_WINDOW
11-20 13:54:54.571   574   977 I ImeTracker: com.example.dogglers:5361a391: onCancelled at PHASE_SERVER_SHOULD_HIDE
11-20 13:54:54.573  1770  1770 I GoogleInputMethodService: GoogleInputMethodService.onFinishInput():3227
11-20 13:54:54.573   430   430 I BpBinder: onLastStrongRef automatically unlinking death recipients:
11-20 13:54:54.579 12240 12240 D LifecycleMonitor: Lifecycle status change: androidx.test.core.app.InstrumentationActivityInvoker$EmptyActivity@d46dadd in: PAUSED
11-20 13:54:54.579 12240 12240 V ActivityScenario: Activity lifecycle changed event received but ignored because the intent does not match. startActivityIntent=Intent { act=android.intent.action.MAIN cat=[android.intent.category.LAUNCHER] cmp=com.example.dogglers/.GridListActivity }, activity.getIntent()=Intent { act=android.intent.action.MAIN cat=[android.intent.category.LAUNCHER] flg=0x10000000 cmp=com.example.dogglers/androidx.test.core.app.InstrumentationActivityInvoker$EmptyActivity }, activity=androidx.test.core.app.InstrumentationActivityInvoker$EmptyActivity@d46dadd
11-20 13:54:54.589  1770  1770 I GoogleInputMethodService: GoogleInputMethodService.updateDeviceLockedStatus():2087 repeatCheckTimes = 0, unlocked = true
11-20 13:54:54.591  1770  1770 I GoogleInputMethodService: GoogleInputMethodService.onStartInput():1877 onStartInput(EditorInfo{inputType=0x0(NULL) imeOptions=0x0 privateImeOptions=null actionName=UNSPECIFIED actionLabel=null actionId=0 initialSelStart=-1 initialSelEnd=-1 initialCapsMode=0x0 hintText=null label=null packageName=com.example.dogglers fieldId=0 fieldName=null extras=null}, false)
11-20 13:54:54.592  1770  1770 I GoogleInputMethodService: GoogleInputMethodService.shouldHideHeaderOnInitialState():4008 ShouldHideHeaderOnInitialState = false
11-20 13:54:54.593  1770  1770 I GoogleInputMethodService: GoogleInputMethodService.updateDeviceLockedStatus():2087 repeatCheckTimes = 2, unlocked = true
11-20 13:54:54.603   574  1929 W AppSearchIcing: icing-search-engine.cc:283: Error: 5, Message: Document (com.google.android.googlequicksearchbox$OneSearchZeroStateGoogleSuggestions/default, zp) not found.
11-20 13:54:54.604 12240 12263 I TestRunner: finished: recycler_view_item_count(com.example.dogglers.GridListTests)
