11-20 13:54:48.975 12240 12263 I TestRunner: started: horizontal_list_button_is_displayed(com.example.dogglers.ButtonTests)
11-20 13:54:49.030 12240 12263 W Settings: Setting always_finish_activities has moved from android.provider.Settings.System to android.provider.Settings.Global, returning read-only value.
11-20 13:54:49.058   989  1041 D SplashScreenView: Build android.window.SplashScreenView{52cf6ac V.E...... ......ID 0,0-0,0}
11-20 13:54:49.058   989  1041 D SplashScreenView: Icon: view: null drawable: null size: 0
11-20 13:54:49.058   989  1041 D SplashScreenView: Branding: view: android.view.View{c559f75 G.ED..... ......I. 0,0-0,0 #10204ef android:id/splashscreen_branding_view} drawable: null size w: 0 h: 0
11-20 13:54:49.090   430   430 I BpBinder: onLastStrongRef automatically unlinking death recipients:
11-20 13:54:49.107 12240 12240 D LifecycleMonitor: Lifecycle status change: androidx.test.core.app.InstrumentationActivityInvoker$BootstrapActivity@746e0c2 in: PRE_ON_CREATE
11-20 13:54:49.108 12240 12240 V ActivityScenario: Activity lifecycle changed event received but ignored because the intent does not match. startActivityIntent=Intent { act=android.intent.action.MAIN cat=[android.intent.category.LAUNCHER] cmp=com.example.dogglers/.MainActivity }, activity.getIntent()=Intent { act=android.intent.action.MAIN cat=[android.intent.category.LAUNCHER] flg=0x10008000 cmp=com.example.dogglers/androidx.test.core.app.InstrumentationActivityInvoker$BootstrapActivity (has extras) }, activity=androidx.test.core.app.InstrumentationActivityInvoker$BootstrapActivity@746e0c2
11-20 13:54:49.172  1277  1277 W Choreographer: Frame time is 0.640894 ms in the future!  Check that graphics HAL is generating vsync timestamps using the correct timebase.
11-20 13:54:49.188 12240 12240 D LifecycleMonitor: Lifecycle status change: androidx.test.core.app.InstrumentationActivityInvoker$BootstrapActivity@746e0c2 in: CREATED
11-20 13:54:49.187  1277  1277 W Choreographer: Frame time is 1.745704 ms in the future!  Check that graphics HAL is generating vsync timestamps using the correct timebase.
11-20 13:54:49.191 12240 12240 V ActivityScenario: Activity lifecycle changed event received but ignored because the intent does not match. startActivityIntent=Intent { act=android.intent.action.MAIN cat=[android.intent.category.LAUNCHER] cmp=com.example.dogglers/.MainActivity }, activity.getIntent()=Intent { act=android.intent.action.MAIN cat=[android.intent.category.LAUNCHER] flg=0x10008000 cmp=com.example.dogglers/androidx.test.core.app.InstrumentationActivityInvoker$BootstrapActivity (has extras) }, activity=androidx.test.core.app.InstrumentationActivityInvoker$BootstrapActivity@746e0c2
11-20 13:54:49.193 12240 12240 D LifecycleMonitor: Lifecycle status change: androidx.test.core.app.InstrumentationActivityInvoker$BootstrapActivity@746e0c2 in: STARTED
11-20 13:54:49.194 12240 12240 V ActivityScenario: Activity lifecycle changed event received but ignored because the intent does not match. startActivityIntent=Intent { act=android.intent.action.MAIN cat=[android.intent.category.LAUNCHER] cmp=com.example.dogglers/.MainActivity }, activity.getIntent()=Intent { act=android.intent.action.MAIN cat=[android.intent.category.LAUNCHER] flg=0x10008000 cmp=com.example.dogglers/androidx.test.core.app.InstrumentationActivityInvoker$BootstrapActivity (has extras) }, activity=androidx.test.core.app.InstrumentationActivityInvoker$BootstrapActivity@746e0c2
11-20 13:54:49.206 12240 12240 D LifecycleMonitor: Lifecycle status change: androidx.test.core.app.InstrumentationActivityInvoker$BootstrapActivity@746e0c2 in: RESUMED
11-20 13:54:49.207 12240 12240 V ActivityScenario: Activity lifecycle changed event received but ignored because the intent does not match. startActivityIntent=Intent { act=android.intent.action.MAIN cat=[android.intent.category.LAUNCHER] cmp=com.example.dogglers/.MainActivity }, activity.getIntent()=Intent { act=android.intent.action.MAIN cat=[android.intent.category.LAUNCHER] flg=0x10008000 cmp=com.example.dogglers/androidx.test.core.app.InstrumentationActivityInvoker$BootstrapActivity (has extras) }, activity=androidx.test.core.app.InstrumentationActivityInvoker$BootstrapActivity@746e0c2
11-20 13:54:49.223 12240 12240 D LifecycleMonitor: Lifecycle status change: androidx.test.core.app.InstrumentationActivityInvoker$BootstrapActivity@746e0c2 in: PAUSED
11-20 13:54:49.224 12240 12240 V ActivityScenario: Activity lifecycle changed event received but ignored because the intent does not match. startActivityIntent=Intent { act=android.intent.action.MAIN cat=[android.intent.category.LAUNCHER] cmp=com.example.dogglers/.MainActivity }, activity.getIntent()=Intent { act=android.intent.action.MAIN cat=[android.intent.category.LAUNCHER] flg=0x10008000 cmp=com.example.dogglers/androidx.test.core.app.InstrumentationActivityInvoker$BootstrapActivity (has extras) }, activity=androidx.test.core.app.InstrumentationActivityInvoker$BootstrapActivity@746e0c2
11-20 13:54:49.247 12240 12240 D LifecycleMonitor: Lifecycle status change: com.example.dogglers.MainActivity@f87fb28 in: PRE_ON_CREATE
11-20 13:54:49.247 12240 12240 V ActivityScenario: Activity lifecycle changed event received but ignored because the reported transition was not ON_CREATE while the last known transition was PRE_ON_CREATE
11-20 13:54:49.254   989  1038 W Choreographer: Frame time is 1.343603 ms in the future!  Check that graphics HAL is generating vsync timestamps using the correct timebase.
11-20 13:54:49.287  1277  1277 W Choreographer: Frame time is 1.478962 ms in the future!  Check that graphics HAL is generating vsync timestamps using the correct timebase.
11-20 13:54:49.306   989  1038 W Choreographer: Frame time is 0.096409 ms in the future!  Check that graphics HAL is generating vsync timestamps using the correct timebase.
11-20 13:54:49.322   989  1038 W Choreographer: Frame time is 0.759635 ms in the future!  Check that graphics HAL is generating vsync timestamps using the correct timebase.
11-20 13:54:49.330 12240 12240 D LifecycleMonitor: Lifecycle status change: com.example.dogglers.MainActivity@f87fb28 in: CREATED
11-20 13:54:49.331 12240 12240 V ActivityScenario: Update currentActivityStage to CREATED, currentActivity=com.example.dogglers.MainActivity@f87fb28
11-20 13:54:49.334 12240 12240 D LifecycleMonitor: Lifecycle status change: com.example.dogglers.MainActivity@f87fb28 in: STARTED
11-20 13:54:49.335 12240 12240 V ActivityScenario: Update currentActivityStage to STARTED, currentActivity=com.example.dogglers.MainActivity@f87fb28
11-20 13:54:49.338 12240 12240 D LifecycleMonitor: Lifecycle status change: com.example.dogglers.MainActivity@f87fb28 in: RESUMED
11-20 13:54:49.339 12240 12240 V ActivityScenario: Update currentActivityStage to RESUMED, currentActivity=com.example.dogglers.MainActivity@f87fb28
11-20 13:54:49.371   989  1038 W Choreographer: Frame time is 1.431106 ms in the future!  Check that graphics HAL is generating vsync timestamps using the correct timebase.
11-20 13:54:49.398   369  4460 D android.hardware.audio@7.1-impl.ranchu: threadLoop: entering standby, frames: 13812160
11-20 13:54:49.556   574   595 W ziparchive: Unable to open '/data/app/~~g9pGXw6zzmInD44PnXlZug==/com.example.dogglers-fFkVg-hwOoV9dkaT6QJ7gg==/base.dm': No such file or directory
11-20 13:54:49.557   574   595 I ActivityTaskManager: Displayed com.example.dogglers/.MainActivity for user 0: +513ms
11-20 13:54:49.572  2640  2640 W Choreographer: Frame time is 0.71781397 ms in the future!  Check that graphics HAL is generating vsync timestamps using the correct timebase.
11-20 13:54:49.575  1277  1277 D AutofillManager: view is not autofillable - activity denied for autofill
11-20 13:54:49.690   574  2557 I ImeTracker: com.example.dogglers:9f49124: onRequestHide at ORIGIN_SERVER_HIDE_INPUT reason HIDE_UNSPECIFIED_WINDOW
11-20 13:54:49.690   574  2557 I ImeTracker: com.example.dogglers:9f49124: onCancelled at PHASE_SERVER_SHOULD_HIDE
11-20 13:54:49.693  1770  1770 I GoogleInputMethodService: GoogleInputMethodService.onFinishInput():3227
11-20 13:54:49.695  1770  1770 I GoogleInputMethodService: GoogleInputMethodService.updateDeviceLockedStatus():2087 repeatCheckTimes = 0, unlocked = true
11-20 13:54:49.696  1770  1770 I GoogleInputMethodService: GoogleInputMethodService.onStartInput():1877 onStartInput(EditorInfo{inputType=0x0(NULL) imeOptions=0x0 privateImeOptions=null actionName=UNSPECIFIED actionLabel=null actionId=0 initialSelStart=-1 initialSelEnd=-1 initialCapsMode=0x0 hintText=null label=null packageName=com.example.dogglers fieldId=0 fieldName=null extras=null}, false)
11-20 13:54:49.696  1770  1770 I GoogleInputMethodService: GoogleInputMethodService.shouldHideHeaderOnInitialState():4008 ShouldHideHeaderOnInitialState = false
11-20 13:54:49.696  1770  1770 I GoogleInputMethodService: GoogleInputMethodService.updateDeviceLockedStatus():2087 repeatCheckTimes = 2, unlocked = true
11-20 13:54:49.803   989  1054 D EGL_emulation: app_time_stats: avg=249.26ms min=14.81ms max=1084.21ms count=5
11-20 13:54:49.867   989  1054 D EGL_emulation: app_time_stats: avg=22.48ms min=1.07ms max=132.30ms count=33
11-20 13:54:49.897 12240 12240 I ViewInteraction: Checking 'MatchesViewAssertion{viewMatcher=(view has effective visibility <VISIBLE> and view.getGlobalVisibleRect() to return non-empty rectangle)}' assertion on view view.getId() is <2131230943/com.example.dogglers:id/horizontal_btn>
11-20 13:54:49.907 12240 12240 D LifecycleMonitor: Lifecycle status change: androidx.test.core.app.InstrumentationActivityInvoker$BootstrapActivity@746e0c2 in: STOPPED
11-20 13:54:49.908 12240 12240 V ActivityScenario: Activity lifecycle changed event received but ignored because the intent does not match. startActivityIntent=Intent { act=android.intent.action.MAIN cat=[android.intent.category.LAUNCHER] cmp=com.example.dogglers/.MainActivity }, activity.getIntent()=Intent { act=android.intent.action.MAIN cat=[android.intent.category.LAUNCHER] flg=0x10008000 cmp=com.example.dogglers/androidx.test.core.app.InstrumentationActivityInvoker$BootstrapActivity (has extras) }, activity=androidx.test.core.app.InstrumentationActivityInvoker$BootstrapActivity@746e0c2
11-20 13:54:49.921  1277  2425 D OneSearchSuggestProvider: Shut down the binder channel
11-20 13:54:49.928  1277  1322 I ImeTracker: com.google.android.apps.nexuslauncher:d49876e0: onRequestHide at ORIGIN_CLIENT_HIDE_SOFT_INPUT reason HIDE_SOFT_INPUT
11-20 13:54:49.928  1277  1322 I ImeTracker: com.google.android.apps.nexuslauncher:d49876e0: onFailed at PHASE_CLIENT_VIEW_SERVED
11-20 13:54:49.930  2640  3242 W SearchServiceCore: Abort, client detached.
11-20 13:54:49.938  1277  1299 I IPCThreadState: oneway function results for code 2 on binder at 0x76632bbe4510 will be dropped but finished with status UNKNOWN_TRANSACTION
11-20 13:54:49.943  2640 10753 I PBSessionCacheImpl: Deleted sessionId[11612542089730648] from persistence.
11-20 13:54:49.984 12240 12240 D LifecycleMonitor: Lifecycle status change: com.example.dogglers.MainActivity@f87fb28 in: PAUSED
11-20 13:54:49.985 12240 12240 V ActivityScenario: Update currentActivityStage to PAUSED, currentActivity=com.example.dogglers.MainActivity@f87fb28
11-20 13:54:49.989   574   688 W system_server: Long monitor contention with owner android.bg (606) at boolean android.os.MessageQueue.enqueueMessage(android.os.Message, long)(MessageQueue.java:600) waiters=0 in android.os.Message android.os.MessageQueue.next() for 18446744073.708s
11-20 13:54:49.995   989  1040 W WindowOnBackDispatcher: sendCancelIfRunning: isInProgress=falsecallback=android.view.ViewRootImpl$$ExternalSyntheticLambda17@cc8d198
11-20 13:54:49.998   574  2557 W InputManager-JNI: Input channel object 'ec6b6b Splash Screen com.example.dogglers (client)' was disposed without first being removed with the input manager!
11-20 13:54:50.008   430   430 I BpBinder: onLastStrongRef automatically unlinking death recipients:
11-20 13:54:50.011 12240 12240 D LifecycleMonitor: Lifecycle status change: androidx.test.core.app.InstrumentationActivityInvoker$EmptyActivity@5239af4 in: PRE_ON_CREATE
11-20 13:54:50.012 12240 12240 V ActivityScenario: Activity lifecycle changed event received but ignored because the intent does not match. startActivityIntent=Intent { act=android.intent.action.MAIN cat=[android.intent.category.LAUNCHER] cmp=com.example.dogglers/.MainActivity }, activity.getIntent()=Intent { act=android.intent.action.MAIN cat=[android.intent.category.LAUNCHER] flg=0x10000000 cmp=com.example.dogglers/androidx.test.core.app.InstrumentationActivityInvoker$EmptyActivity }, activity=androidx.test.core.app.InstrumentationActivityInvoker$EmptyActivity@5239af4
11-20 13:54:50.022 12240 12240 D LifecycleMonitor: Lifecycle status change: androidx.test.core.app.InstrumentationActivityInvoker$EmptyActivity@5239af4 in: CREATED
11-20 13:54:50.024 12240 12240 V ActivityScenario: Activity lifecycle changed event received but ignored because the intent does not match. startActivityIntent=Intent { act=android.intent.action.MAIN cat=[android.intent.category.LAUNCHER] cmp=com.example.dogglers/.MainActivity }, activity.getIntent()=Intent { act=android.intent.action.MAIN cat=[android.intent.category.LAUNCHER] flg=0x10000000 cmp=com.example.dogglers/androidx.test.core.app.InstrumentationActivityInvoker$EmptyActivity }, activity=androidx.test.core.app.InstrumentationActivityInvoker$EmptyActivity@5239af4
11-20 13:54:50.027 12240 12240 D LifecycleMonitor: Lifecycle status change: androidx.test.core.app.InstrumentationActivityInvoker$EmptyActivity@5239af4 in: STARTED
11-20 13:54:50.030 12240 12240 V ActivityScenario: Activity lifecycle changed event received but ignored because the intent does not match. startActivityIntent=Intent { act=android.intent.action.MAIN cat=[android.intent.category.LAUNCHER] cmp=com.example.dogglers/.MainActivity }, activity.getIntent()=Intent { act=android.intent.action.MAIN cat=[android.intent.category.LAUNCHER] flg=0x10000000 cmp=com.example.dogglers/androidx.test.core.app.InstrumentationActivityInvoker$EmptyActivity }, activity=androidx.test.core.app.InstrumentationActivityInvoker$EmptyActivity@5239af4
11-20 13:54:50.032 12240 12240 D LifecycleMonitor: Lifecycle status change: androidx.test.core.app.InstrumentationActivityInvoker$EmptyActivity@5239af4 in: RESUMED
11-20 13:54:50.034 12240 12240 V ActivityScenario: Activity lifecycle changed event received but ignored because the intent does not match. startActivityIntent=Intent { act=android.intent.action.MAIN cat=[android.intent.category.LAUNCHER] cmp=com.example.dogglers/.MainActivity }, activity.getIntent()=Intent { act=android.intent.action.MAIN cat=[android.intent.category.LAUNCHER] flg=0x10000000 cmp=com.example.dogglers/androidx.test.core.app.InstrumentationActivityInvoker$EmptyActivity }, activity=androidx.test.core.app.InstrumentationActivityInvoker$EmptyActivity@5239af4
11-20 13:54:50.210   574   595 I ActivityTaskManager: Displayed com.example.dogglers/androidx.test.core.app.InstrumentationActivityInvoker$EmptyActivity for user 0: +239ms
11-20 13:54:50.223 12240 12240 D LifecycleMonitor: Lifecycle status change: com.example.dogglers.MainActivity@f87fb28 in: STOPPED
11-20 13:54:50.224 12240 12240 V ActivityScenario: Update currentActivityStage to STOPPED, currentActivity=com.example.dogglers.MainActivity@f87fb28
11-20 13:54:50.226 12240 12240 D LifecycleMonitor: Lifecycle status change: com.example.dogglers.MainActivity@f87fb28 in: DESTROYED
11-20 13:54:50.226 12240 12240 V ActivityScenario: Update currentActivityStage to DESTROYED, currentActivity=null
11-20 13:54:50.227 12240 12240 W WindowOnBackDispatcher: sendCancelIfRunning: isInProgress=falsecallback=android.view.ViewRootImpl$$ExternalSyntheticLambda17@f632a7e
11-20 13:54:50.230   574  2099 W InputManager-JNI: Input channel object '6ed31f8 com.example.dogglers/com.example.dogglers.MainActivity (client)' was disposed without first being removed with the input manager!
11-20 13:54:50.240 12240 12240 D LifecycleMonitor: Lifecycle status change: androidx.test.core.app.InstrumentationActivityInvoker$EmptyActivity@5239af4 in: PAUSED
11-20 13:54:50.241 12240 12240 V ActivityScenario: Activity lifecycle changed event received but ignored because the intent does not match. startActivityIntent=Intent { act=android.intent.action.MAIN cat=[android.intent.category.LAUNCHER] cmp=com.example.dogglers/.MainActivity }, activity.getIntent()=Intent { act=android.intent.action.MAIN cat=[android.intent.category.LAUNCHER] flg=0x10000000 cmp=com.example.dogglers/androidx.test.core.app.InstrumentationActivityInvoker$EmptyActivity }, activity=androidx.test.core.app.InstrumentationActivityInvoker$EmptyActivity@5239af4
11-20 13:54:50.241   430   430 I BpBinder: onLastStrongRef automatically unlinking death recipients:
11-20 13:54:50.254   989   989 W Choreographer: Frame time is 1.454562 ms in the future!  Check that graphics HAL is generating vsync timestamps using the correct timebase.
11-20 13:54:50.259   574  2099 I ImeTracker: com.example.dogglers:78411cdc: onRequestHide at ORIGIN_SERVER_HIDE_INPUT reason HIDE_UNSPECIFIED_WINDOW
11-20 13:54:50.260   574  2099 I ImeTracker: com.example.dogglers:78411cdc: onCancelled at PHASE_SERVER_SHOULD_HIDE
11-20 13:54:50.266  1770  1770 I GoogleInputMethodService: GoogleInputMethodService.onFinishInput():3227
11-20 13:54:50.268  1770  1770 I GoogleInputMethodService: GoogleInputMethodService.updateDeviceLockedStatus():2087 repeatCheckTimes = 0, unlocked = true
11-20 13:54:50.268  1770  1770 I GoogleInputMethodService: GoogleInputMethodService.onStartInput():1877 onStartInput(EditorInfo{inputType=0x0(NULL) imeOptions=0x0 privateImeOptions=null actionName=UNSPECIFIED actionLabel=null actionId=0 initialSelStart=-1 initialSelEnd=-1 initialCapsMode=0x0 hintText=null label=null packageName=com.example.dogglers fieldId=0 fieldName=null extras=null}, false)
11-20 13:54:50.270  1770  1770 I GoogleInputMethodService: GoogleInputMethodService.shouldHideHeaderOnInitialState():4008 ShouldHideHeaderOnInitialState = false
11-20 13:54:50.270 12240 12240 D LifecycleMonitor: Lifecycle status change: androidx.test.core.app.InstrumentationActivityInvoker$BootstrapActivity@746e0c2 in: DESTROYED
11-20 13:54:50.271  1770  1770 I GoogleInputMethodService: GoogleInputMethodService.updateDeviceLockedStatus():2087 repeatCheckTimes = 2, unlocked = true
11-20 13:54:50.271   989   989 W Choreographer: Frame time is 1.719224 ms in the future!  Check that graphics HAL is generating vsync timestamps using the correct timebase.
11-20 13:54:50.276 12240 12240 V ActivityScenario: Activity lifecycle changed event received but ignored because the intent does not match. startActivityIntent=Intent { act=android.intent.action.MAIN cat=[android.intent.category.LAUNCHER] cmp=com.example.dogglers/.MainActivity }, activity.getIntent()=Intent { act=android.intent.action.MAIN cat=[android.intent.category.LAUNCHER] flg=0x10008000 cmp=com.example.dogglers/androidx.test.core.app.InstrumentationActivityInvoker$BootstrapActivity (has extras) }, activity=androidx.test.core.app.InstrumentationActivityInvoker$BootstrapActivity@746e0c2
11-20 13:54:50.284 12240 12240 D LifecycleMonitor: Lifecycle status change: androidx.test.core.app.InstrumentationActivityInvoker$EmptyActivity@a5da924 in: PRE_ON_CREATE
11-20 13:54:50.286 12240 12240 V ActivityScenario: Activity lifecycle changed event received but ignored because the intent does not match. startActivityIntent=Intent { act=android.intent.action.MAIN cat=[android.intent.category.LAUNCHER] cmp=com.example.dogglers/.MainActivity }, activity.getIntent()=Intent { act=android.intent.action.MAIN cat=[android.intent.category.LAUNCHER] flg=0x10000000 cmp=com.example.dogglers/androidx.test.core.app.InstrumentationActivityInvoker$EmptyActivity }, activity=androidx.test.core.app.InstrumentationActivityInvoker$EmptyActivity@a5da924
11-20 13:54:50.294 12240 12240 D LifecycleMonitor: Lifecycle status change: androidx.test.core.app.InstrumentationActivityInvoker$EmptyActivity@a5da924 in: CREATED
11-20 13:54:50.294 12240 12240 V ActivityScenario: Activity lifecycle changed event received but ignored because the intent does not match. startActivityIntent=Intent { act=android.intent.action.MAIN cat=[android.intent.category.LAUNCHER] cmp=com.example.dogglers/.MainActivity }, activity.getIntent()=Intent { act=android.intent.action.MAIN cat=[android.intent.category.LAUNCHER] flg=0x10000000 cmp=com.example.dogglers/androidx.test.core.app.InstrumentationActivityInvoker$EmptyActivity }, activity=androidx.test.core.app.InstrumentationActivityInvoker$EmptyActivity@a5da924
11-20 13:54:50.299 12240 12240 D LifecycleMonitor: Lifecycle status change: androidx.test.core.app.InstrumentationActivityInvoker$EmptyActivity@a5da924 in: STARTED
11-20 13:54:50.300 12240 12240 V ActivityScenario: Activity lifecycle changed event received but ignored because the intent does not match. startActivityIntent=Intent { act=android.intent.action.MAIN cat=[android.intent.category.LAUNCHER] cmp=com.example.dogglers/.MainActivity }, activity.getIntent()=Intent { act=android.intent.action.MAIN cat=[android.intent.category.LAUNCHER] flg=0x10000000 cmp=com.example.dogglers/androidx.test.core.app.InstrumentationActivityInvoker$EmptyActivity }, activity=androidx.test.core.app.InstrumentationActivityInvoker$EmptyActivity@a5da924
11-20 13:54:50.309 12240 12240 D LifecycleMonitor: Lifecycle status change: androidx.test.core.app.InstrumentationActivityInvoker$EmptyActivity@a5da924 in: RESUMED
11-20 13:54:50.310 12240 12240 V ActivityScenario: Activity lifecycle changed event received but ignored because the intent does not match. startActivityIntent=Intent { act=android.intent.action.MAIN cat=[android.intent.category.LAUNCHER] cmp=com.example.dogglers/.MainActivity }, activity.getIntent()=Intent { act=android.intent.action.MAIN cat=[android.intent.category.LAUNCHER] flg=0x10000000 cmp=com.example.dogglers/androidx.test.core.app.InstrumentationActivityInvoker$EmptyActivity }, activity=androidx.test.core.app.InstrumentationActivityInvoker$EmptyActivity@a5da924
11-20 13:54:50.376  5846  5846 D BoundBrokerSvc: onUnbind: Intent { act=com.google.android.gms.pseudonymous.service.START pkg=com.google.android.gms }
11-20 13:54:50.412   574   595 I ActivityTaskManager: Displayed com.example.dogglers/androidx.test.core.app.InstrumentationActivityInvoker$EmptyActivity for user 0: +185ms
11-20 13:54:50.439 12240 12240 D LifecycleMonitor: Lifecycle status change: androidx.test.core.app.InstrumentationActivityInvoker$EmptyActivity@5239af4 in: STOPPED
11-20 13:54:50.440 12240 12240 V ActivityScenario: Activity lifecycle changed event received but ignored because the intent does not match. startActivityIntent=Intent { act=android.intent.action.MAIN cat=[android.intent.category.LAUNCHER] cmp=com.example.dogglers/.MainActivity }, activity.getIntent()=Intent { act=android.intent.action.MAIN cat=[android.intent.category.LAUNCHER] flg=0x10000000 cmp=com.example.dogglers/androidx.test.core.app.InstrumentationActivityInvoker$EmptyActivity }, activity=androidx.test.core.app.InstrumentationActivityInvoker$EmptyActivity@5239af4
11-20 13:54:50.450   574  2557 I ImeTracker: com.example.dogglers:1281efbe: onRequestHide at ORIGIN_SERVER_HIDE_INPUT reason HIDE_UNSPECIFIED_WINDOW
11-20 13:54:50.450   574  2557 I ImeTracker: com.example.dogglers:1281efbe: onCancelled at PHASE_SERVER_SHOULD_HIDE
11-20 13:54:50.451  1770  1770 I GoogleInputMethodService: GoogleInputMethodService.onFinishInput():3227
11-20 13:54:50.453  1770  1770 I GoogleInputMethodService: GoogleInputMethodService.updateDeviceLockedStatus():2087 repeatCheckTimes = 0, unlocked = true
11-20 13:54:50.453  1770  1770 I GoogleInputMethodService: GoogleInputMethodService.onStartInput():1877 onStartInput(EditorInfo{inputType=0x0(NULL) imeOptions=0x0 privateImeOptions=null actionName=UNSPECIFIED actionLabel=null actionId=0 initialSelStart=-1 initialSelEnd=-1 initialCapsMode=0x0 hintText=null label=null packageName=com.example.dogglers fieldId=0 fieldName=null extras=null}, false)
11-20 13:54:50.454  1770  1770 I GoogleInputMethodService: GoogleInputMethodService.shouldHideHeaderOnInitialState():4008 ShouldHideHeaderOnInitialState = false
11-20 13:54:50.454  1770  1770 I GoogleInputMethodService: GoogleInputMethodService.updateDeviceLockedStatus():2087 repeatCheckTimes = 2, unlocked = true
11-20 13:54:50.462 12240 12240 D LifecycleMonitor: Lifecycle status change: androidx.test.core.app.InstrumentationActivityInvoker$EmptyActivity@5239af4 in: DESTROYED
11-20 13:54:50.463 12240 12240 V ActivityScenario: Activity lifecycle changed event received but ignored because the intent does not match. startActivityIntent=Intent { act=android.intent.action.MAIN cat=[android.intent.category.LAUNCHER] cmp=com.example.dogglers/.MainActivity }, activity.getIntent()=Intent { act=android.intent.action.MAIN cat=[android.intent.category.LAUNCHER] flg=0x10000000 cmp=com.example.dogglers/androidx.test.core.app.InstrumentationActivityInvoker$EmptyActivity }, activity=androidx.test.core.app.InstrumentationActivityInvoker$EmptyActivity@5239af4
11-20 13:54:50.464 12240 12240 W WindowOnBackDispatcher: sendCancelIfRunning: isInProgress=falsecallback=android.view.ViewRootImpl$$ExternalSyntheticLambda17@a2f2319
11-20 13:54:50.468   574  2557 W InputManager-JNI: Input channel object '560a19c com.example.dogglers/androidx.test.core.app.InstrumentationActivityInvoker$EmptyActivity (client)' was disposed without first being removed with the input manager!
11-20 13:54:50.472 12240 12240 D LifecycleMonitor: Lifecycle status change: androidx.test.core.app.InstrumentationActivityInvoker$EmptyActivity@a5da924 in: PAUSED
11-20 13:54:50.474   430   430 I BpBinder: onLastStrongRef automatically unlinking death recipients:
11-20 13:54:50.475 12240 12240 V ActivityScenario: Activity lifecycle changed event received but ignored because the intent does not match. startActivityIntent=Intent { act=android.intent.action.MAIN cat=[android.intent.category.LAUNCHER] cmp=com.example.dogglers/.MainActivity }, activity.getIntent()=Intent { act=android.intent.action.MAIN cat=[android.intent.category.LAUNCHER] flg=0x10000000 cmp=com.example.dogglers/androidx.test.core.app.InstrumentationActivityInvoker$EmptyActivity }, activity=androidx.test.core.app.InstrumentationActivityInvoker$EmptyActivity@a5da924
11-20 13:54:50.495   574  1929 W AppSearchIcing: icing-search-engine.cc:283: Error: 5, Message: Document (com.google.android.googlequicksearchbox$OneSearchZeroStateGoogleSuggestions/default, zp) not found.
11-20 13:54:50.495  1277  2425 D OneSearchSuggestProvider: Created the binder channel successfully for end point service =com.google.android.apps.search.googleapp.search.suggest.plugins.onesearch.server.OneSearchSuggestService , mChannel=z1{delegate=s1{logId=161, target=directaddress:///AndroidComponentAddress%5BIntent%20%7B%20act=grpc.io.action.BIND%20cmp=com.google.android.googlequicksearchbox/com.google.android.apps.search.googleapp.search.suggest.plugins.onesearch.server.OneSearchSuggestService%20%7D%5D}} , mOneSearchConnection=X1.T@d93cf82
11-20 13:54:50.499  2640  2640 I A       : Created gRPC endpoint to "search" for service class com.google.android.apps.search.googleapp.search.suggest.plugins.onesearch.server.OneSearchSuggestService
11-20 13:54:50.511  1277  1277 D AutofillManager: view is not autofillable - activity denied for autofill
11-20 13:54:50.510 12240 12263 I TestRunner: finished: horizontal_list_button_is_displayed(com.example.dogglers.ButtonTests)
