11-20 13:54:37.038 12240 12263 I TestRunner: started: clicking_horizontal_list_button_displays_horizontal_list(com.example.dogglers.ButtonTests)
11-20 13:54:37.049   989  1054 D EGL_emulation: app_time_stats: avg=446.40ms min=2.28ms max=1334.64ms count=3
11-20 13:54:37.054 12240 12263 W Settings: Setting always_finish_activities has moved from android.provider.Settings.System to android.provider.Settings.Global, returning read-only value.
11-20 13:54:37.078   989  1041 D SplashScreenView: Build android.window.SplashScreenView{b397426 V.E...... ......ID 0,0-0,0}
11-20 13:54:37.078   989  1041 D SplashScreenView: Icon: view: null drawable: null size: 0
11-20 13:54:37.078   989  1041 D SplashScreenView: Branding: view: android.view.View{43e3867 G.ED..... ......I. 0,0-0,0 #10204ef android:id/splashscreen_branding_view} drawable: null size w: 0 h: 0
11-20 13:54:37.306   574   587 I RemoteProvisionSysSvc: getRegistration(android.hardware.security.keymint.IRemotelyProvisionedComponent/default)
11-20 13:54:37.322   574   574 I RegistrationProxy: onServiceConnected: com.android.rkpdapp.service.RemoteProvisioningService
11-20 13:54:37.358   430   430 I BpBinder: onLastStrongRef automatically unlinking death recipients:
11-20 13:54:37.361   574   587 I RegistrationProxy: IGetRegistrationCallback.onSuccess
11-20 13:54:37.362 12240 12240 D LifecycleMonitor: Lifecycle status change: androidx.test.core.app.InstrumentationActivityInvoker$BootstrapActivity@78dd2a1 in: PRE_ON_CREATE
11-20 13:54:37.362 12240 12240 V ActivityScenario: Activity lifecycle changed event received but ignored because the intent does not match. startActivityIntent=Intent { act=android.intent.action.MAIN cat=[android.intent.category.LAUNCHER] cmp=com.example.dogglers/.MainActivity }, activity.getIntent()=Intent { act=android.intent.action.MAIN cat=[android.intent.category.LAUNCHER] flg=0x10008000 cmp=com.example.dogglers/androidx.test.core.app.InstrumentationActivityInvoker$BootstrapActivity (has extras) }, activity=androidx.test.core.app.InstrumentationActivityInvoker$BootstrapActivity@78dd2a1
11-20 13:54:37.369   574  2103 I RemoteProvisionSysSvc: Fetching key 10123 for client 32906667
11-20 13:54:37.369   574  2103 I RegistrationProxy: getKeyAsync operation started with callback 1502216
11-20 13:54:37.370  8631  9084 I RkpdRegistrationBinder: Key requested for : android.hardware.security.keymint.IRemotelyProvisionedComponent/default, clientUid: 1017, keyId: 10123, callback: 20507121
11-20 13:54:37.375  8631  9084 I RkpdRegistrationBinder: No key assigned, looking for an available key with expiry of 2023-11-23T19:54:37.374661Z
11-20 13:54:37.375  8631  9084 I RkpdRegistrationBinder: No key assigned, looking for an available key with expiry of 2023-11-20T20:54:37.370100Z
11-20 13:54:37.376  8631  9084 I RkpdRegistrationBinder: No keys are available, kicking off provisioning
11-20 13:54:37.379   574  1051 I RegistrationProxy: Provisioning required before keys are available for android.security.rkp.service.RegistrationProxy$2@16ec08
11-20 13:54:37.377  8631  9084 V RkpdServerInterface: Requesting data from server. Attempt 1
11-20 13:54:37.397   363 12330 I resolv  : GetAddrInfoHandler::run: {0 0 0 983040 10171 0}
11-20 13:54:37.397 12240 12240 D LifecycleMonitor: Lifecycle status change: androidx.test.core.app.InstrumentationActivityInvoker$BootstrapActivity@78dd2a1 in: CREATED
11-20 13:54:37.397  8631  9084 E RkpdServerInterface: Failed to complete request from server.Unable to resolve host "remoteprovisioning.googleapis.com": No address associated with hostname
11-20 13:54:37.398 12240 12240 V ActivityScenario: Activity lifecycle changed event received but ignored because the intent does not match. startActivityIntent=Intent { act=android.intent.action.MAIN cat=[android.intent.category.LAUNCHER] cmp=com.example.dogglers/.MainActivity }, activity.getIntent()=Intent { act=android.intent.action.MAIN cat=[android.intent.category.LAUNCHER] flg=0x10008000 cmp=com.example.dogglers/androidx.test.core.app.InstrumentationActivityInvoker$BootstrapActivity (has extras) }, activity=androidx.test.core.app.InstrumentationActivityInvoker$BootstrapActivity@78dd2a1
11-20 13:54:37.401 12240 12240 D LifecycleMonitor: Lifecycle status change: androidx.test.core.app.InstrumentationActivityInvoker$BootstrapActivity@78dd2a1 in: STARTED
11-20 13:54:37.402 12240 12240 V ActivityScenario: Activity lifecycle changed event received but ignored because the intent does not match. startActivityIntent=Intent { act=android.intent.action.MAIN cat=[android.intent.category.LAUNCHER] cmp=com.example.dogglers/.MainActivity }, activity.getIntent()=Intent { act=android.intent.action.MAIN cat=[android.intent.category.LAUNCHER] flg=0x10008000 cmp=com.example.dogglers/androidx.test.core.app.InstrumentationActivityInvoker$BootstrapActivity (has extras) }, activity=androidx.test.core.app.InstrumentationActivityInvoker$BootstrapActivity@78dd2a1
11-20 13:54:37.413 12240 12240 D LifecycleMonitor: Lifecycle status change: androidx.test.core.app.InstrumentationActivityInvoker$BootstrapActivity@78dd2a1 in: RESUMED
11-20 13:54:37.417 12240 12240 V ActivityScenario: Activity lifecycle changed event received but ignored because the intent does not match. startActivityIntent=Intent { act=android.intent.action.MAIN cat=[android.intent.category.LAUNCHER] cmp=com.example.dogglers/.MainActivity }, activity.getIntent()=Intent { act=android.intent.action.MAIN cat=[android.intent.category.LAUNCHER] flg=0x10008000 cmp=com.example.dogglers/androidx.test.core.app.InstrumentationActivityInvoker$BootstrapActivity (has extras) }, activity=androidx.test.core.app.InstrumentationActivityInvoker$BootstrapActivity@78dd2a1
11-20 13:54:37.431 12240 12240 D LifecycleMonitor: Lifecycle status change: androidx.test.core.app.InstrumentationActivityInvoker$BootstrapActivity@78dd2a1 in: PAUSED
11-20 13:54:37.431 12240 12240 V ActivityScenario: Activity lifecycle changed event received but ignored because the intent does not match. startActivityIntent=Intent { act=android.intent.action.MAIN cat=[android.intent.category.LAUNCHER] cmp=com.example.dogglers/.MainActivity }, activity.getIntent()=Intent { act=android.intent.action.MAIN cat=[android.intent.category.LAUNCHER] flg=0x10008000 cmp=com.example.dogglers/androidx.test.core.app.InstrumentationActivityInvoker$BootstrapActivity (has extras) }, activity=androidx.test.core.app.InstrumentationActivityInvoker$BootstrapActivity@78dd2a1
11-20 13:54:37.458 12240 12240 D LifecycleMonitor: Lifecycle status change: com.example.dogglers.MainActivity@7b34d7f in: PRE_ON_CREATE
11-20 13:54:37.462 12240 12240 V ActivityScenario: Activity lifecycle changed event received but ignored because the reported transition was not ON_CREATE while the last known transition was PRE_ON_CREATE
11-20 13:54:37.468  1277  2186 D EGL_emulation: app_time_stats: avg=161.24ms min=3.03ms max=471.75ms count=9
11-20 13:54:37.498  8631  9084 V RkpdServerInterface: Requesting data from server. Attempt 2
11-20 13:54:37.499  8631  9084 E RkpdServerInterface: Failed to complete request from server.Unable to resolve host "remoteprovisioning.googleapis.com": No address associated with hostname
11-20 13:54:37.516 12240 12240 D LifecycleMonitor: Lifecycle status change: com.example.dogglers.MainActivity@7b34d7f in: CREATED
11-20 13:54:37.517 12240 12240 V ActivityScenario: Update currentActivityStage to CREATED, currentActivity=com.example.dogglers.MainActivity@7b34d7f
11-20 13:54:37.525 12240 12240 D LifecycleMonitor: Lifecycle status change: com.example.dogglers.MainActivity@7b34d7f in: STARTED
11-20 13:54:37.527 12240 12240 V ActivityScenario: Update currentActivityStage to STARTED, currentActivity=com.example.dogglers.MainActivity@7b34d7f
11-20 13:54:37.536 12240 12240 D LifecycleMonitor: Lifecycle status change: com.example.dogglers.MainActivity@7b34d7f in: RESUMED
11-20 13:54:37.539 12240 12240 V ActivityScenario: Update currentActivityStage to RESUMED, currentActivity=com.example.dogglers.MainActivity@7b34d7f
11-20 13:54:37.548 12240 12263 W xample.dogglers: Accessing hidden method Landroid/view/ViewConfiguration;->getDoubleTapMinTime()I (unsupported, reflection, allowed)
11-20 13:54:37.570   989  1038 W Choreographer: Frame time is 2.314899 ms in the future!  Check that graphics HAL is generating vsync timestamps using the correct timebase.
11-20 13:54:37.673   574   595 W ziparchive: Unable to open '/data/app/~~g9pGXw6zzmInD44PnXlZug==/com.example.dogglers-fFkVg-hwOoV9dkaT6QJ7gg==/base.dm': No such file or directory
11-20 13:54:37.675   574   595 I ActivityTaskManager: Displayed com.example.dogglers/.MainActivity for user 0: +605ms
11-20 13:54:37.683 12240 12240 D RootViewPicker: Root not ready - waiting: 10ms for one to appear.
11-20 13:54:37.711  8631  9084 V RkpdServerInterface: Requesting data from server. Attempt 3
11-20 13:54:37.712  8631  9084 E RkpdServerInterface: Failed to complete request from server.Unable to resolve host "remoteprovisioning.googleapis.com": No address associated with hostname
11-20 13:54:37.734   574  2103 I ImeTracker: com.example.dogglers:7c17a2f6: onRequestHide at ORIGIN_SERVER_HIDE_INPUT reason HIDE_UNSPECIFIED_WINDOW
11-20 13:54:37.735   574  2103 I ImeTracker: com.example.dogglers:7c17a2f6: onCancelled at PHASE_SERVER_SHOULD_HIDE
11-20 13:54:37.738  1770  1770 I GoogleInputMethodService: GoogleInputMethodService.onFinishInput():3227
11-20 13:54:37.755  1770  1770 I GoogleInputMethodService: GoogleInputMethodService.updateDeviceLockedStatus():2087 repeatCheckTimes = 0, unlocked = true
11-20 13:54:37.755  1770  1770 I GoogleInputMethodService: GoogleInputMethodService.onStartInput():1877 onStartInput(EditorInfo{inputType=0x0(NULL) imeOptions=0x0 privateImeOptions=null actionName=UNSPECIFIED actionLabel=null actionId=0 initialSelStart=-1 initialSelEnd=-1 initialCapsMode=0x0 hintText=null label=null packageName=com.example.dogglers fieldId=0 fieldName=null extras=null}, false)
11-20 13:54:37.755  1770  1770 I GoogleInputMethodService: GoogleInputMethodService.shouldHideHeaderOnInitialState():4008 ShouldHideHeaderOnInitialState = false
11-20 13:54:37.766  1770  1770 I GoogleInputMethodService: GoogleInputMethodService.updateDeviceLockedStatus():2087 repeatCheckTimes = 2, unlocked = true
11-20 13:54:37.787 12240 12240 I ViewInteraction: Performing 'single click' action on view view.getId() is <2131230943/com.example.dogglers:id/horizontal_btn>
11-20 13:54:37.799  1277  1277 D TaplEvents: TIS / TouchInteractionService.onInputEvent: MotionEvent { action=ACTION_DOWN, actionButton=0, id[0]=0, x[0]=539.5, y[0]=1305.5, toolType[0]=TOOL_TYPE_UNKNOWN, buttonState=BUTTON_PRIMARY, classification=NONE, metaState=0, flags=0x0, edgeFlags=0x0, pointerCount=1, historySize=0, eventTime=3434428, downTime=3434428, deviceId=-1, source=0x1002, displayId=0, eventId=-526975622 }
11-20 13:54:37.918  1277  1277 D AutofillManager: view is not autofillable - activity denied for autofill
11-20 13:54:37.978  1277  2425 D OneSearchSuggestProvider: Shut down the binder channel
11-20 13:54:37.994  1277  4950 I IPCThreadState: oneway function results for code 2 on binder at 0x76632bbe2fb0 will be dropped but finished with status UNKNOWN_TRANSACTION
11-20 13:54:38.003   989  1054 D EGL_emulation: app_time_stats: avg=209.69ms min=4.62ms max=1272.93ms count=7
11-20 13:54:38.002  2640  8747 I PBSessionCacheImpl: Deleted sessionId[11612542089730645] from persistence.
11-20 13:54:38.005  2640  3242 W SearchServiceCore: Abort, client detached.
11-20 13:54:38.008  1277  1322 I ImeTracker: com.google.android.apps.nexuslauncher:dc2d9d51: onRequestHide at ORIGIN_CLIENT_HIDE_SOFT_INPUT reason HIDE_SOFT_INPUT
11-20 13:54:38.008  1277  1322 I ImeTracker: com.google.android.apps.nexuslauncher:dc2d9d51: onFailed at PHASE_CLIENT_VIEW_SERVED
11-20 13:54:38.059   989  1054 D EGL_emulation: app_time_stats: avg=36.35ms min=1.32ms max=226.62ms count=20
11-20 13:54:38.086   989  1040 W WindowOnBackDispatcher: sendCancelIfRunning: isInProgress=falsecallback=android.view.ViewRootImpl$$ExternalSyntheticLambda17@2b8acb2
11-20 13:54:38.089   574  2557 W InputManager-JNI: Input channel object '884ae84 Splash Screen com.example.dogglers (client)' was disposed without first being removed with the input manager!
11-20 13:54:38.122  8631  9084 V RkpdServerInterface: Requesting data from server. Attempt 4
11-20 13:54:38.123  8631  9084 E RkpdServerInterface: Failed to complete request from server.Unable to resolve host "remoteprovisioning.googleapis.com": No address associated with hostname
11-20 13:54:38.175 12240 12240 D LifecycleMonitor: Lifecycle status change: androidx.test.core.app.InstrumentationActivityInvoker$BootstrapActivity@78dd2a1 in: STOPPED
11-20 13:54:38.176 12240 12240 V ActivityScenario: Activity lifecycle changed event received but ignored because the intent does not match. startActivityIntent=Intent { act=android.intent.action.MAIN cat=[android.intent.category.LAUNCHER] cmp=com.example.dogglers/.MainActivity }, activity.getIntent()=Intent { act=android.intent.action.MAIN cat=[android.intent.category.LAUNCHER] flg=0x10008000 cmp=com.example.dogglers/androidx.test.core.app.InstrumentationActivityInvoker$BootstrapActivity (has extras) }, activity=androidx.test.core.app.InstrumentationActivityInvoker$BootstrapActivity@78dd2a1
11-20 13:54:38.246 12240 12240 W MotionEvents: Overslept and turned a tap into a long press
11-20 13:54:38.250  1277  1277 D TaplEvents: TIS / TouchInteractionService.onInputEvent: MotionEvent { action=ACTION_UP, actionButton=0, id[0]=0, x[0]=539.5, y[0]=1305.5, toolType[0]=TOOL_TYPE_FINGER, buttonState=BUTTON_PRIMARY, classification=NONE, metaState=0, flags=0x0, edgeFlags=0x0, pointerCount=1, historySize=0, eventTime=3434886, downTime=3434428, deviceId=-1, source=0x1002, displayId=0, eventId=-593762756 }
11-20 13:54:38.318 12240 12240 D LifecycleMonitor: Lifecycle status change: com.example.dogglers.MainActivity@7b34d7f in: PAUSED
11-20 13:54:38.319 12240 12240 V ActivityScenario: Update currentActivityStage to PAUSED, currentActivity=com.example.dogglers.MainActivity@7b34d7f
11-20 13:54:38.339   425  7106 D audioserver: FGS Logger Transaction failed
11-20 13:54:38.339   425  7106 D audioserver: -129
11-20 13:54:38.340   430   430 I BpBinder: onLastStrongRef automatically unlinking death recipients:
11-20 13:54:38.379   425   535 D AudioFlinger: mixer(0x7e9ef53fc930) throttle end: throttle time(20)
11-20 13:54:38.752 12240 12240 D LifecycleMonitor: Lifecycle status change: com.example.dogglers.HorizontalListActivity@2f03ca5 in: PRE_ON_CREATE
11-20 13:54:38.753 12240 12240 V ActivityScenario: Activity lifecycle changed event received but ignored because the intent does not match. startActivityIntent=Intent { act=android.intent.action.MAIN cat=[android.intent.category.LAUNCHER] cmp=com.example.dogglers/.MainActivity }, activity.getIntent()=Intent { cmp=com.example.dogglers/.HorizontalListActivity }, activity=com.example.dogglers.HorizontalListActivity@2f03ca5
11-20 13:54:38.759 12240 12266 D EGL_emulation: app_time_stats: avg=99.25ms min=13.00ms max=401.01ms count=10
11-20 13:54:38.835 12240 12240 D LifecycleMonitor: Lifecycle status change: com.example.dogglers.HorizontalListActivity@2f03ca5 in: CREATED
11-20 13:54:38.836 12240 12240 V ActivityScenario: Activity lifecycle changed event received but ignored because the intent does not match. startActivityIntent=Intent { act=android.intent.action.MAIN cat=[android.intent.category.LAUNCHER] cmp=com.example.dogglers/.MainActivity }, activity.getIntent()=Intent { cmp=com.example.dogglers/.HorizontalListActivity }, activity=com.example.dogglers.HorizontalListActivity@2f03ca5
11-20 13:54:38.841 12240 12240 D LifecycleMonitor: Lifecycle status change: com.example.dogglers.HorizontalListActivity@2f03ca5 in: STARTED
11-20 13:54:38.843 12240 12240 V ActivityScenario: Activity lifecycle changed event received but ignored because the intent does not match. startActivityIntent=Intent { act=android.intent.action.MAIN cat=[android.intent.category.LAUNCHER] cmp=com.example.dogglers/.MainActivity }, activity.getIntent()=Intent { cmp=com.example.dogglers/.HorizontalListActivity }, activity=com.example.dogglers.HorizontalListActivity@2f03ca5
11-20 13:54:38.845 12240 12240 D LifecycleMonitor: Lifecycle status change: com.example.dogglers.HorizontalListActivity@2f03ca5 in: RESUMED
11-20 13:54:38.846 12240 12240 V ActivityScenario: Activity lifecycle changed event received but ignored because the intent does not match. startActivityIntent=Intent { act=android.intent.action.MAIN cat=[android.intent.category.LAUNCHER] cmp=com.example.dogglers/.MainActivity }, activity.getIntent()=Intent { cmp=com.example.dogglers/.HorizontalListActivity }, activity=com.example.dogglers.HorizontalListActivity@2f03ca5
11-20 13:54:38.863   425   535 D audioserver: FGS Logger Transaction failed
11-20 13:54:38.863   425   535 D audioserver: -129
11-20 13:54:38.894 12240 12240 I Choreographer: Skipped 30 frames!  The application may be doing too much work on its main thread.
11-20 13:54:38.924  8631  9084 V RkpdServerInterface: Requesting data from server. Attempt 5
11-20 13:54:38.924  8631  9084 E RkpdServerInterface: Failed to complete request from server.Unable to resolve host "remoteprovisioning.googleapis.com": No address associated with hostname
11-20 13:54:39.263   574   595 I ActivityTaskManager: Displayed com.example.dogglers/.HorizontalListActivity for user 0: +1s4ms
11-20 13:54:39.278 12240 12253 I OpenGLRenderer: Davey! duration=850ms; Flags=1, FrameTimelineVsyncId=173531, IntendedVsync=3435028036708, Vsync=3435528036688, InputEventId=0, HandleInputStart=3435535151735, AnimationStart=3435535157813, PerformTraversalsStart=3435535948867, DrawStart=3435641100840, FrameDeadline=3435044703374, FrameInterval=3435532659245, FrameStartTime=16666666, SyncQueued=3435650317535, SyncStart=3435669761937, IssueDrawCommandsStart=3435669874807, SwapBuffers=3435804924300, FrameCompleted=3435897834496, DequeueBufferDuration=3690, QueueBufferDuration=383896, GpuCompleted=3435897834496, SwapBuffersCompleted=3435883547648, DisplayPresentTime=0, CommandSubmissionCompleted=3435804924300,
11-20 13:54:39.348   989  1054 D EGL_emulation: app_time_stats: avg=100.31ms min=3.49ms max=539.20ms count=11
11-20 13:54:39.434   989  1054 E OpenGLRenderer: Unable to match the desired swap behavior.
11-20 13:54:39.567 12240 12240 D RootViewPicker: Root not ready - waiting: 10ms for one to appear.
11-20 13:54:39.580 12240 12240 D RootViewPicker: Root not ready - waiting: 25ms for one to appear.
11-20 13:54:39.607 12240 12240 D RootViewPicker: Root not ready - waiting: 50ms for one to appear.
11-20 13:54:39.655   989  1054 E OpenGLRenderer: Unable to match the desired swap behavior.
11-20 13:54:39.660 12240 12240 D RootViewPicker: Root not ready - waiting: 100ms for one to appear.
11-20 13:54:39.672   989  1038 W Choreographer: Frame time is 0.109918 ms in the future!  Check that graphics HAL is generating vsync timestamps using the correct timebase.
11-20 13:54:39.763   574  2557 I ImeTracker: com.example.dogglers:c18611f: onRequestHide at ORIGIN_SERVER_HIDE_INPUT reason HIDE_UNSPECIFIED_WINDOW
11-20 13:54:39.764   574  2557 I ImeTracker: com.example.dogglers:c18611f: onCancelled at PHASE_SERVER_SHOULD_HIDE
11-20 13:54:39.764  1770  1770 I GoogleInputMethodService: GoogleInputMethodService.onFinishInput():3227
11-20 13:54:39.765  1770  1770 I GoogleInputMethodService: GoogleInputMethodService.updateDeviceLockedStatus():2087 repeatCheckTimes = 0, unlocked = true
11-20 13:54:39.765  1770  1770 I GoogleInputMethodService: GoogleInputMethodService.onStartInput():1877 onStartInput(EditorInfo{inputType=0x0(NULL) imeOptions=0x0 privateImeOptions=null actionName=UNSPECIFIED actionLabel=null actionId=0 initialSelStart=-1 initialSelEnd=-1 initialCapsMode=0x0 hintText=null label=null packageName=com.example.dogglers fieldId=0 fieldName=null extras=null}, false)
11-20 13:54:39.765  1770  1770 I GoogleInputMethodService: GoogleInputMethodService.shouldHideHeaderOnInitialState():4008 ShouldHideHeaderOnInitialState = false
11-20 13:54:39.766  1770  1770 I GoogleInputMethodService: GoogleInputMethodService.updateDeviceLockedStatus():2087 repeatCheckTimes = 2, unlocked = true
11-20 13:54:39.902 12240 12240 I ViewInteraction: Checking 'MatchesViewAssertion{viewMatcher=(view has effective visibility <VISIBLE> and view.getGlobalVisibleRect() to return non-empty rectangle)}' assertion on view view.getId() is <2131230945/com.example.dogglers:id/horizontal_recycler_view>
11-20 13:54:39.930 12240 12240 D LifecycleMonitor: Lifecycle status change: com.example.dogglers.HorizontalListActivity@2f03ca5 in: PAUSED
11-20 13:54:39.931 12240 12240 V ActivityScenario: Activity lifecycle changed event received but ignored because the intent does not match. startActivityIntent=Intent { act=android.intent.action.MAIN cat=[android.intent.category.LAUNCHER] cmp=com.example.dogglers/.MainActivity }, activity.getIntent()=Intent { cmp=com.example.dogglers/.HorizontalListActivity }, activity=com.example.dogglers.HorizontalListActivity@2f03ca5
11-20 13:54:39.944 12240 12240 D LifecycleMonitor: Lifecycle status change: androidx.test.core.app.InstrumentationActivityInvoker$EmptyActivity@f092d1d in: PRE_ON_CREATE
11-20 13:54:39.944 12240 12240 V ActivityScenario: Activity lifecycle changed event received but ignored because the intent does not match. startActivityIntent=Intent { act=android.intent.action.MAIN cat=[android.intent.category.LAUNCHER] cmp=com.example.dogglers/.MainActivity }, activity.getIntent()=Intent { act=android.intent.action.MAIN cat=[android.intent.category.LAUNCHER] flg=0x10000000 cmp=com.example.dogglers/androidx.test.core.app.InstrumentationActivityInvoker$EmptyActivity }, activity=androidx.test.core.app.InstrumentationActivityInvoker$EmptyActivity@f092d1d
11-20 13:54:39.962 12240 12240 D LifecycleMonitor: Lifecycle status change: androidx.test.core.app.InstrumentationActivityInvoker$EmptyActivity@f092d1d in: CREATED
11-20 13:54:39.962 12240 12240 V ActivityScenario: Activity lifecycle changed event received but ignored because the intent does not match. startActivityIntent=Intent { act=android.intent.action.MAIN cat=[android.intent.category.LAUNCHER] cmp=com.example.dogglers/.MainActivity }, activity.getIntent()=Intent { act=android.intent.action.MAIN cat=[android.intent.category.LAUNCHER] flg=0x10000000 cmp=com.example.dogglers/androidx.test.core.app.InstrumentationActivityInvoker$EmptyActivity }, activity=androidx.test.core.app.InstrumentationActivityInvoker$EmptyActivity@f092d1d
11-20 13:54:39.965 12240 12240 D LifecycleMonitor: Lifecycle status change: androidx.test.core.app.InstrumentationActivityInvoker$EmptyActivity@f092d1d in: STARTED
11-20 13:54:39.966 12240 12240 V ActivityScenario: Activity lifecycle changed event received but ignored because the intent does not match. startActivityIntent=Intent { act=android.intent.action.MAIN cat=[android.intent.category.LAUNCHER] cmp=com.example.dogglers/.MainActivity }, activity.getIntent()=Intent { act=android.intent.action.MAIN cat=[android.intent.category.LAUNCHER] flg=0x10000000 cmp=com.example.dogglers/androidx.test.core.app.InstrumentationActivityInvoker$EmptyActivity }, activity=androidx.test.core.app.InstrumentationActivityInvoker$EmptyActivity@f092d1d
11-20 13:54:39.968 12240 12240 D LifecycleMonitor: Lifecycle status change: androidx.test.core.app.InstrumentationActivityInvoker$EmptyActivity@f092d1d in: RESUMED
11-20 13:54:39.969 12240 12240 V ActivityScenario: Activity lifecycle changed event received but ignored because the intent does not match. startActivityIntent=Intent { act=android.intent.action.MAIN cat=[android.intent.category.LAUNCHER] cmp=com.example.dogglers/.MainActivity }, activity.getIntent()=Intent { act=android.intent.action.MAIN cat=[android.intent.category.LAUNCHER] flg=0x10000000 cmp=com.example.dogglers/androidx.test.core.app.InstrumentationActivityInvoker$EmptyActivity }, activity=androidx.test.core.app.InstrumentationActivityInvoker$EmptyActivity@f092d1d
11-20 13:54:40.043   574   595 I ActivityTaskManager: Displayed com.example.dogglers/androidx.test.core.app.InstrumentationActivityInvoker$EmptyActivity for user 0: +130ms
11-20 13:54:40.062 12240 12240 D LifecycleMonitor: Lifecycle status change: com.example.dogglers.MainActivity@7b34d7f in: STOPPED
11-20 13:54:40.063 12240 12240 V ActivityScenario: Update currentActivityStage to STOPPED, currentActivity=com.example.dogglers.MainActivity@7b34d7f
11-20 13:54:40.071 12240 12240 D LifecycleMonitor: Lifecycle status change: com.example.dogglers.MainActivity@7b34d7f in: DESTROYED
11-20 13:54:40.072 12240 12240 V ActivityScenario: Update currentActivityStage to DESTROYED, currentActivity=null
11-20 13:54:40.072 12240 12240 W WindowOnBackDispatcher: sendCancelIfRunning: isInProgress=falsecallback=android.view.ViewRootImpl$$ExternalSyntheticLambda17@35ed40d
11-20 13:54:40.085   574  2557 W InputManager-JNI: Input channel object '69827f com.example.dogglers/com.example.dogglers.MainActivity (client)' was disposed without first being removed with the input manager!
11-20 13:54:40.096 12240 12240 D LifecycleMonitor: Lifecycle status change: androidx.test.core.app.InstrumentationActivityInvoker$EmptyActivity@f092d1d in: PAUSED
11-20 13:54:40.098 12240 12240 V ActivityScenario: Activity lifecycle changed event received but ignored because the intent does not match. startActivityIntent=Intent { act=android.intent.action.MAIN cat=[android.intent.category.LAUNCHER] cmp=com.example.dogglers/.MainActivity }, activity.getIntent()=Intent { act=android.intent.action.MAIN cat=[android.intent.category.LAUNCHER] flg=0x10000000 cmp=com.example.dogglers/androidx.test.core.app.InstrumentationActivityInvoker$EmptyActivity }, activity=androidx.test.core.app.InstrumentationActivityInvoker$EmptyActivity@f092d1d
11-20 13:54:40.106   574  2557 I ImeTracker: com.example.dogglers:81634c66: onRequestHide at ORIGIN_SERVER_HIDE_INPUT reason HIDE_UNSPECIFIED_WINDOW
11-20 13:54:40.107   574  2557 I ImeTracker: com.example.dogglers:81634c66: onCancelled at PHASE_SERVER_SHOULD_HIDE
11-20 13:54:40.108  1770  1770 I GoogleInputMethodService: GoogleInputMethodService.onFinishInput():3227
11-20 13:54:40.108  1770  1770 I GoogleInputMethodService: GoogleInputMethodService.updateDeviceLockedStatus():2087 repeatCheckTimes = 0, unlocked = true
11-20 13:54:40.109  1770  1770 I GoogleInputMethodService: GoogleInputMethodService.onStartInput():1877 onStartInput(EditorInfo{inputType=0x0(NULL) imeOptions=0x0 privateImeOptions=null actionName=UNSPECIFIED actionLabel=null actionId=0 initialSelStart=-1 initialSelEnd=-1 initialCapsMode=0x0 hintText=null label=null packageName=com.example.dogglers fieldId=0 fieldName=null extras=null}, false)
11-20 13:54:40.111   430   430 I BpBinder: onLastStrongRef automatically unlinking death recipients:
11-20 13:54:40.111  1770  1770 I GoogleInputMethodService: GoogleInputMethodService.shouldHideHeaderOnInitialState():4008 ShouldHideHeaderOnInitialState = false
11-20 13:54:40.119  1770  1770 I GoogleInputMethodService: GoogleInputMethodService.updateDeviceLockedStatus():2087 repeatCheckTimes = 2, unlocked = true
11-20 13:54:40.136 12240 12240 D LifecycleMonitor: Lifecycle status change: androidx.test.core.app.InstrumentationActivityInvoker$BootstrapActivity@78dd2a1 in: DESTROYED
11-20 13:54:40.137 12240 12240 V ActivityScenario: Activity lifecycle changed event received but ignored because the intent does not match. startActivityIntent=Intent { act=android.intent.action.MAIN cat=[android.intent.category.LAUNCHER] cmp=com.example.dogglers/.MainActivity }, activity.getIntent()=Intent { act=android.intent.action.MAIN cat=[android.intent.category.LAUNCHER] flg=0x10008000 cmp=com.example.dogglers/androidx.test.core.app.InstrumentationActivityInvoker$BootstrapActivity (has extras) }, activity=androidx.test.core.app.InstrumentationActivityInvoker$BootstrapActivity@78dd2a1
11-20 13:54:40.145 12240 12240 D LifecycleMonitor: Lifecycle status change: androidx.test.core.app.InstrumentationActivityInvoker$EmptyActivity@2dfad42 in: PRE_ON_CREATE
11-20 13:54:40.151 12240 12240 V ActivityScenario: Activity lifecycle changed event received but ignored because the intent does not match. startActivityIntent=Intent { act=android.intent.action.MAIN cat=[android.intent.category.LAUNCHER] cmp=com.example.dogglers/.MainActivity }, activity.getIntent()=Intent { act=android.intent.action.MAIN cat=[android.intent.category.LAUNCHER] flg=0x10000000 cmp=com.example.dogglers/androidx.test.core.app.InstrumentationActivityInvoker$EmptyActivity }, activity=androidx.test.core.app.InstrumentationActivityInvoker$EmptyActivity@2dfad42
11-20 13:54:40.167 12240 12240 D LifecycleMonitor: Lifecycle status change: androidx.test.core.app.InstrumentationActivityInvoker$EmptyActivity@2dfad42 in: CREATED
11-20 13:54:40.168 12240 12240 V ActivityScenario: Activity lifecycle changed event received but ignored because the intent does not match. startActivityIntent=Intent { act=android.intent.action.MAIN cat=[android.intent.category.LAUNCHER] cmp=com.example.dogglers/.MainActivity }, activity.getIntent()=Intent { act=android.intent.action.MAIN cat=[android.intent.category.LAUNCHER] flg=0x10000000 cmp=com.example.dogglers/androidx.test.core.app.InstrumentationActivityInvoker$EmptyActivity }, activity=androidx.test.core.app.InstrumentationActivityInvoker$EmptyActivity@2dfad42
11-20 13:54:40.171 12240 12240 D LifecycleMonitor: Lifecycle status change: androidx.test.core.app.InstrumentationActivityInvoker$EmptyActivity@2dfad42 in: STARTED
11-20 13:54:40.172 12240 12240 V ActivityScenario: Activity lifecycle changed event received but ignored because the intent does not match. startActivityIntent=Intent { act=android.intent.action.MAIN cat=[android.intent.category.LAUNCHER] cmp=com.example.dogglers/.MainActivity }, activity.getIntent()=Intent { act=android.intent.action.MAIN cat=[android.intent.category.LAUNCHER] flg=0x10000000 cmp=com.example.dogglers/androidx.test.core.app.InstrumentationActivityInvoker$EmptyActivity }, activity=androidx.test.core.app.InstrumentationActivityInvoker$EmptyActivity@2dfad42
11-20 13:54:40.175 12240 12240 D LifecycleMonitor: Lifecycle status change: androidx.test.core.app.InstrumentationActivityInvoker$EmptyActivity@2dfad42 in: RESUMED
11-20 13:54:40.175 12240 12240 V ActivityScenario: Activity lifecycle changed event received but ignored because the intent does not match. startActivityIntent=Intent { act=android.intent.action.MAIN cat=[android.intent.category.LAUNCHER] cmp=com.example.dogglers/.MainActivity }, activity.getIntent()=Intent { act=android.intent.action.MAIN cat=[android.intent.category.LAUNCHER] flg=0x10000000 cmp=com.example.dogglers/androidx.test.core.app.InstrumentationActivityInvoker$EmptyActivity }, activity=androidx.test.core.app.InstrumentationActivityInvoker$EmptyActivity@2dfad42
11-20 13:54:40.183 12240 12240 D LifecycleMonitor: Lifecycle status change: com.example.dogglers.HorizontalListActivity@2f03ca5 in: STOPPED
11-20 13:54:40.184 12240 12240 V ActivityScenario: Activity lifecycle changed event received but ignored because the intent does not match. startActivityIntent=Intent { act=android.intent.action.MAIN cat=[android.intent.category.LAUNCHER] cmp=com.example.dogglers/.MainActivity }, activity.getIntent()=Intent { cmp=com.example.dogglers/.HorizontalListActivity }, activity=com.example.dogglers.HorizontalListActivity@2f03ca5
11-20 13:54:40.260   574   595 I ActivityTaskManager: Displayed com.example.dogglers/androidx.test.core.app.InstrumentationActivityInvoker$EmptyActivity for user 0: +201ms
11-20 13:54:40.290   574   587 I ImeTracker: com.example.dogglers:2aa44469: onRequestHide at ORIGIN_SERVER_HIDE_INPUT reason HIDE_UNSPECIFIED_WINDOW
11-20 13:54:40.291   574   587 I ImeTracker: com.example.dogglers:2aa44469: onCancelled at PHASE_SERVER_SHOULD_HIDE
11-20 13:54:40.295  1770  1770 I GoogleInputMethodService: GoogleInputMethodService.onFinishInput():3227
11-20 13:54:40.300  1770  1770 I GoogleInputMethodService: GoogleInputMethodService.updateDeviceLockedStatus():2087 repeatCheckTimes = 0, unlocked = true
11-20 13:54:40.300  1770  1770 I GoogleInputMethodService: GoogleInputMethodService.onStartInput():1877 onStartInput(EditorInfo{inputType=0x0(NULL) imeOptions=0x0 privateImeOptions=null actionName=UNSPECIFIED actionLabel=null actionId=0 initialSelStart=-1 initialSelEnd=-1 initialCapsMode=0x0 hintText=null label=null packageName=com.example.dogglers fieldId=0 fieldName=null extras=null}, false)
11-20 13:54:40.300  1770  1770 I GoogleInputMethodService: GoogleInputMethodService.shouldHideHeaderOnInitialState():4008 ShouldHideHeaderOnInitialState = false
11-20 13:54:40.302 12240 12240 D LifecycleMonitor: Lifecycle status change: androidx.test.core.app.InstrumentationActivityInvoker$EmptyActivity@f092d1d in: STOPPED
11-20 13:54:40.301  1770  1770 I GoogleInputMethodService: GoogleInputMethodService.updateDeviceLockedStatus():2087 repeatCheckTimes = 2, unlocked = true
11-20 13:54:40.304 12240 12240 V ActivityScenario: Activity lifecycle changed event received but ignored because the intent does not match. startActivityIntent=Intent { act=android.intent.action.MAIN cat=[android.intent.category.LAUNCHER] cmp=com.example.dogglers/.MainActivity }, activity.getIntent()=Intent { act=android.intent.action.MAIN cat=[android.intent.category.LAUNCHER] flg=0x10000000 cmp=com.example.dogglers/androidx.test.core.app.InstrumentationActivityInvoker$EmptyActivity }, activity=androidx.test.core.app.InstrumentationActivityInvoker$EmptyActivity@f092d1d
11-20 13:54:40.323 12240 12240 D LifecycleMonitor: Lifecycle status change: androidx.test.core.app.InstrumentationActivityInvoker$EmptyActivity@f092d1d in: DESTROYED
11-20 13:54:40.324 12240 12240 V ActivityScenario: Activity lifecycle changed event received but ignored because the intent does not match. startActivityIntent=Intent { act=android.intent.action.MAIN cat=[android.intent.category.LAUNCHER] cmp=com.example.dogglers/.MainActivity }, activity.getIntent()=Intent { act=android.intent.action.MAIN cat=[android.intent.category.LAUNCHER] flg=0x10000000 cmp=com.example.dogglers/androidx.test.core.app.InstrumentationActivityInvoker$EmptyActivity }, activity=androidx.test.core.app.InstrumentationActivityInvoker$EmptyActivity@f092d1d
11-20 13:54:40.324 12240 12240 W WindowOnBackDispatcher: sendCancelIfRunning: isInProgress=falsecallback=android.view.ViewRootImpl$$ExternalSyntheticLambda17@5c77ede
11-20 13:54:40.331   574   587 W InputManager-JNI: Input channel object 'c316210 com.example.dogglers/androidx.test.core.app.InstrumentationActivityInvoker$EmptyActivity (client)' was disposed without first being removed with the input manager!
11-20 13:54:40.340   430   430 I BpBinder: onLastStrongRef automatically unlinking death recipients:
11-20 13:54:40.344 12240 12240 D LifecycleMonitor: Lifecycle status change: androidx.test.core.app.InstrumentationActivityInvoker$EmptyActivity@2dfad42 in: PAUSED
11-20 13:54:40.345 12240 12240 V ActivityScenario: Activity lifecycle changed event received but ignored because the intent does not match. startActivityIntent=Intent { act=android.intent.action.MAIN cat=[android.intent.category.LAUNCHER] cmp=com.example.dogglers/.MainActivity }, activity.getIntent()=Intent { act=android.intent.action.MAIN cat=[android.intent.category.LAUNCHER] flg=0x10000000 cmp=com.example.dogglers/androidx.test.core.app.InstrumentationActivityInvoker$EmptyActivity }, activity=androidx.test.core.app.InstrumentationActivityInvoker$EmptyActivity@2dfad42
11-20 13:54:40.360 12240 12263 I TestRunner: finished: clicking_horizontal_list_button_displays_horizontal_list(com.example.dogglers.ButtonTests)
