11-20 13:54:45.315 12240 12263 I TestRunner: started: clicking_vertical_list_button_displays_vertical_list(com.example.dogglers.ButtonTests)
11-20 13:54:45.315   369  4460 D android.hardware.audio@7.1-impl.ranchu: threadLoop: entering standby, frames: 13663104
11-20 13:54:45.321   989   989 W Choreographer: Frame time is 1.337764 ms in the future!  Check that graphics HAL is generating vsync timestamps using the correct timebase.
11-20 13:54:45.328 12240 12263 W Settings: Setting always_finish_activities has moved from android.provider.Settings.System to android.provider.Settings.Global, returning read-only value.
11-20 13:54:45.379   989  1041 D SplashScreenView: Build android.window.SplashScreenView{56e3e24 V.E...... ......ID 0,0-0,0}
11-20 13:54:45.379   989  1041 D SplashScreenView: Icon: view: null drawable: null size: 0
11-20 13:54:45.379   989  1041 D SplashScreenView: Branding: view: android.view.View{ab79d8d G.ED..... ......I. 0,0-0,0 #10204ef android:id/splashscreen_branding_view} drawable: null size w: 0 h: 0
11-20 13:54:45.407 12240 12240 D LifecycleMonitor: Lifecycle status change: androidx.test.core.app.InstrumentationActivityInvoker$BootstrapActivity@f98710 in: PRE_ON_CREATE
11-20 13:54:45.408 12240 12240 V ActivityScenario: Activity lifecycle changed event received but ignored because the intent does not match. startActivityIntent=Intent { act=android.intent.action.MAIN cat=[android.intent.category.LAUNCHER] cmp=com.example.dogglers/.MainActivity }, activity.getIntent()=Intent { act=android.intent.action.MAIN cat=[android.intent.category.LAUNCHER] flg=0x10008000 cmp=com.example.dogglers/androidx.test.core.app.InstrumentationActivityInvoker$BootstrapActivity (has extras) }, activity=androidx.test.core.app.InstrumentationActivityInvoker$BootstrapActivity@f98710
11-20 13:54:45.414   430   430 I BpBinder: onLastStrongRef automatically unlinking death recipients:
11-20 13:54:45.420 12240 12240 D LifecycleMonitor: Lifecycle status change: androidx.test.core.app.InstrumentationActivityInvoker$BootstrapActivity@f98710 in: CREATED
11-20 13:54:45.422 12240 12240 V ActivityScenario: Activity lifecycle changed event received but ignored because the intent does not match. startActivityIntent=Intent { act=android.intent.action.MAIN cat=[android.intent.category.LAUNCHER] cmp=com.example.dogglers/.MainActivity }, activity.getIntent()=Intent { act=android.intent.action.MAIN cat=[android.intent.category.LAUNCHER] flg=0x10008000 cmp=com.example.dogglers/androidx.test.core.app.InstrumentationActivityInvoker$BootstrapActivity (has extras) }, activity=androidx.test.core.app.InstrumentationActivityInvoker$BootstrapActivity@f98710
11-20 13:54:45.426 12240 12240 D LifecycleMonitor: Lifecycle status change: androidx.test.core.app.InstrumentationActivityInvoker$BootstrapActivity@f98710 in: STARTED
11-20 13:54:45.434 12240 12240 V ActivityScenario: Activity lifecycle changed event received but ignored because the intent does not match. startActivityIntent=Intent { act=android.intent.action.MAIN cat=[android.intent.category.LAUNCHER] cmp=com.example.dogglers/.MainActivity }, activity.getIntent()=Intent { act=android.intent.action.MAIN cat=[android.intent.category.LAUNCHER] flg=0x10008000 cmp=com.example.dogglers/androidx.test.core.app.InstrumentationActivityInvoker$BootstrapActivity (has extras) }, activity=androidx.test.core.app.InstrumentationActivityInvoker$BootstrapActivity@f98710
11-20 13:54:45.445 12240 12240 D LifecycleMonitor: Lifecycle status change: androidx.test.core.app.InstrumentationActivityInvoker$BootstrapActivity@f98710 in: RESUMED
11-20 13:54:45.446 12240 12240 V ActivityScenario: Activity lifecycle changed event received but ignored because the intent does not match. startActivityIntent=Intent { act=android.intent.action.MAIN cat=[android.intent.category.LAUNCHER] cmp=com.example.dogglers/.MainActivity }, activity.getIntent()=Intent { act=android.intent.action.MAIN cat=[android.intent.category.LAUNCHER] flg=0x10008000 cmp=com.example.dogglers/androidx.test.core.app.InstrumentationActivityInvoker$BootstrapActivity (has extras) }, activity=androidx.test.core.app.InstrumentationActivityInvoker$BootstrapActivity@f98710
11-20 13:54:45.458 12240 12240 D LifecycleMonitor: Lifecycle status change: androidx.test.core.app.InstrumentationActivityInvoker$BootstrapActivity@f98710 in: PAUSED
11-20 13:54:45.459 12240 12240 V ActivityScenario: Activity lifecycle changed event received but ignored because the intent does not match. startActivityIntent=Intent { act=android.intent.action.MAIN cat=[android.intent.category.LAUNCHER] cmp=com.example.dogglers/.MainActivity }, activity.getIntent()=Intent { act=android.intent.action.MAIN cat=[android.intent.category.LAUNCHER] flg=0x10008000 cmp=com.example.dogglers/androidx.test.core.app.InstrumentationActivityInvoker$BootstrapActivity (has extras) }, activity=androidx.test.core.app.InstrumentationActivityInvoker$BootstrapActivity@f98710
11-20 13:54:45.481 12240 12240 D LifecycleMonitor: Lifecycle status change: com.example.dogglers.MainActivity@bbb9ee6 in: PRE_ON_CREATE
11-20 13:54:45.481 12240 12240 V ActivityScenario: Activity lifecycle changed event received but ignored because the reported transition was not ON_CREATE while the last known transition was PRE_ON_CREATE
11-20 13:54:45.561 12240 12240 D LifecycleMonitor: Lifecycle status change: com.example.dogglers.MainActivity@bbb9ee6 in: CREATED
11-20 13:54:45.562 12240 12240 V ActivityScenario: Update currentActivityStage to CREATED, currentActivity=com.example.dogglers.MainActivity@bbb9ee6
11-20 13:54:45.565 12240 12240 D LifecycleMonitor: Lifecycle status change: com.example.dogglers.MainActivity@bbb9ee6 in: STARTED
11-20 13:54:45.565 12240 12240 V ActivityScenario: Update currentActivityStage to STARTED, currentActivity=com.example.dogglers.MainActivity@bbb9ee6
11-20 13:54:45.566 12240 12240 D LifecycleMonitor: Lifecycle status change: com.example.dogglers.MainActivity@bbb9ee6 in: RESUMED
11-20 13:54:45.567 12240 12240 V ActivityScenario: Update currentActivityStage to RESUMED, currentActivity=com.example.dogglers.MainActivity@bbb9ee6
11-20 13:54:45.607   574   583 I system_server: NativeAlloc concurrent copying GC freed 285002(10MB) AllocSpace objects, 7(252KB) LOS objects, 48% free, 25MB/49MB, paused 93us,54us total 404.337ms
11-20 13:54:45.672   989  1038 W Choreographer: Frame time is 0.010215 ms in the future!  Check that graphics HAL is generating vsync timestamps using the correct timebase.
11-20 13:54:45.725   574   595 W ziparchive: Unable to open '/data/app/~~g9pGXw6zzmInD44PnXlZug==/com.example.dogglers-fFkVg-hwOoV9dkaT6QJ7gg==/base.dm': No such file or directory
11-20 13:54:45.726   574   595 I ActivityTaskManager: Displayed com.example.dogglers/.MainActivity for user 0: +382ms
11-20 13:54:45.738 12240 12240 D RootViewPicker: Root not ready - waiting: 10ms for one to appear.
11-20 13:54:45.917   574  2099 I ImeTracker: com.example.dogglers:891588f6: onRequestHide at ORIGIN_SERVER_HIDE_INPUT reason HIDE_UNSPECIFIED_WINDOW
11-20 13:54:45.917   574  2099 I ImeTracker: com.example.dogglers:891588f6: onCancelled at PHASE_SERVER_SHOULD_HIDE
11-20 13:54:45.919  1770  1770 I GoogleInputMethodService: GoogleInputMethodService.onFinishInput():3227
11-20 13:54:45.920  1770  1770 I GoogleInputMethodService: GoogleInputMethodService.updateDeviceLockedStatus():2087 repeatCheckTimes = 0, unlocked = true
11-20 13:54:45.920  1770  1770 I GoogleInputMethodService: GoogleInputMethodService.onStartInput():1877 onStartInput(EditorInfo{inputType=0x0(NULL) imeOptions=0x0 privateImeOptions=null actionName=UNSPECIFIED actionLabel=null actionId=0 initialSelStart=-1 initialSelEnd=-1 initialCapsMode=0x0 hintText=null label=null packageName=com.example.dogglers fieldId=0 fieldName=null extras=null}, false)
11-20 13:54:45.920  1770  1770 I GoogleInputMethodService: GoogleInputMethodService.shouldHideHeaderOnInitialState():4008 ShouldHideHeaderOnInitialState = false
11-20 13:54:45.920  1770  1770 I GoogleInputMethodService: GoogleInputMethodService.updateDeviceLockedStatus():2087 repeatCheckTimes = 2, unlocked = true
11-20 13:54:45.922   989  1054 D EGL_emulation: app_time_stats: avg=209.45ms min=2.50ms max=993.73ms count=5
11-20 13:54:46.024   989  1054 D EGL_emulation: app_time_stats: avg=25.71ms min=1.81ms max=185.25ms count=25
11-20 13:54:46.027  1277  1277 D AutofillManager: view is not autofillable - activity denied for autofill
11-20 13:54:46.102 12240 12240 D LifecycleMonitor: Lifecycle status change: androidx.test.core.app.InstrumentationActivityInvoker$BootstrapActivity@f98710 in: STOPPED
11-20 13:54:46.103 12240 12240 V ActivityScenario: Activity lifecycle changed event received but ignored because the intent does not match. startActivityIntent=Intent { act=android.intent.action.MAIN cat=[android.intent.category.LAUNCHER] cmp=com.example.dogglers/.MainActivity }, activity.getIntent()=Intent { act=android.intent.action.MAIN cat=[android.intent.category.LAUNCHER] flg=0x10008000 cmp=com.example.dogglers/androidx.test.core.app.InstrumentationActivityInvoker$BootstrapActivity (has extras) }, activity=androidx.test.core.app.InstrumentationActivityInvoker$BootstrapActivity@f98710
11-20 13:54:46.110  1277  2425 D OneSearchSuggestProvider: Shut down the binder channel
11-20 13:54:46.115  1277 12144 I IPCThreadState: oneway function results for code 2 on binder at 0x76632bbe9040 will be dropped but finished with status UNKNOWN_TRANSACTION
11-20 13:54:46.128  1277  1322 I ImeTracker: com.google.android.apps.nexuslauncher:53815d6d: onRequestHide at ORIGIN_CLIENT_HIDE_SOFT_INPUT reason HIDE_SOFT_INPUT
11-20 13:54:46.128  1277  1322 I ImeTracker: com.google.android.apps.nexuslauncher:53815d6d: onFailed at PHASE_CLIENT_VIEW_SERVED
11-20 13:54:46.134 12240 12240 I ViewInteraction: Performing 'single click' action on view view.getId() is <2131231204/com.example.dogglers:id/vertical_btn>
11-20 13:54:46.153  1277  1277 D TaplEvents: TIS / TouchInteractionService.onInputEvent: MotionEvent { action=ACTION_DOWN, actionButton=0, id[0]=0, x[0]=539.5, y[0]=1179.5, toolType[0]=TOOL_TYPE_UNKNOWN, buttonState=BUTTON_PRIMARY, classification=NONE, metaState=0, flags=0x0, edgeFlags=0x0, pointerCount=1, historySize=0, eventTime=3442774, downTime=3442774, deviceId=-1, source=0x1002, displayId=0, eventId=-386202393 }
11-20 13:54:46.154 12240 12240 D AutofillManager: Fill dialog is enabled:false, hints=[password, passwordAuto, creditCardNumber, creditCardSecurityCode, creditCardExpirationDate]
11-20 13:54:46.171  2640 10752 I PBSessionCacheImpl: Deleted sessionId[11612542089730647] from persistence.
11-20 13:54:46.177   989  1040 W WindowOnBackDispatcher: sendCancelIfRunning: isInProgress=falsecallback=android.view.ViewRootImpl$$ExternalSyntheticLambda17@631890
11-20 13:54:46.179   574  2558 W InputManager-JNI: Input channel object 'fc6a0a5 Splash Screen com.example.dogglers (client)' was disposed without first being removed with the input manager!
11-20 13:54:46.192  2640  3242 W SearchServiceCore: Abort, client detached.
11-20 13:54:46.233  1277  1277 D TaplEvents: TIS / TouchInteractionService.onInputEvent: MotionEvent { action=ACTION_UP, actionButton=0, id[0]=0, x[0]=539.5, y[0]=1179.5, toolType[0]=TOOL_TYPE_FINGER, buttonState=BUTTON_PRIMARY, classification=NONE, metaState=0, flags=0x0, edgeFlags=0x0, pointerCount=1, historySize=0, eventTime=3442849, downTime=3442774, deviceId=-1, source=0x1002, displayId=0, eventId=-242852218 }
11-20 13:54:46.238   574   600 W Choreographer: Frame time is 1.429961 ms in the future!  Check that graphics HAL is generating vsync timestamps using the correct timebase.
11-20 13:54:46.289   574   600 W Choreographer: Frame time is 0.428314 ms in the future!  Check that graphics HAL is generating vsync timestamps using the correct timebase.
11-20 13:54:46.338   425   929 D audioserver: FGS Logger Transaction failed
11-20 13:54:46.340   425   929 D audioserver: -129
11-20 13:54:46.344   425   535 D AudioFlinger: mixer(0x7e9ef53fc930) throttle end: throttle time(44)
11-20 13:54:46.383 12240 12240 D LifecycleMonitor: Lifecycle status change: com.example.dogglers.MainActivity@bbb9ee6 in: PAUSED
11-20 13:54:46.383 12240 12240 V ActivityScenario: Update currentActivityStage to PAUSED, currentActivity=com.example.dogglers.MainActivity@bbb9ee6
11-20 13:54:46.400   430   430 I BpBinder: onLastStrongRef automatically unlinking death recipients:
11-20 13:54:46.439 12240 12240 D LifecycleMonitor: Lifecycle status change: com.example.dogglers.VerticalListActivity@ef31a78 in: PRE_ON_CREATE
11-20 13:54:46.440 12240 12240 V ActivityScenario: Activity lifecycle changed event received but ignored because the intent does not match. startActivityIntent=Intent { act=android.intent.action.MAIN cat=[android.intent.category.LAUNCHER] cmp=com.example.dogglers/.MainActivity }, activity.getIntent()=Intent { cmp=com.example.dogglers/.VerticalListActivity }, activity=com.example.dogglers.VerticalListActivity@ef31a78
11-20 13:54:46.491 12240 12240 D LifecycleMonitor: Lifecycle status change: com.example.dogglers.VerticalListActivity@ef31a78 in: CREATED
11-20 13:54:46.492 12240 12240 V ActivityScenario: Activity lifecycle changed event received but ignored because the intent does not match. startActivityIntent=Intent { act=android.intent.action.MAIN cat=[android.intent.category.LAUNCHER] cmp=com.example.dogglers/.MainActivity }, activity.getIntent()=Intent { cmp=com.example.dogglers/.VerticalListActivity }, activity=com.example.dogglers.VerticalListActivity@ef31a78
11-20 13:54:46.495 12240 12240 D LifecycleMonitor: Lifecycle status change: com.example.dogglers.VerticalListActivity@ef31a78 in: STARTED
11-20 13:54:46.496 12240 12240 V ActivityScenario: Activity lifecycle changed event received but ignored because the intent does not match. startActivityIntent=Intent { act=android.intent.action.MAIN cat=[android.intent.category.LAUNCHER] cmp=com.example.dogglers/.MainActivity }, activity.getIntent()=Intent { cmp=com.example.dogglers/.VerticalListActivity }, activity=com.example.dogglers.VerticalListActivity@ef31a78
11-20 13:54:46.500 12240 12240 D LifecycleMonitor: Lifecycle status change: com.example.dogglers.VerticalListActivity@ef31a78 in: RESUMED
11-20 13:54:46.508   425   535 D audioserver: FGS Logger Transaction failed
11-20 13:54:46.508   425   535 D audioserver: -129
11-20 13:54:46.512 12240 12240 V ActivityScenario: Activity lifecycle changed event received but ignored because the intent does not match. startActivityIntent=Intent { act=android.intent.action.MAIN cat=[android.intent.category.LAUNCHER] cmp=com.example.dogglers/.MainActivity }, activity.getIntent()=Intent { cmp=com.example.dogglers/.VerticalListActivity }, activity=com.example.dogglers.VerticalListActivity@ef31a78
11-20 13:54:46.755 12240 12266 D EGL_emulation: app_time_stats: avg=29.33ms min=5.85ms max=67.56ms count=23
11-20 13:54:46.778   574   595 I ActivityTaskManager: Displayed com.example.dogglers/.VerticalListActivity for user 0: +438ms
11-20 13:54:46.868   989  1054 E OpenGLRenderer: Unable to match the desired swap behavior.
11-20 13:54:47.047   989  1054 D EGL_emulation: app_time_stats: avg=29.44ms min=1.96ms max=153.77ms count=20
11-20 13:54:47.062   989  1054 E OpenGLRenderer: Unable to match the desired swap behavior.
11-20 13:54:47.214   574  2099 I ImeTracker: com.example.dogglers:dbedd31d: onRequestHide at ORIGIN_SERVER_HIDE_INPUT reason HIDE_UNSPECIFIED_WINDOW
11-20 13:54:47.214   574  2099 I ImeTracker: com.example.dogglers:dbedd31d: onCancelled at PHASE_SERVER_SHOULD_HIDE
11-20 13:54:47.218  1770  1770 I GoogleInputMethodService: GoogleInputMethodService.onFinishInput():3227
11-20 13:54:47.220  1770  1770 I GoogleInputMethodService: GoogleInputMethodService.updateDeviceLockedStatus():2087 repeatCheckTimes = 0, unlocked = true
11-20 13:54:47.219  1770  1770 I GoogleInputMethodService: GoogleInputMethodService.onStartInput():1877 onStartInput(EditorInfo{inputType=0x0(NULL) imeOptions=0x0 privateImeOptions=null actionName=UNSPECIFIED actionLabel=null actionId=0 initialSelStart=-1 initialSelEnd=-1 initialCapsMode=0x0 hintText=null label=null packageName=com.example.dogglers fieldId=0 fieldName=null extras=null}, false)
11-20 13:54:47.219  1770  1770 I GoogleInputMethodService: GoogleInputMethodService.shouldHideHeaderOnInitialState():4008 ShouldHideHeaderOnInitialState = false
11-20 13:54:47.219  1770  1770 I GoogleInputMethodService: GoogleInputMethodService.updateDeviceLockedStatus():2087 repeatCheckTimes = 2, unlocked = true
11-20 13:54:47.375   574   587 I RemoteProvisionSysSvc: Requesting cancellation for client 32906667
11-20 13:54:47.375   574   587 I RegistrationProxy: Attempting to cancel getKeyAsync for 1502216
11-20 13:54:47.398  8631 12025 I RkpdRegistrationBinder: cancelGetKey(20507121)
11-20 13:54:47.401  8631  9084 I RkpdRegistrationBinder: getKey was interrupted
11-20 13:54:47.401   574   574 I RemoteProvisionSysSvc: Operation cancelled for client 32906667
11-20 13:54:47.426 12240 12240 I ViewInteraction: Checking 'MatchesViewAssertion{viewMatcher=(view has effective visibility <VISIBLE> and view.getGlobalVisibleRect() to return non-empty rectangle)}' assertion on view view.getId() is <2131231206/com.example.dogglers:id/vertical_recycler_view>
11-20 13:54:47.466 12240 12240 D LifecycleMonitor: Lifecycle status change: com.example.dogglers.VerticalListActivity@ef31a78 in: PAUSED
11-20 13:54:47.468 12240 12240 V ActivityScenario: Activity lifecycle changed event received but ignored because the intent does not match. startActivityIntent=Intent { act=android.intent.action.MAIN cat=[android.intent.category.LAUNCHER] cmp=com.example.dogglers/.MainActivity }, activity.getIntent()=Intent { cmp=com.example.dogglers/.VerticalListActivity }, activity=com.example.dogglers.VerticalListActivity@ef31a78
11-20 13:54:47.485 12240 12240 D LifecycleMonitor: Lifecycle status change: androidx.test.core.app.InstrumentationActivityInvoker$EmptyActivity@d374fb2 in: PRE_ON_CREATE
11-20 13:54:47.488 12240 12240 V ActivityScenario: Activity lifecycle changed event received but ignored because the intent does not match. startActivityIntent=Intent { act=android.intent.action.MAIN cat=[android.intent.category.LAUNCHER] cmp=com.example.dogglers/.MainActivity }, activity.getIntent()=Intent { act=android.intent.action.MAIN cat=[android.intent.category.LAUNCHER] flg=0x10000000 cmp=com.example.dogglers/androidx.test.core.app.InstrumentationActivityInvoker$EmptyActivity }, activity=androidx.test.core.app.InstrumentationActivityInvoker$EmptyActivity@d374fb2
11-20 13:54:47.497 12240 12240 D LifecycleMonitor: Lifecycle status change: androidx.test.core.app.InstrumentationActivityInvoker$EmptyActivity@d374fb2 in: CREATED
11-20 13:54:47.499 12240 12240 V ActivityScenario: Activity lifecycle changed event received but ignored because the intent does not match. startActivityIntent=Intent { act=android.intent.action.MAIN cat=[android.intent.category.LAUNCHER] cmp=com.example.dogglers/.MainActivity }, activity.getIntent()=Intent { act=android.intent.action.MAIN cat=[android.intent.category.LAUNCHER] flg=0x10000000 cmp=com.example.dogglers/androidx.test.core.app.InstrumentationActivityInvoker$EmptyActivity }, activity=androidx.test.core.app.InstrumentationActivityInvoker$EmptyActivity@d374fb2
11-20 13:54:47.502 12240 12240 D LifecycleMonitor: Lifecycle status change: androidx.test.core.app.InstrumentationActivityInvoker$EmptyActivity@d374fb2 in: STARTED
11-20 13:54:47.503 12240 12240 V ActivityScenario: Activity lifecycle changed event received but ignored because the intent does not match. startActivityIntent=Intent { act=android.intent.action.MAIN cat=[android.intent.category.LAUNCHER] cmp=com.example.dogglers/.MainActivity }, activity.getIntent()=Intent { act=android.intent.action.MAIN cat=[android.intent.category.LAUNCHER] flg=0x10000000 cmp=com.example.dogglers/androidx.test.core.app.InstrumentationActivityInvoker$EmptyActivity }, activity=androidx.test.core.app.InstrumentationActivityInvoker$EmptyActivity@d374fb2
11-20 13:54:47.506   989  1038 W Choreographer: Frame time is 0.062825 ms in the future!  Check that graphics HAL is generating vsync timestamps using the correct timebase.
11-20 13:54:47.509 12240 12240 D LifecycleMonitor: Lifecycle status change: androidx.test.core.app.InstrumentationActivityInvoker$EmptyActivity@d374fb2 in: RESUMED
11-20 13:54:47.518 12240 12240 V ActivityScenario: Activity lifecycle changed event received but ignored because the intent does not match. startActivityIntent=Intent { act=android.intent.action.MAIN cat=[android.intent.category.LAUNCHER] cmp=com.example.dogglers/.MainActivity }, activity.getIntent()=Intent { act=android.intent.action.MAIN cat=[android.intent.category.LAUNCHER] flg=0x10000000 cmp=com.example.dogglers/androidx.test.core.app.InstrumentationActivityInvoker$EmptyActivity }, activity=androidx.test.core.app.InstrumentationActivityInvoker$EmptyActivity@d374fb2
11-20 13:54:47.522   989  1038 W Choreographer: Frame time is 0.315252 ms in the future!  Check that graphics HAL is generating vsync timestamps using the correct timebase.
11-20 13:54:47.539   989  1038 W Choreographer: Frame time is 0.167361 ms in the future!  Check that graphics HAL is generating vsync timestamps using the correct timebase.
11-20 13:54:47.555   989  1038 W Choreographer: Frame time is 0.526 ms in the future!  Check that graphics HAL is generating vsync timestamps using the correct timebase.
11-20 13:54:47.612   574   595 I ActivityTaskManager: Displayed com.example.dogglers/androidx.test.core.app.InstrumentationActivityInvoker$EmptyActivity for user 0: +172ms
11-20 13:54:47.703 12240 12240 D LifecycleMonitor: Lifecycle status change: androidx.test.core.app.InstrumentationActivityInvoker$EmptyActivity@d374fb2 in: PAUSED
11-20 13:54:47.704 12240 12240 V ActivityScenario: Activity lifecycle changed event received but ignored because the intent does not match. startActivityIntent=Intent { act=android.intent.action.MAIN cat=[android.intent.category.LAUNCHER] cmp=com.example.dogglers/.MainActivity }, activity.getIntent()=Intent { act=android.intent.action.MAIN cat=[android.intent.category.LAUNCHER] flg=0x10000000 cmp=com.example.dogglers/androidx.test.core.app.InstrumentationActivityInvoker$EmptyActivity }, activity=androidx.test.core.app.InstrumentationActivityInvoker$EmptyActivity@d374fb2
11-20 13:54:47.737 12240 12240 D LifecycleMonitor: Lifecycle status change: androidx.test.core.app.InstrumentationActivityInvoker$BootstrapActivity@f98710 in: DESTROYED
11-20 13:54:47.738 12240 12240 V ActivityScenario: Activity lifecycle changed event received but ignored because the intent does not match. startActivityIntent=Intent { act=android.intent.action.MAIN cat=[android.intent.category.LAUNCHER] cmp=com.example.dogglers/.MainActivity }, activity.getIntent()=Intent { act=android.intent.action.MAIN cat=[android.intent.category.LAUNCHER] flg=0x10008000 cmp=com.example.dogglers/androidx.test.core.app.InstrumentationActivityInvoker$BootstrapActivity (has extras) }, activity=androidx.test.core.app.InstrumentationActivityInvoker$BootstrapActivity@f98710
11-20 13:54:47.742   430   430 I BpBinder: onLastStrongRef automatically unlinking death recipients:
11-20 13:54:47.755   574   587 I ImeTracker: com.example.dogglers:992d6925: onRequestHide at ORIGIN_SERVER_HIDE_INPUT reason HIDE_UNSPECIFIED_WINDOW
11-20 13:54:47.755   574   587 I ImeTracker: com.example.dogglers:992d6925: onCancelled at PHASE_SERVER_SHOULD_HIDE
11-20 13:54:47.763  1770  1770 I GoogleInputMethodService: GoogleInputMethodService.onFinishInput():3227
11-20 13:54:47.764  1770  1770 I GoogleInputMethodService: GoogleInputMethodService.updateDeviceLockedStatus():2087 repeatCheckTimes = 0, unlocked = true
11-20 13:54:47.764  1770  1770 I GoogleInputMethodService: GoogleInputMethodService.onStartInput():1877 onStartInput(EditorInfo{inputType=0x0(NULL) imeOptions=0x0 privateImeOptions=null actionName=UNSPECIFIED actionLabel=null actionId=0 initialSelStart=-1 initialSelEnd=-1 initialCapsMode=0x0 hintText=null label=null packageName=com.example.dogglers fieldId=0 fieldName=null extras=null}, false)
11-20 13:54:47.764  1770  1770 I GoogleInputMethodService: GoogleInputMethodService.shouldHideHeaderOnInitialState():4008 ShouldHideHeaderOnInitialState = false
11-20 13:54:47.765  1770  1770 I GoogleInputMethodService: GoogleInputMethodService.updateDeviceLockedStatus():2087 repeatCheckTimes = 2, unlocked = true
11-20 13:54:47.788 12240 12240 D LifecycleMonitor: Lifecycle status change: androidx.test.core.app.InstrumentationActivityInvoker$EmptyActivity@d18c057 in: PRE_ON_CREATE
11-20 13:54:47.792 12240 12240 V ActivityScenario: Activity lifecycle changed event received but ignored because the intent does not match. startActivityIntent=Intent { act=android.intent.action.MAIN cat=[android.intent.category.LAUNCHER] cmp=com.example.dogglers/.MainActivity }, activity.getIntent()=Intent { act=android.intent.action.MAIN cat=[android.intent.category.LAUNCHER] flg=0x10000000 cmp=com.example.dogglers/androidx.test.core.app.InstrumentationActivityInvoker$EmptyActivity }, activity=androidx.test.core.app.InstrumentationActivityInvoker$EmptyActivity@d18c057
11-20 13:54:47.800 12240 12240 D LifecycleMonitor: Lifecycle status change: androidx.test.core.app.InstrumentationActivityInvoker$EmptyActivity@d18c057 in: CREATED
11-20 13:54:47.802 12240 12240 V ActivityScenario: Activity lifecycle changed event received but ignored because the intent does not match. startActivityIntent=Intent { act=android.intent.action.MAIN cat=[android.intent.category.LAUNCHER] cmp=com.example.dogglers/.MainActivity }, activity.getIntent()=Intent { act=android.intent.action.MAIN cat=[android.intent.category.LAUNCHER] flg=0x10000000 cmp=com.example.dogglers/androidx.test.core.app.InstrumentationActivityInvoker$EmptyActivity }, activity=androidx.test.core.app.InstrumentationActivityInvoker$EmptyActivity@d18c057
11-20 13:54:47.805 12240 12240 D LifecycleMonitor: Lifecycle status change: androidx.test.core.app.InstrumentationActivityInvoker$EmptyActivity@d18c057 in: STARTED
11-20 13:54:47.806 12240 12240 V ActivityScenario: Activity lifecycle changed event received but ignored because the intent does not match. startActivityIntent=Intent { act=android.intent.action.MAIN cat=[android.intent.category.LAUNCHER] cmp=com.example.dogglers/.MainActivity }, activity.getIntent()=Intent { act=android.intent.action.MAIN cat=[android.intent.category.LAUNCHER] flg=0x10000000 cmp=com.example.dogglers/androidx.test.core.app.InstrumentationActivityInvoker$EmptyActivity }, activity=androidx.test.core.app.InstrumentationActivityInvoker$EmptyActivity@d18c057
11-20 13:54:47.809 12240 12240 D LifecycleMonitor: Lifecycle status change: androidx.test.core.app.InstrumentationActivityInvoker$EmptyActivity@d18c057 in: RESUMED
11-20 13:54:47.810 12240 12240 V ActivityScenario: Activity lifecycle changed event received but ignored because the intent does not match. startActivityIntent=Intent { act=android.intent.action.MAIN cat=[android.intent.category.LAUNCHER] cmp=com.example.dogglers/.MainActivity }, activity.getIntent()=Intent { act=android.intent.action.MAIN cat=[android.intent.category.LAUNCHER] flg=0x10000000 cmp=com.example.dogglers/androidx.test.core.app.InstrumentationActivityInvoker$EmptyActivity }, activity=androidx.test.core.app.InstrumentationActivityInvoker$EmptyActivity@d18c057
11-20 13:54:47.818 12240 12240 D LifecycleMonitor: Lifecycle status change: com.example.dogglers.MainActivity@bbb9ee6 in: STOPPED
11-20 13:54:47.818 12240 12240 V ActivityScenario: Update currentActivityStage to STOPPED, currentActivity=com.example.dogglers.MainActivity@bbb9ee6
11-20 13:54:47.819 12240 12240 D LifecycleMonitor: Lifecycle status change: com.example.dogglers.MainActivity@bbb9ee6 in: DESTROYED
11-20 13:54:47.820 12240 12240 V ActivityScenario: Update currentActivityStage to DESTROYED, currentActivity=null
11-20 13:54:47.822 12240 12240 W WindowOnBackDispatcher: sendCancelIfRunning: isInProgress=falsecallback=android.view.ViewRootImpl$$ExternalSyntheticLambda17@f38ed2c
11-20 13:54:47.835   574   587 W InputManager-JNI: Input channel object '5193f5d com.example.dogglers/com.example.dogglers.MainActivity (client)' was disposed without first being removed with the input manager!
11-20 13:54:47.843 12240 12240 D LifecycleMonitor: Lifecycle status change: com.example.dogglers.VerticalListActivity@ef31a78 in: STOPPED
11-20 13:54:47.848 12240 12240 V ActivityScenario: Activity lifecycle changed event received but ignored because the intent does not match. startActivityIntent=Intent { act=android.intent.action.MAIN cat=[android.intent.category.LAUNCHER] cmp=com.example.dogglers/.MainActivity }, activity.getIntent()=Intent { cmp=com.example.dogglers/.VerticalListActivity }, activity=com.example.dogglers.VerticalListActivity@ef31a78
11-20 13:54:47.922   574   595 I ActivityTaskManager: Displayed com.example.dogglers/androidx.test.core.app.InstrumentationActivityInvoker$EmptyActivity for user 0: +279ms
11-20 13:54:47.953 12240 12240 D LifecycleMonitor: Lifecycle status change: androidx.test.core.app.InstrumentationActivityInvoker$EmptyActivity@d374fb2 in: STOPPED
11-20 13:54:47.953 12240 12240 V ActivityScenario: Activity lifecycle changed event received but ignored because the intent does not match. startActivityIntent=Intent { act=android.intent.action.MAIN cat=[android.intent.category.LAUNCHER] cmp=com.example.dogglers/.MainActivity }, activity.getIntent()=Intent { act=android.intent.action.MAIN cat=[android.intent.category.LAUNCHER] flg=0x10000000 cmp=com.example.dogglers/androidx.test.core.app.InstrumentationActivityInvoker$EmptyActivity }, activity=androidx.test.core.app.InstrumentationActivityInvoker$EmptyActivity@d374fb2
11-20 13:54:47.964 11996 12082 W ziparchive: Unable to open '/data/user_de/0/com.google.android.gms/app_chimera/m/00000002/DynamiteLoader.dm': No such file or directory
11-20 13:54:47.964 11996 12082 W ziparchive: Unable to open '/data/user_de/0/com.google.android.gms/app_chimera/m/00000002/DynamiteLoader.dm': No such file or directory
11-20 13:54:47.974 11996 12082 I DynamiteModule: Considering local module com.google.android.gms.cronet_dynamite:0 and remote module com.google.android.gms.cronet_dynamite:2411
11-20 13:54:47.974 11996 12082 I DynamiteModule: Selected remote version of com.google.android.gms.cronet_dynamite, version >= 2411
11-20 13:54:47.974 11996 12082 V DynamiteModule: Dynamite loader version >= 2, using loadModule2NoCrashUtils
11-20 13:54:47.997   574  2560 I ImeTracker: com.example.dogglers:3936da7e: onRequestHide at ORIGIN_SERVER_HIDE_INPUT reason HIDE_UNSPECIFIED_WINDOW
11-20 13:54:47.998   574  2560 I ImeTracker: com.example.dogglers:3936da7e: onCancelled at PHASE_SERVER_SHOULD_HIDE
11-20 13:54:48.003  1770  1770 I GoogleInputMethodService: GoogleInputMethodService.onFinishInput():3227
11-20 13:54:48.004 12240 12240 D LifecycleMonitor: Lifecycle status change: androidx.test.core.app.InstrumentationActivityInvoker$EmptyActivity@d374fb2 in: DESTROYED
11-20 13:54:48.004  1770  1770 I GoogleInputMethodService: GoogleInputMethodService.updateDeviceLockedStatus():2087 repeatCheckTimes = 0, unlocked = true
11-20 13:54:48.004  1770  1770 I GoogleInputMethodService: GoogleInputMethodService.onStartInput():1877 onStartInput(EditorInfo{inputType=0x0(NULL) imeOptions=0x0 privateImeOptions=null actionName=UNSPECIFIED actionLabel=null actionId=0 initialSelStart=-1 initialSelEnd=-1 initialCapsMode=0x0 hintText=null label=null packageName=com.example.dogglers fieldId=0 fieldName=null extras=null}, false)
11-20 13:54:48.004  1770  1770 I GoogleInputMethodService: GoogleInputMethodService.shouldHideHeaderOnInitialState():4008 ShouldHideHeaderOnInitialState = false
11-20 13:54:48.005 12240 12240 V ActivityScenario: Activity lifecycle changed event received but ignored because the intent does not match. startActivityIntent=Intent { act=android.intent.action.MAIN cat=[android.intent.category.LAUNCHER] cmp=com.example.dogglers/.MainActivity }, activity.getIntent()=Intent { act=android.intent.action.MAIN cat=[android.intent.category.LAUNCHER] flg=0x10000000 cmp=com.example.dogglers/androidx.test.core.app.InstrumentationActivityInvoker$EmptyActivity }, activity=androidx.test.core.app.InstrumentationActivityInvoker$EmptyActivity@d374fb2
11-20 13:54:48.004 11996 12082 W ziparchive: Unable to open '/data/user_de/0/com.google.android.gms/app_chimera/m/00000001/CronetDynamite.dm': No such file or directory
11-20 13:54:48.004 11996 12082 W ziparchive: Unable to open '/data/user_de/0/com.google.android.gms/app_chimera/m/00000001/CronetDynamite.dm': No such file or directory
11-20 13:54:48.006 12240 12240 W WindowOnBackDispatcher: sendCancelIfRunning: isInProgress=falsecallback=android.view.ViewRootImpl$$ExternalSyntheticLambda17@734a45f
11-20 13:54:48.022  1770  1770 I GoogleInputMethodService: GoogleInputMethodService.updateDeviceLockedStatus():2087 repeatCheckTimes = 2, unlocked = true
11-20 13:54:48.023   574  2099 W InputManager-JNI: Input channel object '74c111d com.example.dogglers/androidx.test.core.app.InstrumentationActivityInvoker$EmptyActivity (client)' was disposed without first being removed with the input manager!
11-20 13:54:48.033 12240 12240 D LifecycleMonitor: Lifecycle status change: androidx.test.core.app.InstrumentationActivityInvoker$EmptyActivity@d18c057 in: PAUSED
11-20 13:54:48.034 12240 12240 V ActivityScenario: Activity lifecycle changed event received but ignored because the intent does not match. startActivityIntent=Intent { act=android.intent.action.MAIN cat=[android.intent.category.LAUNCHER] cmp=com.example.dogglers/.MainActivity }, activity.getIntent()=Intent { act=android.intent.action.MAIN cat=[android.intent.category.LAUNCHER] flg=0x10000000 cmp=com.example.dogglers/androidx.test.core.app.InstrumentationActivityInvoker$EmptyActivity }, activity=androidx.test.core.app.InstrumentationActivityInvoker$EmptyActivity@d18c057
11-20 13:54:48.035 11996 12082 D nativeloader: Configuring clns-8 for other apk . target_sdk_version=34, uses_libraries=ALL, library_path=/data/user_de/0/com.google.android.gms/app_chimera/m/00000001/CronetDynamite.apk!/lib/x86_64:/data/user_de/0/com.google.android.gms/app_chimera/m/00000001/CronetDynamite.apk!/lib/arm64-v8a, permitted_path=/data:/mnt/expand
11-20 13:54:48.042   430   430 I BpBinder: onLastStrongRef automatically unlinking death recipients:
11-20 13:54:48.050 12240 12240 D LifecycleMonitor: Lifecycle status change: com.example.dogglers.VerticalListActivity@ef31a78 in: RESTARTED
11-20 13:54:48.051 12240 12240 V ActivityScenario: Activity lifecycle changed event received but ignored because the intent does not match. startActivityIntent=Intent { act=android.intent.action.MAIN cat=[android.intent.category.LAUNCHER] cmp=com.example.dogglers/.MainActivity }, activity.getIntent()=Intent { cmp=com.example.dogglers/.VerticalListActivity }, activity=com.example.dogglers.VerticalListActivity@ef31a78
11-20 13:54:48.052 12240 12240 D LifecycleMonitor: Lifecycle status change: com.example.dogglers.VerticalListActivity@ef31a78 in: STARTED
11-20 13:54:48.052 12240 12240 V ActivityScenario: Activity lifecycle changed event received but ignored because the intent does not match. startActivityIntent=Intent { act=android.intent.action.MAIN cat=[android.intent.category.LAUNCHER] cmp=com.example.dogglers/.MainActivity }, activity.getIntent()=Intent { cmp=com.example.dogglers/.VerticalListActivity }, activity=com.example.dogglers.VerticalListActivity@ef31a78
11-20 13:54:48.053 12240 12240 D LifecycleMonitor: Lifecycle status change: com.example.dogglers.VerticalListActivity@ef31a78 in: RESUMED
11-20 13:54:48.054 12240 12240 V ActivityScenario: Activity lifecycle changed event received but ignored because the intent does not match. startActivityIntent=Intent { act=android.intent.action.MAIN cat=[android.intent.category.LAUNCHER] cmp=com.example.dogglers/.MainActivity }, activity.getIntent()=Intent { cmp=com.example.dogglers/.VerticalListActivity }, activity=com.example.dogglers.VerticalListActivity@ef31a78
11-20 13:54:48.055 12240 12240 W Choreographer: Frame time is 0.243598 ms in the future!  Check that graphics HAL is generating vsync timestamps using the correct timebase.
11-20 13:54:48.063   574   587 D ConnectivityService: requestNetwork for uid/pid:10124/11996 activeRequest: null callbackRequest: 220 [NetworkRequest [ REQUEST id=221, [ Capabilities: INTERNET&NOT_RESTRICTED&TRUSTED&NOT_VCN_MANAGED Uid: 10124 RequestorUid: 10124 RequestorPkg: com.google.android.apps.messaging UnderlyingNetworks: Null] ]] callback flags: 0 order: 2147483647
11-20 13:54:48.064   574   912 D ConnectivityService: NetReassign [no changes] [c 0] [a 0] [i 0]
11-20 13:54:48.064   574   905 D WifiNetworkFactory: got request NetworkRequest [ REQUEST id=221, [ Capabilities: INTERNET&NOT_RESTRICTED&TRUSTED&NOT_VCN_MANAGED Uid: 10124 RequestorUid: 10124 RequestorPkg: com.google.android.apps.messaging UnderlyingNetworks: Null] ]
11-20 13:54:48.065   574   905 D UntrustedWifiNetworkFactory: got request NetworkRequest [ REQUEST id=221, [ Capabilities: INTERNET&NOT_RESTRICTED&TRUSTED&NOT_VCN_MANAGED Uid: 10124 RequestorUid: 10124 RequestorPkg: com.google.android.apps.messaging UnderlyingNetworks: Null] ]
11-20 13:54:48.065   574   905 D OemPaidWifiNetworkFactory: got request NetworkRequest [ REQUEST id=221, [ Capabilities: INTERNET&NOT_RESTRICTED&TRUSTED&NOT_VCN_MANAGED Uid: 10124 RequestorUid: 10124 RequestorPkg: com.google.android.apps.messaging UnderlyingNetworks: Null] ]
11-20 13:54:48.065   574   905 D MultiInternetWifiNetworkFactory: got request NetworkRequest [ REQUEST id=221, [ Capabilities: INTERNET&NOT_RESTRICTED&TRUSTED&NOT_VCN_MANAGED Uid: 10124 RequestorUid: 10124 RequestorPkg: com.google.android.apps.messaging UnderlyingNetworks: Null] ]
11-20 13:54:48.069   574   912 D ConnectivityService: NetReassign [no changes] [c 0] [a 0] [i 0]
11-20 13:54:48.138 11996 12082 I cr_CronetLibraryLoader: Cronet version: 113.0.5672.51, arch: x86_64
11-20 13:54:48.146 12240 12263 I TestRunner: finished: clicking_vertical_list_button_displays_vertical_list(com.example.dogglers.ButtonTests)
