11-20 13:55:11.724 12240 12263 I TestRunner: started: horizontal_scroll_content_at_first_position(com.example.dogglers.HorizontalListTests)
11-20 13:55:11.746 12240 12263 W Settings: Setting always_finish_activities has moved from android.provider.Settings.System to android.provider.Settings.Global, returning read-only value.
11-20 13:55:11.784   989  1041 D SplashScreenView: Build android.window.SplashScreenView{7aafbf4 V.E...... ......ID 0,0-0,0}
11-20 13:55:11.784   989  1041 D SplashScreenView: Icon: view: null drawable: null size: 0
11-20 13:55:11.784   989  1041 D SplashScreenView: Branding: view: android.view.View{f49cf1d G.ED..... ......I. 0,0-0,0 #10204ef android:id/splashscreen_branding_view} drawable: null size w: 0 h: 0
11-20 13:55:11.805   989   989 W Choreographer: Frame time is 0.235736 ms in the future!  Check that graphics HAL is generating vsync timestamps using the correct timebase.
11-20 13:55:11.822 12240 12240 D LifecycleMonitor: Lifecycle status change: androidx.test.core.app.InstrumentationActivityInvoker$BootstrapActivity@9dacf32 in: PRE_ON_CREATE
11-20 13:55:11.825   430   430 I BpBinder: onLastStrongRef automatically unlinking death recipients:
11-20 13:55:11.824 12240 12240 V ActivityScenario: Activity lifecycle changed event received but ignored because the intent does not match. startActivityIntent=Intent { act=android.intent.action.MAIN cat=[android.intent.category.LAUNCHER] cmp=com.example.dogglers/.HorizontalListActivity }, activity.getIntent()=Intent { act=android.intent.action.MAIN cat=[android.intent.category.LAUNCHER] flg=0x10008000 cmp=com.example.dogglers/androidx.test.core.app.InstrumentationActivityInvoker$BootstrapActivity (has extras) }, activity=androidx.test.core.app.InstrumentationActivityInvoker$BootstrapActivity@9dacf32
11-20 13:55:11.846 12240 12240 D LifecycleMonitor: Lifecycle status change: androidx.test.core.app.InstrumentationActivityInvoker$BootstrapActivity@9dacf32 in: CREATED
11-20 13:55:11.848 12240 12240 V ActivityScenario: Activity lifecycle changed event received but ignored because the intent does not match. startActivityIntent=Intent { act=android.intent.action.MAIN cat=[android.intent.category.LAUNCHER] cmp=com.example.dogglers/.HorizontalListActivity }, activity.getIntent()=Intent { act=android.intent.action.MAIN cat=[android.intent.category.LAUNCHER] flg=0x10008000 cmp=com.example.dogglers/androidx.test.core.app.InstrumentationActivityInvoker$BootstrapActivity (has extras) }, activity=androidx.test.core.app.InstrumentationActivityInvoker$BootstrapActivity@9dacf32
11-20 13:55:11.853 12240 12240 D LifecycleMonitor: Lifecycle status change: androidx.test.core.app.InstrumentationActivityInvoker$BootstrapActivity@9dacf32 in: STARTED
11-20 13:55:11.855 12240 12240 V ActivityScenario: Activity lifecycle changed event received but ignored because the intent does not match. startActivityIntent=Intent { act=android.intent.action.MAIN cat=[android.intent.category.LAUNCHER] cmp=com.example.dogglers/.HorizontalListActivity }, activity.getIntent()=Intent { act=android.intent.action.MAIN cat=[android.intent.category.LAUNCHER] flg=0x10008000 cmp=com.example.dogglers/androidx.test.core.app.InstrumentationActivityInvoker$BootstrapActivity (has extras) }, activity=androidx.test.core.app.InstrumentationActivityInvoker$BootstrapActivity@9dacf32
11-20 13:55:11.871   989   989 W Choreographer: Frame time is 0.891549 ms in the future!  Check that graphics HAL is generating vsync timestamps using the correct timebase.
11-20 13:55:11.875 12240 12240 D LifecycleMonitor: Lifecycle status change: androidx.test.core.app.InstrumentationActivityInvoker$BootstrapActivity@9dacf32 in: RESUMED
11-20 13:55:11.876 12240 12240 V ActivityScenario: Activity lifecycle changed event received but ignored because the intent does not match. startActivityIntent=Intent { act=android.intent.action.MAIN cat=[android.intent.category.LAUNCHER] cmp=com.example.dogglers/.HorizontalListActivity }, activity.getIntent()=Intent { act=android.intent.action.MAIN cat=[android.intent.category.LAUNCHER] flg=0x10008000 cmp=com.example.dogglers/androidx.test.core.app.InstrumentationActivityInvoker$BootstrapActivity (has extras) }, activity=androidx.test.core.app.InstrumentationActivityInvoker$BootstrapActivity@9dacf32
11-20 13:55:11.882 12240 12240 D LifecycleMonitor: Lifecycle status change: androidx.test.core.app.InstrumentationActivityInvoker$BootstrapActivity@9dacf32 in: PAUSED
11-20 13:55:11.882 12240 12240 V ActivityScenario: Activity lifecycle changed event received but ignored because the intent does not match. startActivityIntent=Intent { act=android.intent.action.MAIN cat=[android.intent.category.LAUNCHER] cmp=com.example.dogglers/.HorizontalListActivity }, activity.getIntent()=Intent { act=android.intent.action.MAIN cat=[android.intent.category.LAUNCHER] flg=0x10008000 cmp=com.example.dogglers/androidx.test.core.app.InstrumentationActivityInvoker$BootstrapActivity (has extras) }, activity=androidx.test.core.app.InstrumentationActivityInvoker$BootstrapActivity@9dacf32
11-20 13:55:11.887  1277  1277 W Choreographer: Frame time is 1.606273 ms in the future!  Check that graphics HAL is generating vsync timestamps using the correct timebase.
11-20 13:55:11.942 12240 12240 D LifecycleMonitor: Lifecycle status change: com.example.dogglers.HorizontalListActivity@67fb518 in: PRE_ON_CREATE
11-20 13:55:11.942 12240 12240 V ActivityScenario: Activity lifecycle changed event received but ignored because the reported transition was not ON_CREATE while the last known transition was PRE_ON_CREATE
11-20 13:55:11.989 12240 12240 D LifecycleMonitor: Lifecycle status change: com.example.dogglers.HorizontalListActivity@67fb518 in: CREATED
11-20 13:55:11.990 12240 12240 V ActivityScenario: Update currentActivityStage to CREATED, currentActivity=com.example.dogglers.HorizontalListActivity@67fb518
11-20 13:55:11.994 12240 12240 D LifecycleMonitor: Lifecycle status change: com.example.dogglers.HorizontalListActivity@67fb518 in: STARTED
11-20 13:55:11.995 12240 12240 V ActivityScenario: Update currentActivityStage to STARTED, currentActivity=com.example.dogglers.HorizontalListActivity@67fb518
11-20 13:55:11.998 12240 12240 D LifecycleMonitor: Lifecycle status change: com.example.dogglers.HorizontalListActivity@67fb518 in: RESUMED
11-20 13:55:11.999 12240 12240 V ActivityScenario: Update currentActivityStage to RESUMED, currentActivity=com.example.dogglers.HorizontalListActivity@67fb518
11-20 13:55:12.122   989   989 W Choreographer: Frame time is 0.656265 ms in the future!  Check that graphics HAL is generating vsync timestamps using the correct timebase.
11-20 13:55:12.136  1277  1297 W System  : A resource failed to call release.
11-20 13:55:12.138  1277  1297 W System  : A resource failed to call release.
11-20 13:55:12.138  1277  1297 W System  : A resource failed to call release.
11-20 13:55:12.138  1277  1297 W System  : A resource failed to call release.
11-20 13:55:12.138  1277  1297 W System  : A resource failed to call release.
11-20 13:55:12.138   989   989 W Choreographer: Frame time is 0.705633 ms in the future!  Check that graphics HAL is generating vsync timestamps using the correct timebase.
11-20 13:55:12.139  1277  1297 W System  : A resource failed to call release.
11-20 13:55:12.140  1277  1297 W System  : A resource failed to call release.
11-20 13:55:12.141  1277  1297 W System  : A resource failed to call release.
11-20 13:55:12.141  1277  1297 W System  : A resource failed to call release.
11-20 13:55:12.206   989  1038 W Choreographer: Frame time is 0.113327 ms in the future!  Check that graphics HAL is generating vsync timestamps using the correct timebase.
11-20 13:55:12.211   574   595 W ziparchive: Unable to open '/data/app/~~g9pGXw6zzmInD44PnXlZug==/com.example.dogglers-fFkVg-hwOoV9dkaT6QJ7gg==/base.dm': No such file or directory
11-20 13:55:12.214   574   595 I ActivityTaskManager: Displayed com.example.dogglers/.HorizontalListActivity for user 0: +445ms
11-20 13:55:12.221 12240 12240 D RootViewPicker: Root not ready - waiting: 10ms for one to appear.
11-20 13:55:12.263   574  1051 I ImeTracker: com.example.dogglers:8ee21860: onRequestHide at ORIGIN_SERVER_HIDE_INPUT reason HIDE_UNSPECIFIED_WINDOW
11-20 13:55:12.263   574  1051 I ImeTracker: com.example.dogglers:8ee21860: onCancelled at PHASE_SERVER_SHOULD_HIDE
11-20 13:55:12.270  1770  1770 I GoogleInputMethodService: GoogleInputMethodService.onFinishInput():3227
11-20 13:55:12.271  1770  1770 I GoogleInputMethodService: GoogleInputMethodService.updateDeviceLockedStatus():2087 repeatCheckTimes = 0, unlocked = true
11-20 13:55:12.274  1770  1770 I GoogleInputMethodService: GoogleInputMethodService.onStartInput():1877 onStartInput(EditorInfo{inputType=0x0(NULL) imeOptions=0x0 privateImeOptions=null actionName=UNSPECIFIED actionLabel=null actionId=0 initialSelStart=-1 initialSelEnd=-1 initialCapsMode=0x0 hintText=null label=null packageName=com.example.dogglers fieldId=0 fieldName=null extras=null}, false)
11-20 13:55:12.274   989  1054 D EGL_emulation: app_time_stats: avg=20.39ms min=1.42ms max=92.37ms count=30
11-20 13:55:12.274  1770  1770 I GoogleInputMethodService: GoogleInputMethodService.shouldHideHeaderOnInitialState():4008 ShouldHideHeaderOnInitialState = false
11-20 13:55:12.274  1770  1770 I GoogleInputMethodService: GoogleInputMethodService.updateDeviceLockedStatus():2087 repeatCheckTimes = 2, unlocked = true
11-20 13:55:12.382 12240 12240 I ViewInteraction: Checking 'MatchesViewAssertion{viewMatcher=(view has effective visibility <VISIBLE> and view.getGlobalVisibleRect() to return non-empty rectangle)}' assertion on view an instance of android.widget.TextView and view.getText() with or without transformation to match: is "Tzeitel"
11-20 13:55:12.429   989  1054 D EGL_emulation: app_time_stats: avg=1072.97ms min=1072.97ms max=1072.97ms count=1
11-20 13:55:12.452 12240 12240 I ViewInteraction: Checking 'MatchesViewAssertion{viewMatcher=(view has effective visibility <VISIBLE> and view.getGlobalVisibleRect() to return non-empty rectangle)}' assertion on view an instance of android.widget.TextView and view.getText() with or without transformation to match: is "Age: 7"
11-20 13:55:12.453 12240 12240 E ViewAssertions: '(view has effective visibility <VISIBLE> and view.getGlobalVisibleRect() to return non-empty rectangle)' check could not be performed because view 'an instance of android.widget.TextView and view.getText() with or without transformation to match: is "Age: 7"' was not found.
11-20 13:55:12.458  1277  1277 D AutofillManager: view is not autofillable - activity denied for autofill
11-20 13:55:12.494 12240 12240 D LifecycleMonitor: Lifecycle status change: androidx.test.core.app.InstrumentationActivityInvoker$BootstrapActivity@9dacf32 in: STOPPED
11-20 13:55:12.494 12240 12240 V ActivityScenario: Activity lifecycle changed event received but ignored because the intent does not match. startActivityIntent=Intent { act=android.intent.action.MAIN cat=[android.intent.category.LAUNCHER] cmp=com.example.dogglers/.HorizontalListActivity }, activity.getIntent()=Intent { act=android.intent.action.MAIN cat=[android.intent.category.LAUNCHER] flg=0x10008000 cmp=com.example.dogglers/androidx.test.core.app.InstrumentationActivityInvoker$BootstrapActivity (has extras) }, activity=androidx.test.core.app.InstrumentationActivityInvoker$BootstrapActivity@9dacf32
11-20 13:55:12.535 12240 12240 D LifecycleMonitor: Lifecycle status change: com.example.dogglers.HorizontalListActivity@67fb518 in: PAUSED
11-20 13:55:12.535 12240 12240 V ActivityScenario: Update currentActivityStage to PAUSED, currentActivity=com.example.dogglers.HorizontalListActivity@67fb518
11-20 13:55:12.608   430   430 I BpBinder: onLastStrongRef automatically unlinking death recipients:
11-20 13:55:12.610 12240 12240 D LifecycleMonitor: Lifecycle status change: androidx.test.core.app.InstrumentationActivityInvoker$EmptyActivity@bcd0176 in: PRE_ON_CREATE
11-20 13:55:12.610 12240 12240 V ActivityScenario: Activity lifecycle changed event received but ignored because the intent does not match. startActivityIntent=Intent { act=android.intent.action.MAIN cat=[android.intent.category.LAUNCHER] cmp=com.example.dogglers/.HorizontalListActivity }, activity.getIntent()=Intent { act=android.intent.action.MAIN cat=[android.intent.category.LAUNCHER] flg=0x10000000 cmp=com.example.dogglers/androidx.test.core.app.InstrumentationActivityInvoker$EmptyActivity }, activity=androidx.test.core.app.InstrumentationActivityInvoker$EmptyActivity@bcd0176
11-20 13:55:12.642   989  1040 W WindowOnBackDispatcher: sendCancelIfRunning: isInProgress=falsecallback=android.view.ViewRootImpl$$ExternalSyntheticLambda17@b75e360
11-20 13:55:12.649   574  1051 W InputManager-JNI: Input channel object '30b589a Splash Screen com.example.dogglers (client)' was disposed without first being removed with the input manager!
11-20 13:55:12.656  1277  2425 D OneSearchSuggestProvider: Shut down the binder channel
11-20 13:55:12.659  1277  1299 I IPCThreadState: oneway function results for code 2 on binder at 0x76632bc01640 will be dropped but finished with status UNKNOWN_TRANSACTION
11-20 13:55:12.661 12240 12240 D LifecycleMonitor: Lifecycle status change: androidx.test.core.app.InstrumentationActivityInvoker$EmptyActivity@bcd0176 in: CREATED
11-20 13:55:12.665  1277  1322 I ImeTracker: com.google.android.apps.nexuslauncher:728a279e: onRequestHide at ORIGIN_CLIENT_HIDE_SOFT_INPUT reason HIDE_SOFT_INPUT
11-20 13:55:12.664 12240 12240 V ActivityScenario: Activity lifecycle changed event received but ignored because the intent does not match. startActivityIntent=Intent { act=android.intent.action.MAIN cat=[android.intent.category.LAUNCHER] cmp=com.example.dogglers/.HorizontalListActivity }, activity.getIntent()=Intent { act=android.intent.action.MAIN cat=[android.intent.category.LAUNCHER] flg=0x10000000 cmp=com.example.dogglers/androidx.test.core.app.InstrumentationActivityInvoker$EmptyActivity }, activity=androidx.test.core.app.InstrumentationActivityInvoker$EmptyActivity@bcd0176
11-20 13:55:12.670  1277  1322 I ImeTracker: com.google.android.apps.nexuslauncher:728a279e: onFailed at PHASE_CLIENT_VIEW_SERVED
11-20 13:55:12.672   574   600 W Choreographer: Frame time is 0.18771599 ms in the future!  Check that graphics HAL is generating vsync timestamps using the correct timebase.
11-20 13:55:12.674 12240 12240 D LifecycleMonitor: Lifecycle status change: androidx.test.core.app.InstrumentationActivityInvoker$EmptyActivity@bcd0176 in: STARTED
11-20 13:55:12.679 12240 12240 V ActivityScenario: Activity lifecycle changed event received but ignored because the intent does not match. startActivityIntent=Intent { act=android.intent.action.MAIN cat=[android.intent.category.LAUNCHER] cmp=com.example.dogglers/.HorizontalListActivity }, activity.getIntent()=Intent { act=android.intent.action.MAIN cat=[android.intent.category.LAUNCHER] flg=0x10000000 cmp=com.example.dogglers/androidx.test.core.app.InstrumentationActivityInvoker$EmptyActivity }, activity=androidx.test.core.app.InstrumentationActivityInvoker$EmptyActivity@bcd0176
11-20 13:55:12.684 12240 12240 D LifecycleMonitor: Lifecycle status change: androidx.test.core.app.InstrumentationActivityInvoker$EmptyActivity@bcd0176 in: RESUMED
11-20 13:55:12.685 12240 12240 V ActivityScenario: Activity lifecycle changed event received but ignored because the intent does not match. startActivityIntent=Intent { act=android.intent.action.MAIN cat=[android.intent.category.LAUNCHER] cmp=com.example.dogglers/.HorizontalListActivity }, activity.getIntent()=Intent { act=android.intent.action.MAIN cat=[android.intent.category.LAUNCHER] flg=0x10000000 cmp=com.example.dogglers/androidx.test.core.app.InstrumentationActivityInvoker$EmptyActivity }, activity=androidx.test.core.app.InstrumentationActivityInvoker$EmptyActivity@bcd0176
11-20 13:55:12.688  2640 12529 I PBSessionCacheImpl: Deleted sessionId[11612542089730658] from persistence.
11-20 13:55:12.688  2640  2640 W Choreographer: Frame time is 0.65916 ms in the future!  Check that graphics HAL is generating vsync timestamps using the correct timebase.
11-20 13:55:12.689   574   600 W Choreographer: Frame time is 0.349842 ms in the future!  Check that graphics HAL is generating vsync timestamps using the correct timebase.
11-20 13:55:12.706   574   600 W Choreographer: Frame time is 0.094736 ms in the future!  Check that graphics HAL is generating vsync timestamps using the correct timebase.
11-20 13:55:12.721  2640  3242 W SearchServiceCore: Abort, client detached.
11-20 13:55:12.843   574   595 I ActivityTaskManager: Displayed com.example.dogglers/androidx.test.core.app.InstrumentationActivityInvoker$EmptyActivity for user 0: +327ms
11-20 13:55:12.955   989   989 W Choreographer: Frame time is 0.247325 ms in the future!  Check that graphics HAL is generating vsync timestamps using the correct timebase.
11-20 13:55:12.966 12240 12240 D LifecycleMonitor: Lifecycle status change: com.example.dogglers.HorizontalListActivity@67fb518 in: STOPPED
11-20 13:55:12.967 12240 12240 V ActivityScenario: Update currentActivityStage to STOPPED, currentActivity=com.example.dogglers.HorizontalListActivity@67fb518
11-20 13:55:12.971 12240 12240 D LifecycleMonitor: Lifecycle status change: com.example.dogglers.HorizontalListActivity@67fb518 in: DESTROYED
11-20 13:55:12.972 12240 12240 V ActivityScenario: Update currentActivityStage to DESTROYED, currentActivity=null
11-20 13:55:12.972 12240 12240 W WindowOnBackDispatcher: sendCancelIfRunning: isInProgress=falsecallback=android.view.ViewRootImpl$$ExternalSyntheticLambda17@58241de
11-20 13:55:12.988   989   989 W Choreographer: Frame time is 1.394568 ms in the future!  Check that graphics HAL is generating vsync timestamps using the correct timebase.
11-20 13:55:12.991   574  2558 W InputManager-JNI: Input channel object '1bc09f com.example.dogglers/com.example.dogglers.HorizontalListActivity (client)' was disposed without first being removed with the input manager!
11-20 13:55:12.998 12240 12240 D LifecycleMonitor: Lifecycle status change: androidx.test.core.app.InstrumentationActivityInvoker$EmptyActivity@bcd0176 in: PAUSED
11-20 13:55:12.999 12240 12240 V ActivityScenario: Activity lifecycle changed event received but ignored because the intent does not match. startActivityIntent=Intent { act=android.intent.action.MAIN cat=[android.intent.category.LAUNCHER] cmp=com.example.dogglers/.HorizontalListActivity }, activity.getIntent()=Intent { act=android.intent.action.MAIN cat=[android.intent.category.LAUNCHER] flg=0x10000000 cmp=com.example.dogglers/androidx.test.core.app.InstrumentationActivityInvoker$EmptyActivity }, activity=androidx.test.core.app.InstrumentationActivityInvoker$EmptyActivity@bcd0176
11-20 13:55:13.006   430   430 I BpBinder: onLastStrongRef automatically unlinking death recipients:
11-20 13:55:13.012 12240 12240 D LifecycleMonitor: Lifecycle status change: androidx.test.core.app.InstrumentationActivityInvoker$BootstrapActivity@9dacf32 in: DESTROYED
11-20 13:55:13.013 12240 12240 V ActivityScenario: Activity lifecycle changed event received but ignored because the intent does not match. startActivityIntent=Intent { act=android.intent.action.MAIN cat=[android.intent.category.LAUNCHER] cmp=com.example.dogglers/.HorizontalListActivity }, activity.getIntent()=Intent { act=android.intent.action.MAIN cat=[android.intent.category.LAUNCHER] flg=0x10008000 cmp=com.example.dogglers/androidx.test.core.app.InstrumentationActivityInvoker$BootstrapActivity (has extras) }, activity=androidx.test.core.app.InstrumentationActivityInvoker$BootstrapActivity@9dacf32
11-20 13:55:13.018   574  2099 I ImeTracker: com.example.dogglers:fe252761: onRequestHide at ORIGIN_SERVER_HIDE_INPUT reason HIDE_UNSPECIFIED_WINDOW
11-20 13:55:13.018   574  2099 I ImeTracker: com.example.dogglers:fe252761: onCancelled at PHASE_SERVER_SHOULD_HIDE
11-20 13:55:13.020  1770  1770 I GoogleInputMethodService: GoogleInputMethodService.onFinishInput():3227
11-20 13:55:13.024  1770  1770 I GoogleInputMethodService: GoogleInputMethodService.updateDeviceLockedStatus():2087 repeatCheckTimes = 0, unlocked = true
11-20 13:55:13.024  1770  1770 I GoogleInputMethodService: GoogleInputMethodService.onStartInput():1877 onStartInput(EditorInfo{inputType=0x0(NULL) imeOptions=0x0 privateImeOptions=null actionName=UNSPECIFIED actionLabel=null actionId=0 initialSelStart=-1 initialSelEnd=-1 initialCapsMode=0x0 hintText=null label=null packageName=com.example.dogglers fieldId=0 fieldName=null extras=null}, false)
11-20 13:55:13.024  1770  1770 I GoogleInputMethodService: GoogleInputMethodService.shouldHideHeaderOnInitialState():4008 ShouldHideHeaderOnInitialState = false
11-20 13:55:13.025  1770  1770 I GoogleInputMethodService: GoogleInputMethodService.updateDeviceLockedStatus():2087 repeatCheckTimes = 2, unlocked = true
11-20 13:55:13.038 12240 12240 D LifecycleMonitor: Lifecycle status change: androidx.test.core.app.InstrumentationActivityInvoker$EmptyActivity@256b426 in: PRE_ON_CREATE
11-20 13:55:13.039 12240 12240 V ActivityScenario: Activity lifecycle changed event received but ignored because the intent does not match. startActivityIntent=Intent { act=android.intent.action.MAIN cat=[android.intent.category.LAUNCHER] cmp=com.example.dogglers/.HorizontalListActivity }, activity.getIntent()=Intent { act=android.intent.action.MAIN cat=[android.intent.category.LAUNCHER] flg=0x10000000 cmp=com.example.dogglers/androidx.test.core.app.InstrumentationActivityInvoker$EmptyActivity }, activity=androidx.test.core.app.InstrumentationActivityInvoker$EmptyActivity@256b426
11-20 13:55:13.048 12240 12240 D LifecycleMonitor: Lifecycle status change: androidx.test.core.app.InstrumentationActivityInvoker$EmptyActivity@256b426 in: CREATED
11-20 13:55:13.050 12240 12240 V ActivityScenario: Activity lifecycle changed event received but ignored because the intent does not match. startActivityIntent=Intent { act=android.intent.action.MAIN cat=[android.intent.category.LAUNCHER] cmp=com.example.dogglers/.HorizontalListActivity }, activity.getIntent()=Intent { act=android.intent.action.MAIN cat=[android.intent.category.LAUNCHER] flg=0x10000000 cmp=com.example.dogglers/androidx.test.core.app.InstrumentationActivityInvoker$EmptyActivity }, activity=androidx.test.core.app.InstrumentationActivityInvoker$EmptyActivity@256b426
11-20 13:55:13.052 12240 12240 D LifecycleMonitor: Lifecycle status change: androidx.test.core.app.InstrumentationActivityInvoker$EmptyActivity@256b426 in: STARTED
11-20 13:55:13.053 12240 12240 V ActivityScenario: Activity lifecycle changed event received but ignored because the intent does not match. startActivityIntent=Intent { act=android.intent.action.MAIN cat=[android.intent.category.LAUNCHER] cmp=com.example.dogglers/.HorizontalListActivity }, activity.getIntent()=Intent { act=android.intent.action.MAIN cat=[android.intent.category.LAUNCHER] flg=0x10000000 cmp=com.example.dogglers/androidx.test.core.app.InstrumentationActivityInvoker$EmptyActivity }, activity=androidx.test.core.app.InstrumentationActivityInvoker$EmptyActivity@256b426
11-20 13:55:13.057 12240 12240 D LifecycleMonitor: Lifecycle status change: androidx.test.core.app.InstrumentationActivityInvoker$EmptyActivity@256b426 in: RESUMED
11-20 13:55:13.058 12240 12240 V ActivityScenario: Activity lifecycle changed event received but ignored because the intent does not match. startActivityIntent=Intent { act=android.intent.action.MAIN cat=[android.intent.category.LAUNCHER] cmp=com.example.dogglers/.HorizontalListActivity }, activity.getIntent()=Intent { act=android.intent.action.MAIN cat=[android.intent.category.LAUNCHER] flg=0x10000000 cmp=com.example.dogglers/androidx.test.core.app.InstrumentationActivityInvoker$EmptyActivity }, activity=androidx.test.core.app.InstrumentationActivityInvoker$EmptyActivity@256b426
11-20 13:55:13.148   574   595 I ActivityTaskManager: Displayed com.example.dogglers/androidx.test.core.app.InstrumentationActivityInvoker$EmptyActivity for user 0: +286ms
11-20 13:55:13.164 12240 12240 D LifecycleMonitor: Lifecycle status change: androidx.test.core.app.InstrumentationActivityInvoker$EmptyActivity@bcd0176 in: STOPPED
11-20 13:55:13.165 12240 12240 V ActivityScenario: Activity lifecycle changed event received but ignored because the intent does not match. startActivityIntent=Intent { act=android.intent.action.MAIN cat=[android.intent.category.LAUNCHER] cmp=com.example.dogglers/.HorizontalListActivity }, activity.getIntent()=Intent { act=android.intent.action.MAIN cat=[android.intent.category.LAUNCHER] flg=0x10000000 cmp=com.example.dogglers/androidx.test.core.app.InstrumentationActivityInvoker$EmptyActivity }, activity=androidx.test.core.app.InstrumentationActivityInvoker$EmptyActivity@bcd0176
11-20 13:55:13.171   574   587 I ImeTracker: com.example.dogglers:d878095: onRequestHide at ORIGIN_SERVER_HIDE_INPUT reason HIDE_UNSPECIFIED_WINDOW
11-20 13:55:13.171   574   587 I ImeTracker: com.example.dogglers:d878095: onCancelled at PHASE_SERVER_SHOULD_HIDE
11-20 13:55:13.175  1770  1770 I GoogleInputMethodService: GoogleInputMethodService.onFinishInput():3227
11-20 13:55:13.178  1770  1770 I GoogleInputMethodService: GoogleInputMethodService.updateDeviceLockedStatus():2087 repeatCheckTimes = 0, unlocked = true
11-20 13:55:13.178  1770  1770 I GoogleInputMethodService: GoogleInputMethodService.onStartInput():1877 onStartInput(EditorInfo{inputType=0x0(NULL) imeOptions=0x0 privateImeOptions=null actionName=UNSPECIFIED actionLabel=null actionId=0 initialSelStart=-1 initialSelEnd=-1 initialCapsMode=0x0 hintText=null label=null packageName=com.example.dogglers fieldId=0 fieldName=null extras=null}, false)
11-20 13:55:13.178  1770  1770 I GoogleInputMethodService: GoogleInputMethodService.shouldHideHeaderOnInitialState():4008 ShouldHideHeaderOnInitialState = false
11-20 13:55:13.178  1770  1770 I GoogleInputMethodService: GoogleInputMethodService.updateDeviceLockedStatus():2087 repeatCheckTimes = 2, unlocked = true
11-20 13:55:13.211 12240 12240 D LifecycleMonitor: Lifecycle status change: androidx.test.core.app.InstrumentationActivityInvoker$EmptyActivity@bcd0176 in: DESTROYED
11-20 13:55:13.214 12240 12240 V ActivityScenario: Activity lifecycle changed event received but ignored because the intent does not match. startActivityIntent=Intent { act=android.intent.action.MAIN cat=[android.intent.category.LAUNCHER] cmp=com.example.dogglers/.HorizontalListActivity }, activity.getIntent()=Intent { act=android.intent.action.MAIN cat=[android.intent.category.LAUNCHER] flg=0x10000000 cmp=com.example.dogglers/androidx.test.core.app.InstrumentationActivityInvoker$EmptyActivity }, activity=androidx.test.core.app.InstrumentationActivityInvoker$EmptyActivity@bcd0176
11-20 13:55:13.214 12240 12240 W WindowOnBackDispatcher: sendCancelIfRunning: isInProgress=falsecallback=android.view.ViewRootImpl$$ExternalSyntheticLambda17@3232013
11-20 13:55:13.214   574   587 W InputManager-JNI: Input channel object 'bd68713 com.example.dogglers/androidx.test.core.app.InstrumentationActivityInvoker$EmptyActivity (client)' was disposed without first being removed with the input manager!
11-20 13:55:13.219 12240 12240 D LifecycleMonitor: Lifecycle status change: androidx.test.core.app.InstrumentationActivityInvoker$EmptyActivity@256b426 in: PAUSED
11-20 13:55:13.220 12240 12240 V ActivityScenario: Activity lifecycle changed event received but ignored because the intent does not match. startActivityIntent=Intent { act=android.intent.action.MAIN cat=[android.intent.category.LAUNCHER] cmp=com.example.dogglers/.HorizontalListActivity }, activity.getIntent()=Intent { act=android.intent.action.MAIN cat=[android.intent.category.LAUNCHER] flg=0x10000000 cmp=com.example.dogglers/androidx.test.core.app.InstrumentationActivityInvoker$EmptyActivity }, activity=androidx.test.core.app.InstrumentationActivityInvoker$EmptyActivity@256b426
11-20 13:55:13.224   430   430 I BpBinder: onLastStrongRef automatically unlinking death recipients:
11-20 13:55:13.233   574  1929 W AppSearchIcing: icing-search-engine.cc:283: Error: 5, Message: Document (com.google.android.googlequicksearchbox$OneSearchZeroStateGoogleSuggestions/default, zp) not found.
11-20 13:55:13.235  1277  2425 D OneSearchSuggestProvider: Created the binder channel successfully for end point service =com.google.android.apps.search.googleapp.search.suggest.plugins.onesearch.server.OneSearchSuggestService , mChannel=z1{delegate=s1{logId=201, target=directaddress:///AndroidComponentAddress%5BIntent%20%7B%20act=grpc.io.action.BIND%20cmp=com.google.android.googlequicksearchbox/com.google.android.apps.search.googleapp.search.suggest.plugins.onesearch.server.OneSearchSuggestService%20%7D%5D}} , mOneSearchConnection=X1.T@7081e96
11-20 13:55:13.243  1277  1277 D AutofillManager: view is not autofillable - activity denied for autofill
11-20 13:55:13.244 12240 12263 E TestRunner: failed: horizontal_scroll_content_at_first_position(com.example.dogglers.HorizontalListTests)
11-20 13:55:13.244 12240 12263 E TestRunner: ----- begin exception -----
11-20 13:55:13.265 12240 12263 E TestRunner: androidx.test.espresso.NoMatchingViewException: No views in hierarchy found matching: an instance of android.widget.TextView and view.getText() with or without transformation to match: is "Age: 7"
11-20 13:55:13.265 12240 12263 E TestRunner:
11-20 13:55:13.265 12240 12263 E TestRunner: View Hierarchy:
11-20 13:55:13.265 12240 12263 E TestRunner: +>DecorView{id=-1, visibility=VISIBLE, width=1080, height=2400, has-focus=false, has-focusable=true, has-window-focus=true, is-clickable=false, is-enabled=true, is-focused=false, is-focusable=false, is-layout-requested=false, is-selected=false, layout-params={(0,0)(fillxfill) ty=BASE_APPLICATION wanim=0x10302fe
11-20 13:55:13.265 12240 12263 E TestRunner:   fl=LAYOUT_IN_SCREEN LAYOUT_INSET_DECOR SPLIT_TOUCH HARDWARE_ACCELERATED DRAWS_SYSTEM_BAR_BACKGROUNDS
11-20 13:55:13.265 12240 12263 E TestRunner:   pfl=NO_MOVE_ANIMATION FORCE_DRAW_STATUS_BAR_BACKGROUND FIT_INSETS_CONTROLLED
11-20 13:55:13.265 12240 12263 E TestRunner:   bhv=DEFAULT
11-20 13:55:13.265 12240 12263 E TestRunner:   fitSides=}, tag=null, root-is-layout-requested=false, has-input-connection=false, x=0.0, y=0.0, child-count=3}
11-20 13:55:13.265 12240 12263 E TestRunner: |
11-20 13:55:13.265 12240 12263 E TestRunner: +->LinearLayout{id=-1, visibility=VISIBLE, width=1080, height=2337, has-focus=false, has-focusable=true, has-window-focus=true, is-clickable=false, is-enabled=true, is-focused=false, is-focusable=false, is-layout-requested=false, is-selected=false, layout-params=android.widget.FrameLayout$LayoutParams@4aed2c0, tag=null, root-is-layout-requested=false, has-input-connection=false, x=0.0, y=0.0, child-count=2}
11-20 13:55:13.265 12240 12263 E TestRunner: |
11-20 13:55:13.265 12240 12263 E TestRunner: +-->ViewStub{id=16908746, res-name=action_mode_bar_stub, visibility=GONE, width=0, height=0, has-focus=false, has-focusable=false, has-window-focus=true, is-clickable=false, is-enabled=true, is-focused=false, is-focusable=false, is-layout-requested=true, is-selected=false, layout-params=android.widget.LinearLayout$LayoutParams@3266bf9, tag=null, root-is-layout-requested=false, has-input-connection=false, x=0.0, y=0.0}
11-20 13:55:13.265 12240 12263 E TestRunner: |
11-20 13:55:13.265 12240 12263 E TestRunner: +-->FrameLayout{id=-1, visibility=VISIBLE, width=1080, height=2209, has-focus=false, has-focusable=true, has-window-focus=true, is-clickable=false, is-enabled=true, is-focused=false, is-focusable=false, is-layout-requested=false, is-selected=false, layout-params=android.widget.LinearLayout$LayoutParams@124299f, tag=null, root-is-layout-requested=false, has-input-connection=false, x=0.0, y=128.0, child-count=1}
11-20 13:55:13.265 12240 12263 E TestRunner: |
11-20 13:55:13.265 12240 12263 E TestRunner: +--->ActionBarOverlayLayout{id=2131230866, res-name=decor_content_parent, visibility=VISIBLE, width=1080, height=2209, has-focus=false, has-focusable=true, has-window-focus=true, is-clickable=false, is-enabled=true, is-focused=false, is-focusable=false, is-layout-requested=false, is-selected=false, layout-params=android.widget.FrameLayout$LayoutParams@6c9594a, tag=null, root-is-layout-requested=false, has-input-connection=false, x=0.0, y=0.0, child-count=2}
11-20 13:55:13.265 12240 12263 E TestRunner: |
11-20 13:55:13.265 12240 12263 E TestRunner: +---->ContentFrameLayout{id=16908290, res-name=content, visibility=VISIBLE, width=1080, height=2062, has-focus=false, has-focusable=true, has-window-focus=true, is-clickable=false, is-enabled=true, is-focused=false, is-focusable=false, is-layout-requested=false, is-selected=false, layout-params=androidx.appcompat.widget.ActionBarOverlayLayout$LayoutParams@fc39d8, tag=null, root-is-layout-requested=false, has-input-connection=false, x=0.0, y=147.0, child-count=1}
11-20 13:55:13.265 12240 12263 E TestRunner: |
11-20 13:55:13.265 12240 12263 E TestRunner: +----->FrameLayout{id=-1, visibility=VISIBLE, width=1080, height=2062, has-focus=false, has-focusable=true, has-window-focus=true, is-clickable=false, is-enabled=true, is-focused=false, is-focusable=false, is-layout-requested=false, is-selected=false, layout-params=android.widget.FrameLayout$LayoutParams@cbc016, tag=null, root-is-layout-requested=false, has-input-connection=false, x=0.0, y=0.0, child-count=1}
11-20 13:55:13.265 12240 12263 E TestRunner: |
11-20 13:55:13.265 12240 12263 E TestRunner: +------>RecyclerView{id=2131230945, res-name=horizontal_recycler_view, visibility=VISIBLE, width=1080, height=736, has-focus=false, has-focusable=true, has-window-focus=true, is-clickable=false, is-enabled=true, is-focused=false, is-focusable=true, is-layout-requested=false, is-selected=false, layout-params=android.widget.FrameLayout$LayoutParams@2e71b84, tag=null, root-is-layout-requested=false, has-input-connection=false, x=0.0, y=663.0, child-count=1}
11-20 13:55:13.265 12240 12263 E TestRunner: |
11-20 13:55:13.265 12240 12263 E TestRunner: +------->MaterialCardView{id=-1, visibility=VISIBLE, width=1038, height=694, has-focus=false, has-focusable=false, has-window-focus=true, is-clickable=false, is-enabled=true, is-focused=false, is-focusable=false, is-layout-requested=false, is-selected=false, layout-params=androidx.recyclerview.widget.RecyclerView$LayoutParams@cbbc7a2, tag=null, root-is-layout-requested=false, has-input-connection=false, x=21.0, y=21.0, is-checked=false, child-count=1}
11-20 13:55:13.265 12240 12263 E TestRunner: |
11-20 13:55:13.265 12240 12263 E TestRunner: +-------->ConstraintLayout{id=-1, visibility=VISIBLE, width=1038, height=694, has-focus=false, has-focusable=false, has-window-focus=true, is-clickable=false, is-enabled=true, is-focused=false, is-focusable=false, is-layout-requested=false, is-selected=false, layout-params=android.widget.FrameLayout$LayoutParams@970b88f, tag=null, root-is-layout-requested=false, has-input-connection=false, x=0.0, y=0.0, child-count=4}
11-20 13:55:13.265 12240 12263 E TestRunner: |
11-20 13:55:13.265 12240 12263 E TestRunner: +--------->AppCompatImageView{id=2131230952, res-name=imageView, visibility=VISIBLE, width=1038, height=509, has-focus=false, has-focusable=false, has-window-focus=true, is-clickable=false, is-enabled=true, is-focused=false, is-focusable=false, is-layout-requested=false, is-selected=false, layout-params=androidx.constraintlayout.widget.ConstraintLayout$LayoutParams@ad4571c, tag=null, root-is-layout-requested=false, has-input-connection=false, x=0.0, y=0.0}
11-20 13:55:13.265 12240 12263 E TestRunner: |
11-20 13:55:13.265 12240 12263 E TestRunner: +--------->MaterialTextView{id=2131231173, res-name=textViewName, visibility=VISIBLE, width=164, height=71, has-focus=false, has-focusable=false, has-window-focus=true, is-clickable=false, is-enabled=true, is-focused=false, is-focusable=false, is-layout-requested=false, is-selected=false, layout-params=androidx.constraintlayout.widget.ConstraintLayout$LayoutParams@a9bcf25, tag=null, root-is-layout-requested=false, has-input-connection=false, x=21.0, y=509.0, text=Tzeitel, input-type=0, ime-target=false, has-links=false}
11-20 13:55:13.265 12240 12263 E TestRunner: |
11-20 13:55:13.265 12240 12263 E TestRunner: +--------->MaterialTextView{id=2131231171, res-name=textViewAge, visibility=VISIBLE, width=26, height=57, has-focus=false, has-focusable=false, has-window-focus=true, is-clickable=false, is-enabled=true, is-focused=false, is-focusable=false, is-layout-requested=false, is-selected=false, layout-params=androidx.constraintlayout.widget.ConstraintLayout$LayoutParams@912a8fa, tag=null, root-is-layout-requested=false, has-input-connection=false, x=21.0, y=580.0, text=7, input-type=0, ime-target=false, has-links=false}
11-20 13:55:13.265 12240 12263 E TestRunner: |
11-20 13:55:13.265 12240 12263 E TestRunner: +--------->MaterialTextView{id=2131231172, res-name=textViewHobby, visibility=VISIBLE, width=410, height=57, has-focus=false, has-focusable=false, has-window-focus=true, is-clickable=false, is-enabled=true, is-focused=false, is-focusable=false, is-layout-requested=false, is-selected=false, layout-params=androidx.constraintlayout.widget.ConstraintLayout$LayoutParams@7ca4eab, tag=null, root-is-layout-requested=false, has-input-connection=false, x=607.0, y=637.0, text=Hobbies: sunbathing, input-type=0, ime-target=false, has-links=false}
11-20 13:55:13.265 12240 12263 E TestRunner: |
11-20 13:55:13.265 12240 12263 E TestRunner: +---->ActionBarContainer{id=2131230774, res-name=action_bar_container, visibility=VISIBLE, width=1080, height=147, has-focus=false, has-focusable=false, has-window-focus=true, is-clickable=false, is-enabled=true, is-focused=false, is-focusable=false, is-layout-requested=false, is-selected=false, layout-params=androidx.appcompat.widget.ActionBarOverlayLayout$LayoutParams@4525ac6, tag=null, root-is-layout-requested=false, has-input-connection=false, x=0.0, y=0.0, child-count=2}
11-20 13:55:13.265 12240 12263 E TestRunner: |
11-20 13:55:13.265 12240 12263 E TestRunner: +----->Toolbar{id=2131230772, res-name=action_bar, visibility=VISIBLE, width=1080, height=147, has-focus=false, has-focusable=false, has-window-focus=true, is-clickable=false, is-enabled=true, is-focused=false, is-focusable=false, is-layout-requested=false, is-selected=false, layout-params=android.widget.FrameLayout$LayoutParams@f895d52, tag=null, root-is-layout-requested=false, has-input-connection=false, x=0.0, y=0.0, child-count=3}
11-20 13:55:13.265 12240 12263 E TestRunner: |
11-20 13:55:13.266 12240 12263 E TestRunner: +------>AppCompatTextView{id=-1, visibility=VISIBLE, width=219, height=71, has-focus=false, has-focusable=false, has-window-focus=true, is-clickable=false, is-enabled=true, is-focused=false, is-focusable=false, is-layout-requested=false, is-selected=false, layout-params=androidx.appcompat.widget.Toolbar$LayoutParams@757e823, tag=null, root-is-layout-requested=false, has-input-connection=false, x=189.0, y=38.0, text=Dogglers, input-type=0, ime-target=false, has-links=false}
11-20 13:55:13.266 12240 12263 E TestRunner: |
11-20 13:55:13.266 12240 12263 E TestRunner: +------>AppCompatImageButton{id=-1, desc=Navigate up, visibility=VISIBLE, width=147, height=147, has-focus=false, has-focusable=false, has-window-focus=true, is-clickable=true, is-enabled=true, is-focused=false, is-focusable=true, is-layout-requested=false, is-selected=false, layout-params=androidx.appcompat.widget.Toolbar$LayoutParams@73ab120, tag=null, root-is-layout-requested=false, has-input-connection=false, x=0.0, y=0.0}
11-20 13:55:13.266 12240 12263 E TestRunner: |
11-20 13:55:13.266 12240 12263 E TestRunner: +------>ActionMenuView{id=-1, visibility=VISIBLE, width=0, height=147, has-focus=false, has-focusable=false, has-window-focus=true, is-clickable=false, is-enabled=true, is-focused=false, is-focusable=false, is-layout-requested=false, is-selected=false, layout-params=androidx.appcompat.widget.Toolbar$LayoutParams@4b55ad9, tag=null, root-is-layout-requested=false, has-input-connection=false, x=1080.0, y=0.0, child-count=0}
11-20 13:55:13.266 12240 12263 E TestRunner: |
11-20 13:55:13.266 12240 12263 E TestRunner: +----->ActionBarContextView{id=2131230780, res-name=action_context_bar, visibility=GONE, width=0, height=0, has-focus=false, has-focusable=false, has-window-focus=true, is-clickable=false, is-enabled=true, is-focused=false, is-focusable=false, is-layout-requested=true, is-selected=false, layout-params=android.widget.FrameLayout$LayoutParams@fbbfc9e, tag=null, root-is-layout-requested=false, has-input-connection=false, x=0.0, y=0.0, child-count=0}
11-20 13:55:13.266 12240 12263 E TestRunner: |
11-20 13:55:13.266 12240 12263 E TestRunner: +->View{id=16908336, res-name=navigationBarBackground, visibility=VISIBLE, width=1080, height=63, has-focus=false, has-focusable=false, has-window-focus=true, is-clickable=false, is-enabled=true, is-focused=false, is-focusable=false, is-layout-requested=false, is-selected=false, layout-params=android.widget.FrameLayout$LayoutParams@a36e37f, tag=null, root-is-layout-requested=false, has-input-connection=false, x=0.0, y=2337.0}
11-20 13:55:13.266 12240 12263 E TestRunner: |
11-20 13:55:13.266 12240 12263 E TestRunner: +->View{id=16908335, res-name=statusBarBackground, visibility=VISIBLE, width=1080, height=128, has-focus=false, has-focusable=false, has-window-focus=true, is-clickable=false, is-enabled=true, is-focused=false, is-focusable=false, is-layout-requested=false, is-selected=false, layout-params=android.widget.FrameLayout$LayoutParams@5e9bf4c, tag=null, root-is-layout-requested=false, has-input-connection=false, x=0.0, y=0.0}
11-20 13:55:13.266 12240 12263 E TestRunner: 	at dalvik.system.VMStack.getThreadStackTrace(Native Method)
11-20 13:55:13.266 12240 12263 E TestRunner: 	at java.lang.Thread.getStackTrace(Thread.java:1841)
11-20 13:55:13.266 12240 12263 E TestRunner: 	at androidx.test.espresso.base.DefaultFailureHandler.getUserFriendlyError(DefaultFailureHandler.java:12)
11-20 13:55:13.266 12240 12263 E TestRunner: 	at androidx.test.espresso.base.DefaultFailureHandler.handle(DefaultFailureHandler.java:7)
11-20 13:55:13.266 12240 12263 E TestRunner: 	at androidx.test.espresso.ViewInteraction.waitForAndHandleInteractionResults(ViewInteraction.java:8)
11-20 13:55:13.266 12240 12263 E TestRunner: 	at androidx.test.espresso.ViewInteraction.check(ViewInteraction.java:12)
11-20 13:55:13.266 12240 12263 E TestRunner: 	at com.example.dogglers.BaseTest.hasListItemContent(BaseTest.kt:59)
11-20 13:55:13.266 12240 12263 E TestRunner: 	at com.example.dogglers.BaseTest.checkFirstPosition(BaseTest.kt:70)
11-20 13:55:13.266 12240 12263 E TestRunner: 	at com.example.dogglers.HorizontalListTests.horizontal_scroll_content_at_first_position(HorizontalListTests.kt:42)
11-20 13:55:13.266 12240 12263 E TestRunner: 	at java.lang.reflect.Method.invoke(Native Method)
11-20 13:55:13.266 12240 12263 E TestRunner: 	at org.junit.runners.model.FrameworkMethod$1.runReflectiveCall(FrameworkMethod.java:50)
11-20 13:55:13.266 12240 12263 E TestRunner: 	at org.junit.internal.runners.model.ReflectiveCallable.run(ReflectiveCallable.java:12)
11-20 13:55:13.266 12240 12263 E TestRunner: 	at org.junit.runners.model.FrameworkMethod.invokeExplosively(FrameworkMethod.java:47)
11-20 13:55:13.266 12240 12263 E TestRunner: 	at org.junit.internal.runners.statements.InvokeMethod.evaluate(InvokeMethod.java:17)
11-20 13:55:13.266 12240 12263 E TestRunner: 	at org.junit.rules.ExternalResource$1.evaluate(ExternalResource.java:48)
11-20 13:55:13.266 12240 12263 E TestRunner: 	at org.junit.rules.RunRules.evaluate(RunRules.java:20)
11-20 13:55:13.266 12240 12263 E TestRunner: 	at org.junit.runners.ParentRunner.runLeaf(ParentRunner.java:325)
11-20 13:55:13.266 12240 12263 E TestRunner: 	at org.junit.runners.BlockJUnit4ClassRunner.runChild(BlockJUnit4ClassRunner.java:78)
11-20 13:55:13.266 12240 12263 E TestRunner: 	at org.junit.runners.BlockJUnit4ClassRunner.runChild(BlockJUnit4ClassRunner.java:57)
11-20 13:55:13.266 12240 12263 E TestRunner: 	at org.junit.runners.ParentRunner$3.run(ParentRunner.java:290)
11-20 13:55:13.266 12240 12263 E TestRunner: 	at org.junit.runners.ParentRunner$1.schedule(ParentRunner.java:71)
11-20 13:55:13.266 12240 12263 E TestRunner: 	at org.junit.runners.ParentRunner.runChildren(ParentRunner.java:288)
11-20 13:55:13.266 12240 12263 E TestRunner: 	at org.junit.runners.ParentRunner.access$000(ParentRunner.java:58)
11-20 13:55:13.266 12240 12263 E TestRunner: 	at org.junit.runners.ParentRunner$2.evaluate(ParentRunner.java:268)
11-20 13:55:13.266 12240 12263 E TestRunner: 	at org.junit.runners.ParentRunner.run(ParentRunner.java:363)
11-20 13:55:13.266 12240 12263 E TestRunner: 	at androidx.test.ext.junit.runners.AndroidJUnit4.run(AndroidJUnit4.java:162)
11-20 13:55:13.266 12240 12263 E TestRunner: 	at org.junit.runners.Suite.runChild(Suite.java:128)
11-20 13:55:13.266 12240 12263 E TestRunner: 	at org.junit.runners.Suite.runChild(Suite.java:27)
11-20 13:55:13.266 12240 12263 E TestRunner: 	at org.junit.runners.ParentRunner$3.run(ParentRunner.java:290)
11-20 13:55:13.266 12240 12263 E TestRunner: 	at org.junit.runners.ParentRunner$1.schedule(ParentRunner.java:71)
11-20 13:55:13.266 12240 12263 E TestRunner: 	at org.junit.runners.ParentRunner.runChildren(ParentRunner.java:288)
11-20 13:55:13.266 12240 12263 E TestRunner: 	at org.junit.runners.ParentRunner.access$000(ParentRunner.java:58)
11-20 13:55:13.266 12240 12263 E TestRunner: 	at org.junit.runners.ParentRunner$2.evaluate(ParentRunner.java:268)
11-20 13:55:13.266 12240 12263 E TestRunner: 	at org.junit.runners.ParentRunner.run(ParentRunner.java:363)
11-20 13:55:13.266 12240 12263 E TestRunner: 	at org.junit.runner.JUnitCore.run(JUnitCore.java:137)
11-20 13:55:13.266 12240 12263 E TestRunner: 	at org.junit.runner.JUnitCore.run(JUnitCore.java:115)
11-20 13:55:13.266 12240 12263 E TestRunner: 	at androidx.test.internal.runner.TestExecutor.execute(TestExecutor.java:56)
11-20 13:55:13.266 12240 12263 E TestRunner: 	at androidx.test.runner.AndroidJUnitRunner.onStart(AndroidJUnitRunner.java:444)
11-20 13:55:13.266 12240 12263 E TestRunner: 	at android.app.Instrumentation$InstrumentationThread.run(Instrumentation.java:2402)
11-20 13:55:13.266 12240 12263 E TestRunner: ----- end exception -----
11-20 13:55:13.278 12240 12263 I TestRunner: finished: horizontal_scroll_content_at_first_position(com.example.dogglers.HorizontalListTests)
