11-20 13:55:20.799 12240 12263 I TestRunner: started: vertical_scroll_content_at_first_position(com.example.dogglers.VerticalListTests)
11-20 13:55:20.830 12240 12263 W Settings: Setting always_finish_activities has moved from android.provider.Settings.System to android.provider.Settings.Global, returning read-only value.
11-20 13:55:20.872   989  1041 D SplashScreenView: Build android.window.SplashScreenView{b27e91c V.E...... ......ID 0,0-0,0}
11-20 13:55:20.872   989  1041 D SplashScreenView: Icon: view: null drawable: null size: 0
11-20 13:55:20.872   989  1041 D SplashScreenView: Branding: view: android.view.View{acf925 G.ED..... ......I. 0,0-0,0 #10204ef android:id/splashscreen_branding_view} drawable: null size w: 0 h: 0
11-20 13:55:20.942   430   430 I BpBinder: onLastStrongRef automatically unlinking death recipients:
11-20 13:55:21.023 12240 12240 D LifecycleMonitor: Lifecycle status change: androidx.test.core.app.InstrumentationActivityInvoker$BootstrapActivity@23ca177 in: PRE_ON_CREATE
11-20 13:55:21.024 12240 12240 V ActivityScenario: Activity lifecycle changed event received but ignored because the intent does not match. startActivityIntent=Intent { act=android.intent.action.MAIN cat=[android.intent.category.LAUNCHER] cmp=com.example.dogglers/.VerticalListActivity }, activity.getIntent()=Intent { act=android.intent.action.MAIN cat=[android.intent.category.LAUNCHER] flg=0x10008000 cmp=com.example.dogglers/androidx.test.core.app.InstrumentationActivityInvoker$BootstrapActivity (has extras) }, activity=androidx.test.core.app.InstrumentationActivityInvoker$BootstrapActivity@23ca177
11-20 13:55:21.039 12240 12240 D LifecycleMonitor: Lifecycle status change: androidx.test.core.app.InstrumentationActivityInvoker$BootstrapActivity@23ca177 in: CREATED
11-20 13:55:21.041 12240 12240 V ActivityScenario: Activity lifecycle changed event received but ignored because the intent does not match. startActivityIntent=Intent { act=android.intent.action.MAIN cat=[android.intent.category.LAUNCHER] cmp=com.example.dogglers/.VerticalListActivity }, activity.getIntent()=Intent { act=android.intent.action.MAIN cat=[android.intent.category.LAUNCHER] flg=0x10008000 cmp=com.example.dogglers/androidx.test.core.app.InstrumentationActivityInvoker$BootstrapActivity (has extras) }, activity=androidx.test.core.app.InstrumentationActivityInvoker$BootstrapActivity@23ca177
11-20 13:55:21.041   989  1054 D EGL_emulation: app_time_stats: avg=16.52ms min=1.32ms max=98.27ms count=33
11-20 13:55:21.044 12240 12240 D LifecycleMonitor: Lifecycle status change: androidx.test.core.app.InstrumentationActivityInvoker$BootstrapActivity@23ca177 in: STARTED
11-20 13:55:21.045 12240 12240 V ActivityScenario: Activity lifecycle changed event received but ignored because the intent does not match. startActivityIntent=Intent { act=android.intent.action.MAIN cat=[android.intent.category.LAUNCHER] cmp=com.example.dogglers/.VerticalListActivity }, activity.getIntent()=Intent { act=android.intent.action.MAIN cat=[android.intent.category.LAUNCHER] flg=0x10008000 cmp=com.example.dogglers/androidx.test.core.app.InstrumentationActivityInvoker$BootstrapActivity (has extras) }, activity=androidx.test.core.app.InstrumentationActivityInvoker$BootstrapActivity@23ca177
11-20 13:55:21.061 12240 12240 D LifecycleMonitor: Lifecycle status change: androidx.test.core.app.InstrumentationActivityInvoker$BootstrapActivity@23ca177 in: RESUMED
11-20 13:55:21.062 12240 12240 V ActivityScenario: Activity lifecycle changed event received but ignored because the intent does not match. startActivityIntent=Intent { act=android.intent.action.MAIN cat=[android.intent.category.LAUNCHER] cmp=com.example.dogglers/.VerticalListActivity }, activity.getIntent()=Intent { act=android.intent.action.MAIN cat=[android.intent.category.LAUNCHER] flg=0x10008000 cmp=com.example.dogglers/androidx.test.core.app.InstrumentationActivityInvoker$BootstrapActivity (has extras) }, activity=androidx.test.core.app.InstrumentationActivityInvoker$BootstrapActivity@23ca177
11-20 13:55:21.086 12240 12240 D LifecycleMonitor: Lifecycle status change: androidx.test.core.app.InstrumentationActivityInvoker$BootstrapActivity@23ca177 in: PAUSED
11-20 13:55:21.100 12240 12240 V ActivityScenario: Activity lifecycle changed event received but ignored because the intent does not match. startActivityIntent=Intent { act=android.intent.action.MAIN cat=[android.intent.category.LAUNCHER] cmp=com.example.dogglers/.VerticalListActivity }, activity.getIntent()=Intent { act=android.intent.action.MAIN cat=[android.intent.category.LAUNCHER] flg=0x10008000 cmp=com.example.dogglers/androidx.test.core.app.InstrumentationActivityInvoker$BootstrapActivity (has extras) }, activity=androidx.test.core.app.InstrumentationActivityInvoker$BootstrapActivity@23ca177
11-20 13:55:21.168 12240 12240 D LifecycleMonitor: Lifecycle status change: com.example.dogglers.VerticalListActivity@89a9205 in: PRE_ON_CREATE
11-20 13:55:21.169 12240 12240 V ActivityScenario: Activity lifecycle changed event received but ignored because the reported transition was not ON_CREATE while the last known transition was PRE_ON_CREATE
11-20 13:55:21.203 12240 12240 D LifecycleMonitor: Lifecycle status change: com.example.dogglers.VerticalListActivity@89a9205 in: CREATED
11-20 13:55:21.203 12240 12240 V ActivityScenario: Update currentActivityStage to CREATED, currentActivity=com.example.dogglers.VerticalListActivity@89a9205
11-20 13:55:21.209 12240 12240 D LifecycleMonitor: Lifecycle status change: com.example.dogglers.VerticalListActivity@89a9205 in: STARTED
11-20 13:55:21.210 12240 12240 V ActivityScenario: Update currentActivityStage to STARTED, currentActivity=com.example.dogglers.VerticalListActivity@89a9205
11-20 13:55:21.247 12240 12240 D LifecycleMonitor: Lifecycle status change: com.example.dogglers.VerticalListActivity@89a9205 in: RESUMED
11-20 13:55:21.248 12240 12240 V ActivityScenario: Update currentActivityStage to RESUMED, currentActivity=com.example.dogglers.VerticalListActivity@89a9205
11-20 13:55:21.327   574   583 I system_server: NativeAlloc concurrent copying GC freed 173838(5873KB) AllocSpace objects, 2(40KB) LOS objects, 48% free, 25MB/49MB, paused 88us,73us total 419.683ms
11-20 13:55:21.372   989  1038 W Choreographer: Frame time is 0.159316 ms in the future!  Check that graphics HAL is generating vsync timestamps using the correct timebase.
11-20 13:55:21.388   989  1038 W Choreographer: Frame time is 0.888547 ms in the future!  Check that graphics HAL is generating vsync timestamps using the correct timebase.
11-20 13:55:21.457  1277  1277 D AutofillManager: view is not autofillable - activity denied for autofill
11-20 13:55:21.561 12240 12240 D RootViewPicker: Root not ready - waiting: 10ms for one to appear.
11-20 13:55:21.562   574   595 W ziparchive: Unable to open '/data/app/~~g9pGXw6zzmInD44PnXlZug==/com.example.dogglers-fFkVg-hwOoV9dkaT6QJ7gg==/base.dm': No such file or directory
11-20 13:55:21.578   574   595 I ActivityTaskManager: Displayed com.example.dogglers/.VerticalListActivity for user 0: +723ms
11-20 13:55:21.645   574  1627 I ImeTracker: com.example.dogglers:d95fc050: onRequestHide at ORIGIN_SERVER_HIDE_INPUT reason HIDE_UNSPECIFIED_WINDOW
11-20 13:55:21.645   574  1627 I ImeTracker: com.example.dogglers:d95fc050: onCancelled at PHASE_SERVER_SHOULD_HIDE
11-20 13:55:21.647  1770  1770 I GoogleInputMethodService: GoogleInputMethodService.onFinishInput():3227
11-20 13:55:21.648  1770  1770 I GoogleInputMethodService: GoogleInputMethodService.updateDeviceLockedStatus():2087 repeatCheckTimes = 0, unlocked = true
11-20 13:55:21.649  1770  1770 I GoogleInputMethodService: GoogleInputMethodService.onStartInput():1877 onStartInput(EditorInfo{inputType=0x0(NULL) imeOptions=0x0 privateImeOptions=null actionName=UNSPECIFIED actionLabel=null actionId=0 initialSelStart=-1 initialSelEnd=-1 initialCapsMode=0x0 hintText=null label=null packageName=com.example.dogglers fieldId=0 fieldName=null extras=null}, false)
11-20 13:55:21.649  1770  1770 I GoogleInputMethodService: GoogleInputMethodService.shouldHideHeaderOnInitialState():4008 ShouldHideHeaderOnInitialState = false
11-20 13:55:21.650  1770  1770 I GoogleInputMethodService: GoogleInputMethodService.updateDeviceLockedStatus():2087 repeatCheckTimes = 2, unlocked = true
11-20 13:55:21.840 12240 12240 I ViewInteraction: Checking 'MatchesViewAssertion{viewMatcher=(view has effective visibility <VISIBLE> and view.getGlobalVisibleRect() to return non-empty rectangle)}' assertion on view an instance of android.widget.TextView and view.getText() with or without transformation to match: is "Tzeitel"
11-20 13:55:21.850 12240 12240 D LifecycleMonitor: Lifecycle status change: androidx.test.core.app.InstrumentationActivityInvoker$BootstrapActivity@23ca177 in: STOPPED
11-20 13:55:21.874 12240 12240 V ActivityScenario: Activity lifecycle changed event received but ignored because the intent does not match. startActivityIntent=Intent { act=android.intent.action.MAIN cat=[android.intent.category.LAUNCHER] cmp=com.example.dogglers/.VerticalListActivity }, activity.getIntent()=Intent { act=android.intent.action.MAIN cat=[android.intent.category.LAUNCHER] flg=0x10008000 cmp=com.example.dogglers/androidx.test.core.app.InstrumentationActivityInvoker$BootstrapActivity (has extras) }, activity=androidx.test.core.app.InstrumentationActivityInvoker$BootstrapActivity@23ca177
11-20 13:55:21.882  1277  2425 D OneSearchSuggestProvider: Shut down the binder channel
11-20 13:55:21.883  1277 10764 I IPCThreadState: oneway function results for code 2 on binder at 0x76632bbf8850 will be dropped but finished with status UNKNOWN_TRANSACTION
11-20 13:55:21.890  2640  3242 W SearchServiceCore: Abort, client detached.
11-20 13:55:21.890  2640 12529 I PBSessionCacheImpl: Deleted sessionId[11612542089730662] from persistence.
11-20 13:55:21.890  1277  1322 I ImeTracker: com.google.android.apps.nexuslauncher:eb01ed0a: onRequestHide at ORIGIN_CLIENT_HIDE_SOFT_INPUT reason HIDE_SOFT_INPUT
11-20 13:55:21.890  1277  1322 I ImeTracker: com.google.android.apps.nexuslauncher:eb01ed0a: onFailed at PHASE_CLIENT_VIEW_SERVED
11-20 13:55:21.902   989  1054 D EGL_emulation: app_time_stats: avg=329.35ms min=19.00ms max=1209.81ms count=4
11-20 13:55:21.978 12240 12240 I ViewInteraction: Checking 'MatchesViewAssertion{viewMatcher=(view has effective visibility <VISIBLE> and view.getGlobalVisibleRect() to return non-empty rectangle)}' assertion on view an instance of android.widget.TextView and view.getText() with or without transformation to match: is "Age: 7"
11-20 13:55:21.978 12240 12240 E ViewAssertions: '(view has effective visibility <VISIBLE> and view.getGlobalVisibleRect() to return non-empty rectangle)' check could not be performed because view 'an instance of android.widget.TextView and view.getText() with or without transformation to match: is "Age: 7"' was not found.
11-20 13:55:21.999 12240 12240 D LifecycleMonitor: Lifecycle status change: com.example.dogglers.VerticalListActivity@89a9205 in: PAUSED
11-20 13:55:22.000 12240 12240 V ActivityScenario: Update currentActivityStage to PAUSED, currentActivity=com.example.dogglers.VerticalListActivity@89a9205
11-20 13:55:22.014 12240 12240 D LifecycleMonitor: Lifecycle status change: androidx.test.core.app.InstrumentationActivityInvoker$EmptyActivity@9d6ae56 in: PRE_ON_CREATE
11-20 13:55:22.015 12240 12240 V ActivityScenario: Activity lifecycle changed event received but ignored because the intent does not match. startActivityIntent=Intent { act=android.intent.action.MAIN cat=[android.intent.category.LAUNCHER] cmp=com.example.dogglers/.VerticalListActivity }, activity.getIntent()=Intent { act=android.intent.action.MAIN cat=[android.intent.category.LAUNCHER] flg=0x10000000 cmp=com.example.dogglers/androidx.test.core.app.InstrumentationActivityInvoker$EmptyActivity }, activity=androidx.test.core.app.InstrumentationActivityInvoker$EmptyActivity@9d6ae56
11-20 13:55:22.024 12240 12240 D LifecycleMonitor: Lifecycle status change: androidx.test.core.app.InstrumentationActivityInvoker$EmptyActivity@9d6ae56 in: CREATED
11-20 13:55:22.025 12240 12240 V ActivityScenario: Activity lifecycle changed event received but ignored because the intent does not match. startActivityIntent=Intent { act=android.intent.action.MAIN cat=[android.intent.category.LAUNCHER] cmp=com.example.dogglers/.VerticalListActivity }, activity.getIntent()=Intent { act=android.intent.action.MAIN cat=[android.intent.category.LAUNCHER] flg=0x10000000 cmp=com.example.dogglers/androidx.test.core.app.InstrumentationActivityInvoker$EmptyActivity }, activity=androidx.test.core.app.InstrumentationActivityInvoker$EmptyActivity@9d6ae56
11-20 13:55:22.030   430   430 I BpBinder: onLastStrongRef automatically unlinking death recipients:
11-20 13:55:22.035 12240 12240 D LifecycleMonitor: Lifecycle status change: androidx.test.core.app.InstrumentationActivityInvoker$EmptyActivity@9d6ae56 in: STARTED
11-20 13:55:22.036 12240 12240 V ActivityScenario: Activity lifecycle changed event received but ignored because the intent does not match. startActivityIntent=Intent { act=android.intent.action.MAIN cat=[android.intent.category.LAUNCHER] cmp=com.example.dogglers/.VerticalListActivity }, activity.getIntent()=Intent { act=android.intent.action.MAIN cat=[android.intent.category.LAUNCHER] flg=0x10000000 cmp=com.example.dogglers/androidx.test.core.app.InstrumentationActivityInvoker$EmptyActivity }, activity=androidx.test.core.app.InstrumentationActivityInvoker$EmptyActivity@9d6ae56
11-20 13:55:22.039 12240 12240 D LifecycleMonitor: Lifecycle status change: androidx.test.core.app.InstrumentationActivityInvoker$EmptyActivity@9d6ae56 in: RESUMED
11-20 13:55:22.040 12240 12240 V ActivityScenario: Activity lifecycle changed event received but ignored because the intent does not match. startActivityIntent=Intent { act=android.intent.action.MAIN cat=[android.intent.category.LAUNCHER] cmp=com.example.dogglers/.VerticalListActivity }, activity.getIntent()=Intent { act=android.intent.action.MAIN cat=[android.intent.category.LAUNCHER] flg=0x10000000 cmp=com.example.dogglers/androidx.test.core.app.InstrumentationActivityInvoker$EmptyActivity }, activity=androidx.test.core.app.InstrumentationActivityInvoker$EmptyActivity@9d6ae56
11-20 13:55:22.045   989  1040 W WindowOnBackDispatcher: sendCancelIfRunning: isInProgress=falsecallback=android.view.ViewRootImpl$$ExternalSyntheticLambda17@f587b08
11-20 13:55:22.046   574  2533 W InputManager-JNI: Input channel object 'd7b1911 Splash Screen com.example.dogglers (client)' was disposed without first being removed with the input manager!
11-20 13:55:22.069   989  1054 D EGL_emulation: app_time_stats: avg=33.64ms min=1.78ms max=181.70ms count=22
11-20 13:55:22.178   574   595 I ActivityTaskManager: Displayed com.example.dogglers/androidx.test.core.app.InstrumentationActivityInvoker$EmptyActivity for user 0: +183ms
11-20 13:55:22.310 12240 12240 D LifecycleMonitor: Lifecycle status change: com.example.dogglers.VerticalListActivity@89a9205 in: STOPPED
11-20 13:55:22.310 12240 12240 V ActivityScenario: Update currentActivityStage to STOPPED, currentActivity=com.example.dogglers.VerticalListActivity@89a9205
11-20 13:55:22.314 12240 12240 D LifecycleMonitor: Lifecycle status change: com.example.dogglers.VerticalListActivity@89a9205 in: DESTROYED
11-20 13:55:22.315 12240 12240 V ActivityScenario: Update currentActivityStage to DESTROYED, currentActivity=null
11-20 13:55:22.316 12240 12240 W WindowOnBackDispatcher: sendCancelIfRunning: isInProgress=falsecallback=android.view.ViewRootImpl$$ExternalSyntheticLambda17@d2de1f3
11-20 13:55:22.320   574   587 W InputManager-JNI: Input channel object '2818d67 com.example.dogglers/com.example.dogglers.VerticalListActivity (client)' was disposed without first being removed with the input manager!
11-20 13:55:22.334 12240 12240 D LifecycleMonitor: Lifecycle status change: androidx.test.core.app.InstrumentationActivityInvoker$EmptyActivity@9d6ae56 in: PAUSED
11-20 13:55:22.335 12240 12240 V ActivityScenario: Activity lifecycle changed event received but ignored because the intent does not match. startActivityIntent=Intent { act=android.intent.action.MAIN cat=[android.intent.category.LAUNCHER] cmp=com.example.dogglers/.VerticalListActivity }, activity.getIntent()=Intent { act=android.intent.action.MAIN cat=[android.intent.category.LAUNCHER] flg=0x10000000 cmp=com.example.dogglers/androidx.test.core.app.InstrumentationActivityInvoker$EmptyActivity }, activity=androidx.test.core.app.InstrumentationActivityInvoker$EmptyActivity@9d6ae56
11-20 13:55:22.342   430   430 I BpBinder: onLastStrongRef automatically unlinking death recipients:
11-20 13:55:22.346   574   587 I ImeTracker: com.example.dogglers:46b0184: onRequestHide at ORIGIN_SERVER_HIDE_INPUT reason HIDE_UNSPECIFIED_WINDOW
11-20 13:55:22.346   574   587 I ImeTracker: com.example.dogglers:46b0184: onCancelled at PHASE_SERVER_SHOULD_HIDE
11-20 13:55:22.347  1770  1770 I GoogleInputMethodService: GoogleInputMethodService.onFinishInput():3227
11-20 13:55:22.348 12240 12240 D LifecycleMonitor: Lifecycle status change: androidx.test.core.app.InstrumentationActivityInvoker$BootstrapActivity@23ca177 in: DESTROYED
11-20 13:55:22.349 12240 12240 V ActivityScenario: Activity lifecycle changed event received but ignored because the intent does not match. startActivityIntent=Intent { act=android.intent.action.MAIN cat=[android.intent.category.LAUNCHER] cmp=com.example.dogglers/.VerticalListActivity }, activity.getIntent()=Intent { act=android.intent.action.MAIN cat=[android.intent.category.LAUNCHER] flg=0x10008000 cmp=com.example.dogglers/androidx.test.core.app.InstrumentationActivityInvoker$BootstrapActivity (has extras) }, activity=androidx.test.core.app.InstrumentationActivityInvoker$BootstrapActivity@23ca177
11-20 13:55:22.357  1770  1770 I GoogleInputMethodService: GoogleInputMethodService.updateDeviceLockedStatus():2087 repeatCheckTimes = 0, unlocked = true
11-20 13:55:22.357  1770  1770 I GoogleInputMethodService: GoogleInputMethodService.onStartInput():1877 onStartInput(EditorInfo{inputType=0x0(NULL) imeOptions=0x0 privateImeOptions=null actionName=UNSPECIFIED actionLabel=null actionId=0 initialSelStart=-1 initialSelEnd=-1 initialCapsMode=0x0 hintText=null label=null packageName=com.example.dogglers fieldId=0 fieldName=null extras=null}, false)
11-20 13:55:22.357  1770  1770 I GoogleInputMethodService: GoogleInputMethodService.shouldHideHeaderOnInitialState():4008 ShouldHideHeaderOnInitialState = false
11-20 13:55:22.359  1770  1770 I GoogleInputMethodService: GoogleInputMethodService.updateDeviceLockedStatus():2087 repeatCheckTimes = 2, unlocked = true
11-20 13:55:22.365 12240 12240 D LifecycleMonitor: Lifecycle status change: androidx.test.core.app.InstrumentationActivityInvoker$EmptyActivity@2155906 in: PRE_ON_CREATE
11-20 13:55:22.366 12240 12240 V ActivityScenario: Activity lifecycle changed event received but ignored because the intent does not match. startActivityIntent=Intent { act=android.intent.action.MAIN cat=[android.intent.category.LAUNCHER] cmp=com.example.dogglers/.VerticalListActivity }, activity.getIntent()=Intent { act=android.intent.action.MAIN cat=[android.intent.category.LAUNCHER] flg=0x10000000 cmp=com.example.dogglers/androidx.test.core.app.InstrumentationActivityInvoker$EmptyActivity }, activity=androidx.test.core.app.InstrumentationActivityInvoker$EmptyActivity@2155906
11-20 13:55:22.377 12240 12240 D LifecycleMonitor: Lifecycle status change: androidx.test.core.app.InstrumentationActivityInvoker$EmptyActivity@2155906 in: CREATED
11-20 13:55:22.378 12240 12240 V ActivityScenario: Activity lifecycle changed event received but ignored because the intent does not match. startActivityIntent=Intent { act=android.intent.action.MAIN cat=[android.intent.category.LAUNCHER] cmp=com.example.dogglers/.VerticalListActivity }, activity.getIntent()=Intent { act=android.intent.action.MAIN cat=[android.intent.category.LAUNCHER] flg=0x10000000 cmp=com.example.dogglers/androidx.test.core.app.InstrumentationActivityInvoker$EmptyActivity }, activity=androidx.test.core.app.InstrumentationActivityInvoker$EmptyActivity@2155906
11-20 13:55:22.381 12240 12240 D LifecycleMonitor: Lifecycle status change: androidx.test.core.app.InstrumentationActivityInvoker$EmptyActivity@2155906 in: STARTED
11-20 13:55:22.382 12240 12240 V ActivityScenario: Activity lifecycle changed event received but ignored because the intent does not match. startActivityIntent=Intent { act=android.intent.action.MAIN cat=[android.intent.category.LAUNCHER] cmp=com.example.dogglers/.VerticalListActivity }, activity.getIntent()=Intent { act=android.intent.action.MAIN cat=[android.intent.category.LAUNCHER] flg=0x10000000 cmp=com.example.dogglers/androidx.test.core.app.InstrumentationActivityInvoker$EmptyActivity }, activity=androidx.test.core.app.InstrumentationActivityInvoker$EmptyActivity@2155906
11-20 13:55:22.393 12240 12240 D LifecycleMonitor: Lifecycle status change: androidx.test.core.app.InstrumentationActivityInvoker$EmptyActivity@2155906 in: RESUMED
11-20 13:55:22.394 12240 12240 V ActivityScenario: Activity lifecycle changed event received but ignored because the intent does not match. startActivityIntent=Intent { act=android.intent.action.MAIN cat=[android.intent.category.LAUNCHER] cmp=com.example.dogglers/.VerticalListActivity }, activity.getIntent()=Intent { act=android.intent.action.MAIN cat=[android.intent.category.LAUNCHER] flg=0x10000000 cmp=com.example.dogglers/androidx.test.core.app.InstrumentationActivityInvoker$EmptyActivity }, activity=androidx.test.core.app.InstrumentationActivityInvoker$EmptyActivity@2155906
11-20 13:55:22.476   574   595 I ActivityTaskManager: Displayed com.example.dogglers/androidx.test.core.app.InstrumentationActivityInvoker$EmptyActivity for user 0: +251ms
11-20 13:55:22.497   574  2533 I ImeTracker: com.example.dogglers:2f2bd1a8: onRequestHide at ORIGIN_SERVER_HIDE_INPUT reason HIDE_UNSPECIFIED_WINDOW
11-20 13:55:22.498   574  2533 I ImeTracker: com.example.dogglers:2f2bd1a8: onCancelled at PHASE_SERVER_SHOULD_HIDE
11-20 13:55:22.500  1770  1770 I GoogleInputMethodService: GoogleInputMethodService.onFinishInput():3227
11-20 13:55:22.502  1770  1770 I GoogleInputMethodService: GoogleInputMethodService.updateDeviceLockedStatus():2087 repeatCheckTimes = 0, unlocked = true
11-20 13:55:22.503  1770  1770 I GoogleInputMethodService: GoogleInputMethodService.onStartInput():1877 onStartInput(EditorInfo{inputType=0x0(NULL) imeOptions=0x0 privateImeOptions=null actionName=UNSPECIFIED actionLabel=null actionId=0 initialSelStart=-1 initialSelEnd=-1 initialCapsMode=0x0 hintText=null label=null packageName=com.example.dogglers fieldId=0 fieldName=null extras=null}, false)
11-20 13:55:22.503  1770  1770 I GoogleInputMethodService: GoogleInputMethodService.shouldHideHeaderOnInitialState():4008 ShouldHideHeaderOnInitialState = false
11-20 13:55:22.504  1770  1770 I GoogleInputMethodService: GoogleInputMethodService.updateDeviceLockedStatus():2087 repeatCheckTimes = 2, unlocked = true
11-20 13:55:22.510 12240 12240 D LifecycleMonitor: Lifecycle status change: androidx.test.core.app.InstrumentationActivityInvoker$EmptyActivity@9d6ae56 in: STOPPED
11-20 13:55:22.510 12240 12240 V ActivityScenario: Activity lifecycle changed event received but ignored because the intent does not match. startActivityIntent=Intent { act=android.intent.action.MAIN cat=[android.intent.category.LAUNCHER] cmp=com.example.dogglers/.VerticalListActivity }, activity.getIntent()=Intent { act=android.intent.action.MAIN cat=[android.intent.category.LAUNCHER] flg=0x10000000 cmp=com.example.dogglers/androidx.test.core.app.InstrumentationActivityInvoker$EmptyActivity }, activity=androidx.test.core.app.InstrumentationActivityInvoker$EmptyActivity@9d6ae56
11-20 13:55:22.525   430   430 I BpBinder: onLastStrongRef automatically unlinking death recipients:
11-20 13:55:22.531 12240 12240 D LifecycleMonitor: Lifecycle status change: androidx.test.core.app.InstrumentationActivityInvoker$EmptyActivity@9d6ae56 in: DESTROYED
11-20 13:55:22.532 12240 12240 V ActivityScenario: Activity lifecycle changed event received but ignored because the intent does not match. startActivityIntent=Intent { act=android.intent.action.MAIN cat=[android.intent.category.LAUNCHER] cmp=com.example.dogglers/.VerticalListActivity }, activity.getIntent()=Intent { act=android.intent.action.MAIN cat=[android.intent.category.LAUNCHER] flg=0x10000000 cmp=com.example.dogglers/androidx.test.core.app.InstrumentationActivityInvoker$EmptyActivity }, activity=androidx.test.core.app.InstrumentationActivityInvoker$EmptyActivity@9d6ae56
11-20 13:55:22.533 12240 12240 W WindowOnBackDispatcher: sendCancelIfRunning: isInProgress=falsecallback=android.view.ViewRootImpl$$ExternalSyntheticLambda17@cf05173
11-20 13:55:22.539   574  2099 W InputManager-JNI: Input channel object '2cf246a com.example.dogglers/androidx.test.core.app.InstrumentationActivityInvoker$EmptyActivity (client)' was disposed without first being removed with the input manager!
11-20 13:55:22.543 12240 12240 D LifecycleMonitor: Lifecycle status change: androidx.test.core.app.InstrumentationActivityInvoker$EmptyActivity@2155906 in: PAUSED
11-20 13:55:22.544 12240 12240 V ActivityScenario: Activity lifecycle changed event received but ignored because the intent does not match. startActivityIntent=Intent { act=android.intent.action.MAIN cat=[android.intent.category.LAUNCHER] cmp=com.example.dogglers/.VerticalListActivity }, activity.getIntent()=Intent { act=android.intent.action.MAIN cat=[android.intent.category.LAUNCHER] flg=0x10000000 cmp=com.example.dogglers/androidx.test.core.app.InstrumentationActivityInvoker$EmptyActivity }, activity=androidx.test.core.app.InstrumentationActivityInvoker$EmptyActivity@2155906
11-20 13:55:22.560 12240 12263 E TestRunner: failed: vertical_scroll_content_at_first_position(com.example.dogglers.VerticalListTests)
11-20 13:55:22.560 12240 12263 E TestRunner: ----- begin exception -----
11-20 13:55:22.572   574  1929 W AppSearchIcing: icing-search-engine.cc:283: Error: 5, Message: Document (com.google.android.googlequicksearchbox$OneSearchZeroStateGoogleSuggestions/default, zp) not found.
11-20 13:55:22.573 12240 12263 E TestRunner: androidx.test.espresso.NoMatchingViewException: No views in hierarchy found matching: an instance of android.widget.TextView and view.getText() with or without transformation to match: is "Age: 7"
11-20 13:55:22.573 12240 12263 E TestRunner:
11-20 13:55:22.573 12240 12263 E TestRunner: View Hierarchy:
11-20 13:55:22.573 12240 12263 E TestRunner: +>DecorView{id=-1, visibility=VISIBLE, width=1080, height=2400, has-focus=false, has-focusable=true, has-window-focus=true, is-clickable=false, is-enabled=true, is-focused=false, is-focusable=false, is-layout-requested=false, is-selected=false, layout-params={(0,0)(fillxfill) ty=BASE_APPLICATION wanim=0x10302fe
11-20 13:55:22.573 12240 12263 E TestRunner:   fl=LAYOUT_IN_SCREEN LAYOUT_INSET_DECOR SPLIT_TOUCH HARDWARE_ACCELERATED DRAWS_SYSTEM_BAR_BACKGROUNDS
11-20 13:55:22.573 12240 12263 E TestRunner:   pfl=NO_MOVE_ANIMATION FORCE_DRAW_STATUS_BAR_BACKGROUND FIT_INSETS_CONTROLLED
11-20 13:55:22.573 12240 12263 E TestRunner:   bhv=DEFAULT
11-20 13:55:22.573 12240 12263 E TestRunner:   fitSides=}, tag=null, root-is-layout-requested=false, has-input-connection=false, x=0.0, y=0.0, child-count=3}
11-20 13:55:22.573 12240 12263 E TestRunner: |
11-20 13:55:22.573 12240 12263 E TestRunner: +->LinearLayout{id=-1, visibility=VISIBLE, width=1080, height=2337, has-focus=false, has-focusable=true, has-window-focus=true, is-clickable=false, is-enabled=true, is-focused=false, is-focusable=false, is-layout-requested=false, is-selected=false, layout-params=android.widget.FrameLayout$LayoutParams@c40a958, tag=null, root-is-layout-requested=false, has-input-connection=false, x=0.0, y=0.0, child-count=2}
11-20 13:55:22.573 12240 12263 E TestRunner: |
11-20 13:55:22.573 12240 12263 E TestRunner: +-->ViewStub{id=16908746, res-name=action_mode_bar_stub, visibility=GONE, width=0, height=0, has-focus=false, has-focusable=false, has-window-focus=true, is-clickable=false, is-enabled=true, is-focused=false, is-focusable=false, is-layout-requested=true, is-selected=false, layout-params=android.widget.LinearLayout$LayoutParams@d311ab1, tag=null, root-is-layout-requested=false, has-input-connection=false, x=0.0, y=0.0}
11-20 13:55:22.573 12240 12263 E TestRunner: |
11-20 13:55:22.573 12240 12263 E TestRunner: +-->FrameLayout{id=-1, visibility=VISIBLE, width=1080, height=2209, has-focus=false, has-focusable=true, has-window-focus=true, is-clickable=false, is-enabled=true, is-focused=false, is-focusable=false, is-layout-requested=false, is-selected=false, layout-params=android.widget.LinearLayout$LayoutParams@d108317, tag=null, root-is-layout-requested=false, has-input-connection=false, x=0.0, y=128.0, child-count=1}
11-20 13:55:22.573 12240 12263 E TestRunner: |
11-20 13:55:22.573 12240 12263 E TestRunner: +--->ActionBarOverlayLayout{id=2131230866, res-name=decor_content_parent, visibility=VISIBLE, width=1080, height=2209, has-focus=false, has-focusable=true, has-window-focus=true, is-clickable=false, is-enabled=true, is-focused=false, is-focusable=false, is-layout-requested=false, is-selected=false, layout-params=android.widget.FrameLayout$LayoutParams@630bb22, tag=null, root-is-layout-requested=false, has-input-connection=false, x=0.0, y=0.0, child-count=2}
11-20 13:55:22.573 12240 12263 E TestRunner: |
11-20 13:55:22.573 12240 12263 E TestRunner: +---->ContentFrameLayout{id=16908290, res-name=content, visibility=VISIBLE, width=1080, height=2062, has-focus=false, has-focusable=true, has-window-focus=true, is-clickable=false, is-enabled=true, is-focused=false, is-focusable=false, is-layout-requested=false, is-selected=false, layout-params=androidx.appcompat.widget.ActionBarOverlayLayout$LayoutParams@def4b70, tag=null, root-is-layout-requested=false, has-input-connection=false, x=0.0, y=147.0, child-count=1}
11-20 13:55:22.573 12240 12263 E TestRunner: |
11-20 13:55:22.573 12240 12263 E TestRunner: +----->FrameLayout{id=-1, visibility=VISIBLE, width=1080, height=2062, has-focus=false, has-focusable=true, has-window-focus=true, is-clickable=false, is-enabled=true, is-focused=false, is-focusable=false, is-layout-requested=false, is-selected=false, layout-params=android.widget.FrameLayout$LayoutParams@b43676e, tag=null, root-is-layout-requested=false, has-input-connection=false, x=0.0, y=0.0, child-count=1}
11-20 13:55:22.573 12240 12263 E TestRunner: |
11-20 13:55:22.573 12240 12263 E TestRunner: +------>RecyclerView{id=2131231206, res-name=vertical_recycler_view, visibility=VISIBLE, width=1080, height=2062, has-focus=false, has-focusable=true, has-window-focus=true, is-clickable=false, is-enabled=true, is-focused=false, is-focusable=true, is-layout-requested=false, is-selected=false, layout-params=android.widget.FrameLayout$LayoutParams@6c28c7a, tag=null, root-is-layout-requested=false, has-input-connection=false, x=0.0, y=0.0, child-count=3}
11-20 13:55:22.573 12240 12263 E TestRunner: |
11-20 13:55:22.573 12240 12263 E TestRunner: +------->MaterialCardView{id=-1, visibility=VISIBLE, width=1038, height=694, has-focus=false, has-focusable=false, has-window-focus=true, is-clickable=false, is-enabled=true, is-focused=false, is-focusable=false, is-layout-requested=false, is-selected=false, layout-params=androidx.recyclerview.widget.RecyclerView$LayoutParams@b5d1888, tag=null, root-is-layout-requested=false, has-input-connection=false, x=21.0, y=21.0, is-checked=false, child-count=1}
11-20 13:55:22.573 12240 12263 E TestRunner: |
11-20 13:55:22.573 12240 12263 E TestRunner: +-------->ConstraintLayout{id=-1, visibility=VISIBLE, width=1038, height=694, has-focus=false, has-focusable=false, has-window-focus=true, is-clickable=false, is-enabled=true, is-focused=false, is-focusable=false, is-layout-requested=false, is-selected=false, layout-params=android.widget.FrameLayout$LayoutParams@747af5d, tag=null, root-is-layout-requested=false, has-input-connection=false, x=0.0, y=0.0, child-count=4}
11-20 13:55:22.573 12240 12263 E TestRunner: |
11-20 13:55:22.573 12240 12263 E TestRunner: +--------->AppCompatImageView{id=2131230952, res-name=imageView, visibility=VISIBLE, width=1038, height=509, has-focus=false, has-focusable=false, has-window-focus=true, is-clickable=false, is-enabled=true, is-focused=false, is-focusable=false, is-layout-requested=false, is-selected=false, layout-params=androidx.constraintlayout.widget.ConstraintLayout$LayoutParams@fe230d2, tag=null, root-is-layout-requested=false, has-input-connection=false, x=0.0, y=0.0}
11-20 13:55:22.573 12240 12263 E TestRunner: |
11-20 13:55:22.573 12240 12263 E TestRunner: +--------->MaterialTextView{id=2131231173, res-name=textViewName, visibility=VISIBLE, width=164, height=71, has-focus=false, has-focusable=false, has-window-focus=true, is-clickable=false, is-enabled=true, is-focused=false, is-focusable=false, is-layout-requested=false, is-selected=false, layout-params=androidx.constraintlayout.widget.ConstraintLayout$LayoutParams@29af5a3, tag=null, root-is-layout-requested=false, has-input-connection=false, x=21.0, y=509.0, text=Tzeitel, input-type=0, ime-target=false, has-links=false}
11-20 13:55:22.573 12240 12263 E TestRunner: |
11-20 13:55:22.573 12240 12263 E TestRunner: +--------->MaterialTextView{id=2131231171, res-name=textViewAge, visibility=VISIBLE, width=26, height=57, has-focus=false, has-focusable=false, has-window-focus=true, is-clickable=false, is-enabled=true, is-focused=false, is-focusable=false, is-layout-requested=false, is-selected=false, layout-params=androidx.constraintlayout.widget.ConstraintLayout$LayoutParams@1e470a0, tag=null, root-is-layout-requested=false, has-input-connection=false, x=21.0, y=580.0, text=7, input-type=0, ime-target=false, has-links=false}
11-20 13:55:22.573 12240 12263 E TestRunner: |
11-20 13:55:22.573 12240 12263 E TestRunner: +--------->MaterialTextView{id=2131231172, res-name=textViewHobby, visibility=VISIBLE, width=410, height=57, has-focus=false, has-focusable=false, has-window-focus=true, is-clickable=false, is-enabled=true, is-focused=false, is-focusable=false, is-layout-requested=false, is-selected=false, layout-params=androidx.constraintlayout.widget.ConstraintLayout$LayoutParams@454e459, tag=null, root-is-layout-requested=false, has-input-connection=false, x=607.0, y=637.0, text=Hobbies: sunbathing, input-type=0, ime-target=false, has-links=false}
11-20 13:55:22.573 12240 12263 E TestRunner: |
11-20 13:55:22.573 12240 12263 E TestRunner: +------->MaterialCardView{id=-1, visibility=VISIBLE, width=1038, height=694, has-focus=false, has-focusable=false, has-window-focus=true, is-clickable=false, is-enabled=true, is-focused=false, is-focusable=false, is-layout-requested=false, is-selected=false, layout-params=androidx.recyclerview.widget.RecyclerView$LayoutParams@e5d48ff, tag=null, root-is-layout-requested=false, has-input-connection=false, x=21.0, y=757.0, is-checked=false, child-count=1}
11-20 13:55:22.573 12240 12263 E TestRunner: |
11-20 13:55:22.573 12240 12263 E TestRunner: +-------->ConstraintLayout{id=-1, visibility=VISIBLE, width=1038, height=694, has-focus=false, has-focusable=false, has-window-focus=true, is-clickable=false, is-enabled=true, is-focused=false, is-focusable=false, is-layout-requested=false, is-selected=false, layout-params=android.widget.FrameLayout$LayoutParams@3cbb3b8, tag=null, root-is-layout-requested=false, has-input-connection=false, x=0.0, y=0.0, child-count=4}
11-20 13:55:22.573 12240 12263 E TestRunner: |
11-20 13:55:22.571  1277  2425 D OneSearchSuggestProvider: Created the binder channel successfully for end point service =com.google.android.apps.search.googleapp.search.suggest.plugins.onesearch.server.OneSearchSuggestService , mChannel=z1{delegate=s1{logId=217, target=directaddress:///AndroidComponentAddress%5BIntent%20%7B%20act=grpc.io.action.BIND%20cmp=com.google.android.googlequicksearchbox/com.google.android.apps.search.googleapp.search.suggest.plugins.onesearch.server.OneSearchSuggestService%20%7D%5D}} , mOneSearchConnection=X1.T@d3aaa62
11-20 13:55:22.573 12240 12263 E TestRunner: +--------->AppCompatImageView{id=2131230952, res-name=imageView, visibility=VISIBLE, width=1038, height=509, has-focus=false, has-focusable=false, has-window-focus=true, is-clickable=false, is-enabled=true, is-focused=false, is-focusable=false, is-layout-requested=false, is-selected=false, layout-params=androidx.constraintlayout.widget.ConstraintLayout$LayoutParams@6cdc591, tag=null, root-is-layout-requested=false, has-input-connection=false, x=0.0, y=0.0}
11-20 13:55:22.573 12240 12263 E TestRunner: |
11-20 13:55:22.573 12240 12263 E TestRunner: +--------->MaterialTextView{id=2131231173, res-name=textViewName, visibility=VISIBLE, width=135, height=71, has-focus=false, has-focusable=false, has-window-focus=true, is-clickable=false, is-enabled=true, is-focused=false, is-focusable=false, is-layout-requested=false, is-selected=false, layout-params=androidx.constraintlayout.widget.ConstraintLayout$LayoutParams@6f57cf6, tag=null, root-is-layout-requested=false, has-input-connection=false, x=21.0, y=509.0, text=Leroy, input-type=0, ime-target=false, has-links=false}
11-20 13:55:22.573 12240 12263 E TestRunner: |
11-20 13:55:22.573 12240 12263 E TestRunner: +--------->MaterialTextView{id=2131231171, res-name=textViewAge, visibility=VISIBLE, width=26, height=57, has-focus=false, has-focusable=false, has-window-focus=true, is-clickable=false, is-enabled=true, is-focused=false, is-focusable=false, is-layout-requested=false, is-selected=false, layout-params=androidx.constraintlayout.widget.ConstraintLayout$LayoutParams@edd58f7, tag=null, root-is-layout-requested=false, has-input-connection=false, x=21.0, y=580.0, text=4, input-type=0, ime-target=false, has-links=false}
11-20 13:55:22.573 12240 12263 E TestRunner: |
11-20 13:55:22.573 12240 12263 E TestRunner: +--------->MaterialTextView{id=2131231172, res-name=textViewHobby, visibility=VISIBLE, width=767, height=57, has-focus=false, has-focusable=false, has-window-focus=true, is-clickable=false, is-enabled=true, is-focused=false, is-focusable=false, is-layout-requested=false, is-selected=false, layout-params=androidx.constraintlayout.widget.ConstraintLayout$LayoutParams@b645364, tag=null, root-is-layout-requested=false, has-input-connection=false, x=250.0, y=637.0, text=Hobbies: sleeping in dangerous places, input-type=0, ime-target=false, has-links=false}
11-20 13:55:22.573 12240 12263 E TestRunner: |
11-20 13:55:22.573 12240 12263 E TestRunner: +------->MaterialCardView{id=-1, visibility=VISIBLE, width=1038, height=694, has-focus=false, has-focusable=false, has-window-focus=true, is-clickable=false, is-enabled=true, is-focused=false, is-focusable=false, is-layout-requested=false, is-selected=false, layout-params=androidx.recyclerview.widget.RecyclerView$LayoutParams@7747282, tag=null, root-is-layout-requested=false, has-input-connection=false, x=21.0, y=1493.0, is-checked=false, child-count=1}
11-20 13:55:22.573 12240 12263 E TestRunner: |
11-20 13:55:22.573 12240 12263 E TestRunner: +-------->ConstraintLayout{id=-1, visibility=VISIBLE, width=1038, height=694, has-focus=false, has-focusable=false, has-window-focus=true, is-clickable=false, is-enabled=true, is-focused=false, is-focusable=false, is-layout-requested=false, is-selected=false, layout-params=android.widget.FrameLayout$LayoutParams@e606fef, tag=null, root-is-layout-requested=false, has-input-connection=false, x=0.0, y=0.0, child-count=4}
11-20 13:55:22.573 12240 12263 E TestRunner: |
11-20 13:55:22.573 12240 12263 E TestRunner: +--------->AppCompatImageView{id=2131230952, res-name=imageView, visibility=VISIBLE, width=1038, height=509, has-focus=false, has-focusable=false, has-window-focus=true, is-clickable=false, is-enabled=true, is-focused=false, is-focusable=false, is-layout-requested=false, is-selected=false, layout-params=androidx.constraintlayout.widget.ConstraintLayout$LayoutParams@304aafc, tag=null, root-is-layout-requested=false, has-input-connection=false, x=0.0, y=0.0}
11-20 13:55:22.573 12240 12263 E TestRunner: |
11-20 13:55:22.573 12240 12263 E TestRunner: +--------->MaterialTextView{id=2131231173, res-name=textViewName, visibility=VISIBLE, width=181, height=71, has-focus=false, has-focusable=false, has-window-focus=true, is-clickable=false, is-enabled=true, is-focused=false, is-focusable=false, is-layout-requested=false, is-selected=false, layout-params=androidx.constraintlayout.widget.ConstraintLayout$LayoutParams@ffdc585, tag=null, root-is-layout-requested=false, has-input-connection=false, x=21.0, y=509.0, text=Frankie, input-type=0, ime-target=false, has-links=false}
11-20 13:55:22.573 12240 12263 E TestRunner: |
11-20 13:55:22.574 12240 12263 E TestRunner: +--------->MaterialTextView{id=2131231171, res-name=textViewAge, visibility=VISIBLE, width=26, height=57, has-focus=false, has-focusable=false, has-window-focus=true, is-clickable=false, is-enabled=true, is-focused=false, is-focusable=false, is-layout-requested=false, is-selected=false, layout-params=androidx.constraintlayout.widget.ConstraintLayout$LayoutParams@b19cfda, tag=null, root-is-layout-requested=false, has-input-connection=false, x=21.0, y=580.0, text=2, input-type=0, ime-target=false, has-links=false}
11-20 13:55:22.574 12240 12263 E TestRunner: |
11-20 13:55:22.574 12240 12263 E TestRunner: +--------->MaterialTextView{id=2131231172, res-name=textViewHobby, visibility=VISIBLE, width=476, height=57, has-focus=false, has-focusable=false, has-window-focus=true, is-clickable=false, is-enabled=true, is-focused=false, is-focusable=false, is-layout-requested=false, is-selected=false, layout-params=androidx.constraintlayout.widget.ConstraintLayout$LayoutParams@3ee1c0b, tag=null, root-is-layout-requested=false, has-input-connection=false, x=541.0, y=637.0, text=Hobbies: stealing socks, input-type=0, ime-target=false, has-links=false}
11-20 13:55:22.574 12240 12263 E TestRunner: |
11-20 13:55:22.574 12240 12263 E TestRunner: +---->ActionBarContainer{id=2131230774, res-name=action_bar_container, visibility=VISIBLE, width=1080, height=147, has-focus=false, has-focusable=false, has-window-focus=true, is-clickable=false, is-enabled=true, is-focused=false, is-focusable=false, is-layout-requested=false, is-selected=false, layout-params=androidx.appcompat.widget.ActionBarOverlayLayout$LayoutParams@c550fa6, tag=null, root-is-layout-requested=false, has-input-connection=false, x=0.0, y=0.0, child-count=2}
11-20 13:55:22.574 12240 12263 E TestRunner: |
11-20 13:55:22.574 12240 12263 E TestRunner: +----->Toolbar{id=2131230772, res-name=action_bar, visibility=VISIBLE, width=1080, height=147, has-focus=false, has-focusable=false, has-window-focus=true, is-clickable=false, is-enabled=true, is-focused=false, is-focusable=false, is-layout-requested=false, is-selected=false, layout-params=android.widget.FrameLayout$LayoutParams@cb28032, tag=null, root-is-layout-requested=false, has-input-connection=false, x=0.0, y=0.0, child-count=3}
11-20 13:55:22.574 12240 12263 E TestRunner: |
11-20 13:55:22.574 12240 12263 E TestRunner: +------>AppCompatTextView{id=-1, visibility=VISIBLE, width=219, height=71, has-focus=false, has-focusable=false, has-window-focus=true, is-clickable=false, is-enabled=true, is-focused=false, is-focusable=false, is-layout-requested=false, is-selected=false, layout-params=androidx.appcompat.widget.Toolbar$LayoutParams@3bc0183, tag=null, root-is-layout-requested=false, has-input-connection=false, x=189.0, y=38.0, text=Dogglers, input-type=0, ime-target=false, has-links=false}
11-20 13:55:22.574 12240 12263 E TestRunner: |
11-20 13:55:22.574 12240 12263 E TestRunner: +------>AppCompatImageButton{id=-1, desc=Navigate up, visibility=VISIBLE, width=147, height=147, has-focus=false, has-focusable=false, has-window-focus=true, is-clickable=true, is-enabled=true, is-focused=false, is-focusable=true, is-layout-requested=false, is-selected=false, layout-params=androidx.appcompat.widget.Toolbar$LayoutParams@dd4bf00, tag=null, root-is-layout-requested=false, has-input-connection=false, x=0.0, y=0.0}
11-20 13:55:22.574 12240 12263 E TestRunner: |
11-20 13:55:22.574 12240 12263 E TestRunner: +------>ActionMenuView{id=-1, visibility=VISIBLE, width=0, height=147, has-focus=false, has-focusable=false, has-window-focus=true, is-clickable=false, is-enabled=true, is-focused=false, is-focusable=false, is-layout-requested=false, is-selected=false, layout-params=androidx.appcompat.widget.Toolbar$LayoutParams@fc78339, tag=null, root-is-layout-requested=false, has-input-connection=false, x=1080.0, y=0.0, child-count=0}
11-20 13:55:22.574 12240 12263 E TestRunner: |
11-20 13:55:22.574 12240 12263 E TestRunner: +----->ActionBarContextView{id=2131230780, res-name=action_context_bar, visibility=GONE, width=0, height=0, has-focus=false, has-focusable=false, has-window-focus=true, is-clickable=false, is-enabled=true, is-focused=false, is-focusable=false, is-layout-requested=true, is-selected=false, layout-params=android.widget.FrameLayout$LayoutParams@9046d7e, tag=null, root-is-layout-requested=false, has-input-connection=false, x=0.0, y=0.0, child-count=0}
11-20 13:55:22.574 12240 12263 E TestRunner: |
11-20 13:55:22.573  1277  1277 W Choreographer: Frame time is 0.478926 ms in the future!  Check that graphics HAL is generating vsync timestamps using the correct timebase.
11-20 13:55:22.574 12240 12263 E TestRunner: +->View{id=16908336, res-name=navigationBarBackground, visibility=VISIBLE, width=1080, height=63, has-focus=false, has-focusable=false, has-window-focus=true, is-clickable=false, is-enabled=true, is-focused=false, is-focusable=false, is-layout-requested=false, is-selected=false, layout-params=android.widget.FrameLayout$LayoutParams@db332df, tag=null, root-is-layout-requested=false, has-input-connection=false, x=0.0, y=2337.0}
11-20 13:55:22.574 12240 12263 E TestRunner: |
11-20 13:55:22.574 12240 12263 E TestRunner: +->View{id=16908335, res-name=statusBarBackground, visibility=VISIBLE, width=1080, height=128, has-focus=false, has-focusable=false, has-window-focus=true, is-clickable=false, is-enabled=true, is-focused=false, is-focusable=false, is-layout-requested=false, is-selected=false, layout-params=android.widget.FrameLayout$LayoutParams@646cb2c, tag=null, root-is-layout-requested=false, has-input-connection=false, x=0.0, y=0.0}
11-20 13:55:22.574 12240 12263 E TestRunner: 	at dalvik.system.VMStack.getThreadStackTrace(Native Method)
11-20 13:55:22.574 12240 12263 E TestRunner: 	at java.lang.Thread.getStackTrace(Thread.java:1841)
11-20 13:55:22.574 12240 12263 E TestRunner: 	at androidx.test.espresso.base.DefaultFailureHandler.getUserFriendlyError(DefaultFailureHandler.java:12)
11-20 13:55:22.574 12240 12263 E TestRunner: 	at androidx.test.espresso.base.DefaultFailureHandler.handle(DefaultFailureHandler.java:7)
11-20 13:55:22.574 12240 12263 E TestRunner: 	at androidx.test.espresso.ViewInteraction.waitForAndHandleInteractionResults(ViewInteraction.java:8)
11-20 13:55:22.574 12240 12263 E TestRunner: 	at androidx.test.espresso.ViewInteraction.check(ViewInteraction.java:12)
11-20 13:55:22.574 12240 12263 E TestRunner: 	at com.example.dogglers.BaseTest.hasListItemContent(BaseTest.kt:59)
11-20 13:55:22.574 12240 12263 E TestRunner: 	at com.example.dogglers.BaseTest.checkFirstPosition(BaseTest.kt:70)
11-20 13:55:22.574 12240 12263 E TestRunner: 	at com.example.dogglers.VerticalListTests.vertical_scroll_content_at_first_position(VerticalListTests.kt:42)
11-20 13:55:22.574 12240 12263 E TestRunner: 	at java.lang.reflect.Method.invoke(Native Method)
11-20 13:55:22.574 12240 12263 E TestRunner: 	at org.junit.runners.model.FrameworkMethod$1.runReflectiveCall(FrameworkMethod.java:50)
11-20 13:55:22.574 12240 12263 E TestRunner: 	at org.junit.internal.runners.model.ReflectiveCallable.run(ReflectiveCallable.java:12)
11-20 13:55:22.574 12240 12263 E TestRunner: 	at org.junit.runners.model.FrameworkMethod.invokeExplosively(FrameworkMethod.java:47)
11-20 13:55:22.574 12240 12263 E TestRunner: 	at org.junit.internal.runners.statements.InvokeMethod.evaluate(InvokeMethod.java:17)
11-20 13:55:22.574 12240 12263 E TestRunner: 	at org.junit.rules.ExternalResource$1.evaluate(ExternalResource.java:48)
11-20 13:55:22.574 12240 12263 E TestRunner: 	at org.junit.rules.RunRules.evaluate(RunRules.java:20)
11-20 13:55:22.574 12240 12263 E TestRunner: 	at org.junit.runners.ParentRunner.runLeaf(ParentRunner.java:325)
11-20 13:55:22.574 12240 12263 E TestRunner: 	at org.junit.runners.BlockJUnit4ClassRunner.runChild(BlockJUnit4ClassRunner.java:78)
11-20 13:55:22.574 12240 12263 E TestRunner: 	at org.junit.runners.BlockJUnit4ClassRunner.runChild(BlockJUnit4ClassRunner.java:57)
11-20 13:55:22.574 12240 12263 E TestRunner: 	at org.junit.runners.ParentRunner$3.run(ParentRunner.java:290)
11-20 13:55:22.574 12240 12263 E TestRunner: 	at org.junit.runners.ParentRunner$1.schedule(ParentRunner.java:71)
11-20 13:55:22.574 12240 12263 E TestRunner: 	at org.junit.runners.ParentRunner.runChildren(ParentRunner.java:288)
11-20 13:55:22.574 12240 12263 E TestRunner: 	at org.junit.runners.ParentRunner.access$000(ParentRunner.java:58)
11-20 13:55:22.574 12240 12263 E TestRunner: 	at org.junit.runners.ParentRunner$2.evaluate(ParentRunner.java:268)
11-20 13:55:22.574 12240 12263 E TestRunner: 	at org.junit.runners.ParentRunner.run(ParentRunner.java:363)
11-20 13:55:22.574 12240 12263 E TestRunner: 	at androidx.test.ext.junit.runners.AndroidJUnit4.run(AndroidJUnit4.java:162)
11-20 13:55:22.574 12240 12263 E TestRunner: 	at org.junit.runners.Suite.runChild(Suite.java:128)
